<6>[    0.000000] Booting Linux on physical CPU 0x0
<6>[    0.000000] Initializing cgroup subsys cpuset
<6>[    0.000000] Initializing cgroup subsys cpu
<6>[    0.000000] Initializing cgroup subsys cpuacct
<6>[    0.000000] Initializing cgroup subsys schedtune
<5>[    0.000000] Linux version 4.4.83 (jenkins@RDCMP33-in) (gcc version 4.9 20150123 (prerelease) (GCC) ) #1 SMP PREEMPT Thu Aug 23 14:45:36 HKT 2018
<6>[    0.000000] Boot CPU: AArch64 Processor [410fd034]
<6>[    0.000000] earlycon: Early serial console at MMIO32 0xff1a0000 (options '')
<6>[    0.000000] bootconsole [uart0] enabled
<6>[    0.000000] Reserved memory: failed to reserve memory for node 'drm-logo@00000000': base 0x0000000000000000, size 0 MiB
<6>[    0.000000] Reserved memory: failed to reserve memory for node 'stb-devinfo@00000000': base 0x0000000000000000, size 0 MiB
<6>[    0.000000] cma: Reserved 16 MiB at 0x00000000f7000000
<7>[    0.000000] On node 0 totalpages: 1011200
<7>[    0.000000]   DMA zone: 15864 pages used for memmap
<7>[    0.000000]   DMA zone: 0 pages reserved
<7>[    0.000000]   DMA zone: 1011200 pages, LIFO batch:31
<6>[    0.000000] psci: probing for conduit method from DT.
<6>[    0.000000] psci: PSCIv1.0 detected in firmware.
<6>[    0.000000] psci: Using standard PSCI v0.2 function IDs
<6>[    0.000000] psci: Trusted OS migration not required
<6>[    0.000000] PERCPU: Embedded 21 pages/cpu @ffffffc0f6eef000 s45760 r8192 d32064 u86016
<7>[    0.000000] pcpu-alloc: s45760 r8192 d32064 u86016 alloc=21*4096
<7>[    0.000000] pcpu-alloc: [0] 0 [0] 1 [0] 2 [0] 3 [0] 4 [0] 5 
<6>[    0.000000] Detected VIPT I-cache on CPU0
<6>[    0.000000] CPU features: enabling workaround for ARM erratum 845719
<6>[    0.000000] Built 1 zonelists in Zone order, mobility grouping on.  Total pages: 995336
<5>[    0.000000] Kernel command line: earlycon=uart8250,mmio32,0xff1a0000 swiotlb=1 androidboot.baseband=N/A androidboot.selinux=permissive androidboot.hardware=rk30board androidboot.console=ttyFIQ0 init=/init mtdparts=rk29xxnand:0x00002000@0x00000000(parameter),0x00002000@0x00002000(uboot),0x00002000@0x00004000(trust),0x00002000@0x00006000(misc),0x00008000@0x00008000(resource),0x0000C000@0x00010000(kernel),0x00020000@0x0001C000(boot),0x00020000@0x0003C000(recovery),0x00038000@0x0005C000(backup),0x00040000@0x00094000(cache),0x00600000@0x000D4000(system),0x00008000@0x006D4000(metadata),0x00000040@0x006DC000(verity_mode),0x00002000@0x006DC040(baseparamer),0x00000400@0x006DE040(frp),-@0x006DE440(userdata) storagemedia=emmc uboot_logo=0x02000000@0xf5c00000 loader.timestamp=2018-09-12_14:52:51 SecureBootCheckOk=1 dji.lcdid=0
<6>[    0.000000] PID hash table entries: 4096 (order: 3, 32768 bytes)
<6>[    0.000000] Dentry cache hash table entries: 524288 (order: 10, 4194304 bytes)
<6>[    0.000000] Inode-cache hash table entries: 262144 (order: 9, 2097152 bytes)
<6>[    0.000000] software IO TLB [mem 0xf6ea7000-0xf6ee7000] (0MB) mapped at [ffffffc0f6ea7000-ffffffc0f6ee6fff]
<6>[    0.000000] Memory: 3922664K/4044800K available (10238K kernel code, 1180K rwdata, 4932K rodata, 768K init, 1087K bss, 105752K reserved, 16384K cma-reserved)
<5>[    0.000000] Virtual kernel memory layout:
<5>[    0.000000]     modules : 0xffffff8000000000 - 0xffffff8008000000   (   128 MB)
<5>[    0.000000]     vmalloc : 0xffffff8008000000 - 0xffffffbdbfff0000   (   246 GB)
<5>[    0.000000]       .init : 0xffffff8008f60000 - 0xffffff8009020000   (   768 KB)
<5>[    0.000000]       .text : 0xffffff8008080000 - 0xffffff8008a80000   ( 10240 KB)
<5>[    0.000000]     .rodata : 0xffffff8008a80000 - 0xffffff8008f60000   (  4992 KB)
<5>[    0.000000]       .data : 0xffffff8009020000 - 0xffffff8009147008   (  1181 KB)
<5>[    0.000000]     vmemmap : 0xffffffbdc0000000 - 0xffffffbfc0000000   (     8 GB maximum)
<5>[    0.000000]               0xffffffbdc0008000 - 0xffffffbdc3e00000   (    61 MB actual)
<5>[    0.000000]     fixed   : 0xffffffbffe7fd000 - 0xffffffbffec00000   (  4108 KB)
<5>[    0.000000]     PCI I/O : 0xffffffbffee00000 - 0xffffffbfffe00000   (    16 MB)
<5>[    0.000000]     memory  : 0xffffffc000200000 - 0xffffffc0f8000000   (  3966 MB)
<6>[    0.000000] SLUB: HWalign=64, Order=0-3, MinObjects=0, CPUs=6, Nodes=1
<6>[    0.000000] Preemptible hierarchical RCU implementation.
<6>[    0.000000] 	Build-time adjustment of leaf fanout to 64.
<6>[    0.000000] 	RCU restricting CPUs from NR_CPUS=8 to nr_cpu_ids=6.
<6>[    0.000000] RCU: Adjusting geometry for rcu_fanout_leaf=64, nr_cpu_ids=6
<6>[    0.000000] NR_IRQS:64 nr_irqs:64 0
<6>[    0.000000] GIC: Using split EOI/Deactivate mode
<6>[    0.000000] ITS: /interrupt-controller@fee00000/interrupt-controller@fee20000
<6>[    0.000000] ITS: allocated 65536 Devices @f2000000 (psz 64K, shr 0)
<6>[    0.000000] ITS: using cache flushing for cmd queue
<6>[    0.000000] GIC: using LPI property table @0x00000000f2080000
<6>[    0.000000] ITS: Allocated 1792 chunks for LPIs
<6>[    0.000000] CPU0: found redistributor 0 region 0:0x00000000fef00000
<6>[    0.000000] CPU0: using LPI pending table @0x00000000f2090000
<6>[    0.000000] GIC: using cache flushing for LPI property table
<6>[    0.000000] GIC: PPI partition interrupt-partition-0[0] { /cpus/cpu@0[0] /cpus/cpu@1[1] /cpus/cpu@2[2] /cpus/cpu@3[3] }
<6>[    0.000000] GIC: PPI partition interrupt-partition-1[1] { /cpus/cpu@100[4] /cpus/cpu@101[5] }
<4>[    0.000000] rockchip_clk_register_frac_branch: could not find dclk_vop0_frac as parent of dclk_vop0, rate changes may not work
<4>[    0.000000] rockchip_clk_register_frac_branch: could not find dclk_vop1_frac as parent of dclk_vop1, rate changes may not work
<4>[    0.000000] rockchip_cpuclk_pre_rate_change: limiting alt-divider 33 to 31
<6>[    0.000000] Architected cp15 timer(s) running at 24.00MHz (phys).
<6>[    0.000000] clocksource: arch_sys_counter: mask: 0xffffffffffffff max_cycles: 0x588fe9dc0, max_idle_ns: 440795202592 ns
<6>[    0.000005] sched_clock: 56 bits at 24MHz, resolution 41ns, wraps every 4398046511097ns
<6>[    0.001064] Calibrating delay loop (skipped), value calculated using timer frequency.. 48.00 BogoMIPS (lpj=80000)
<6>[    0.001079] pid_max: default: 32768 minimum: 301
<6>[    0.001167] Security Framework initialized
<6>[    0.001178] SELinux:  Initializing.
<7>[    0.001230] SELinux:  Starting in permissive mode
<6>[    0.001270] Mount-cache hash table entries: 8192 (order: 4, 65536 bytes)
<6>[    0.001281] Mountpoint-cache hash table entries: 8192 (order: 4, 65536 bytes)
<6>[    0.002113] Initializing cgroup subsys io
<6>[    0.002132] Initializing cgroup subsys freezer
<6>[    0.002145] Initializing cgroup subsys debug
<6>[    0.003099] sched-energy: Sched-energy-costs installed from DT
<6>[    0.003110] CPU0: update cpu_capacity 401
<6>[    0.003163] ASID allocator initialised with 65536 entries
<6>[    0.019803] PCI/MSI: /interrupt-controller@fee00000/interrupt-controller@fee20000 domain created
<6>[    0.020254] Platform MSI: /interrupt-controller@fee00000/interrupt-controller@fee20000 domain created
<6>[    0.033205] Detected VIPT I-cache on CPU1
<6>[    0.033232] CPU1: found redistributor 1 region 0:0x00000000fef20000
<6>[    0.033269] CPU1: using LPI pending table @0x00000000f2200000
<6>[    0.033313] CPU1: update cpu_capacity 401
<6>[    0.033317] CPU1: Booted secondary processor [410fd034]
<6>[    0.043198] Detected VIPT I-cache on CPU2
<6>[    0.043218] CPU2: found redistributor 2 region 0:0x00000000fef40000
<6>[    0.043250] CPU2: using LPI pending table @0x00000000f2230000
<6>[    0.043278] CPU2: update cpu_capacity 401
<6>[    0.043282] CPU2: Booted secondary processor [410fd034]
<6>[    0.053238] Detected VIPT I-cache on CPU3
<6>[    0.053257] CPU3: found redistributor 3 region 0:0x00000000fef60000
<6>[    0.053289] CPU3: using LPI pending table @0x00000000f2270000
<6>[    0.053316] CPU3: update cpu_capacity 401
<6>[    0.053320] CPU3: Booted secondary processor [410fd034]
<6>[    0.063287] Detected PIPT I-cache on CPU4
<6>[    0.063315] CPU4: found redistributor 100 region 0:0x00000000fef80000
<6>[    0.063355] CPU4: using LPI pending table @0x00000000f22c0000
<6>[    0.063398] CPU4: update cpu_capacity 1024
<6>[    0.063401] CPU4: Booted secondary processor [410fd082]
<6>[    0.073310] Detected PIPT I-cache on CPU5
<6>[    0.073328] CPU5: found redistributor 101 region 0:0x00000000fefa0000
<6>[    0.073364] CPU5: using LPI pending table @0x00000000f22e0000
<6>[    0.073392] CPU5: update cpu_capacity 1024
<6>[    0.073395] CPU5: Booted secondary processor [410fd082]
<6>[    0.073477] Brought up 6 CPUs
<6>[    0.073557] SMP: Total of 6 processors activated.
<6>[    0.073566] CPU features: detected feature: GIC system register CPU interface
<6>[    0.073577] CPU: All CPU(s) started at EL2
<6>[    0.073620] alternatives: patching kernel code
<6>[    0.075336] devtmpfs: initialized
<6>[    0.095563] clocksource: jiffies: mask: 0xffffffff max_cycles: 0xffffffff, max_idle_ns: 6370867519511994 ns
<6>[    0.095592] futex hash table entries: 2048 (order: 5, 131072 bytes)
<6>[    0.096724] pinctrl core: initialized pinctrl subsystem
<3>[    0.099337] Failed to find legacy iommu devices
<6>[    0.099870] NET: Registered protocol family 16
<6>[    0.100458] schedtune: init normalization constants...
<6>[    0.100470] schedtune: CLUSTER[0-3]      min_pwr:    56 max_pwr:   222
<6>[    0.100479] schedtune: CPU[0]            min_pwr:     0 max_pwr:   222
<6>[    0.100487] schedtune: CPU[1]            min_pwr:     0 max_pwr:   222
<6>[    0.100495] schedtune: CPU[2]            min_pwr:     0 max_pwr:   222
<6>[    0.100503] schedtune: CPU[3]            min_pwr:     0 max_pwr:   222
<6>[    0.100512] schedtune: CLUSTER[4-5]      min_pwr:    65 max_pwr:  1108
<6>[    0.100520] schedtune: CPU[4]            min_pwr:     0 max_pwr:  1108
<6>[    0.100529] schedtune: CPU[5]            min_pwr:     0 max_pwr:  1108
<6>[    0.100536] schedtune: SYSTEM            min_pwr:   121 max_pwr:  4434
<6>[    0.100544] schedtune: using normalization constants mul: 3862781856 sh1: 1 sh2: 12
<6>[    0.100549] schedtune: verify normalization constants...
<6>[    0.100556] schedtune: max_pwr/2^0: 4313 => norm_pwr:  1024
<6>[    0.100563] schedtune: max_pwr/2^1: 2156 => norm_pwr:   511
<6>[    0.100569] schedtune: max_pwr/2^2: 1078 => norm_pwr:   255
<6>[    0.100575] schedtune: max_pwr/2^3:  539 => norm_pwr:   127
<6>[    0.100582] schedtune: max_pwr/2^4:  269 => norm_pwr:    63
<6>[    0.100588] schedtune: max_pwr/2^5:  134 => norm_pwr:    31
<6>[    0.100595] schedtune: configured to support 5 boost groups
<6>[    0.113416] cpuidle: using governor ladder
<6>[    0.126774] cpuidle: using governor menu
<6>[    0.126798] Registered FIQ tty driver
<6>[    0.127282] vdso: 2 pages (1 code @ ffffff8008a86000, 1 data @ ffffff8009024000)
<6>[    0.127313] hw-breakpoint: found 6 breakpoint and 4 watchpoint registers.
<6>[    0.128099] DMA: preallocated 256 KiB pool for atomic allocations
<7>[    0.145187] gpiochip_add: registered GPIOs 1000 to 1031 on device: gpio0
<7>[    0.145289] gpiochip_add: registered GPIOs 1032 to 1063 on device: gpio1
<7>[    0.145381] gpiochip_add: registered GPIOs 1064 to 1095 on device: gpio2
<7>[    0.145467] gpiochip_add: registered GPIOs 1096 to 1127 on device: gpio3
<7>[    0.145556] gpiochip_add: registered GPIOs 1128 to 1159 on device: gpio4
<6>[    0.191197] console [pstore0] enabled
<6>[    0.191510] pstore: Registered ramoops as persistent store backend
<6>[    0.191518] ramoops: attached 0xf0000@0x110000, ecc: 0/0
<3>[    0.192858] sip_fiq_debugger_uart_irq_tf_init error: -2
<3>[    0.192864] fiq debugger bind fiq to trustzone failed: -2
<6>[    0.193328] console [ttyFIQ0] enabled
<6>[    0.193335] bootconsole [uart0] disabled
<6>[    0.193570] Registered fiq debugger ttyFIQ0
<6>[    0.221423] Rockchip hdmi driver version 2.0
<6>[    0.221423] .
<7>[    0.221846] of_get_named_gpiod_flags: parsed 'rockchip,power-ctrl' property of node '/rockchip-suspend[0]' - status (0)
<7>[    0.221885] of_get_named_gpiod_flags: parsed 'rockchip,power-ctrl' property of node '/rockchip-suspend[1]' - status (0)
<7>[    0.222100] of_get_named_gpiod_flags: can't parse 'gpio' property of node '/vcc3v3-sys[0]'
<7>[    0.222278] of_get_named_gpiod_flags: can't parse 'gpio' property of node '/vcc2v3-sys[0]'
<7>[    0.222517] of_get_named_gpiod_flags: parsed 'gpio' property of node '/vcc3v0-sd[0]' - status (0)
<6>[    0.222917] iommu: Adding device ff650000.vpu_service to group 0
<6>[    0.222980] iommu: Adding device ff660000.rkvdec to group 1
<6>[    0.223042] iommu: Adding device ff670000.iep to group 2
<6>[    0.223131] iommu: Adding device ff8f0000.vop to group 3
<6>[    0.223200] iommu: Adding device ff900000.vop to group 4
<6>[    0.223302] iommu: Adding device ff910000.isp to group 5
<6>[    0.223372] iommu: Adding device ff920000.isp to group 6
<6>[    0.224043] rk_iommu ff670800.iommu: can't get aclk
<6>[    0.224053] rk_iommu ff670800.iommu: can't get hclk
<5>[    0.224875] SCSI subsystem initialized
<6>[    0.225046] usbcore: registered new interface driver usbfs
<6>[    0.225088] usbcore: registered new interface driver hub
<6>[    0.225164] usbcore: registered new device driver usb
<6>[    0.225493] media: Linux media interface: v0.10
<6>[    0.225526] Linux video capture interface: v2.00
<6>[    0.225572] pps_core: LinuxPPS API ver. 1 registered
<6>[    0.225577] pps_core: Software ver. 5.3.6 - Copyright 2005-2007 Rodolfo Giometti <giometti@linux.it>
<6>[    0.225596] PTP clock support registered
<6>[    0.226964] Advanced Linux Sound Architecture Driver Initialized.
<6>[    0.227443] Bluetooth: Core ver 2.21
<6>[    0.227473] NET: Registered protocol family 31
<6>[    0.227479] Bluetooth: HCI device and connection manager initialized
<6>[    0.227491] Bluetooth: HCI socket layer initialized
<6>[    0.227500] Bluetooth: L2CAP socket layer initialized
<6>[    0.227522] Bluetooth: SCO socket layer initialized
<6>[    0.227740] cfg80211: World regulatory domain updated:
<6>[    0.227747] cfg80211:  DFS Master region: unset
<6>[    0.227752] cfg80211:   (start_freq - end_freq @ bandwidth), (max_antenna_gain, max_eirp), (dfs_cac_time)
<6>[    0.227761] cfg80211:   (2402000 KHz - 2472000 KHz @ 20000 KHz), (N/A, 2000 mBm), (N/A)
<6>[    0.227770] cfg80211:   (2457000 KHz - 2482000 KHz @ 20000 KHz, 92000 KHz AUTO), (N/A, 2000 mBm), (N/A)
<6>[    0.227777] cfg80211:   (2474000 KHz - 2494000 KHz @ 20000 KHz), (N/A, 2000 mBm), (N/A)
<6>[    0.227784] cfg80211:   (5170000 KHz - 5250000 KHz @ 80000 KHz, 160000 KHz AUTO), (N/A, 2000 mBm), (N/A)
<6>[    0.227792] cfg80211:   (5250000 KHz - 5330000 KHz @ 80000 KHz, 160000 KHz AUTO), (N/A, 2000 mBm), (0 s)
<6>[    0.227799] cfg80211:   (5490000 KHz - 5730000 KHz @ 160000 KHz), (N/A, 2000 mBm), (0 s)
<6>[    0.227805] cfg80211:   (5735000 KHz - 5835000 KHz @ 80000 KHz), (N/A, 2000 mBm), (N/A)
<6>[    0.227812] cfg80211:   (57240000 KHz - 63720000 KHz @ 2160000 KHz), (N/A, 0 mBm), (N/A)
<6>[    0.228593] rockchip-cpuinfo cpuinfo: Serial		: 46a5b5d08cec2729
<6>[    0.229015] clocksource: Switched to clocksource arch_sys_counter
<4>[    0.266474] thermal thermal_zone1: power_allocator: sustainable_power will be estimated
<6>[    0.266589] NET: Registered protocol family 2
<6>[    0.267009] TCP established hash table entries: 32768 (order: 6, 262144 bytes)
<6>[    0.267185] TCP bind hash table entries: 32768 (order: 7, 524288 bytes)
<6>[    0.267412] TCP: Hash tables configured (established 32768 bind 32768)
<6>[    0.267484] UDP hash table entries: 2048 (order: 4, 65536 bytes)
<6>[    0.267524] UDP-Lite hash table entries: 2048 (order: 4, 65536 bytes)
<6>[    0.267705] NET: Registered protocol family 1
<7>[    0.267747] PCI: CLS 0 bytes, default 64
<6>[    0.267961] Trying to unpack rootfs image as initramfs...
<6>[    0.891669] Freeing initrd memory: 14272K
<6>[    0.892121] hw perfevents: enabled with armv8_cortex_a53 PMU driver, 7 counters available
<6>[    0.892199] hw perfevents: enabled with armv8_cortex_a72 PMU driver, 7 counters available
<6>[    0.894783] audit: initializing netlink subsys (disabled)
<5>[    0.894852] audit: type=2000 audit(0.890:1): initialized
<5>[    0.899978] VFS: Disk quotas dquot_6.6.0
<6>[    0.900105] VFS: Dquot-cache hash table entries: 512 (order 0, 4096 bytes)
<6>[    0.901151] exFAT: Version 1.2.9
<6>[    0.901761] ntfs: driver 2.1.32 [Flags: R/O].
<6>[    0.901924] fuse init (API version 7.23)
<7>[    0.902640] SELinux:  Registering netfilter hooks
<6>[    0.903017] 
<6>[    0.903017] TEE Core Framework initialization (ver 1:0.1)
<6>[    0.903037] TEE armv7 Driver initialization
<6>[    0.903364] tz_tee_probe: name="armv7sec", id=0, pdev_name="armv7sec.0"
<6>[    0.903373] TEE core: Alloc the misc device "opteearmtz00" (id=0)
<6>[    0.903548] TEE Core: Register the misc device "opteearmtz00" (id=0,minor=62)
<6>[    0.906737] Block layer SCSI generic (bsg) driver version 0.4 loaded (major 247)
<6>[    0.906751] io scheduler noop registered
<6>[    0.906857] io scheduler cfq registered (default)
<7>[    0.908045] rockchip-usb2phy ff770000.syscon:usb2-phy@e460: GPIO lookup for consumer otg-vbus
<7>[    0.908054] rockchip-usb2phy ff770000.syscon:usb2-phy@e460: using device tree for GPIO lookup
<7>[    0.908063] of_get_named_gpiod_flags: can't parse 'otg-vbus-gpios' property of node '/syscon@ff770000/usb2-phy@e460[0]'
<7>[    0.908071] of_get_named_gpiod_flags: can't parse 'otg-vbus-gpio' property of node '/syscon@ff770000/usb2-phy@e460[0]'
<7>[    0.908078] rockchip-usb2phy ff770000.syscon:usb2-phy@e460: using lookup tables for GPIO lookup
<7>[    0.908087] rockchip-usb2phy ff770000.syscon:usb2-phy@e460: lookup for GPIO otg-vbus failed
<4>[    0.908094] rockchip-usb2phy ff770000.syscon:usb2-phy@e460: vbus_drv is not assigned
<7>[    0.911422] pwm-backlight backlight: GPIO lookup for consumer enable
<7>[    0.911433] pwm-backlight backlight: using device tree for GPIO lookup
<7>[    0.911463] of_get_named_gpiod_flags: parsed 'enable-gpios' property of node '/backlight[0]' - status (0)
<7>[    0.911474] no flags found for enable
<4>[    0.911499] backlight supply power not found, using dummy regulator
<3>[    0.912273] iep: failed to find iep power down clock source.
<4>[    0.912659] IEP Power ON
<4>[    0.912807] IEP Power OFF
<4>[    0.912833] IEP Driver loaded succesfully
<4>[    0.912915] Module initialized.
<6>[    0.913319] rk-vcodec ff650000.vpu_service: probe device
<6>[    0.913354] rk-vcodec ff650000.vpu_service: vpu mmu dec ffffffc0f18c3c10
<6>[    0.913475] rk-vcodec ff650000.vpu_service: allocator is drm
<6>[    0.913519] rk-vcodec ff650000.vpu_service: checking hw id 0
<6>[    0.913975] rk-vcodec ff650000.vpu_service: init success
<6>[    0.917876] rk-vcodec ff660000.rkvdec: probe device
<6>[    0.917912] rk-vcodec ff660000.rkvdec: vpu mmu dec ffffffc0f18c4410
<6>[    0.918037] rk-vcodec ff660000.rkvdec: allocator is drm
<6>[    0.918085] rk-vcodec ff660000.rkvdec: checking hw id 6876
<6>[    0.918395] rk-vcodec ff660000.rkvdec: init success
<6>[    0.919760] dma-pl330 ff6d0000.dma-controller: Loaded driver for PL330 DMAC-241330
<6>[    0.919771] dma-pl330 ff6d0000.dma-controller: 	DBUFF-32x8bytes Num_Chans-6 Num_Peri-12 Num_Events-12
<6>[    0.921117] dma-pl330 ff6e0000.dma-controller: Loaded driver for PL330 DMAC-241330
<6>[    0.921126] dma-pl330 ff6e0000.dma-controller: 	DBUFF-128x8bytes Num_Chans-8 Num_Peri-20 Num_Events-16
<7>[    0.921960] pwm-regulator vdd-log: GPIO lookup for consumer enable
<7>[    0.921968] pwm-regulator vdd-log: using device tree for GPIO lookup
<7>[    0.921977] of_get_named_gpiod_flags: can't parse 'enable-gpios' property of node '/vdd-log[0]'
<7>[    0.921984] of_get_named_gpiod_flags: can't parse 'enable-gpio' property of node '/vdd-log[0]'
<7>[    0.921991] pwm-regulator vdd-log: using lookup tables for GPIO lookup
<7>[    0.921998] pwm-regulator vdd-log: lookup for GPIO enable failed
<6>[    0.922497] Serial: 8250/16550 driver, 5 ports, IRQ sharing disabled
<6>[    0.924091] console [ttyS0] disabled
<6>[    0.924132] ff180000.serial: ttyS0 at MMIO 0xff180000 (irq = 36, base_baud = 1500000) is a 16550A
<6>[    0.924687] ff190000.serial: ttyS1 at MMIO 0xff190000 (irq = 37, base_baud = 1500000) is a 16550A
<6>[    0.925218] ff1a0000.serial: ttyS2 at MMIO 0xff1a0000 (irq = 38, base_baud = 1500000) is a 16550A
<6>[    0.925832] ff1b0000.serial: ttyS3 at MMIO 0xff1b0000 (irq = 39, base_baud = 1500000) is a 16550A
<6>[    0.926397] ff370000.serial: ttyS4 at MMIO 0xff370000 (irq = 42, base_baud = 1500000) is a 16550A
<6>[    0.926751] [drm:drm_core_init] Initialized drm 1.1.0 20060810
<4>[    0.931056] ff960000.dsi.0 supply power not found, using dummy regulator
<7>[    0.931106] panel-simple-dsi ff960000.dsi.0: GPIO lookup for consumer enable
<7>[    0.931114] panel-simple-dsi ff960000.dsi.0: using device tree for GPIO lookup
<7>[    0.931142] of_get_named_gpiod_flags: parsed 'enable-gpios' property of node '/dsi@ff960000/panel@0[0]' - status (0)
<7>[    0.931162] no flags found for enable
<7>[    0.931170] panel-simple-dsi ff960000.dsi.0: GPIO lookup for consumer reset
<7>[    0.931176] panel-simple-dsi ff960000.dsi.0: using device tree for GPIO lookup
<7>[    0.931199] of_get_named_gpiod_flags: parsed 'reset-gpios' property of node '/dsi@ff960000/panel@0[0]' - status (0)
<7>[    0.931208] no flags found for reset
<6>[    0.931278] panel_dji_get_lcdid : get lcdid val = 0
<6>[    0.931292] panel-simple-dsi ff960000.dsi.0: panel_simple_dsi_parse_dcs_cmds: dcs_cmd=5 len=520, cmd_cnt=40
<6>[    0.931301] panel-simple-dsi ff960000.dsi.0: panel_simple_dsi_parse_dcs_cmds: dcs_cmd=5 len=8, cmd_cnt=2
<3>[    0.931655] mali ff9a0000.gpu: Failed to get regulator
<3>[    0.931663] mali ff9a0000.gpu: Power control initialization failed
<4>[    0.931942] Unable to detect cache hierarchy from DT for CPU 0
<6>[    0.939813] brd: module loaded
<6>[    0.944676] loop: module loaded
<6>[    0.945197] zram: Added device: zram0
<6>[    0.945779] SCSI Media Changer driver v0.25 
<4>[    0.946449] rockchip-spi ff1c0000.spi: Failed to request TX DMA channel
<4>[    0.946459] rockchip-spi ff1c0000.spi: Failed to request RX DMA channel
<6>[    0.947167] tun: Universal TUN/TAP device driver, 1.6
<6>[    0.947173] tun: (C) 1999-2004 Max Krasnyansky <maxk@qualcomm.com>
<6>[    0.947693] PPP generic driver version 2.4.2
<6>[    0.947839] PPP BSD Compression module registered
<6>[    0.947850] PPP Deflate Compression module registered
<6>[    0.947875] PPP MPPE Compression module registered
<6>[    0.947891] NET: Registered protocol family 24
<6>[    0.947931] SLIP: version 0.8.4-NET3.019-NEWTTY (dynamic channels, max=256) (6 bit encapsulation enabled).
<6>[    0.947936] CSLIP: code copyright 1989 Regents of the University of California.
<4>[    0.947952] Rockchip WiFi SYS interface (V1.00) ... 
<6>[    0.948024] usbcore: registered new interface driver catc
<6>[    0.948062] usbcore: registered new interface driver kaweth
<6>[    0.948073] pegasus: v0.9.3 (2013/04/25), Pegasus/Pegasus II USB Ethernet driver
<6>[    0.948103] usbcore: registered new interface driver pegasus
<6>[    0.948140] usbcore: registered new interface driver rtl8150
<6>[    0.948176] usbcore: registered new interface driver r8152
<6>[    0.948186] hso: drivers/net/usb/hso.c: Option Wireless
<6>[    0.948238] usbcore: registered new interface driver hso
<6>[    0.948282] usbcore: registered new interface driver asix
<6>[    0.948320] usbcore: registered new interface driver ax88179_178a
<6>[    0.948355] usbcore: registered new interface driver cdc_ether
<6>[    0.948390] usbcore: registered new interface driver cdc_eem
<6>[    0.948426] usbcore: registered new interface driver dm9601
<6>[    0.948476] usbcore: registered new interface driver smsc75xx
<6>[    0.948522] usbcore: registered new interface driver smsc95xx
<6>[    0.948558] usbcore: registered new interface driver gl620a
<6>[    0.948594] usbcore: registered new interface driver net1080
<6>[    0.948631] usbcore: registered new interface driver plusb
<6>[    0.948668] usbcore: registered new interface driver rndis_host
<6>[    0.948704] usbcore: registered new interface driver cdc_subset
<6>[    0.948740] usbcore: registered new interface driver zaurus
<6>[    0.948777] usbcore: registered new interface driver MOSCHIP usb-ethernet driver
<6>[    0.948831] usbcore: registered new interface driver int51x1
<6>[    0.948869] usbcore: registered new interface driver kalmia
<6>[    0.948906] usbcore: registered new interface driver ipheth
<6>[    0.948945] usbcore: registered new interface driver sierra_net
<6>[    0.948982] usbcore: registered new interface driver cx82310_eth
<6>[    0.949069] usbcore: registered new interface driver cdc_ncm
<6>[    0.949115] usbcore: registered new interface driver qmi_wwan
<6>[    0.949153] usbcore: registered new interface driver cdc_mbim
<3>[    0.950247] rockchip-dwc3 usb@fe800000: failed to get drvdata dwc3
<3>[    0.955502] rockchip-dwc3 usb@fe900000: fail to get drvdata hcd
<6>[    0.956099] ehci_hcd: USB 2.0 'Enhanced' Host Controller (EHCI) Driver
<6>[    0.956112] ehci-pci: EHCI PCI platform driver
<6>[    0.956162] ehci-platform: EHCI generic platform driver
<6>[    0.959949] ehci-platform fe3c0000.usb: EHCI Host Controller
<6>[    0.959973] ehci-platform fe3c0000.usb: new USB bus registered, assigned bus number 1
<6>[    0.960103] ehci-platform fe3c0000.usb: irq 29, io mem 0xfe3c0000
<6>[    0.969045] ehci-platform fe3c0000.usb: USB 2.0 started, EHCI 1.00
<6>[    0.969174] usb usb1: New USB device found, idVendor=1d6b, idProduct=0002
<6>[    0.969183] usb usb1: New USB device strings: Mfr=3, Product=2, SerialNumber=1
<6>[    0.969191] usb usb1: Product: EHCI Host Controller
<6>[    0.969198] usb usb1: Manufacturer: Linux 4.4.83 ehci_hcd
<6>[    0.969204] usb usb1: SerialNumber: fe3c0000.usb
<6>[    0.969670] hub 1-0:1.0: USB hub found
<6>[    0.969699] hub 1-0:1.0: 1 port detected
<6>[    0.970165] ohci_hcd: USB 1.1 'Open' Host Controller (OHCI) Driver
<6>[    0.970192] ohci-platform: OHCI generic platform driver
<6>[    0.970630] ohci-platform fe3e0000.usb: Generic Platform OHCI controller
<6>[    0.970650] ohci-platform fe3e0000.usb: new USB bus registered, assigned bus number 2
<6>[    0.970759] ohci-platform fe3e0000.usb: irq 30, io mem 0xfe3e0000
<6>[    1.026507] usb usb2: New USB device found, idVendor=1d6b, idProduct=0001
<6>[    1.026517] usb usb2: New USB device strings: Mfr=3, Product=2, SerialNumber=1
<6>[    1.026524] usb usb2: Product: Generic Platform OHCI controller
<6>[    1.026531] usb usb2: Manufacturer: Linux 4.4.83 ohci_hcd
<6>[    1.026538] usb usb2: SerialNumber: fe3e0000.usb
<6>[    1.027040] hub 2-0:1.0: USB hub found
<6>[    1.027070] hub 2-0:1.0: 1 port detected
<6>[    1.027818] usbcore: registered new interface driver cdc_acm
<6>[    1.027824] cdc_acm: USB Abstract Control Model driver for USB modems and ISDN adapters
<6>[    1.027879] usbcore: registered new interface driver usblp
<6>[    1.027921] usbcore: registered new interface driver cdc_wdm
<6>[    1.027962] usbcore: registered new interface driver uas
<6>[    1.028029] usbcore: registered new interface driver usb-storage
<6>[    1.028068] usbcore: registered new interface driver ums-alauda
<6>[    1.028104] usbcore: registered new interface driver ums-cypress
<6>[    1.028144] usbcore: registered new interface driver ums-datafab
<6>[    1.028181] usbcore: registered new interface driver ums_eneub6250
<6>[    1.028216] usbcore: registered new interface driver ums-freecom
<6>[    1.028253] usbcore: registered new interface driver ums-isd200
<6>[    1.028289] usbcore: registered new interface driver ums-jumpshot
<6>[    1.028325] usbcore: registered new interface driver ums-karma
<6>[    1.028361] usbcore: registered new interface driver ums-onetouch
<6>[    1.028401] usbcore: registered new interface driver ums-sddr09
<6>[    1.028438] usbcore: registered new interface driver ums-sddr55
<6>[    1.028474] usbcore: registered new interface driver ums-usbat
<6>[    1.028548] usbcore: registered new interface driver usbserial
<6>[    1.028579] usbcore: registered new interface driver usbserial_generic
<6>[    1.028603] usbserial: USB Serial support registered for generic
<6>[    1.028645] usbcore: registered new interface driver option
<6>[    1.028669] usbserial: USB Serial support registered for GSM modem (1-port)
<6>[    1.028766] usbcore: registered new interface driver trancevibrator
<6>[    1.028779] usb20_otg: version 3.10a 21-DEC-2012
<6>[    1.028930] usb20_host: version 3.10a 21-DEC-2012
<6>[    1.029258] usbcore: registered new interface driver xpad
<6>[    1.029302] usbcore: registered new interface driver usb_acecad
<6>[    1.029345] usbcore: registered new interface driver aiptek
<6>[    1.029387] usbcore: registered new interface driver gtco
<6>[    1.029428] usbcore: registered new interface driver hanwang
<6>[    1.029469] usbcore: registered new interface driver kbtab
<6>[    1.029573] cyttsp5_loader_init: Parade TTSP FW Loader Driver (Built TTDA.03.08.874312) rc=0
<6>[    1.029588] cyttsp5_device_access_init: Parade TTSP Device Access Driver (Built TTDA.03.08.874312) rc=0
<6>[    1.029601] cyttsp5_test_device_access_api_init: Enter
<3>[    1.029607] cyttsp5_device_access_user_command: No device.
<4>[    1.029766] sensor_register_slave:cm3218,id=51
<6>[    1.030371] i2c /dev entries driver
<7>[    1.031177] fan53555-regulator 0-0040: GPIO lookup for consumer vsel
<7>[    1.031185] fan53555-regulator 0-0040: using device tree for GPIO lookup
<7>[    1.031212] of_get_named_gpiod_flags: parsed 'vsel-gpios' property of node '/i2c@ff3c0000/syr827@40[0]' - status (0)
<6>[    1.031595] fan53555-regulator 0-0040: FAN53555 Option[8] Rev[1] Detected!
<6>[    1.031652] fan53555-reg: supplied by vcc3v3_sys
<7>[    1.033316] fan53555-regulator 0-0041: GPIO lookup for consumer vsel
<7>[    1.033324] fan53555-regulator 0-0041: using device tree for GPIO lookup
<7>[    1.033348] of_get_named_gpiod_flags: parsed 'vsel-gpios' property of node '/i2c@ff3c0000/syr828@41[0]' - status (0)
<6>[    1.033697] fan53555-regulator 0-0041: FAN53555 Option[8] Rev[1] Detected!
<6>[    1.033737] fan53555-reg: supplied by vcc3v3_sys
<6>[    1.035780] rk808 0-001b: Pmic Chip id: 0x0
<7>[    1.038473] rk808 0-001b: GPIO lookup for consumer dvs
<7>[    1.038480] rk808 0-001b: using device tree for GPIO lookup
<7>[    1.038490] of_get_named_gpiod_flags: can't parse 'dvs-gpios' property of node '/i2c@ff3c0000/pmic@1b[0]'
<7>[    1.038498] of_get_named_gpiod_flags: can't parse 'dvs-gpio' property of node '/i2c@ff3c0000/pmic@1b[0]'
<7>[    1.038505] rk808 0-001b: using lookup tables for GPIO lookup
<7>[    1.038512] rk808 0-001b: lookup for GPIO dvs failed
<4>[    1.038519] rk808-regulator rk808-regulator: there is no dvs0 gpio
<7>[    1.038525] rk808 0-001b: GPIO lookup for consumer dvs
<7>[    1.038531] rk808 0-001b: using device tree for GPIO lookup
<7>[    1.038539] of_get_named_gpiod_flags: can't parse 'dvs-gpios' property of node '/i2c@ff3c0000/pmic@1b[1]'
<7>[    1.038546] of_get_named_gpiod_flags: can't parse 'dvs-gpio' property of node '/i2c@ff3c0000/pmic@1b[1]'
<7>[    1.038552] rk808 0-001b: using lookup tables for GPIO lookup
<7>[    1.038558] rk808 0-001b: lookup for GPIO dvs failed
<4>[    1.038565] rk808-regulator rk808-regulator: there is no dvs1 gpio
<6>[    1.038635] DCDC_REG1: supplied by vcc3v3_sys
<6>[    1.039372] DCDC_REG2: supplied by vcc3v3_sys
<6>[    1.039894] DCDC_REG3: supplied by vcc3v3_sys
<6>[    1.040101] DCDC_REG4: supplied by vcc3v3_sys
<6>[    1.040506] LDO_REG1: supplied by vcc3v3_sys
<6>[    1.041574] LDO_REG2: supplied by vcc3v3_sys
<6>[    1.042483] LDO_REG3: supplied by vcc2v3_sys
<6>[    1.043426] LDO_REG4: supplied by vcc2v3_sys
<6>[    1.044349] LDO_REG5: supplied by vcc2v3_sys
<6>[    1.045280] LDO_REG6: supplied by vcc2v3_sys
<6>[    1.046220] LDO_REG7: supplied by vcc2v3_sys
<6>[    1.047152] LDO_REG8: supplied by vcc3v3_sys
<6>[    1.048076] SWITCH_REG1: supplied by vcc3v3_sys
<6>[    1.048296] SWITCH_REG2: supplied by vcc2v3_sys
<6>[    1.051989] rk808-rtc rk808-rtc: rtc core: registered rk808-rtc as rtc0
<7>[    1.052462] of_get_named_gpiod_flags: parsed 'poweroff-notify-1549-pin' property of node '/i2c@ff3c0000/pmic@1b[0]' - status (0)
<6>[    1.052518] rk3x-i2c ff3c0000.i2c: Initialized RK3xxx I2C bus at ffffff80093fe000
<6>[    1.053123] rk3x-i2c ff110000.i2c: Initialized RK3xxx I2C bus at ffffff800949c000
<4>[    1.053715] fts_ts_probe in
<7>[    1.053747] of_get_named_gpiod_flags: parsed 'focaltech,reset-gpio' property of node '/i2c@ff120000/focaltech@38[0]' - status (0)
<7>[    1.053770] of_get_named_gpiod_flags: parsed 'focaltech,irq-gpio' property of node '/i2c@ff120000/focaltech@38[0]' - status (0)
<3>[    1.053901] fts_ts 2-0038: fts_i2c_read: i2c read error.
<3>[    1.053908] fts_ts 2-0038: version read failed
<4>[    1.053915] fts_ts_probe:load failed(-6)!
<6>[    1.054048] rk3x-i2c ff120000.i2c: Initialized RK3xxx I2C bus at ffffff800949e000
<7>[    1.054175] of_get_named_gpiod_flags: parsed 'cy,irq_gpio' property of node '/i2c@ff120000/cyttsp5@70/cy,core[0]' - status (0)
<7>[    1.054202] of_get_named_gpiod_flags: parsed 'cy,rst_gpio' property of node '/i2c@ff120000/cyttsp5@70/cy,core[0]' - status (0)
<4>[    1.054280] cyttsp5_probe in
<6>[    1.054292] cyttsp5_i2c_adapter 2-0070: cyttsp5_probe: Init HW
<6>[    1.054324] cyttsp5_i2c_adapter 2-0070: cyttsp5_init: INIT CYTTSP RST gpio=1066 and IRQ gpio=1067 r=0
<6>[    1.054905] rk3x-i2c ff140000.i2c: Initialized RK3xxx I2C bus at ffffff80094fc000
<7>[    1.055752] fusb302 4-0022: GPIO lookup for consumer int-n
<7>[    1.055761] fusb302 4-0022: using device tree for GPIO lookup
<7>[    1.055788] of_get_named_gpiod_flags: parsed 'int-n-gpios' property of node '/i2c@ff3d0000/fusb30x@22[0]' - status (0)
<7>[    1.055808] fusb302 4-0022: GPIO lookup for consumer vbus-5v
<7>[    1.055814] fusb302 4-0022: using device tree for GPIO lookup
<7>[    1.055837] of_get_named_gpiod_flags: parsed 'vbus-5v-gpios' property of node '/i2c@ff3d0000/fusb30x@22[0]' - status (0)
<7>[    1.055857] fusb302 4-0022: GPIO lookup for consumer vbus-other
<7>[    1.055863] fusb302 4-0022: using device tree for GPIO lookup
<7>[    1.055871] of_get_named_gpiod_flags: can't parse 'vbus-other-gpios' property of node '/i2c@ff3d0000/fusb30x@22[0]'
<7>[    1.055878] of_get_named_gpiod_flags: can't parse 'vbus-other-gpio' property of node '/i2c@ff3d0000/fusb30x@22[0]'
<7>[    1.055885] fusb302 4-0022: using lookup tables for GPIO lookup
<7>[    1.055892] fusb302 4-0022: lookup for GPIO vbus-other failed
<7>[    1.055925] fusb302 4-0022: GPIO lookup for consumer discharge
<7>[    1.055931] fusb302 4-0022: using device tree for GPIO lookup
<7>[    1.055939] of_get_named_gpiod_flags: can't parse 'discharge-gpios' property of node '/i2c@ff3d0000/fusb30x@22[0]'
<7>[    1.055946] of_get_named_gpiod_flags: can't parse 'discharge-gpio' property of node '/i2c@ff3d0000/fusb30x@22[0]'
<7>[    1.055952] fusb302 4-0022: using lookup tables for GPIO lookup
<7>[    1.055959] fusb302 4-0022: lookup for GPIO discharge failed
<6>[    1.056605] fusb302 4-0022: fusb302 send extcon(gpio) to disable vbus 5v
<6>[    1.065269] fusb302 4-0022: port 0 probe success
<6>[    1.065291] rk3x-i2c ff3d0000.i2c: Initialized RK3xxx I2C bus at ffffff80094fe000
<6>[    1.066081] IR NEC protocol handler initialized
<6>[    1.066093] IR RC5(x/sz) protocol handler initialized
<6>[    1.066103] IR RC6 protocol handler initialized
<6>[    1.066113] IR JVC protocol handler initialized
<6>[    1.066123] IR Sony protocol handler initialized
<6>[    1.066132] IR SANYO protocol handler initialized
<6>[    1.066142] IR Sharp protocol handler initialized
<6>[    1.066152] IR MCE Keyboard/mouse protocol handler initialized
<6>[    1.066162] IR XMP protocol handler initialized
<6>[    1.066249] usbcore: registered new interface driver uvcvideo
<6>[    1.066254] USB Video Class driver (1.1.1)
<6>[    1.067525] cyttsp5_i2c_adapter 2-0070: cyttsp5_startup_: Bootloader mode
<7>[    1.067718] of_get_named_gpiod_flags: parsed 'charge-state' property of node '/virtual_battery[0]' - status (0)
<7>[    1.067758] of_get_named_gpiod_flags: parsed 'battery-ok' property of node '/virtual_battery[0]' - status (0)
<4>[    1.067996] thermal thermal_zone2: power_allocator: sustainable_power will be estimated
<6>[    1.068738] dji201x virtual_battery: dji/dji2013 driver v1.2 probe sucess
<3>[    1.069634] rk_tsadcv2_temp_to_code: Invalid conversion table: code=1023, temperature=2147483647
<6>[    1.070179] device-mapper: uevent: version 1.0.3
<6>[    1.070437] device-mapper: ioctl: 4.34.0-ioctl (2015-10-28) initialised: dm-devel@redhat.com
<6>[    1.073910] Bluetooth: HCI UART driver ver 2.3
<6>[    1.073919] Bluetooth: HCI UART protocol H4 registered
<6>[    1.073925] Bluetooth: HCI UART protocol LL registered
<6>[    1.073936] rtk_btusb: RTKBT_RELEASE_NAME: 20170109_TV_ANDROID_6.x
<6>[    1.073941] rtk_btusb: Realtek Bluetooth USB driver module init, version 4.1.2
<6>[    1.073946] rtk_btusb: Register usb char device interface for BT driver
<6>[    1.074073] cyttsp5_i2c_adapter 2-0070: cyttsp5_startup_: Operational mode
<6>[    1.074086] cyttsp5_i2c_adapter 2-0070: cyttsp5_startup_: Reading report descriptor
<6>[    1.074141] usbcore: registered new interface driver rtk_btusb
<6>[    1.074618] cpu cpu0: leakage=20
<6>[    1.091216] cpu cpu0: temp=53333, pvtm=146853 (146061 + 792)
<6>[    1.091477] cpu cpu0: pvtm-sel=1
<6>[    1.091772] cpu cpu4: leakage=35
<6>[    1.104359] cpu cpu4: temp=53333, pvtm=155034 (154614 + 420)
<6>[    1.105355] cpu cpu4: pvtm-sel=2
<6>[    1.109657] sdhci: Secure Digital Host Controller Interface driver
<6>[    1.109661] sdhci: Copyright(c) Pierre Ossman
<6>[    1.109666] Synopsys Designware Multimedia Card Interface Driver
<6>[    1.110167] dwmmc_rockchip fe310000.dwmmc: IDMAC supports 32-bit address mode.
<6>[    1.110248] dwmmc_rockchip fe310000.dwmmc: Using internal DMA controller.
<6>[    1.110258] dwmmc_rockchip fe310000.dwmmc: Version ID is 270a
<6>[    1.110284] dwmmc_rockchip fe310000.dwmmc: DW MMC controller at irq 24,32 bit host data width,256 deep fifo
<6>[    1.110321] dwmmc_rockchip fe310000.dwmmc: 'clock-freq-min-max' property was deprecated.
<6>[    1.110344] dwmmc_rockchip fe310000.dwmmc: No vmmc regulator found
<6>[    1.110347] dwmmc_rockchip fe310000.dwmmc: No vqmmc regulator found
<7>[    1.110356] dwmmc_rockchip fe310000.dwmmc: GPIO lookup for consumer cd
<7>[    1.110359] dwmmc_rockchip fe310000.dwmmc: using device tree for GPIO lookup
<7>[    1.110364] of_get_named_gpiod_flags: can't parse 'cd-gpios' property of node '/dwmmc@fe310000[0]'
<7>[    1.110368] of_get_named_gpiod_flags: can't parse 'cd-gpio' property of node '/dwmmc@fe310000[0]'
<7>[    1.110371] dwmmc_rockchip fe310000.dwmmc: using lookup tables for GPIO lookup
<7>[    1.110375] dwmmc_rockchip fe310000.dwmmc: lookup for GPIO cd failed
<7>[    1.110379] dwmmc_rockchip fe310000.dwmmc: GPIO lookup for consumer wp
<7>[    1.110381] dwmmc_rockchip fe310000.dwmmc: using device tree for GPIO lookup
<7>[    1.110384] of_get_named_gpiod_flags: can't parse 'wp-gpios' property of node '/dwmmc@fe310000[0]'
<7>[    1.110388] of_get_named_gpiod_flags: can't parse 'wp-gpio' property of node '/dwmmc@fe310000[0]'
<7>[    1.110391] dwmmc_rockchip fe310000.dwmmc: using lookup tables for GPIO lookup
<7>[    1.110394] dwmmc_rockchip fe310000.dwmmc: lookup for GPIO wp failed
<6>[    1.122401] mmc_host mmc0: Bus speed (slot 0) = 400000Hz (slot req 400000Hz, actual 400000HZ div = 0)
<6>[    1.134425] fusb302 4-0022: CC connected in 0 as UFP
<6>[    1.136861] dwmmc_rockchip fe310000.dwmmc: 1 slots initialized
<6>[    1.137460] dwmmc_rockchip fe320000.dwmmc: IDMAC supports 32-bit address mode.
<6>[    1.137546] dwmmc_rockchip fe320000.dwmmc: Using internal DMA controller.
<6>[    1.137556] dwmmc_rockchip fe320000.dwmmc: Version ID is 270a
<6>[    1.137595] dwmmc_rockchip fe320000.dwmmc: DW MMC controller at irq 25,32 bit host data width,256 deep fifo
<6>[    1.137615] dwmmc_rockchip fe320000.dwmmc: 'clock-freq-min-max' property was deprecated.
<7>[    1.137777] dwmmc_rockchip fe320000.dwmmc: GPIO lookup for consumer cd
<7>[    1.137783] dwmmc_rockchip fe320000.dwmmc: using device tree for GPIO lookup
<7>[    1.137791] of_get_named_gpiod_flags: can't parse 'cd-gpios' property of node '/dwmmc@fe320000[0]'
<7>[    1.137797] of_get_named_gpiod_flags: can't parse 'cd-gpio' property of node '/dwmmc@fe320000[0]'
<7>[    1.137802] dwmmc_rockchip fe320000.dwmmc: using lookup tables for GPIO lookup
<7>[    1.137808] dwmmc_rockchip fe320000.dwmmc: lookup for GPIO cd failed
<7>[    1.137815] dwmmc_rockchip fe320000.dwmmc: GPIO lookup for consumer wp
<7>[    1.137820] dwmmc_rockchip fe320000.dwmmc: using device tree for GPIO lookup
<7>[    1.137825] of_get_named_gpiod_flags: can't parse 'wp-gpios' property of node '/dwmmc@fe320000[0]'
<7>[    1.137831] of_get_named_gpiod_flags: can't parse 'wp-gpio' property of node '/dwmmc@fe320000[0]'
<7>[    1.137835] dwmmc_rockchip fe320000.dwmmc: using lookup tables for GPIO lookup
<7>[    1.137841] dwmmc_rockchip fe320000.dwmmc: lookup for GPIO wp failed
<6>[    1.137979] rockchip-iodomain ff770000.syscon:io-domains: Setting to 3300000 done
<6>[    1.138268] rockchip-iodomain ff770000.syscon:io-domains: Setting to 3300000 done
<6>[    1.149036] mmc_host mmc1: Bus speed (slot 0) = 400000Hz (slot req 400000Hz, actual 400000HZ div = 0)
<6>[    1.162505] dwmmc_rockchip fe320000.dwmmc: 1 slots initialized
<6>[    1.163966] sdhci-pltfm: SDHCI platform and OF driver helper
<7>[    1.164484] sdhci-arasan fe330000.sdhci: GPIO lookup for consumer wp
<7>[    1.164491] sdhci-arasan fe330000.sdhci: using device tree for GPIO lookup
<7>[    1.164498] of_get_named_gpiod_flags: can't parse 'wp-gpios' property of node '/sdhci@fe330000[0]'
<7>[    1.164504] of_get_named_gpiod_flags: can't parse 'wp-gpio' property of node '/sdhci@fe330000[0]'
<7>[    1.164509] sdhci-arasan fe330000.sdhci: using lookup tables for GPIO lookup
<7>[    1.164515] sdhci-arasan fe330000.sdhci: lookup for GPIO wp failed
<6>[    1.165654] sdhci-arasan fe330000.sdhci: No vmmc regulator found
<6>[    1.165660] sdhci-arasan fe330000.sdhci: No vqmmc regulator found
<6>[    1.192491] mmc2: SDHCI controller on fe330000.sdhci [fe330000.sdhci] using ADMA
<6>[    1.192861] hidraw: raw HID events driver (C) Jiri Kosina
<6>[    1.196104] usbcore: registered new interface driver usbhid
<6>[    1.196107] usbhid: USB HID core driver
<7>[    1.196334] of_get_named_gpiod_flags: parsed 'irq-gpio' property of node '/spi@ff1c0000/mpu6500@0[0]' - status (0)
<6>[    1.196350] inv_mpu_iio_spi spi32766.0: int_config=0,level_shifter=0,irq=ad
<6>[    1.196353] inv_mpu_iio_spi spi32766.0: 1 
<6>[    1.196356] inv_mpu_iio_spi spi32766.0: 0 
<6>[    1.196359] inv_mpu_iio_spi spi32766.0: 0 
<6>[    1.196362] inv_mpu_iio_spi spi32766.0: 0 
<6>[    1.196364] inv_mpu_iio_spi spi32766.0: 1 
<6>[    1.196367] inv_mpu_iio_spi spi32766.0: 0 
<6>[    1.196369] inv_mpu_iio_spi spi32766.0: 0 
<6>[    1.196372] inv_mpu_iio_spi spi32766.0: 0 
<6>[    1.196374] inv_mpu_iio_spi spi32766.0: 1 
<6>[    1.196377] inv_mpu_iio_spi spi32766.0: 
<6>[    1.196379] inv_mpu_iio: secondary_i2c_addr=0
<6>[    1.247523] mmc2: MAN_BKOPS_EN bit is not set
<6>[    1.262357] mmc2: new HS400 Enhanced strobe MMC card at address 0001
<6>[    1.266202] mmcblk2: mmc2:0001 016G70 14.7 GiB 
<6>[    1.269890] mmcblk2boot0: mmc2:0001 016G70 partition 1 4.00 MiB
<6>[    1.272956] cyttsp5_i2c_adapter 2-0070: cyttsp5 Protocol Version: 1.6
<6>[    1.273650] mmcblk2boot1: mmc2:0001 016G70 partition 2 4.00 MiB
<6>[    1.273898] mmcblk2rpmb: mmc2:0001 016G70 partition 3 4.00 MiB
<6>[    1.274192]  parameter: 0x000000000 -- 0x000400000 (4 MB)
<6>[    1.274196]      uboot: 0x000400000 -- 0x000800000 (4 MB)
<6>[    1.274199]      trust: 0x000800000 -- 0x000c00000 (4 MB)
<6>[    1.274203]       misc: 0x000c00000 -- 0x001000000 (4 MB)
<6>[    1.274206]   resource: 0x001000000 -- 0x002000000 (16 MB)
<6>[    1.274209]     kernel: 0x002000000 -- 0x003800000 (24 MB)
<6>[    1.274212]       boot: 0x003800000 -- 0x007800000 (64 MB)
<6>[    1.274215]   recovery: 0x007800000 -- 0x00b800000 (64 MB)
<6>[    1.274218]     backup: 0x00b800000 -- 0x012800000 (112 MB)
<6>[    1.274220]      cache: 0x012800000 -- 0x01a800000 (128 MB)
<6>[    1.274223]     system: 0x01a800000 -- 0x0da800000 (3072 MB)
<6>[    1.274226]   metadata: 0x0da800000 -- 0x0db800000 (16 MB)
<6>[    1.274229] verity_mode: 0x0db800000 -- 0x0db808000 (0 MB)
<6>[    1.274232] baseparamer: 0x0db808000 -- 0x0dbc08000 (4 MB)
<6>[    1.274234]        frp: 0x0dbc08000 -- 0x0dbc88000 (0 MB)
<6>[    1.274237]   userdata: 0x0dbc88000 -- 0x3ab000000 (11507 MB)
<6>[    1.274258]  mmcblk2: p1 p2 p3 p4 p5 p6 p7 p8 p9 p10 p11 p12 p13 p14 p15 p16
<6>[    1.282395] input: cyttsp5_mt as /devices/platform/ff120000.i2c/i2c-2/2-0070/input/input0
<6>[    1.282848] cyttsp5_i2c_adapter 2-0070: cyttsp5_loader_probe: Successful probe 2-0070
<4>[    1.282855] cyttsp5_probe:load success!
<4>[    1.283350] cyttsp5_i2c_adapter 2-0070: Direct firmware load for ttdl_cmcp_thresholdfile.csv failed with error -2
<4>[    1.283356] cyttsp5_i2c_adapter 2-0070: Falling back to user helper
<4>[    1.283596] cyttsp5_i2c_adapter 2-0070: Direct firmware load for cyttsp5_fw.bin failed with error -2
<4>[    1.283602] cyttsp5_i2c_adapter 2-0070: Falling back to user helper
<6>[    1.507514] inv_mpu_iio_spi spi32766.0: mpu6500 is ready to go!
<6>[    1.507641] inv_mpu_iio: inv_mpu_init:746
<6>[    1.508295] ashmem: initialized
<3>[    1.509340] rockchip-dmc dmc: unable to get devfreq-event device : dfi
<4>[    1.510056] ff100000.saradc supply vref not found, using dummy regulator
<3>[    1.519423] rknandbase v1.1 2016-11-08
<6>[    1.520101] usbcore: registered new interface driver snd-usb-audio
<6>[    1.521504] tas2555 1-004c: tas2555_i2c_probe enter
<7>[    1.521543] of_get_named_gpiod_flags: parsed 'ti,pwren-gpio' property of node '/i2c@ff110000/tas2555@4c[0]' - status (0)
<7>[    1.521550] tas2555 1-004c: ti,pwren-gpio=1008
<7>[    1.521566] of_get_named_gpiod_flags: parsed 'ti,cdc-reset-gpio' property of node '/i2c@ff110000/tas2555@4c[0]' - status (0)
<7>[    1.521572] tas2555 1-004c: ti,cdc-reset-gpio=1012
<7>[    1.521578] of_get_named_gpiod_flags: can't parse 'ti,irq-gpio' property of node '/i2c@ff110000/tas2555@4c[0]'
<3>[    1.521584] tas2555 1-004c: Looking up ti,irq-gpio property in node /i2c@ff110000/tas2555@4c failed -2
<6>[    1.535736] tas2555 1-004c: TAS2555 PGID: 0xd0
<6>[    1.535750] tas2555 1-004c: tas2555_register_codec, enter
<6>[    1.536080] tas2555 1-004c: tas2555_register_misc, leave
<6>[    1.536087] tas2555 1-004c: tiload_driver_init
<6>[    1.536111] tas2555 1-004c: allocated Major Number: 237
<6>[    1.536196] tas2555 1-004c: Registered TiLoad driver, Major number: 237 
<7>[    1.536684] asoc-simple-card tas2555-sound: New simple-card: rockchip,tas2555-codec
<7>[    1.536703] asoc-simple-card tas2555-sound: Revert to legacy daifmt parsing
<6>[    1.538770] u32 classifier
<6>[    1.538778]     Actions configured
<6>[    1.538805] Netfilter messages via NETLINK v0.30.
<6>[    1.538859] nf_conntrack version 0.5.0 (16384 buckets, 65536 max)
<6>[    1.539212] ctnetlink v0.93: registering with nfnetlink.
<6>[    1.539877] tas2555 1-004c: tas2555_fw_ready:
<6>[    1.539886] tas2555 1-004c: FW Size        = 20488
<6>[    1.539892] tas2555 1-004c: Checksum       = 0xCC7D8AF2
<6>[    1.539897] tas2555 1-004c: PPC Version    = 0x10CC000
<6>[    1.539902] tas2555 1-004c: FW  Version    = 0x1010300
<6>[    1.539907] tas2555 1-004c: Driver Version = 0x0201
<6>[    1.539912] tas2555 1-004c: Timestamp      = 1530616429
<6>[    1.539917] tas2555 1-004c: DDC Name       = tas2555_EQ_AGC_Gain_0703_48K
<6>[    1.539921] tas2555 1-004c: Description    = TI SmartAmp
<6>[    1.539965] tas2555 1-004c: find default configuration 0
<6>[    1.540089] xt_time: kernel timezone is -0000
<6>[    1.541134] ip_tables: (C) 2000-2006 Netfilter Core Team
<6>[    1.541288] arp_tables: (C) 2002 David S. Miller
<6>[    1.541807] Initializing XFRM netlink socket
<6>[    1.542175] NET: Registered protocol family 10
<6>[    1.543153] mip6: Mobile IPv6
<6>[    1.543179] ip6_tables: (C) 2000-2006 Netfilter Core Team
<6>[    1.545081] sit: IPv6 over IPv4 tunneling driver
<6>[    1.545505] NET: Registered protocol family 17
<6>[    1.545527] NET: Registered protocol family 15
<6>[    1.545567] bridge: automatic filtering via arp/ip/ip6tables has been deprecated. Update your scripts to load br_netfilter if you need this.
<5>[    1.546456] Bridge firewalling registered
<6>[    1.546471] Ebtables v2.0 registered
<6>[    1.546675] Bluetooth: RFCOMM TTY layer initialized
<6>[    1.546685] Bluetooth: RFCOMM socket layer initialized
<6>[    1.546741] Bluetooth: RFCOMM ver 1.11
<6>[    1.546766] Bluetooth: BNEP (Ethernet Emulation) ver 1.3
<6>[    1.546769] Bluetooth: BNEP filters: protocol multicast
<6>[    1.546779] Bluetooth: BNEP socket layer initialized
<6>[    1.546785] Bluetooth: HIDP (Human Interface Emulation) ver 1.2
<6>[    1.546790] Bluetooth: HIDP socket layer initialized
<6>[    1.546816] l2tp_core: L2TP core driver, V2.0
<6>[    1.546826] l2tp_ppp: PPPoL2TP kernel driver, V2.0
<6>[    1.546832] [WLAN_RFKILL]: Enter rfkill_wlan_init
<6>[    1.547019] [WLAN_RFKILL]: Enter rfkill_wlan_probe
<6>[    1.547053] [WLAN_RFKILL]: wlan_platdata_parse_dt: wifi_chip_type = qca6174a
<6>[    1.547056] [WLAN_RFKILL]: wlan_platdata_parse_dt: enable wifi power control.
<6>[    1.547059] [WLAN_RFKILL]: wlan_platdata_parse_dt: wifi power controled by gpio.
<7>[    1.547082] of_get_named_gpiod_flags: parsed 'WIFI,poweren_gpio' property of node '/wireless-wlan[0]' - status (0)
<6>[    1.547085] [WLAN_RFKILL]: wlan_platdata_parse_dt: get property: WIFI,poweren_gpio = 1003, flags = 0.
<7>[    1.547095] of_get_named_gpiod_flags: parsed 'WIFI,wlanen_gpio' property of node '/wireless-wlan[0]' - status (0)
<6>[    1.547098] [WLAN_RFKILL]: wlan_platdata_parse_dt: get property: WIFI,wlanen_gpio = 1010, flags = 0.
<7>[    1.547101] of_get_named_gpiod_flags: can't parse 'WIFI,reset_gpio' property of node '/wireless-wlan[0]'
<7>[    1.547105] of_get_named_gpiod_flags: can't parse 'WIFI,host_wake_irq' property of node '/wireless-wlan[0]'
<6>[    1.547107] [WLAN_RFKILL]: rfkill_wlan_probe: init gpio
<6>[    1.547135] [WLAN_RFKILL]: Exit rfkill_wlan_probe
<6>[    1.547181] [BT_RFKILL]: Enter rfkill_rk_init
<6>[    1.547251] [BT_RFKILL]: bluetooth_platdata_parse_dt: get property wifi-bt-power-toggle.
<7>[    1.547255] of_get_named_gpiod_flags: can't parse 'uart_rts_gpios' property of node '/wireless-bluetooth[0]'
<6>[    1.547258] [BT_RFKILL]: bluetooth_platdata_parse_dt: uart_rts_gpios is unvalid.
<7>[    1.547261] of_get_named_gpiod_flags: can't parse 'BT,power_gpio' property of node '/wireless-bluetooth[0]'
<7>[    1.547271] of_get_named_gpiod_flags: parsed 'BT,reset_gpio' property of node '/wireless-bluetooth[0]' - status (0)
<6>[    1.547274] [BT_RFKILL]: bluetooth_platdata_parse_dt: get property: BT,reset_gpio = 1009.
<7>[    1.547285] of_get_named_gpiod_flags: parsed 'BT,wake_gpio' property of node '/wireless-bluetooth[0]' - status (0)
<6>[    1.547287] [BT_RFKILL]: bluetooth_platdata_parse_dt: get property: BT,wake_gpio = 1090.
<7>[    1.547296] of_get_named_gpiod_flags: parsed 'BT,wake_host_irq' property of node '/wireless-bluetooth[0]' - status (0)
<6>[    1.547299] [BT_RFKILL]: bluetooth_platdata_parse_dt: get property: BT,wake_host_irq = 1004.
<6>[    1.547475] [BT_RFKILL]: Request irq for bt wakeup host
<6>[    1.547503] [BT_RFKILL]: ** disable irq
<6>[    1.547570] [BT_RFKILL]: bt shut off power
<6>[    1.550624] tas2555 1-004c: load program 0
<7>[    1.550633] tas2555 1-004c: TAS2555 load data: Tuning Mode Program, Blocks = 1, Block Type = 1
<7>[    1.550639] tas2555 1-004c: TAS2555 load block: Type = 1, commands = 3934
<6>[    1.555703] usb 2-1: new full-speed USB device number 2 using ohci-platform
<6>[    1.569089] [BT_RFKILL]: bt_default device registered.
<5>[    1.569674] Registered cp15_barrier emulation handler
<5>[    1.569818] Registered setend emulation handler
<6>[    1.570395] registered taskstats version 1
<3>[    1.571137] rockchip ion idev is NULL
<6>[    1.571145] rga2 ff680000.rga: rga ion client create success!
<6>[    1.571344] rga: Driver loaded successfully ver:3.02
<7>[    1.575852] rockchip-usb2phy ff770000.syscon:usb2-phy@e450: GPIO lookup for consumer otg-vbus
<7>[    1.575861] rockchip-usb2phy ff770000.syscon:usb2-phy@e450: using device tree for GPIO lookup
<7>[    1.575869] of_get_named_gpiod_flags: can't parse 'otg-vbus-gpios' property of node '/syscon@ff770000/usb2-phy@e450[0]'
<7>[    1.575875] of_get_named_gpiod_flags: can't parse 'otg-vbus-gpio' property of node '/syscon@ff770000/usb2-phy@e450[0]'
<7>[    1.575880] rockchip-usb2phy ff770000.syscon:usb2-phy@e450: using lookup tables for GPIO lookup
<7>[    1.575887] rockchip-usb2phy ff770000.syscon:usb2-phy@e450: lookup for GPIO otg-vbus failed
<4>[    1.575892] rockchip-usb2phy ff770000.syscon:usb2-phy@e450: vbus_drv is not assigned
<6>[    1.577696] rockchip-drm display-subsystem: bound ff900000.vop (ops vop_component_ops)
<6>[    1.577874] rockchip-drm display-subsystem: bound ff8f0000.vop (ops vop_component_ops)
<6>[    1.577930] rockchip-drm display-subsystem: bound ff960000.dsi (ops dw_mipi_dsi_ops)
<3>[    1.578455] i2c i2c-9: of_i2c: modalias failure on /hdmi@ff940000/ports
<6>[    1.578475] dwhdmi-rockchip ff940000.hdmi: registered DesignWare HDMI I2C bus driver
<6>[    1.578528] dwhdmi-rockchip ff940000.hdmi: Detected HDMI TX controller v2.11a with HDCP (DWC HDMI 2.0 TX PHY)
<6>[    1.580020] rockchip-drm display-subsystem: bound ff940000.hdmi (ops dw_hdmi_rockchip_ops)
<6>[    1.580718] cdn-dp fec00000.dp: [drm:cdn_dp_pd_event_work] Not connected. Disabling cdn
<6>[    1.580761] rockchip-drm display-subsystem: bound fec00000.dp (ops cdn_dp_component_ops)
<6>[    1.580772] [drm:drm_vblank_init] Supports vblank timestamp caching Rev 2 (21.10.2013).
<6>[    1.580777] [drm:drm_vblank_init] No driver support for vblank timestamp query.
<4>[    1.581041] rockchip-drm display-subsystem: failed to parse loader memory
<6>[    1.589394] rockchip-drm display-subsystem: fb0:  frame buffer device
<6>[    1.590106] vendor storage:20160801 ret = 0
<6>[    1.610818] mali ff9a0000.gpu: leakage=27
<6>[    1.623283] mali ff9a0000.gpu: temp=53333, pvtm=125535 (125391 + 144)
<6>[    1.624127] mali ff9a0000.gpu: pvtm-sel=2
<6>[    1.624732] mali ff9a0000.gpu: GPU identified as 0x0860 r2p0 status 0
<6>[    1.625346] I : [File] : drivers/gpu/arm/midgard/backend/gpu/mali_kbase_devfreq.c; [Line] : 284; [Func] : kbase_devfreq_init(); success initing power_model_simple.
<6>[    1.625644] mali ff9a0000.gpu: Probed as mali0
<6>[    1.632367] xhci-hcd xhci-hcd.8.auto: xHCI Host Controller
<6>[    1.632379] xhci-hcd xhci-hcd.8.auto: new USB bus registered, assigned bus number 3
<6>[    1.632518] xhci-hcd xhci-hcd.8.auto: hcc params 0x0220fe64 hci version 0x110 quirks 0x02030010
<6>[    1.632546] xhci-hcd xhci-hcd.8.auto: irq 232, io mem 0xfe800000
<6>[    1.632620] usb usb3: New USB device found, idVendor=1d6b, idProduct=0002
<6>[    1.632624] usb usb3: New USB device strings: Mfr=3, Product=2, SerialNumber=1
<6>[    1.632629] usb usb3: Product: xHCI Host Controller
<6>[    1.632632] usb usb3: Manufacturer: Linux 4.4.83 xhci-hcd
<6>[    1.632635] usb usb3: SerialNumber: xhci-hcd.8.auto
<6>[    1.632880] hub 3-0:1.0: USB hub found
<6>[    1.632894] hub 3-0:1.0: 1 port detected
<6>[    1.633022] xhci-hcd xhci-hcd.8.auto: xHCI Host Controller
<6>[    1.633029] xhci-hcd xhci-hcd.8.auto: new USB bus registered, assigned bus number 4
<6>[    1.633057] usb usb4: We don't know the algorithms for LPM for this host, disabling LPM.
<6>[    1.633097] usb usb4: New USB device found, idVendor=1d6b, idProduct=0003
<6>[    1.633101] usb usb4: New USB device strings: Mfr=3, Product=2, SerialNumber=1
<6>[    1.633104] usb usb4: Product: xHCI Host Controller
<6>[    1.633107] usb usb4: Manufacturer: Linux 4.4.83 xhci-hcd
<6>[    1.633110] usb usb4: SerialNumber: xhci-hcd.8.auto
<6>[    1.633298] hub 4-0:1.0: USB hub found
<6>[    1.633310] hub 4-0:1.0: 1 port detected
<6>[    1.633987] xhci-hcd xhci-hcd.8.auto: remove, state 1
<6>[    1.633997] usb usb4: USB disconnect, device number 1
<4>[    1.657547] xhci-hcd xhci-hcd.8.auto: Host not halted after 16000 microseconds.
<4>[    1.657551] xhci-hcd xhci-hcd.8.auto: Host controller not halted, aborting reset.
<6>[    1.657601] xhci-hcd xhci-hcd.8.auto: USB bus 4 deregistered
<6>[    1.657607] xhci-hcd xhci-hcd.8.auto: remove, state 1
<6>[    1.657615] usb usb3: USB disconnect, device number 1
<6>[    1.657876] xhci-hcd xhci-hcd.8.auto: USB bus 3 deregistered
<6>[    1.664603] xhci-hcd xhci-hcd.9.auto: xHCI Host Controller
<6>[    1.664616] xhci-hcd xhci-hcd.9.auto: new USB bus registered, assigned bus number 3
<6>[    1.664759] xhci-hcd xhci-hcd.9.auto: hcc params 0x0220fe64 hci version 0x110 quirks 0x02030010
<6>[    1.664784] xhci-hcd xhci-hcd.9.auto: irq 233, io mem 0xfe900000
<6>[    1.664857] usb usb3: New USB device found, idVendor=1d6b, idProduct=0002
<6>[    1.664862] usb usb3: New USB device strings: Mfr=3, Product=2, SerialNumber=1
<6>[    1.664866] usb usb3: Product: xHCI Host Controller
<6>[    1.664869] usb usb3: Manufacturer: Linux 4.4.83 xhci-hcd
<6>[    1.664872] usb usb3: SerialNumber: xhci-hcd.9.auto
<6>[    1.665119] hub 3-0:1.0: USB hub found
<6>[    1.665134] hub 3-0:1.0: 1 port detected
<6>[    1.665268] xhci-hcd xhci-hcd.9.auto: xHCI Host Controller
<6>[    1.665275] xhci-hcd xhci-hcd.9.auto: new USB bus registered, assigned bus number 4
<6>[    1.665305] usb usb4: We don't know the algorithms for LPM for this host, disabling LPM.
<6>[    1.665346] usb usb4: New USB device found, idVendor=1d6b, idProduct=0003
<6>[    1.665350] usb usb4: New USB device strings: Mfr=3, Product=2, SerialNumber=1
<6>[    1.665353] usb usb4: Product: xHCI Host Controller
<6>[    1.665356] usb usb4: Manufacturer: Linux 4.4.83 xhci-hcd
<6>[    1.665359] usb usb4: SerialNumber: xhci-hcd.9.auto
<6>[    1.665594] hub 4-0:1.0: USB hub found
<6>[    1.665608] hub 4-0:1.0: 1 port detected
<6>[    1.668907] ehci-platform fe380000.usb: EHCI Host Controller
<6>[    1.668920] ehci-platform fe380000.usb: new USB bus registered, assigned bus number 5
<6>[    1.669033] ehci-platform fe380000.usb: irq 27, io mem 0xfe380000
<6>[    1.672755] rockchip-dwc3 usb@fe800000: USB peripheral connected
<6>[    1.697794] rockchip-iodomain ff770000.syscon:io-domains: Setting to 3300000 done
<6>[    1.697915] rockchip-iodomain ff770000.syscon:io-domains: Setting to 1800000 done
<6>[    1.720128] mmc_host mmc1: Bus speed (slot 0) = 150000000Hz (slot req 150000000Hz, actual 150000000HZ div = 0)
<6>[    1.735060] usb 2-1: not running at top speed; connect to a high speed hub
<6>[    1.747062] usb 2-1: New USB device found, idVendor=2ca3, idProduct=1501
<6>[    1.747069] usb 2-1: New USB device strings: Mfr=1, Product=2, SerialNumber=3
<6>[    1.747076] usb 2-1: Product: DJI Virtual Joystick
<6>[    1.747081] usb 2-1: Manufacturer: DJI
<6>[    1.747086] usb 2-1: SerialNumber: 1234567890
<6>[    1.749583] input: DJI RC as /devices/platform/fe3e0000.usb/usb2/2-1/2-1:1.0/input/input1
<6>[    2.045821] ehci-platform fe380000.usb: USB 2.0 started, EHCI 1.00
<6>[    2.045916] usb usb5: New USB device found, idVendor=1d6b, idProduct=0002
<6>[    2.045921] usb usb5: New USB device strings: Mfr=3, Product=2, SerialNumber=1
<6>[    2.045925] usb usb5: Product: EHCI Host Controller
<6>[    2.045928] usb usb5: Manufacturer: Linux 4.4.83 ehci_hcd
<6>[    2.045932] usb usb5: SerialNumber: fe380000.usb
<6>[    2.046252] hub 5-0:1.0: USB hub found
<6>[    2.046266] hub 5-0:1.0: 1 port detected
<6>[    2.046680] ohci-platform fe3a0000.usb: Generic Platform OHCI controller
<6>[    2.046690] ohci-platform fe3a0000.usb: new USB bus registered, assigned bus number 6
<6>[    2.046853] ohci-platform fe3a0000.usb: irq 28, io mem 0xfe3a0000
<6>[    2.103482] usb usb6: New USB device found, idVendor=1d6b, idProduct=0001
<6>[    2.103496] usb usb6: New USB device strings: Mfr=3, Product=2, SerialNumber=1
<6>[    2.103502] usb usb6: Product: Generic Platform OHCI controller
<6>[    2.103508] usb usb6: Manufacturer: Linux 4.4.83 ohci_hcd
<6>[    2.103513] usb usb6: SerialNumber: fe3a0000.usb
<6>[    2.104208] hub 6-0:1.0: USB hub found
<6>[    2.104232] hub 6-0:1.0: 1 port detected
<3>[    2.112793] rockchip-dmc dmc: fail to register notify to vop.
<7>[    2.120651] asoc-simple-card tas2555-sound: New simple-card: rockchip,tas2555-codec
<7>[    2.120690] asoc-simple-card tas2555-sound: Revert to legacy daifmt parsing
<7>[    2.120919] asoc-simple-card tas2555-sound: 	name : ff880000.i2s-tas2555 ASI1
<7>[    2.120925] asoc-simple-card tas2555-sound: 	format : 4001
<7>[    2.120931] asoc-simple-card tas2555-sound: 	cpu : ff880000.i2s / 11289600
<7>[    2.120936] asoc-simple-card tas2555-sound: 	codec : tas2555 ASI1 / 11289600
<7>[    2.120947] of_get_named_gpiod_flags: can't parse 'simple-audio-card,hp-det-gpio' property of node '/tas2555-sound[0]'
<6>[    2.121182] tas2555 1-004c: tas2555_codec_probe
<7>[    2.121316] tas2555 1-004c: tas2555_set_dai_sysclk: freq = 11289600
<7>[    2.121789] tas2555 1-004c: tas2555_set_dai_fmt
<6>[    2.123229] asoc-simple-card tas2555-sound: tas2555 ASI1 <-> ff880000.i2s mapping ok
<3>[    2.123261] asoc-simple-card tas2555-sound: ASoC: no source widget found for MICBIAS1
<3>[    2.123268] asoc-simple-card tas2555-sound: ASoC: Failed to add route MICBIAS1 -> direct -> Mic Jack
<3>[    2.123274] asoc-simple-card tas2555-sound: ASoC: no sink widget found for IN1P
<3>[    2.123280] asoc-simple-card tas2555-sound: ASoC: Failed to add route Mic Jack -> direct -> IN1P
<3>[    2.123286] asoc-simple-card tas2555-sound: ASoC: no source widget found for HPOL
<3>[    2.123292] asoc-simple-card tas2555-sound: ASoC: Failed to add route HPOL -> direct -> Headphone Jack
<3>[    2.123298] asoc-simple-card tas2555-sound: ASoC: no source widget found for HPOR
<3>[    2.123313] asoc-simple-card tas2555-sound: ASoC: Failed to add route HPOR -> direct -> Headphone Jack
<6>[    2.127941] dwmmc_rockchip fe320000.dwmmc: Successfully tuned phase to 77
<6>[    2.127968] rk-hdmi-dp-sound hdmi-dp-sound: i2s-hifi <-> ff8a0000.i2s mapping ok
<6>[    2.127984] mmc1: new ultra high speed SDR104 SDHC card at address 0007
<6>[    2.129375] mmcblk1: mmc1:0007 SD16G 14.9 GiB 
<3>[    2.130843] otg_wakelock_init: No USB transceiver found
<6>[    2.130961] sensor_init: Probe name sensors
<4>[    2.130972] sensor-dev.c v1.4 add angle calculation support between two gsensors 2013-09-01
<3>[    2.131599] rockchip-pinctrl pinctrl: pin gpio3-4 already requested by ff1c0000.spi; cannot claim for 5-0010
<6>[    2.131603]  mmcblk1: p1
<3>[    2.131610] rockchip-pinctrl pinctrl: pin-100 (5-0010) status -22
<3>[    2.131618] rockchip-pinctrl pinctrl: could not request pin 100 (gpio3-4) from group cm3218-irq-gpio  on device rockchip-pinctrl
<3>[    2.131628] sensors 5-0010: Error applying setting, reverse things back
<6>[    2.131686] i2c i2c-5: sensor_probe: light_cm3218,ffffffc0f1b97800
<7>[    2.131806] of_get_named_gpiod_flags: parsed 'irq-gpio' property of node '/i2c@ff140000/cm32181_ls@10[0]' - status (0)
<7>[    2.131813] of_get_named_gpiod_flags: can't parse 'reset-gpio' property of node '/i2c@ff140000/cm32181_ls@10[0]'
<7>[    2.131819] of_get_named_gpiod_flags: can't parse 'power-gpio' property of node '/i2c@ff140000/cm32181_ls@10[0]'
<4>[    2.131835] sensor_chip_init:light_cm3218:devid=0x0,ops=0xffffff80090bec40
<6>[    2.131939] rk808-rtc rk808-rtc: setting system clock to 2013-01-18 09:46:38 UTC (1358502398)
<4>[    2.133782] It doesn't contain Rogue gpu
<6>[    2.155403] dji_lcdid dji-lcdid: panel_dji_lcdid_probe board_id=0 lcd_id=0 lcd_name=TRULY_R63350_55
<6>[    2.155605] I : [File] : drivers/gpu/arm/mali400/mali/linux/mali_kernel_linux.c; [Line] : 414; [Func] : mali_module_init(); svn_rev_string_from_arm of this mali_ko is '-5ab1b2b', rk_ko_ver is '5', built at '14:45:09', on 'Aug 23 2018'.
<4>[    2.155906] Mali: Mali device driver loaded
<7>[    2.156282] of_get_named_gpiod_flags: parsed 'gpios' property of node '/rockchip-key/power-key[0]' - status (0)
<7>[    2.156300] of_get_named_gpiod_flags: parsed 'gpios' property of node '/rockchip-key/power-key[0]' - status (0)
<7>[    2.156326] of_get_named_gpiod_flags: parsed 'gpios' property of node '/rockchip-key/back-key[0]' - status (0)
<7>[    2.156341] of_get_named_gpiod_flags: parsed 'gpios' property of node '/rockchip-key/back-key[0]' - status (0)
<6>[    2.156529] input: rk29-keypad as /devices/platform/rockchip-key/input/input2
<6>[    2.157962] ALSA device list:
<6>[    2.157971]   #0: rockchip,tas2555-codec
<6>[    2.157975]   #1: rk-hdmi-dp-sound
<6>[    2.352497] usb 5-1: new high-speed USB device number 2 using ehci-platform
<6>[    2.386144] input: lightsensor-level as /devices/platform/ff140000.i2c/i2c-5/5-0010/input/input3
<4>[    2.386920] sensor_misc_device_register:miscdevice: lightsensor
<4>[    2.386928] sensor_probe:initialized ok,sensor name:cm3218,type:5,id=51
<4>[    2.386928] 
<6>[    2.387512] Freeing unused kernel memory: 768K
<13>[    2.390478] init: init first stage started!
<7>[    2.395040] SELinux: 4096 avtab hash slots, 9299 rules.
<7>[    2.400643] SELinux: 4096 avtab hash slots, 9299 rules.
<7>[    2.400683] SELinux:  1 users, 2 roles, 737 types, 0 bools, 1 sens, 1024 cats
<7>[    2.400692] SELinux:  63 classes, 9299 rules
<7>[    2.402902] SELinux:  Completing initialization.
<7>[    2.402923] SELinux:  Setting up existing superblocks.
<5>[    2.465323] audit: type=1403 audit(1358502398.830:2): policy loaded auid=4294967295 ses=4294967295
<13>[    2.466405] init: (Initializing SELinux non-enforcing took 0.08s.)
<13>[    2.470756] init: init second stage started!
<11>[    2.475466] init: Setting ro.rk.soc=rk3399
<11>[    2.475562] init: OK,EMMC DRIVERS INIT OK
<11>[    2.475584] init: property_set("ro.boot.mode", "emmc") failed
<11>[    2.475644] init: property_set("ro.hardware", "rk30board") failed
<6>[    2.476837] usb 5-1: New USB device found, idVendor=2ca3, idProduct=001f
<6>[    2.476851] usb 5-1: New USB device strings: Mfr=2, Product=3, SerialNumber=4
<6>[    2.476858] usb 5-1: Product: DJI
<6>[    2.476864] usb 5-1: Manufacturer: DJI
<6>[    2.476869] usb 5-1: SerialNumber: FEDCBA9876543210
<13>[    2.480064] init: Running restorecon...
<6>[    2.482655] rndis_host 5-1:1.0 usb0: register 'rndis_host' at usb-fe380000.usb-1, RNDIS device, ca:3d:49:81:1b:41
<6>[    2.483777] usb-storage 5-1:1.2: USB Mass Storage device detected
<6>[    2.484801] scsi host0: usb-storage 5-1:1.2
<6>[    2.487349] cdc_acm 5-1:1.4: ttyACM0: USB ACM device
<11>[    2.542949] init: waitpid failed: No child processes
<11>[    2.543400] init: property_set("ro.board.platform", "rk3399") failed
<11>[    2.543746] init: property_set("ro.rk.screenshot_enable", "true") failed
<11>[    2.543770] init: property_set("ro.adb.secure", "1") failed
<13>[    2.543918] init: (Loading properties from /default.prop took 0.00s.)
<11>[    2.544849] init: could not import file '/init.bootmode.emmc.rc' from '/init.rc': No such file or directory
<11>[    2.544870] init: could not import file '/init.recovery.rk30board.rc' from '/init.rc': No such file or directory
<13>[    2.544885] init: (Parsing /init.rc took 0.00s.)
<13>[    2.545018] init: Starting service 'ueventd'...
<13>[    2.546401] init: Starting service 'healthd'...
<13>[    2.547601] init: Waiting for /dev/.coldboot_done...
<5>[    2.551251] audit: type=1400 audit(1358502398.916:3): avc:  denied  { mknod } for  pid=189 comm="healthd" capability=27  scontext=u:r:healthd:s0 tcontext=u:r:healthd:s0 tclass=capability permissive=1
<5>[    2.551331] audit: type=1400 audit(1358502398.916:4): avc:  denied  { write } for  pid=189 comm="healthd" name="__kmsg__" dev="tmpfs" ino=7803 scontext=u:r:healthd:s0 tcontext=u:object_r:device:s0 tclass=chr_file permissive=1
<5>[    2.551349] audit: type=1400 audit(1358502398.916:5): avc:  denied  { open } for  pid=189 comm="healthd" path="/dev/__kmsg__" dev="tmpfs" ino=7803 scontext=u:r:healthd:s0 tcontext=u:object_r:device:s0 tclass=chr_file permissive=1
<5>[    2.551377] audit: type=1400 audit(1358502398.916:6): avc:  denied  { unlink } for  pid=189 comm="healthd" name="__kmsg__" dev="tmpfs" ino=7803 scontext=u:r:healthd:s0 tcontext=u:object_r:device:s0 tclass=chr_file permissive=1
<12>[    2.551389] healthd: BatteryCurrentNowPath not found
<12>[    2.551397] healthd: BatteryFullChargePath not found
<12>[    2.551402] healthd: BatteryCycleCountPath not found
<13>[    2.551478] ueventd: ueventd started!
<11>[    2.551546] DJICharger: open /dev/ttyS4 failed:No such file or directory
<11>[    2.552250] ueventd: invalid gid 'trace'
<13>[    2.733309] ueventd: Coldboot took 0.18s.
<13>[    2.739941] init: Waiting for /dev/.coldboot_done took 0.19s.
<11>[    2.740002] init: /dev/hw_random not found
<11>[    2.741426] init: /dev/hw_random not found
<6>[    2.742415] file system registered
<13>[    2.748825] init: write_file: Unable to open '/sys/class/android_usb/android0/enable': Permission denied
<13>[    2.748885] init: write_file: Unable to open '/sys/class/android_usb/android0/idVendor': Permission denied
<13>[    2.748926] init: write_file: Unable to open '/sys/class/android_usb/android0/idProduct': Permission denied
<13>[    2.748965] init: write_file: Unable to open '/sys/class/android_usb/android0/f_ffs/aliases': No such file or directory
<13>[    2.749077] init: write_file: Unable to open '/sys/class/android_usb/android0/functions': Permission denied
<13>[    2.749146] init: write_file: Unable to open '/sys/class/android_usb/android0/iManufacturer': Permission denied
<13>[    2.749194] init: write_file: Unable to open '/sys/class/android_usb/android0/iProduct': Permission denied
<11>[    2.749219] init: property 'ro.serialno' doesn't exist while expanding '${ro.serialno}'
<11>[    2.749231] init: write: cannot expand '${ro.serialno}'
<11>[    2.749864] init: finit_module for "/drmboot.ko" failed: Exec format errorinit: (Loading properties from /system/build.prop took 0.00s.)
<13>[    2.750058] init: (Loading properties from /vendor/build.prop took 0.00s.)
<13>[    2.750088] init: (Loading properties from /factory/factory.prop took 0.00s.)
<11>[    2.750279] fs_mgr: Warning: unknown flag resize
<11>[    2.750367] init: /recovery not specified in fstab
<13>[    2.751755] init: Starting service 'recovery'...
<13>[    2.752798] init: Starting service 'adbd'...
<11>[    2.757535] fs_mgr: Warning: unknown flag resize
<11>[    2.758918] fs_mgr: Warning: unknown flag resize
<6>[    2.760407] cyttsp5_i2c_adapter 2-0070: _cyttsp5_firmware_cont_builtin: No builtin firmware
<6>[    2.760455] cyttsp5_i2c_adapter 2-0070: cyttsp5_get_platform_ttconfig: Panel ID not enabled, using legacy ttconfig
<6>[    2.760466] cyttsp5_i2c_adapter 2-0070: cyttsp5_check_firmware_version: img vers:0x0106 new vers:0x0106
<6>[    2.760472] cyttsp5_i2c_adapter 2-0070: cyttsp5_check_firmware_version: img revctrl:0xD114C new revctrl:0xD114C
<6>[    2.761978] cyttsp5_i2c_adapter 2-0070: cyttsp5_cmcp_parse_threshold_file: No builtin cmcp threshold file
<6>[    2.841811] dw-mipi-dsi ff960000.dsi: vop LIT output to dsi0
<6>[    2.841892] dw-mipi-dsi ff960000.dsi: final DSI-Link bandwidth: 992 x 4 Mbps
<7>[    3.178235] tas2555 1-004c: Block[0x1] PChkSum match
<7>[    3.178270] tas2555 1-004c: Block[0x1] YChkSum match
<7>[    3.178282] tas2555 1-004c: TAS2555 load PLL: pll block for Configuration configuration_Tuning Mode_48 KHz_s1
<7>[    3.178292] tas2555 1-004c: TAS2555 load block: Type = 0, commands = 15
<6>[    3.185595] tas2555 1-004c: TAS2555 PLL_CLKIN = 0x0D
<7>[    3.185603] tas2555 1-004c: load configuration configuration_Tuning Mode_48 KHz_s1 conefficient pre block
<7>[    3.185612] tas2555 1-004c: TAS2555 load data: Snapshot 1, Blocks = 2, Block Type = 4
<7>[    3.185619] tas2555 1-004c: TAS2555 load block: Type = 4, commands = 9
<7>[    3.192576] tas2555 1-004c: Block[0x4] YChkSum match
<7>[    3.192587] tas2555 1-004c: tas2555_load_configuration: 0
<7>[    3.192598] tas2555 1-004c: TAS2555 was powered down -> set flag to load configuration data when OS powers up the TAS2555 the next time
<5>[    3.490204] scsi 0:0:0:0: Direct-Access     DJI      File-CD Gadget   0310 PQ: 0 ANSI: 2
<6>[    3.495637] usb 2-1: USB disconnect, device number 2
<5>[    3.497266] scsi 0:0:0:1: Direct-Access     DJI      File-CD Gadget   0310 PQ: 0 ANSI: 2
<5>[    3.504001] sd 0:0:0:0: Attached scsi generic sg0 type 0
<5>[    3.505168] sd 0:0:0:1: Attached scsi generic sg1 type 0
<5>[    3.508502] sd 0:0:0:0: [sda] Attached SCSI removable disk
<5>[    3.510460] sd 0:0:0:1: [sdb] Attached SCSI removable disk
<6>[    4.065343] fusb302 4-0022: PD disabled
<6>[    4.430146] EXT4-fs (mmcblk2p10): mounted filesystem with ordered data mode. Opts: (null)
<6>[    4.432764] EXT4-fs (mmcblk2p12): mounted filesystem with ordered data mode. Opts: (null)
<5>[    4.433058] audit: type=1400 audit(1358502400.800:7): avc:  denied  { open } for  pid=193 comm="recovery" path="/dev/__properties__/u:object_r:wc_transport_prop:s0" dev="tmpfs" ino=13147 scontext=u:r:recovery:s0 tcontext=u:object_r:wc_transport_prop:s0 tclass=file permissive=1
<5>[    4.433084] audit: type=1400 audit(1358502400.800:8): avc:  denied  { getattr } for  pid=193 comm="recovery" path="/dev/__properties__/u:object_r:wc_transport_prop:s0" dev="tmpfs" ino=13147 scontext=u:r:recovery:s0 tcontext=u:object_r:wc_transport_prop:s0 tclass=file permissive=1
<5>[    4.433181] audit: type=1400 audit(1358502400.800:9): avc:  denied  { open } for  pid=193 comm="recovery" path="/dev/__properties__/u:object_r:secureboot_prop:s0" dev="tmpfs" ino=13148 scontext=u:r:recovery:s0 tcontext=u:object_r:secureboot_prop:s0 tclass=file permissive=1
<5>[    4.433196] audit: type=1400 audit(1358502400.800:10): avc:  denied  { getattr } for  pid=193 comm="recovery" path="/dev/__properties__/u:object_r:secureboot_prop:s0" dev="tmpfs" ino=13148 scontext=u:r:recovery:s0 tcontext=u:object_r:secureboot_prop:s0 tclass=file permissive=1
<4>[    5.432598] ttyS4 - failed to request DMA
<11>[    5.433065] register uart handler
<11>[    5.433065] : 
<6>[    5.566528] usb 2-1: new full-speed USB device number 3 using ohci-platform
<6>[    5.755897] usb 2-1: not running at top speed; connect to a high speed hub
<6>[    5.767296] usb 2-1: New USB device found, idVendor=2ca3, idProduct=1501
<6>[    5.767333] usb 2-1: New USB device strings: Mfr=1, Product=2, SerialNumber=3
<6>[    5.767341] usb 2-1: Product: DJI Virtual Joystick
<6>[    5.767350] usb 2-1: Manufacturer: DJI
<6>[    5.767357] usb 2-1: SerialNumber: 1234567890
<6>[    5.772405] input: DJI RC as /devices/platform/fe3e0000.usb/usb2/2-1/2-1:1.0/input/input4
<6>[    7.861182] phy phy-ff770000.syscon:usb2-phy@e450.5: charger = USB_SDP_CHARGER
<5>[   12.022730] random: nonblocking pool is initialized
<6>[   12.984623] read descriptors
<6>[   12.984657] read strings
<6>[   13.294768] android_work: sent uevent USB_STATE=CONNECTED
<6>[   13.299367] android_work: sent uevent USB_STATE=DISCONNECTED
<6>[   13.405127] android_work: sent uevent USB_STATE=CONNECTED
<6>[   13.439247] configfs-gadget gadget: high-speed config #1: b
<6>[   13.439732] android_work: sent uevent USB_STATE=CONFIGURED
