<6>[    0.000000] Booting Linux on physical CPU 0x0
<6>[    0.000000] Initializing cgroup subsys cpuset
<6>[    0.000000] Initializing cgroup subsys cpu
<6>[    0.000000] Initializing cgroup subsys cpuacct
<6>[    0.000000] Initializing cgroup subsys schedtune
<5>[    0.000000] Linux version 4.4.83 (jenkins@RDCMP33-in) (gcc version 4.9 20150123 (prerelease) (GCC) ) #1 SMP PREEMPT Thu Aug 23 14:45:36 HKT 2018
<6>[    0.000000] Boot CPU: AArch64 Processor [410fd034]
<6>[    0.000000] earlycon: Early serial console at MMIO32 0xff1a0000 (options '')
<6>[    0.000000] bootconsole [uart0] enabled
<6>[    0.000000] Reserved memory: failed to reserve memory for node 'drm-logo@00000000': base 0x0000000000000000, size 0 MiB
<6>[    0.000000] Reserved memory: failed to reserve memory for node 'stb-devinfo@00000000': base 0x0000000000000000, size 0 MiB
<6>[    0.000000] cma: Reserved 16 MiB at 0x00000000f7000000
<7>[    0.000000] On node 0 totalpages: 1011200
<7>[    0.000000]   DMA zone: 15864 pages used for memmap
<7>[    0.000000]   DMA zone: 0 pages reserved
<7>[    0.000000]   DMA zone: 1011200 pages, LIFO batch:31
<6>[    0.000000] psci: probing for conduit method from DT.
<6>[    0.000000] psci: PSCIv1.0 detected in firmware.
<6>[    0.000000] psci: Using standard PSCI v0.2 function IDs
<6>[    0.000000] psci: Trusted OS migration not required
<6>[    0.000000] PERCPU: Embedded 21 pages/cpu @ffffffc0f6eef000 s45760 r8192 d32064 u86016
<7>[    0.000000] pcpu-alloc: s45760 r8192 d32064 u86016 alloc=21*4096
<7>[    0.000000] pcpu-alloc: [0] 0 [0] 1 [0] 2 [0] 3 [0] 4 [0] 5 
<6>[    0.000000] Detected VIPT I-cache on CPU0
<6>[    0.000000] CPU features: enabling workaround for ARM erratum 845719
<6>[    0.000000] Built 1 zonelists in Zone order, mobility grouping on.  Total pages: 995336
<5>[    0.000000] Kernel command line: earlycon=uart8250,mmio32,0xff1a0000 swiotlb=1 androidboot.baseband=N/A androidboot.selinux=permissive androidboot.hardware=rk30board androidboot.console=ttyFIQ0 init=/init mtdparts=rk29xxnand:0x00002000@0x00000000(parameter),0x00002000@0x00002000(uboot),0x00002000@0x00004000(trust),0x00002000@0x00006000(misc),0x00008000@0x00008000(resource),0x0000C000@0x00010000(kernel),0x00020000@0x0001C000(boot),0x00020000@0x0003C000(recovery),0x00038000@0x0005C000(backup),0x00040000@0x00094000(cache),0x00600000@0x000D4000(system),0x00008000@0x006D4000(metadata),0x00000040@0x006DC000(verity_mode),0x00002000@0x006DC040(baseparamer),0x00000400@0x006DE040(frp),-@0x006DE440(userdata) storagemedia=emmc uboot_logo=0x02000000@0xf5c00000 loader.timestamp=2018-09-12_14:52:51 SecureBootCheckOk=1 dji.lcdid=0
<6>[    0.000000] PID hash table entries: 4096 (order: 3, 32768 bytes)
<6>[    0.000000] Dentry cache hash table entries: 524288 (order: 10, 4194304 bytes)
<6>[    0.000000] Inode-cache hash table entries: 262144 (order: 9, 2097152 bytes)
<6>[    0.000000] software IO TLB [mem 0xf6ea7000-0xf6ee7000] (0MB) mapped at [ffffffc0f6ea7000-ffffffc0f6ee6fff]
<6>[    0.000000] Memory: 3922664K/4044800K available (10238K kernel code, 1180K rwdata, 4932K rodata, 768K init, 1087K bss, 105752K reserved, 16384K cma-reserved)
<5>[    0.000000] Virtual kernel memory layout:
<5>[    0.000000]     modules : 0xffffff8000000000 - 0xffffff8008000000   (   128 MB)
<5>[    0.000000]     vmalloc : 0xffffff8008000000 - 0xffffffbdbfff0000   (   246 GB)
<5>[    0.000000]       .init : 0xffffff8008f60000 - 0xffffff8009020000   (   768 KB)
<5>[    0.000000]       .text : 0xffffff8008080000 - 0xffffff8008a80000   ( 10240 KB)
<5>[    0.000000]     .rodata : 0xffffff8008a80000 - 0xffffff8008f60000   (  4992 KB)
<5>[    0.000000]       .data : 0xffffff8009020000 - 0xffffff8009147008   (  1181 KB)
<5>[    0.000000]     vmemmap : 0xffffffbdc0000000 - 0xffffffbfc0000000   (     8 GB maximum)
<5>[    0.000000]               0xffffffbdc0008000 - 0xffffffbdc3e00000   (    61 MB actual)
<5>[    0.000000]     fixed   : 0xffffffbffe7fd000 - 0xffffffbffec00000   (  4108 KB)
<5>[    0.000000]     PCI I/O : 0xffffffbffee00000 - 0xffffffbfffe00000   (    16 MB)
<5>[    0.000000]     memory  : 0xffffffc000200000 - 0xffffffc0f8000000   (  3966 MB)
<6>[    0.000000] SLUB: HWalign=64, Order=0-3, MinObjects=0, CPUs=6, Nodes=1
<6>[    0.000000] Preemptible hierarchical RCU implementation.
<6>[    0.000000] 	Build-time adjustment of leaf fanout to 64.
<6>[    0.000000] 	RCU restricting CPUs from NR_CPUS=8 to nr_cpu_ids=6.
<6>[    0.000000] RCU: Adjusting geometry for rcu_fanout_leaf=64, nr_cpu_ids=6
<6>[    0.000000] NR_IRQS:64 nr_irqs:64 0
<6>[    0.000000] GIC: Using split EOI/Deactivate mode
<6>[    0.000000] ITS: /interrupt-controller@fee00000/interrupt-controller@fee20000
<6>[    0.000000] ITS: allocated 65536 Devices @f2000000 (psz 64K, shr 0)
<6>[    0.000000] ITS: using cache flushing for cmd queue
<6>[    0.000000] GIC: using LPI property table @0x00000000f2080000
<6>[    0.000000] ITS: Allocated 1792 chunks for LPIs
<6>[    0.000000] CPU0: found redistributor 0 region 0:0x00000000fef00000
<6>[    0.000000] CPU0: using LPI pending table @0x00000000f2090000
<6>[    0.000000] GIC: using cache flushing for LPI property table
<6>[    0.000000] GIC: PPI partition interrupt-partition-0[0] { /cpus/cpu@0[0] /cpus/cpu@1[1] /cpus/cpu@2[2] /cpus/cpu@3[3] }
<6>[    0.000000] GIC: PPI partition interrupt-partition-1[1] { /cpus/cpu@100[4] /cpus/cpu@101[5] }
<4>[    0.000000] rockchip_clk_register_frac_branch: could not find dclk_vop0_frac as parent of dclk_vop0, rate changes may not work
<4>[    0.000000] rockchip_clk_register_frac_branch: could not find dclk_vop1_frac as parent of dclk_vop1, rate changes may not work
<4>[    0.000000] rockchip_cpuclk_pre_rate_change: limiting alt-divider 33 to 31
<6>[    0.000000] Architected cp15 timer(s) running at 24.00MHz (phys).
<6>[    0.000000] clocksource: arch_sys_counter: mask: 0xffffffffffffff max_cycles: 0x588fe9dc0, max_idle_ns: 440795202592 ns
<6>[    0.000006] sched_clock: 56 bits at 24MHz, resolution 41ns, wraps every 4398046511097ns
<6>[    0.001060] Calibrating delay loop (skipped), value calculated using timer frequency.. 48.00 BogoMIPS (lpj=80000)
<6>[    0.001075] pid_max: default: 32768 minimum: 301
<6>[    0.001163] Security Framework initialized
<6>[    0.001175] SELinux:  Initializing.
<7>[    0.001226] SELinux:  Starting in permissive mode
<6>[    0.001267] Mount-cache hash table entries: 8192 (order: 4, 65536 bytes)
<6>[    0.001278] Mountpoint-cache hash table entries: 8192 (order: 4, 65536 bytes)
<6>[    0.002109] Initializing cgroup subsys io
<6>[    0.002129] Initializing cgroup subsys freezer
<6>[    0.002143] Initializing cgroup subsys debug
<6>[    0.003096] sched-energy: Sched-energy-costs installed from DT
<6>[    0.003106] CPU0: update cpu_capacity 401
<6>[    0.003160] ASID allocator initialised with 65536 entries
<6>[    0.019826] PCI/MSI: /interrupt-controller@fee00000/interrupt-controller@fee20000 domain created
<6>[    0.020268] Platform MSI: /interrupt-controller@fee00000/interrupt-controller@fee20000 domain created
<6>[    0.033236] Detected VIPT I-cache on CPU1
<6>[    0.033264] CPU1: found redistributor 1 region 0:0x00000000fef20000
<6>[    0.033301] CPU1: using LPI pending table @0x00000000f2200000
<6>[    0.033345] CPU1: update cpu_capacity 401
<6>[    0.033349] CPU1: Booted secondary processor [410fd034]
<6>[    0.043229] Detected VIPT I-cache on CPU2
<6>[    0.043248] CPU2: found redistributor 2 region 0:0x00000000fef40000
<6>[    0.043280] CPU2: using LPI pending table @0x00000000f2230000
<6>[    0.043308] CPU2: update cpu_capacity 401
<6>[    0.043311] CPU2: Booted secondary processor [410fd034]
<6>[    0.053269] Detected VIPT I-cache on CPU3
<6>[    0.053288] CPU3: found redistributor 3 region 0:0x00000000fef60000
<6>[    0.053320] CPU3: using LPI pending table @0x00000000f2270000
<6>[    0.053348] CPU3: update cpu_capacity 401
<6>[    0.053351] CPU3: Booted secondary processor [410fd034]
<6>[    0.063316] Detected PIPT I-cache on CPU4
<6>[    0.063344] CPU4: found redistributor 100 region 0:0x00000000fef80000
<6>[    0.063384] CPU4: using LPI pending table @0x00000000f22c0000
<6>[    0.063424] CPU4: update cpu_capacity 1024
<6>[    0.063427] CPU4: Booted secondary processor [410fd082]
<6>[    0.073337] Detected PIPT I-cache on CPU5
<6>[    0.073355] CPU5: found redistributor 101 region 0:0x00000000fefa0000
<6>[    0.073391] CPU5: using LPI pending table @0x00000000f22e0000
<6>[    0.073418] CPU5: update cpu_capacity 1024
<6>[    0.073421] CPU5: Booted secondary processor [410fd082]
<6>[    0.073505] Brought up 6 CPUs
<6>[    0.073586] SMP: Total of 6 processors activated.
<6>[    0.073595] CPU features: detected feature: GIC system register CPU interface
<6>[    0.073606] CPU: All CPU(s) started at EL2
<6>[    0.073648] alternatives: patching kernel code
<6>[    0.075363] devtmpfs: initialized
<6>[    0.095601] clocksource: jiffies: mask: 0xffffffff max_cycles: 0xffffffff, max_idle_ns: 6370867519511994 ns
<6>[    0.095631] futex hash table entries: 2048 (order: 5, 131072 bytes)
<6>[    0.096752] pinctrl core: initialized pinctrl subsystem
<3>[    0.099367] Failed to find legacy iommu devices
<6>[    0.099902] NET: Registered protocol family 16
<6>[    0.100491] schedtune: init normalization constants...
<6>[    0.100504] schedtune: CLUSTER[0-3]      min_pwr:    56 max_pwr:   222
<6>[    0.100513] schedtune: CPU[0]            min_pwr:     0 max_pwr:   222
<6>[    0.100521] schedtune: CPU[1]            min_pwr:     0 max_pwr:   222
<6>[    0.100529] schedtune: CPU[2]            min_pwr:     0 max_pwr:   222
<6>[    0.100538] schedtune: CPU[3]            min_pwr:     0 max_pwr:   222
<6>[    0.100546] schedtune: CLUSTER[4-5]      min_pwr:    65 max_pwr:  1108
<6>[    0.100554] schedtune: CPU[4]            min_pwr:     0 max_pwr:  1108
<6>[    0.100563] schedtune: CPU[5]            min_pwr:     0 max_pwr:  1108
<6>[    0.100570] schedtune: SYSTEM            min_pwr:   121 max_pwr:  4434
<6>[    0.100578] schedtune: using normalization constants mul: 3862781856 sh1: 1 sh2: 12
<6>[    0.100583] schedtune: verify normalization constants...
<6>[    0.100590] schedtune: max_pwr/2^0: 4313 => norm_pwr:  1024
<6>[    0.100596] schedtune: max_pwr/2^1: 2156 => norm_pwr:   511
<6>[    0.100603] schedtune: max_pwr/2^2: 1078 => norm_pwr:   255
<6>[    0.100609] schedtune: max_pwr/2^3:  539 => norm_pwr:   127
<6>[    0.100616] schedtune: max_pwr/2^4:  269 => norm_pwr:    63
<6>[    0.100622] schedtune: max_pwr/2^5:  134 => norm_pwr:    31
<6>[    0.100629] schedtune: configured to support 5 boost groups
<6>[    0.113444] cpuidle: using governor ladder
<6>[    0.126803] cpuidle: using governor menu
<6>[    0.126827] Registered FIQ tty driver
<6>[    0.127311] vdso: 2 pages (1 code @ ffffff8008a86000, 1 data @ ffffff8009024000)
<6>[    0.127341] hw-breakpoint: found 6 breakpoint and 4 watchpoint registers.
<6>[    0.128129] DMA: preallocated 256 KiB pool for atomic allocations
<7>[    0.145228] gpiochip_add: registered GPIOs 1000 to 1031 on device: gpio0
<7>[    0.145330] gpiochip_add: registered GPIOs 1032 to 1063 on device: gpio1
<7>[    0.145422] gpiochip_add: registered GPIOs 1064 to 1095 on device: gpio2
<7>[    0.145509] gpiochip_add: registered GPIOs 1096 to 1127 on device: gpio3
<7>[    0.145599] gpiochip_add: registered GPIOs 1128 to 1159 on device: gpio4
<6>[    0.193310] console [pstore0] enabled
<6>[    0.193642] pstore: Registered ramoops as persistent store backend
<6>[    0.193649] ramoops: attached 0xf0000@0x110000, ecc: 0/0
<3>[    0.194986] sip_fiq_debugger_uart_irq_tf_init error: -2
<3>[    0.194993] fiq debugger bind fiq to trustzone failed: -2
<6>[    0.195457] console [ttyFIQ0] enabled
<6>[    0.195463] bootconsole [uart0] disabled
<6>[    0.195662] Registered fiq debugger ttyFIQ0
<6>[    0.224753] Rockchip hdmi driver version 2.0
<6>[    0.224753] .
<7>[    0.225175] of_get_named_gpiod_flags: parsed 'rockchip,power-ctrl' property of node '/rockchip-suspend[0]' - status (0)
<7>[    0.225214] of_get_named_gpiod_flags: parsed 'rockchip,power-ctrl' property of node '/rockchip-suspend[1]' - status (0)
<7>[    0.225428] of_get_named_gpiod_flags: can't parse 'gpio' property of node '/vcc3v3-sys[0]'
<7>[    0.225606] of_get_named_gpiod_flags: can't parse 'gpio' property of node '/vcc2v3-sys[0]'
<7>[    0.225842] of_get_named_gpiod_flags: parsed 'gpio' property of node '/vcc3v0-sd[0]' - status (0)
<6>[    0.226247] iommu: Adding device ff650000.vpu_service to group 0
<6>[    0.226311] iommu: Adding device ff660000.rkvdec to group 1
<6>[    0.226373] iommu: Adding device ff670000.iep to group 2
<6>[    0.226460] iommu: Adding device ff8f0000.vop to group 3
<6>[    0.226529] iommu: Adding device ff900000.vop to group 4
<6>[    0.226629] iommu: Adding device ff910000.isp to group 5
<6>[    0.226699] iommu: Adding device ff920000.isp to group 6
<6>[    0.227366] rk_iommu ff670800.iommu: can't get aclk
<6>[    0.227376] rk_iommu ff670800.iommu: can't get hclk
<5>[    0.228207] SCSI subsystem initialized
<6>[    0.228374] usbcore: registered new interface driver usbfs
<6>[    0.228415] usbcore: registered new interface driver hub
<6>[    0.228485] usbcore: registered new device driver usb
<6>[    0.228816] media: Linux media interface: v0.10
<6>[    0.228848] Linux video capture interface: v2.00
<6>[    0.228895] pps_core: LinuxPPS API ver. 1 registered
<6>[    0.228901] pps_core: Software ver. 5.3.6 - Copyright 2005-2007 Rodolfo Giometti <giometti@linux.it>
<6>[    0.228919] PTP clock support registered
<6>[    0.230267] Advanced Linux Sound Architecture Driver Initialized.
<6>[    0.230771] Bluetooth: Core ver 2.21
<6>[    0.230801] NET: Registered protocol family 31
<6>[    0.230807] Bluetooth: HCI device and connection manager initialized
<6>[    0.230817] Bluetooth: HCI socket layer initialized
<6>[    0.230826] Bluetooth: L2CAP socket layer initialized
<6>[    0.230849] Bluetooth: SCO socket layer initialized
<6>[    0.231064] cfg80211: World regulatory domain updated:
<6>[    0.231071] cfg80211:  DFS Master region: unset
<6>[    0.231076] cfg80211:   (start_freq - end_freq @ bandwidth), (max_antenna_gain, max_eirp), (dfs_cac_time)
<6>[    0.231085] cfg80211:   (2402000 KHz - 2472000 KHz @ 20000 KHz), (N/A, 2000 mBm), (N/A)
<6>[    0.231093] cfg80211:   (2457000 KHz - 2482000 KHz @ 20000 KHz, 92000 KHz AUTO), (N/A, 2000 mBm), (N/A)
<6>[    0.231100] cfg80211:   (2474000 KHz - 2494000 KHz @ 20000 KHz), (N/A, 2000 mBm), (N/A)
<6>[    0.231107] cfg80211:   (5170000 KHz - 5250000 KHz @ 80000 KHz, 160000 KHz AUTO), (N/A, 2000 mBm), (N/A)
<6>[    0.231115] cfg80211:   (5250000 KHz - 5330000 KHz @ 80000 KHz, 160000 KHz AUTO), (N/A, 2000 mBm), (0 s)
<6>[    0.231122] cfg80211:   (5490000 KHz - 5730000 KHz @ 160000 KHz), (N/A, 2000 mBm), (0 s)
<6>[    0.231128] cfg80211:   (5735000 KHz - 5835000 KHz @ 80000 KHz), (N/A, 2000 mBm), (N/A)
<6>[    0.231134] cfg80211:   (57240000 KHz - 63720000 KHz @ 2160000 KHz), (N/A, 0 mBm), (N/A)
<6>[    0.231904] rockchip-cpuinfo cpuinfo: Serial		: 46a5b5d08cec2729
<6>[    0.232318] clocksource: Switched to clocksource arch_sys_counter
<4>[    0.269831] thermal thermal_zone1: power_allocator: sustainable_power will be estimated
<6>[    0.269944] NET: Registered protocol family 2
<6>[    0.270359] TCP established hash table entries: 32768 (order: 6, 262144 bytes)
<6>[    0.270538] TCP bind hash table entries: 32768 (order: 7, 524288 bytes)
<6>[    0.270772] TCP: Hash tables configured (established 32768 bind 32768)
<6>[    0.270845] UDP hash table entries: 2048 (order: 4, 65536 bytes)
<6>[    0.270885] UDP-Lite hash table entries: 2048 (order: 4, 65536 bytes)
<6>[    0.271067] NET: Registered protocol family 1
<7>[    0.271109] PCI: CLS 0 bytes, default 64
<6>[    0.271323] Trying to unpack rootfs image as initramfs...
<6>[    0.895265] Freeing initrd memory: 14272K
<6>[    0.895751] hw perfevents: enabled with armv8_cortex_a53 PMU driver, 7 counters available
<6>[    0.895832] hw perfevents: enabled with armv8_cortex_a72 PMU driver, 7 counters available
<6>[    0.898343] audit: initializing netlink subsys (disabled)
<5>[    0.898395] audit: type=2000 audit(0.893:1): initialized
<5>[    0.903457] VFS: Disk quotas dquot_6.6.0
<6>[    0.903569] VFS: Dquot-cache hash table entries: 512 (order 0, 4096 bytes)
<6>[    0.904487] exFAT: Version 1.2.9
<6>[    0.905020] ntfs: driver 2.1.32 [Flags: R/O].
<6>[    0.905183] fuse init (API version 7.23)
<7>[    0.905832] SELinux:  Registering netfilter hooks
<6>[    0.906225] 
<6>[    0.906225] TEE Core Framework initialization (ver 1:0.1)
<6>[    0.906243] TEE armv7 Driver initialization
<6>[    0.906561] tz_tee_probe: name="armv7sec", id=0, pdev_name="armv7sec.0"
<6>[    0.906570] TEE core: Alloc the misc device "opteearmtz00" (id=0)
<6>[    0.906744] TEE Core: Register the misc device "opteearmtz00" (id=0,minor=62)
<6>[    0.910516] Block layer SCSI generic (bsg) driver version 0.4 loaded (major 247)
<6>[    0.910530] io scheduler noop registered
<6>[    0.910634] io scheduler cfq registered (default)
<7>[    0.911806] rockchip-usb2phy ff770000.syscon:usb2-phy@e460: GPIO lookup for consumer otg-vbus
<7>[    0.911816] rockchip-usb2phy ff770000.syscon:usb2-phy@e460: using device tree for GPIO lookup
<7>[    0.911826] of_get_named_gpiod_flags: can't parse 'otg-vbus-gpios' property of node '/syscon@ff770000/usb2-phy@e460[0]'
<7>[    0.911833] of_get_named_gpiod_flags: can't parse 'otg-vbus-gpio' property of node '/syscon@ff770000/usb2-phy@e460[0]'
<7>[    0.911841] rockchip-usb2phy ff770000.syscon:usb2-phy@e460: using lookup tables for GPIO lookup
<7>[    0.911849] rockchip-usb2phy ff770000.syscon:usb2-phy@e460: lookup for GPIO otg-vbus failed
<4>[    0.911855] rockchip-usb2phy ff770000.syscon:usb2-phy@e460: vbus_drv is not assigned
<7>[    0.915054] pwm-backlight backlight: GPIO lookup for consumer enable
<7>[    0.915064] pwm-backlight backlight: using device tree for GPIO lookup
<7>[    0.915093] of_get_named_gpiod_flags: parsed 'enable-gpios' property of node '/backlight[0]' - status (0)
<7>[    0.915105] no flags found for enable
<4>[    0.915129] backlight supply power not found, using dummy regulator
<3>[    0.915949] iep: failed to find iep power down clock source.
<4>[    0.916296] IEP Power ON
<4>[    0.916444] IEP Power OFF
<4>[    0.916510] IEP Driver loaded succesfully
<4>[    0.916601] Module initialized.
<6>[    0.917011] rk-vcodec ff650000.vpu_service: probe device
<6>[    0.917045] rk-vcodec ff650000.vpu_service: vpu mmu dec ffffffc0f18c3c10
<6>[    0.917171] rk-vcodec ff650000.vpu_service: allocator is drm
<6>[    0.917215] rk-vcodec ff650000.vpu_service: checking hw id 0
<6>[    0.917656] rk-vcodec ff650000.vpu_service: init success
<6>[    0.918200] rk-vcodec ff660000.rkvdec: probe device
<6>[    0.918239] rk-vcodec ff660000.rkvdec: vpu mmu dec ffffffc0f18c4410
<6>[    0.918357] rk-vcodec ff660000.rkvdec: allocator is drm
<6>[    0.918405] rk-vcodec ff660000.rkvdec: checking hw id 6876
<6>[    0.918724] rk-vcodec ff660000.rkvdec: init success
<6>[    0.920072] dma-pl330 ff6d0000.dma-controller: Loaded driver for PL330 DMAC-241330
<6>[    0.920082] dma-pl330 ff6d0000.dma-controller: 	DBUFF-32x8bytes Num_Chans-6 Num_Peri-12 Num_Events-12
<6>[    0.921403] dma-pl330 ff6e0000.dma-controller: Loaded driver for PL330 DMAC-241330
<6>[    0.921413] dma-pl330 ff6e0000.dma-controller: 	DBUFF-128x8bytes Num_Chans-8 Num_Peri-20 Num_Events-16
<7>[    0.922242] pwm-regulator vdd-log: GPIO lookup for consumer enable
<7>[    0.922249] pwm-regulator vdd-log: using device tree for GPIO lookup
<7>[    0.922258] of_get_named_gpiod_flags: can't parse 'enable-gpios' property of node '/vdd-log[0]'
<7>[    0.922265] of_get_named_gpiod_flags: can't parse 'enable-gpio' property of node '/vdd-log[0]'
<7>[    0.922272] pwm-regulator vdd-log: using lookup tables for GPIO lookup
<7>[    0.922279] pwm-regulator vdd-log: lookup for GPIO enable failed
<6>[    0.922771] Serial: 8250/16550 driver, 5 ports, IRQ sharing disabled
<6>[    0.924375] console [ttyS0] disabled
<6>[    0.924415] ff180000.serial: ttyS0 at MMIO 0xff180000 (irq = 36, base_baud = 1500000) is a 16550A
<6>[    0.924983] ff190000.serial: ttyS1 at MMIO 0xff190000 (irq = 37, base_baud = 1500000) is a 16550A
<6>[    0.925516] ff1a0000.serial: ttyS2 at MMIO 0xff1a0000 (irq = 38, base_baud = 1500000) is a 16550A
<6>[    0.926127] ff1b0000.serial: ttyS3 at MMIO 0xff1b0000 (irq = 39, base_baud = 1500000) is a 16550A
<6>[    0.926693] ff370000.serial: ttyS4 at MMIO 0xff370000 (irq = 42, base_baud = 1500000) is a 16550A
<6>[    0.927053] [drm:drm_core_init] Initialized drm 1.1.0 20060810
<4>[    0.931353] ff960000.dsi.0 supply power not found, using dummy regulator
<7>[    0.931411] panel-simple-dsi ff960000.dsi.0: GPIO lookup for consumer enable
<7>[    0.931419] panel-simple-dsi ff960000.dsi.0: using device tree for GPIO lookup
<7>[    0.931447] of_get_named_gpiod_flags: parsed 'enable-gpios' property of node '/dsi@ff960000/panel@0[0]' - status (0)
<7>[    0.931458] no flags found for enable
<7>[    0.931466] panel-simple-dsi ff960000.dsi.0: GPIO lookup for consumer reset
<7>[    0.931473] panel-simple-dsi ff960000.dsi.0: using device tree for GPIO lookup
<7>[    0.931495] of_get_named_gpiod_flags: parsed 'reset-gpios' property of node '/dsi@ff960000/panel@0[0]' - status (0)
<7>[    0.931503] no flags found for reset
<6>[    0.931578] panel_dji_get_lcdid : get lcdid val = 0
<6>[    0.931592] panel-simple-dsi ff960000.dsi.0: panel_simple_dsi_parse_dcs_cmds: dcs_cmd=5 len=520, cmd_cnt=40
<6>[    0.931601] panel-simple-dsi ff960000.dsi.0: panel_simple_dsi_parse_dcs_cmds: dcs_cmd=5 len=8, cmd_cnt=2
<3>[    0.931961] mali ff9a0000.gpu: Failed to get regulator
<3>[    0.931968] mali ff9a0000.gpu: Power control initialization failed
<4>[    0.932241] Unable to detect cache hierarchy from DT for CPU 0
<6>[    0.940468] brd: module loaded
<6>[    0.945321] loop: module loaded
<6>[    0.945867] zram: Added device: zram0
<6>[    0.946430] SCSI Media Changer driver v0.25 
<4>[    0.947093] rockchip-spi ff1c0000.spi: Failed to request TX DMA channel
<4>[    0.947103] rockchip-spi ff1c0000.spi: Failed to request RX DMA channel
<6>[    0.947800] tun: Universal TUN/TAP device driver, 1.6
<6>[    0.947806] tun: (C) 1999-2004 Max Krasnyansky <maxk@qualcomm.com>
<6>[    0.948296] PPP generic driver version 2.4.2
<6>[    0.948446] PPP BSD Compression module registered
<6>[    0.948457] PPP Deflate Compression module registered
<6>[    0.948480] PPP MPPE Compression module registered
<6>[    0.948496] NET: Registered protocol family 24
<6>[    0.948536] SLIP: version 0.8.4-NET3.019-NEWTTY (dynamic channels, max=256) (6 bit encapsulation enabled).
<6>[    0.948541] CSLIP: code copyright 1989 Regents of the University of California.
<4>[    0.948557] Rockchip WiFi SYS interface (V1.00) ... 
<6>[    0.948629] usbcore: registered new interface driver catc
<6>[    0.948667] usbcore: registered new interface driver kaweth
<6>[    0.948679] pegasus: v0.9.3 (2013/04/25), Pegasus/Pegasus II USB Ethernet driver
<6>[    0.948709] usbcore: registered new interface driver pegasus
<6>[    0.948745] usbcore: registered new interface driver rtl8150
<6>[    0.948781] usbcore: registered new interface driver r8152
<6>[    0.948792] hso: drivers/net/usb/hso.c: Option Wireless
<6>[    0.948843] usbcore: registered new interface driver hso
<6>[    0.948888] usbcore: registered new interface driver asix
<6>[    0.948925] usbcore: registered new interface driver ax88179_178a
<6>[    0.948961] usbcore: registered new interface driver cdc_ether
<6>[    0.949022] usbcore: registered new interface driver cdc_eem
<6>[    0.949062] usbcore: registered new interface driver dm9601
<6>[    0.949110] usbcore: registered new interface driver smsc75xx
<6>[    0.949156] usbcore: registered new interface driver smsc95xx
<6>[    0.949191] usbcore: registered new interface driver gl620a
<6>[    0.949228] usbcore: registered new interface driver net1080
<6>[    0.949268] usbcore: registered new interface driver plusb
<6>[    0.949304] usbcore: registered new interface driver rndis_host
<6>[    0.949342] usbcore: registered new interface driver cdc_subset
<6>[    0.949377] usbcore: registered new interface driver zaurus
<6>[    0.949415] usbcore: registered new interface driver MOSCHIP usb-ethernet driver
<6>[    0.949468] usbcore: registered new interface driver int51x1
<6>[    0.949507] usbcore: registered new interface driver kalmia
<6>[    0.949544] usbcore: registered new interface driver ipheth
<6>[    0.949583] usbcore: registered new interface driver sierra_net
<6>[    0.949619] usbcore: registered new interface driver cx82310_eth
<6>[    0.949665] usbcore: registered new interface driver cdc_ncm
<6>[    0.949704] usbcore: registered new interface driver qmi_wwan
<6>[    0.949741] usbcore: registered new interface driver cdc_mbim
<3>[    0.950833] rockchip-dwc3 usb@fe800000: failed to get drvdata dwc3
<3>[    0.955948] rockchip-dwc3 usb@fe900000: fail to get drvdata hcd
<6>[    0.956527] ehci_hcd: USB 2.0 'Enhanced' Host Controller (EHCI) Driver
<6>[    0.956540] ehci-pci: EHCI PCI platform driver
<6>[    0.956591] ehci-platform: EHCI generic platform driver
<6>[    0.960376] ehci-platform fe3c0000.usb: EHCI Host Controller
<6>[    0.960399] ehci-platform fe3c0000.usb: new USB bus registered, assigned bus number 1
<6>[    0.960535] ehci-platform fe3c0000.usb: irq 29, io mem 0xfe3c0000
<6>[    0.968995] ehci-platform fe3c0000.usb: USB 2.0 started, EHCI 1.00
<6>[    0.969151] usb usb1: New USB device found, idVendor=1d6b, idProduct=0002
<6>[    0.969162] usb usb1: New USB device strings: Mfr=3, Product=2, SerialNumber=1
<6>[    0.969170] usb usb1: Product: EHCI Host Controller
<6>[    0.969177] usb usb1: Manufacturer: Linux 4.4.83 ehci_hcd
<6>[    0.969184] usb usb1: SerialNumber: fe3c0000.usb
<6>[    0.969667] hub 1-0:1.0: USB hub found
<6>[    0.969699] hub 1-0:1.0: 1 port detected
<6>[    0.970177] ohci_hcd: USB 1.1 'Open' Host Controller (OHCI) Driver
<6>[    0.970205] ohci-platform: OHCI generic platform driver
<6>[    0.970649] ohci-platform fe3e0000.usb: Generic Platform OHCI controller
<6>[    0.970669] ohci-platform fe3e0000.usb: new USB bus registered, assigned bus number 2
<6>[    0.970779] ohci-platform fe3e0000.usb: irq 30, io mem 0xfe3e0000
<6>[    1.026481] usb usb2: New USB device found, idVendor=1d6b, idProduct=0001
<6>[    1.026490] usb usb2: New USB device strings: Mfr=3, Product=2, SerialNumber=1
<6>[    1.026498] usb usb2: Product: Generic Platform OHCI controller
<6>[    1.026505] usb usb2: Manufacturer: Linux 4.4.83 ohci_hcd
<6>[    1.026512] usb usb2: SerialNumber: fe3e0000.usb
<6>[    1.026976] hub 2-0:1.0: USB hub found
<6>[    1.027006] hub 2-0:1.0: 1 port detected
<6>[    1.027772] usbcore: registered new interface driver cdc_acm
<6>[    1.027778] cdc_acm: USB Abstract Control Model driver for USB modems and ISDN adapters
<6>[    1.027835] usbcore: registered new interface driver usblp
<6>[    1.027877] usbcore: registered new interface driver cdc_wdm
<6>[    1.027919] usbcore: registered new interface driver uas
<6>[    1.027990] usbcore: registered new interface driver usb-storage
<6>[    1.028027] usbcore: registered new interface driver ums-alauda
<6>[    1.028063] usbcore: registered new interface driver ums-cypress
<6>[    1.028102] usbcore: registered new interface driver ums-datafab
<6>[    1.028138] usbcore: registered new interface driver ums_eneub6250
<6>[    1.028174] usbcore: registered new interface driver ums-freecom
<6>[    1.028211] usbcore: registered new interface driver ums-isd200
<6>[    1.028247] usbcore: registered new interface driver ums-jumpshot
<6>[    1.028283] usbcore: registered new interface driver ums-karma
<6>[    1.028320] usbcore: registered new interface driver ums-onetouch
<6>[    1.028356] usbcore: registered new interface driver ums-sddr09
<6>[    1.028393] usbcore: registered new interface driver ums-sddr55
<6>[    1.028432] usbcore: registered new interface driver ums-usbat
<6>[    1.028510] usbcore: registered new interface driver usbserial
<6>[    1.028541] usbcore: registered new interface driver usbserial_generic
<6>[    1.028565] usbserial: USB Serial support registered for generic
<6>[    1.028605] usbcore: registered new interface driver option
<6>[    1.028628] usbserial: USB Serial support registered for GSM modem (1-port)
<6>[    1.028727] usbcore: registered new interface driver trancevibrator
<6>[    1.028740] usb20_otg: version 3.10a 21-DEC-2012
<6>[    1.028892] usb20_host: version 3.10a 21-DEC-2012
<6>[    1.029226] usbcore: registered new interface driver xpad
<6>[    1.029273] usbcore: registered new interface driver usb_acecad
<6>[    1.029316] usbcore: registered new interface driver aiptek
<6>[    1.029357] usbcore: registered new interface driver gtco
<6>[    1.029398] usbcore: registered new interface driver hanwang
<6>[    1.029439] usbcore: registered new interface driver kbtab
<6>[    1.029540] cyttsp5_loader_init: Parade TTSP FW Loader Driver (Built TTDA.03.08.874312) rc=0
<6>[    1.029555] cyttsp5_device_access_init: Parade TTSP Device Access Driver (Built TTDA.03.08.874312) rc=0
<6>[    1.029569] cyttsp5_test_device_access_api_init: Enter
<3>[    1.029574] cyttsp5_device_access_user_command: No device.
<4>[    1.029741] sensor_register_slave:cm3218,id=51
<6>[    1.030282] i2c /dev entries driver
<7>[    1.031086] fan53555-regulator 0-0040: GPIO lookup for consumer vsel
<7>[    1.031095] fan53555-regulator 0-0040: using device tree for GPIO lookup
<7>[    1.031123] of_get_named_gpiod_flags: parsed 'vsel-gpios' property of node '/i2c@ff3c0000/syr827@40[0]' - status (0)
<6>[    1.031507] fan53555-regulator 0-0040: FAN53555 Option[8] Rev[1] Detected!
<6>[    1.031562] fan53555-reg: supplied by vcc3v3_sys
<7>[    1.033215] fan53555-regulator 0-0041: GPIO lookup for consumer vsel
<7>[    1.033223] fan53555-regulator 0-0041: using device tree for GPIO lookup
<7>[    1.033248] of_get_named_gpiod_flags: parsed 'vsel-gpios' property of node '/i2c@ff3c0000/syr828@41[0]' - status (0)
<6>[    1.033594] fan53555-regulator 0-0041: FAN53555 Option[8] Rev[1] Detected!
<6>[    1.033635] fan53555-reg: supplied by vcc3v3_sys
<6>[    1.035680] rk808 0-001b: Pmic Chip id: 0x0
<7>[    1.038387] rk808 0-001b: GPIO lookup for consumer dvs
<7>[    1.038395] rk808 0-001b: using device tree for GPIO lookup
<7>[    1.038404] of_get_named_gpiod_flags: can't parse 'dvs-gpios' property of node '/i2c@ff3c0000/pmic@1b[0]'
<7>[    1.038412] of_get_named_gpiod_flags: can't parse 'dvs-gpio' property of node '/i2c@ff3c0000/pmic@1b[0]'
<7>[    1.038419] rk808 0-001b: using lookup tables for GPIO lookup
<7>[    1.038426] rk808 0-001b: lookup for GPIO dvs failed
<4>[    1.038433] rk808-regulator rk808-regulator: there is no dvs0 gpio
<7>[    1.038440] rk808 0-001b: GPIO lookup for consumer dvs
<7>[    1.038446] rk808 0-001b: using device tree for GPIO lookup
<7>[    1.038453] of_get_named_gpiod_flags: can't parse 'dvs-gpios' property of node '/i2c@ff3c0000/pmic@1b[1]'
<7>[    1.038460] of_get_named_gpiod_flags: can't parse 'dvs-gpio' property of node '/i2c@ff3c0000/pmic@1b[1]'
<7>[    1.038466] rk808 0-001b: using lookup tables for GPIO lookup
<7>[    1.038472] rk808 0-001b: lookup for GPIO dvs failed
<4>[    1.038479] rk808-regulator rk808-regulator: there is no dvs1 gpio
<6>[    1.038552] DCDC_REG1: supplied by vcc3v3_sys
<6>[    1.039221] DCDC_REG2: supplied by vcc3v3_sys
<6>[    1.039708] DCDC_REG3: supplied by vcc3v3_sys
<6>[    1.039920] DCDC_REG4: supplied by vcc3v3_sys
<6>[    1.040290] LDO_REG1: supplied by vcc3v3_sys
<6>[    1.041335] LDO_REG2: supplied by vcc3v3_sys
<6>[    1.042224] LDO_REG3: supplied by vcc2v3_sys
<6>[    1.043138] LDO_REG4: supplied by vcc2v3_sys
<6>[    1.044033] LDO_REG5: supplied by vcc2v3_sys
<6>[    1.044927] LDO_REG6: supplied by vcc2v3_sys
<6>[    1.045864] LDO_REG7: supplied by vcc2v3_sys
<6>[    1.046765] LDO_REG8: supplied by vcc3v3_sys
<6>[    1.047660] SWITCH_REG1: supplied by vcc3v3_sys
<6>[    1.047889] SWITCH_REG2: supplied by vcc2v3_sys
<6>[    1.051240] rk808-rtc rk808-rtc: rtc core: registered rk808-rtc as rtc0
<7>[    1.051663] of_get_named_gpiod_flags: parsed 'poweroff-notify-1549-pin' property of node '/i2c@ff3c0000/pmic@1b[0]' - status (0)
<6>[    1.051719] rk3x-i2c ff3c0000.i2c: Initialized RK3xxx I2C bus at ffffff80093fe000
<6>[    1.052284] rk3x-i2c ff110000.i2c: Initialized RK3xxx I2C bus at ffffff800949c000
<4>[    1.052862] fts_ts_probe in
<7>[    1.052895] of_get_named_gpiod_flags: parsed 'focaltech,reset-gpio' property of node '/i2c@ff120000/focaltech@38[0]' - status (0)
<7>[    1.052917] of_get_named_gpiod_flags: parsed 'focaltech,irq-gpio' property of node '/i2c@ff120000/focaltech@38[0]' - status (0)
<3>[    1.053029] fts_ts 2-0038: fts_i2c_read: i2c read error.
<3>[    1.053037] fts_ts 2-0038: version read failed
<4>[    1.053043] fts_ts_probe:load failed(-6)!
<6>[    1.053175] rk3x-i2c ff120000.i2c: Initialized RK3xxx I2C bus at ffffff800949e000
<7>[    1.053298] of_get_named_gpiod_flags: parsed 'cy,irq_gpio' property of node '/i2c@ff120000/cyttsp5@70/cy,core[0]' - status (0)
<7>[    1.053324] of_get_named_gpiod_flags: parsed 'cy,rst_gpio' property of node '/i2c@ff120000/cyttsp5@70/cy,core[0]' - status (0)
<4>[    1.053396] cyttsp5_probe in
<6>[    1.053407] cyttsp5_i2c_adapter 2-0070: cyttsp5_probe: Init HW
<6>[    1.053438] cyttsp5_i2c_adapter 2-0070: cyttsp5_init: INIT CYTTSP RST gpio=1066 and IRQ gpio=1067 r=0
<6>[    1.053797] rk3x-i2c ff140000.i2c: Initialized RK3xxx I2C bus at ffffff80094fc000
<7>[    1.054531] fusb302 4-0022: GPIO lookup for consumer int-n
<7>[    1.054540] fusb302 4-0022: using device tree for GPIO lookup
<7>[    1.054565] of_get_named_gpiod_flags: parsed 'int-n-gpios' property of node '/i2c@ff3d0000/fusb30x@22[0]' - status (0)
<7>[    1.054584] fusb302 4-0022: GPIO lookup for consumer vbus-5v
<7>[    1.054590] fusb302 4-0022: using device tree for GPIO lookup
<7>[    1.054612] of_get_named_gpiod_flags: parsed 'vbus-5v-gpios' property of node '/i2c@ff3d0000/fusb30x@22[0]' - status (0)
<7>[    1.054631] fusb302 4-0022: GPIO lookup for consumer vbus-other
<7>[    1.054637] fusb302 4-0022: using device tree for GPIO lookup
<7>[    1.054645] of_get_named_gpiod_flags: can't parse 'vbus-other-gpios' property of node '/i2c@ff3d0000/fusb30x@22[0]'
<7>[    1.054652] of_get_named_gpiod_flags: can't parse 'vbus-other-gpio' property of node '/i2c@ff3d0000/fusb30x@22[0]'
<7>[    1.054658] fusb302 4-0022: using lookup tables for GPIO lookup
<7>[    1.054665] fusb302 4-0022: lookup for GPIO vbus-other failed
<7>[    1.054672] fusb302 4-0022: GPIO lookup for consumer discharge
<7>[    1.054677] fusb302 4-0022: using device tree for GPIO lookup
<7>[    1.054684] of_get_named_gpiod_flags: can't parse 'discharge-gpios' property of node '/i2c@ff3d0000/fusb30x@22[0]'
<7>[    1.054691] of_get_named_gpiod_flags: can't parse 'discharge-gpio' property of node '/i2c@ff3d0000/fusb30x@22[0]'
<7>[    1.054698] fusb302 4-0022: using lookup tables for GPIO lookup
<7>[    1.054704] fusb302 4-0022: lookup for GPIO discharge failed
<6>[    1.055350] fusb302 4-0022: fusb302 send extcon(gpio) to disable vbus 5v
<6>[    1.064027] fusb302 4-0022: port 0 probe success
<6>[    1.064047] rk3x-i2c ff3d0000.i2c: Initialized RK3xxx I2C bus at ffffff80094fe000
<6>[    1.064824] IR NEC protocol handler initialized
<6>[    1.064835] IR RC5(x/sz) protocol handler initialized
<6>[    1.064845] IR RC6 protocol handler initialized
<6>[    1.064855] IR JVC protocol handler initialized
<6>[    1.064864] IR Sony protocol handler initialized
<6>[    1.064874] IR SANYO protocol handler initialized
<6>[    1.064884] IR Sharp protocol handler initialized
<6>[    1.064894] IR MCE Keyboard/mouse protocol handler initialized
<6>[    1.064904] IR XMP protocol handler initialized
<6>[    1.064985] usbcore: registered new interface driver uvcvideo
<6>[    1.064990] USB Video Class driver (1.1.1)
<7>[    1.066474] of_get_named_gpiod_flags: parsed 'charge-state' property of node '/virtual_battery[0]' - status (0)
<7>[    1.066515] of_get_named_gpiod_flags: parsed 'battery-ok' property of node '/virtual_battery[0]' - status (0)
<4>[    1.066759] thermal thermal_zone2: power_allocator: sustainable_power will be estimated
<6>[    1.067417] dji201x virtual_battery: dji/dji2013 driver v1.2 probe sucess
<3>[    1.068253] rk_tsadcv2_temp_to_code: Invalid conversion table: code=1023, temperature=2147483647
<6>[    1.068789] device-mapper: uevent: version 1.0.3
<6>[    1.069092] device-mapper: ioctl: 4.34.0-ioctl (2015-10-28) initialised: dm-devel@redhat.com
<6>[    1.069253] Bluetooth: HCI UART driver ver 2.3
<6>[    1.069261] Bluetooth: HCI UART protocol H4 registered
<6>[    1.069267] Bluetooth: HCI UART protocol LL registered
<6>[    1.069278] rtk_btusb: RTKBT_RELEASE_NAME: 20170109_TV_ANDROID_6.x
<6>[    1.069283] rtk_btusb: Realtek Bluetooth USB driver module init, version 4.1.2
<6>[    1.069287] rtk_btusb: Register usb char device interface for BT driver
<6>[    1.069550] usbcore: registered new interface driver rtk_btusb
<6>[    1.070005] cpu cpu0: leakage=20
<6>[    1.086473] cpu cpu0: temp=51111, pvtm=146697 (146037 + 660)
<6>[    1.086697] cpu cpu0: pvtm-sel=1
<6>[    1.086975] cpu cpu4: leakage=35
<6>[    1.099519] cpu cpu4: temp=51111, pvtm=155068 (154718 + 350)
<6>[    1.100475] cpu cpu4: pvtm-sel=2
<6>[    1.104533] sdhci: Secure Digital Host Controller Interface driver
<6>[    1.104538] sdhci: Copyright(c) Pierre Ossman
<6>[    1.104543] Synopsys Designware Multimedia Card Interface Driver
<6>[    1.105016] dwmmc_rockchip fe310000.dwmmc: IDMAC supports 32-bit address mode.
<6>[    1.105091] dwmmc_rockchip fe310000.dwmmc: Using internal DMA controller.
<6>[    1.105102] dwmmc_rockchip fe310000.dwmmc: Version ID is 270a
<6>[    1.105127] dwmmc_rockchip fe310000.dwmmc: DW MMC controller at irq 24,32 bit host data width,256 deep fifo
<6>[    1.105142] dwmmc_rockchip fe310000.dwmmc: 'clock-freq-min-max' property was deprecated.
<6>[    1.105165] dwmmc_rockchip fe310000.dwmmc: No vmmc regulator found
<6>[    1.105168] dwmmc_rockchip fe310000.dwmmc: No vqmmc regulator found
<7>[    1.105178] dwmmc_rockchip fe310000.dwmmc: GPIO lookup for consumer cd
<7>[    1.105181] dwmmc_rockchip fe310000.dwmmc: using device tree for GPIO lookup
<7>[    1.105186] of_get_named_gpiod_flags: can't parse 'cd-gpios' property of node '/dwmmc@fe310000[0]'
<7>[    1.105189] of_get_named_gpiod_flags: can't parse 'cd-gpio' property of node '/dwmmc@fe310000[0]'
<7>[    1.105193] dwmmc_rockchip fe310000.dwmmc: using lookup tables for GPIO lookup
<7>[    1.105196] dwmmc_rockchip fe310000.dwmmc: lookup for GPIO cd failed
<7>[    1.105200] dwmmc_rockchip fe310000.dwmmc: GPIO lookup for consumer wp
<7>[    1.105203] dwmmc_rockchip fe310000.dwmmc: using device tree for GPIO lookup
<7>[    1.105206] of_get_named_gpiod_flags: can't parse 'wp-gpios' property of node '/dwmmc@fe310000[0]'
<7>[    1.105209] of_get_named_gpiod_flags: can't parse 'wp-gpio' property of node '/dwmmc@fe310000[0]'
<7>[    1.105212] dwmmc_rockchip fe310000.dwmmc: using lookup tables for GPIO lookup
<7>[    1.105215] dwmmc_rockchip fe310000.dwmmc: lookup for GPIO wp failed
<6>[    1.106052] cyttsp5_i2c_adapter 2-0070: cyttsp5_startup_: Bootloader mode
<6>[    1.112993] cyttsp5_i2c_adapter 2-0070: cyttsp5_startup_: Operational mode
<6>[    1.113000] cyttsp5_i2c_adapter 2-0070: cyttsp5_startup_: Reading report descriptor
<6>[    1.115784] mmc_host mmc0: Bus speed (slot 0) = 400000Hz (slot req 400000Hz, actual 400000HZ div = 0)
<6>[    1.130166] dwmmc_rockchip fe310000.dwmmc: 1 slots initialized
<6>[    1.130562] dwmmc_rockchip fe320000.dwmmc: IDMAC supports 32-bit address mode.
<6>[    1.130610] dwmmc_rockchip fe320000.dwmmc: Using internal DMA controller.
<6>[    1.130619] dwmmc_rockchip fe320000.dwmmc: Version ID is 270a
<6>[    1.130647] dwmmc_rockchip fe320000.dwmmc: DW MMC controller at irq 25,32 bit host data width,256 deep fifo
<6>[    1.130657] dwmmc_rockchip fe320000.dwmmc: 'clock-freq-min-max' property was deprecated.
<7>[    1.130762] dwmmc_rockchip fe320000.dwmmc: GPIO lookup for consumer cd
<7>[    1.130766] dwmmc_rockchip fe320000.dwmmc: using device tree for GPIO lookup
<7>[    1.130771] of_get_named_gpiod_flags: can't parse 'cd-gpios' property of node '/dwmmc@fe320000[0]'
<7>[    1.130775] of_get_named_gpiod_flags: can't parse 'cd-gpio' property of node '/dwmmc@fe320000[0]'
<7>[    1.130778] dwmmc_rockchip fe320000.dwmmc: using lookup tables for GPIO lookup
<7>[    1.130782] dwmmc_rockchip fe320000.dwmmc: lookup for GPIO cd failed
<7>[    1.130786] dwmmc_rockchip fe320000.dwmmc: GPIO lookup for consumer wp
<7>[    1.130789] dwmmc_rockchip fe320000.dwmmc: using device tree for GPIO lookup
<7>[    1.130792] of_get_named_gpiod_flags: can't parse 'wp-gpios' property of node '/dwmmc@fe320000[0]'
<7>[    1.130795] of_get_named_gpiod_flags: can't parse 'wp-gpio' property of node '/dwmmc@fe320000[0]'
<7>[    1.130798] dwmmc_rockchip fe320000.dwmmc: using lookup tables for GPIO lookup
<7>[    1.130801] dwmmc_rockchip fe320000.dwmmc: lookup for GPIO wp failed
<6>[    1.130890] rockchip-iodomain ff770000.syscon:io-domains: Setting to 3300000 done
<6>[    1.131220] rockchip-iodomain ff770000.syscon:io-domains: Setting to 3300000 done
<6>[    1.133592] fusb302 4-0022: CC connected in 0 as UFP
<6>[    1.142476] mmc_host mmc1: Bus speed (slot 0) = 400000Hz (slot req 400000Hz, actual 400000HZ div = 0)
<6>[    1.156821] dwmmc_rockchip fe320000.dwmmc: 1 slots initialized
<6>[    1.159059] sdhci-pltfm: SDHCI platform and OF driver helper
<7>[    1.159737] sdhci-arasan fe330000.sdhci: GPIO lookup for consumer wp
<7>[    1.159745] sdhci-arasan fe330000.sdhci: using device tree for GPIO lookup
<7>[    1.159754] of_get_named_gpiod_flags: can't parse 'wp-gpios' property of node '/sdhci@fe330000[0]'
<7>[    1.159759] of_get_named_gpiod_flags: can't parse 'wp-gpio' property of node '/sdhci@fe330000[0]'
<7>[    1.159765] sdhci-arasan fe330000.sdhci: using lookup tables for GPIO lookup
<7>[    1.159771] sdhci-arasan fe330000.sdhci: lookup for GPIO wp failed
<6>[    1.161032] sdhci-arasan fe330000.sdhci: No vmmc regulator found
<6>[    1.161038] sdhci-arasan fe330000.sdhci: No vqmmc regulator found
<6>[    1.189149] mmc2: SDHCI controller on fe330000.sdhci [fe330000.sdhci] using ADMA
<6>[    1.189569] hidraw: raw HID events driver (C) Jiri Kosina
<6>[    1.192840] usbcore: registered new interface driver usbhid
<6>[    1.192843] usbhid: USB HID core driver
<7>[    1.193084] of_get_named_gpiod_flags: parsed 'irq-gpio' property of node '/spi@ff1c0000/mpu6500@0[0]' - status (0)
<6>[    1.193101] inv_mpu_iio_spi spi32766.0: int_config=0,level_shifter=0,irq=ad
<6>[    1.193104] inv_mpu_iio_spi spi32766.0: 1 
<6>[    1.193107] inv_mpu_iio_spi spi32766.0: 0 
<6>[    1.193109] inv_mpu_iio_spi spi32766.0: 0 
<6>[    1.193112] inv_mpu_iio_spi spi32766.0: 0 
<6>[    1.193115] inv_mpu_iio_spi spi32766.0: 1 
<6>[    1.193117] inv_mpu_iio_spi spi32766.0: 0 
<6>[    1.193120] inv_mpu_iio_spi spi32766.0: 0 
<6>[    1.193122] inv_mpu_iio_spi spi32766.0: 0 
<6>[    1.193125] inv_mpu_iio_spi spi32766.0: 1 
<6>[    1.193127] inv_mpu_iio_spi spi32766.0: 
<6>[    1.193129] inv_mpu_iio: secondary_i2c_addr=0
<6>[    1.230915] mmc2: MAN_BKOPS_EN bit is not set
<6>[    1.245899] mmc2: new HS400 Enhanced strobe MMC card at address 0001
<6>[    1.246813] mmcblk2: mmc2:0001 016G70 14.7 GiB 
<6>[    1.250851] mmcblk2boot0: mmc2:0001 016G70 partition 1 4.00 MiB
<6>[    1.254766] mmcblk2boot1: mmc2:0001 016G70 partition 2 4.00 MiB
<6>[    1.258603] mmcblk2rpmb: mmc2:0001 016G70 partition 3 4.00 MiB
<6>[    1.258915]  parameter: 0x000000000 -- 0x000400000 (4 MB)
<6>[    1.258919]      uboot: 0x000400000 -- 0x000800000 (4 MB)
<6>[    1.258923]      trust: 0x000800000 -- 0x000c00000 (4 MB)
<6>[    1.258926]       misc: 0x000c00000 -- 0x001000000 (4 MB)
<6>[    1.258929]   resource: 0x001000000 -- 0x002000000 (16 MB)
<6>[    1.258932]     kernel: 0x002000000 -- 0x003800000 (24 MB)
<6>[    1.258934]       boot: 0x003800000 -- 0x007800000 (64 MB)
<6>[    1.258937]   recovery: 0x007800000 -- 0x00b800000 (64 MB)
<6>[    1.258940]     backup: 0x00b800000 -- 0x012800000 (112 MB)
<6>[    1.258943]      cache: 0x012800000 -- 0x01a800000 (128 MB)
<6>[    1.258946]     system: 0x01a800000 -- 0x0da800000 (3072 MB)
<6>[    1.258949]   metadata: 0x0da800000 -- 0x0db800000 (16 MB)
<6>[    1.258951] verity_mode: 0x0db800000 -- 0x0db808000 (0 MB)
<6>[    1.258954] baseparamer: 0x0db808000 -- 0x0dbc08000 (4 MB)
<6>[    1.258957]        frp: 0x0dbc08000 -- 0x0dbc88000 (0 MB)
<6>[    1.258960]   userdata: 0x0dbc88000 -- 0x3ab000000 (11507 MB)
<6>[    1.258997]  mmcblk2: p1 p2 p3 p4 p5 p6 p7 p8 p9 p10 p11 p12 p13 p14 p15 p16
<6>[    1.311750] cyttsp5_i2c_adapter 2-0070: cyttsp5 Protocol Version: 1.6
<6>[    1.321837] input: cyttsp5_mt as /devices/platform/ff120000.i2c/i2c-2/2-0070/input/input0
<6>[    1.322249] cyttsp5_i2c_adapter 2-0070: cyttsp5_loader_probe: Successful probe 2-0070
<4>[    1.322254] cyttsp5_probe:load success!
<4>[    1.322686] cyttsp5_i2c_adapter 2-0070: Direct firmware load for ttdl_cmcp_thresholdfile.csv failed with error -2
<4>[    1.322694] cyttsp5_i2c_adapter 2-0070: Falling back to user helper
<4>[    1.322975] cyttsp5_i2c_adapter 2-0070: Direct firmware load for cyttsp5_fw.bin failed with error -2
<4>[    1.322979] cyttsp5_i2c_adapter 2-0070: Falling back to user helper
<6>[    1.503941] inv_mpu_iio_spi spi32766.0: mpu6500 is ready to go!
<6>[    1.504067] inv_mpu_iio: inv_mpu_init:746
<6>[    1.505291] ashmem: initialized
<3>[    1.507419] rockchip-dmc dmc: unable to get devfreq-event device : dfi
<4>[    1.508158] ff100000.saradc supply vref not found, using dummy regulator
<3>[    1.513540] rknandbase v1.1 2016-11-08
<6>[    1.514109] usbcore: registered new interface driver snd-usb-audio
<6>[    1.515448] tas2555 1-004c: tas2555_i2c_probe enter
<7>[    1.515484] of_get_named_gpiod_flags: parsed 'ti,pwren-gpio' property of node '/i2c@ff110000/tas2555@4c[0]' - status (0)
<7>[    1.515491] tas2555 1-004c: ti,pwren-gpio=1008
<7>[    1.515507] of_get_named_gpiod_flags: parsed 'ti,cdc-reset-gpio' property of node '/i2c@ff110000/tas2555@4c[0]' - status (0)
<7>[    1.515513] tas2555 1-004c: ti,cdc-reset-gpio=1012
<7>[    1.515518] of_get_named_gpiod_flags: can't parse 'ti,irq-gpio' property of node '/i2c@ff110000/tas2555@4c[0]'
<3>[    1.515525] tas2555 1-004c: Looking up ti,irq-gpio property in node /i2c@ff110000/tas2555@4c failed -2
<6>[    1.531887] tas2555 1-004c: TAS2555 PGID: 0xd0
<6>[    1.531893] tas2555 1-004c: tas2555_register_codec, enter
<6>[    1.532169] tas2555 1-004c: tas2555_register_misc, leave
<6>[    1.532176] tas2555 1-004c: tiload_driver_init
<6>[    1.532204] tas2555 1-004c: allocated Major Number: 237
<6>[    1.532344] tas2555 1-004c: Registered TiLoad driver, Major number: 237 
<7>[    1.532617] asoc-simple-card tas2555-sound: New simple-card: rockchip,tas2555-codec
<7>[    1.532636] asoc-simple-card tas2555-sound: Revert to legacy daifmt parsing
<6>[    1.534622] u32 classifier
<6>[    1.534630]     Actions configured
<6>[    1.534656] Netfilter messages via NETLINK v0.30.
<6>[    1.534711] nf_conntrack version 0.5.0 (16384 buckets, 65536 max)
<6>[    1.535012] ctnetlink v0.93: registering with nfnetlink.
<6>[    1.535722] tas2555 1-004c: tas2555_fw_ready:
<6>[    1.535731] tas2555 1-004c: FW Size        = 20488
<6>[    1.535737] tas2555 1-004c: Checksum       = 0xCC7D8AF2
<6>[    1.535742] tas2555 1-004c: PPC Version    = 0x10CC000
<6>[    1.535747] tas2555 1-004c: FW  Version    = 0x1010300
<6>[    1.535751] tas2555 1-004c: Driver Version = 0x0201
<6>[    1.535757] tas2555 1-004c: Timestamp      = 1530616429
<6>[    1.535762] tas2555 1-004c: DDC Name       = tas2555_EQ_AGC_Gain_0703_48K
<6>[    1.535766] tas2555 1-004c: Description    = TI SmartAmp
<6>[    1.535804] tas2555 1-004c: find default configuration 0
<6>[    1.535944] xt_time: kernel timezone is -0000
<6>[    1.537187] ip_tables: (C) 2000-2006 Netfilter Core Team
<6>[    1.537338] arp_tables: (C) 2002 David S. Miller
<6>[    1.537835] Initializing XFRM netlink socket
<6>[    1.538203] NET: Registered protocol family 10
<6>[    1.538878] mip6: Mobile IPv6
<6>[    1.538900] ip6_tables: (C) 2000-2006 Netfilter Core Team
<6>[    1.541084] sit: IPv6 over IPv4 tunneling driver
<6>[    1.541513] NET: Registered protocol family 17
<6>[    1.541534] NET: Registered protocol family 15
<6>[    1.541575] bridge: automatic filtering via arp/ip/ip6tables has been deprecated. Update your scripts to load br_netfilter if you need this.
<5>[    1.542625] Bridge firewalling registered
<6>[    1.542638] Ebtables v2.0 registered
<6>[    1.542752] Bluetooth: RFCOMM TTY layer initialized
<6>[    1.542763] Bluetooth: RFCOMM socket layer initialized
<6>[    1.542794] Bluetooth: RFCOMM ver 1.11
<6>[    1.542808] Bluetooth: BNEP (Ethernet Emulation) ver 1.3
<6>[    1.542811] Bluetooth: BNEP filters: protocol multicast
<6>[    1.542821] Bluetooth: BNEP socket layer initialized
<6>[    1.542830] Bluetooth: HIDP (Human Interface Emulation) ver 1.2
<6>[    1.542837] Bluetooth: HIDP socket layer initialized
<6>[    1.542870] l2tp_core: L2TP core driver, V2.0
<6>[    1.542885] l2tp_ppp: PPPoL2TP kernel driver, V2.0
<6>[    1.542896] [WLAN_RFKILL]: Enter rfkill_wlan_init
<6>[    1.543262] [WLAN_RFKILL]: Enter rfkill_wlan_probe
<6>[    1.543337] [WLAN_RFKILL]: wlan_platdata_parse_dt: wifi_chip_type = qca6174a
<6>[    1.543341] [WLAN_RFKILL]: wlan_platdata_parse_dt: enable wifi power control.
<6>[    1.543345] [WLAN_RFKILL]: wlan_platdata_parse_dt: wifi power controled by gpio.
<7>[    1.543388] of_get_named_gpiod_flags: parsed 'WIFI,poweren_gpio' property of node '/wireless-wlan[0]' - status (0)
<6>[    1.543394] [WLAN_RFKILL]: wlan_platdata_parse_dt: get property: WIFI,poweren_gpio = 1003, flags = 0.
<7>[    1.543410] of_get_named_gpiod_flags: parsed 'WIFI,wlanen_gpio' property of node '/wireless-wlan[0]' - status (0)
<6>[    1.543414] [WLAN_RFKILL]: wlan_platdata_parse_dt: get property: WIFI,wlanen_gpio = 1010, flags = 0.
<7>[    1.543419] of_get_named_gpiod_flags: can't parse 'WIFI,reset_gpio' property of node '/wireless-wlan[0]'
<7>[    1.543425] of_get_named_gpiod_flags: can't parse 'WIFI,host_wake_irq' property of node '/wireless-wlan[0]'
<6>[    1.543429] [WLAN_RFKILL]: rfkill_wlan_probe: init gpio
<6>[    1.543465] [WLAN_RFKILL]: Exit rfkill_wlan_probe
<6>[    1.543553] [BT_RFKILL]: Enter rfkill_rk_init
<6>[    1.543679] tas2555 1-004c: load program 0
<7>[    1.543688] tas2555 1-004c: TAS2555 load data: Tuning Mode Program, Blocks = 1, Block Type = 1
<7>[    1.543695] tas2555 1-004c: TAS2555 load block: Type = 1, commands = 3934
<6>[    1.543744] [BT_RFKILL]: bluetooth_platdata_parse_dt: get property wifi-bt-power-toggle.
<7>[    1.543749] of_get_named_gpiod_flags: can't parse 'uart_rts_gpios' property of node '/wireless-bluetooth[0]'
<6>[    1.543754] [BT_RFKILL]: bluetooth_platdata_parse_dt: uart_rts_gpios is unvalid.
<7>[    1.543758] of_get_named_gpiod_flags: can't parse 'BT,power_gpio' property of node '/wireless-bluetooth[0]'
<7>[    1.543779] of_get_named_gpiod_flags: parsed 'BT,reset_gpio' property of node '/wireless-bluetooth[0]' - status (0)
<6>[    1.543783] [BT_RFKILL]: bluetooth_platdata_parse_dt: get property: BT,reset_gpio = 1009.
<7>[    1.543801] of_get_named_gpiod_flags: parsed 'BT,wake_gpio' property of node '/wireless-bluetooth[0]' - status (0)
<6>[    1.543805] [BT_RFKILL]: bluetooth_platdata_parse_dt: get property: BT,wake_gpio = 1090.
<7>[    1.543821] of_get_named_gpiod_flags: parsed 'BT,wake_host_irq' property of node '/wireless-bluetooth[0]' - status (0)
<6>[    1.543825] [BT_RFKILL]: bluetooth_platdata_parse_dt: get property: BT,wake_host_irq = 1004.
<6>[    1.544044] [BT_RFKILL]: Request irq for bt wakeup host
<6>[    1.544093] [BT_RFKILL]: ** disable irq
<6>[    1.544199] [BT_RFKILL]: bt shut off power
<6>[    1.552329] usb 2-1: new full-speed USB device number 2 using ohci-platform
<6>[    1.565790] [BT_RFKILL]: bt_default device registered.
<5>[    1.566700] Registered cp15_barrier emulation handler
<5>[    1.566999] Registered setend emulation handler
<6>[    1.568411] registered taskstats version 1
<3>[    1.569387] rockchip ion idev is NULL
<6>[    1.569398] rga2 ff680000.rga: rga ion client create success!
<6>[    1.569667] rga: Driver loaded successfully ver:3.02
<7>[    1.570708] rockchip-usb2phy ff770000.syscon:usb2-phy@e450: GPIO lookup for consumer otg-vbus
<7>[    1.570714] rockchip-usb2phy ff770000.syscon:usb2-phy@e450: using device tree for GPIO lookup
<7>[    1.570720] of_get_named_gpiod_flags: can't parse 'otg-vbus-gpios' property of node '/syscon@ff770000/usb2-phy@e450[0]'
<7>[    1.570724] of_get_named_gpiod_flags: can't parse 'otg-vbus-gpio' property of node '/syscon@ff770000/usb2-phy@e450[0]'
<7>[    1.570727] rockchip-usb2phy ff770000.syscon:usb2-phy@e450: using lookup tables for GPIO lookup
<7>[    1.570731] rockchip-usb2phy ff770000.syscon:usb2-phy@e450: lookup for GPIO otg-vbus failed
<4>[    1.570735] rockchip-usb2phy ff770000.syscon:usb2-phy@e450: vbus_drv is not assigned
<6>[    1.571929] rockchip-drm display-subsystem: bound ff900000.vop (ops vop_component_ops)
<6>[    1.572040] rockchip-drm display-subsystem: bound ff8f0000.vop (ops vop_component_ops)
<6>[    1.572079] rockchip-drm display-subsystem: bound ff960000.dsi (ops dw_mipi_dsi_ops)
<3>[    1.572355] i2c i2c-9: of_i2c: modalias failure on /hdmi@ff940000/ports
<6>[    1.572367] dwhdmi-rockchip ff940000.hdmi: registered DesignWare HDMI I2C bus driver
<6>[    1.572404] dwhdmi-rockchip ff940000.hdmi: Detected HDMI TX controller v2.11a with HDCP (DWC HDMI 2.0 TX PHY)
<6>[    1.573192] rockchip-drm display-subsystem: bound ff940000.hdmi (ops dw_hdmi_rockchip_ops)
<6>[    1.573446] rockchip-drm display-subsystem: bound fec00000.dp (ops cdn_dp_component_ops)
<6>[    1.573452] [drm:drm_vblank_init] Supports vblank timestamp caching Rev 2 (21.10.2013).
<6>[    1.573455] [drm:drm_vblank_init] No driver support for vblank timestamp query.
<4>[    1.573596] rockchip-drm display-subsystem: failed to parse loader memory
<6>[    1.581698] cdn-dp fec00000.dp: [drm:cdn_dp_pd_event_work] Not connected. Disabling cdn
<6>[    1.581753] rockchip-drm display-subsystem: fb0:  frame buffer device
<6>[    1.597749] mali ff9a0000.gpu: leakage=27
<6>[    1.603227] vendor storage:20160801 ret = 0
<6>[    1.609950] mali ff9a0000.gpu: temp=51666, pvtm=125561 (125441 + 120)
<6>[    1.610782] mali ff9a0000.gpu: pvtm-sel=2
<6>[    1.611791] mali ff9a0000.gpu: GPU identified as 0x0860 r2p0 status 0
<6>[    1.612607] I : [File] : drivers/gpu/arm/midgard/backend/gpu/mali_kbase_devfreq.c; [Line] : 284; [Func] : kbase_devfreq_init(); success initing power_model_simple.
<6>[    1.613111] mali ff9a0000.gpu: Probed as mali0
<6>[    1.619114] xhci-hcd xhci-hcd.8.auto: xHCI Host Controller
<6>[    1.619137] xhci-hcd xhci-hcd.8.auto: new USB bus registered, assigned bus number 3
<6>[    1.619336] xhci-hcd xhci-hcd.8.auto: hcc params 0x0220fe64 hci version 0x110 quirks 0x02030010
<6>[    1.619385] xhci-hcd xhci-hcd.8.auto: irq 232, io mem 0xfe800000
<6>[    1.619513] usb usb3: New USB device found, idVendor=1d6b, idProduct=0002
<6>[    1.619520] usb usb3: New USB device strings: Mfr=3, Product=2, SerialNumber=1
<6>[    1.619526] usb usb3: Product: xHCI Host Controller
<6>[    1.619532] usb usb3: Manufacturer: Linux 4.4.83 xhci-hcd
<6>[    1.619537] usb usb3: SerialNumber: xhci-hcd.8.auto
<6>[    1.620035] hub 3-0:1.0: USB hub found
<6>[    1.620061] hub 3-0:1.0: 1 port detected
<6>[    1.620286] xhci-hcd xhci-hcd.8.auto: xHCI Host Controller
<6>[    1.620299] xhci-hcd xhci-hcd.8.auto: new USB bus registered, assigned bus number 4
<6>[    1.620348] usb usb4: We don't know the algorithms for LPM for this host, disabling LPM.
<6>[    1.620423] usb usb4: New USB device found, idVendor=1d6b, idProduct=0003
<6>[    1.620429] usb usb4: New USB device strings: Mfr=3, Product=2, SerialNumber=1
<6>[    1.620435] usb usb4: Product: xHCI Host Controller
<6>[    1.620441] usb usb4: Manufacturer: Linux 4.4.83 xhci-hcd
<6>[    1.620446] usb usb4: SerialNumber: xhci-hcd.8.auto
<6>[    1.620836] hub 4-0:1.0: USB hub found
<6>[    1.620858] hub 4-0:1.0: 1 port detected
<6>[    1.622067] xhci-hcd xhci-hcd.8.auto: remove, state 1
<6>[    1.622089] usb usb4: USB disconnect, device number 1
<4>[    1.645921] xhci-hcd xhci-hcd.8.auto: Host not halted after 16000 microseconds.
<4>[    1.645929] xhci-hcd xhci-hcd.8.auto: Host controller not halted, aborting reset.
<6>[    1.646002] xhci-hcd xhci-hcd.8.auto: USB bus 4 deregistered
<6>[    1.646012] xhci-hcd xhci-hcd.8.auto: remove, state 1
<6>[    1.646030] usb usb3: USB disconnect, device number 1
<6>[    1.646565] xhci-hcd xhci-hcd.8.auto: USB bus 3 deregistered
<6>[    1.652965] xhci-hcd xhci-hcd.9.auto: xHCI Host Controller
<6>[    1.652977] xhci-hcd xhci-hcd.9.auto: new USB bus registered, assigned bus number 3
<6>[    1.653129] xhci-hcd xhci-hcd.9.auto: hcc params 0x0220fe64 hci version 0x110 quirks 0x02030010
<6>[    1.653154] xhci-hcd xhci-hcd.9.auto: irq 233, io mem 0xfe900000
<6>[    1.653226] usb usb3: New USB device found, idVendor=1d6b, idProduct=0002
<6>[    1.653231] usb usb3: New USB device strings: Mfr=3, Product=2, SerialNumber=1
<6>[    1.653234] usb usb3: Product: xHCI Host Controller
<6>[    1.653238] usb usb3: Manufacturer: Linux 4.4.83 xhci-hcd
<6>[    1.653241] usb usb3: SerialNumber: xhci-hcd.9.auto
<6>[    1.653535] hub 3-0:1.0: USB hub found
<6>[    1.653550] hub 3-0:1.0: 1 port detected
<6>[    1.653680] xhci-hcd xhci-hcd.9.auto: xHCI Host Controller
<6>[    1.653687] xhci-hcd xhci-hcd.9.auto: new USB bus registered, assigned bus number 4
<6>[    1.653715] usb usb4: We don't know the algorithms for LPM for this host, disabling LPM.
<6>[    1.653756] usb usb4: New USB device found, idVendor=1d6b, idProduct=0003
<6>[    1.653759] usb usb4: New USB device strings: Mfr=3, Product=2, SerialNumber=1
<6>[    1.653763] usb usb4: Product: xHCI Host Controller
<6>[    1.653766] usb usb4: Manufacturer: Linux 4.4.83 xhci-hcd
<6>[    1.653768] usb usb4: SerialNumber: xhci-hcd.9.auto
<6>[    1.654020] hub 4-0:1.0: USB hub found
<6>[    1.654033] hub 4-0:1.0: 1 port detected
<6>[    1.657638] ehci-platform fe380000.usb: EHCI Host Controller
<6>[    1.657668] ehci-platform fe380000.usb: new USB bus registered, assigned bus number 5
<6>[    1.657823] ehci-platform fe380000.usb: irq 27, io mem 0xfe380000
<6>[    1.661097] rockchip-dwc3 usb@fe800000: USB peripheral connected
<6>[    1.732096] usb 2-1: not running at top speed; connect to a high speed hub
<6>[    1.744146] usb 2-1: New USB device found, idVendor=2ca3, idProduct=1501
<6>[    1.744153] usb 2-1: New USB device strings: Mfr=1, Product=2, SerialNumber=3
<6>[    1.744159] usb 2-1: Product: DJI Virtual Joystick
<6>[    1.744165] usb 2-1: Manufacturer: DJI
<6>[    1.744170] usb 2-1: SerialNumber: 1234567890
<6>[    1.746640] input: DJI RC as /devices/platform/fe3e0000.usb/usb2/2-1/2-1:1.0/input/input1
<6>[    2.062386] ehci-platform fe380000.usb: USB 2.0 started, EHCI 1.00
<6>[    2.062515] usb usb5: New USB device found, idVendor=1d6b, idProduct=0002
<6>[    2.062522] usb usb5: New USB device strings: Mfr=3, Product=2, SerialNumber=1
<6>[    2.062528] usb usb5: Product: EHCI Host Controller
<6>[    2.062533] usb usb5: Manufacturer: Linux 4.4.83 ehci_hcd
<6>[    2.062539] usb usb5: SerialNumber: fe380000.usb
<6>[    2.063091] hub 5-0:1.0: USB hub found
<6>[    2.063113] hub 5-0:1.0: 1 port detected
<6>[    2.063842] ohci-platform fe3a0000.usb: Generic Platform OHCI controller
<6>[    2.063860] ohci-platform fe3a0000.usb: new USB bus registered, assigned bus number 6
<6>[    2.064079] ohci-platform fe3a0000.usb: irq 28, io mem 0xfe3a0000
<6>[    2.091138] rockchip-iodomain ff770000.syscon:io-domains: Setting to 3300000 done
<6>[    2.091301] rockchip-iodomain ff770000.syscon:io-domains: Setting to 1800000 done
<6>[    2.113918] mmc_host mmc1: Bus speed (slot 0) = 150000000Hz (slot req 150000000Hz, actual 150000000HZ div = 0)
<6>[    2.119786] usb usb6: New USB device found, idVendor=1d6b, idProduct=0001
<6>[    2.119794] usb usb6: New USB device strings: Mfr=3, Product=2, SerialNumber=1
<6>[    2.119800] usb usb6: Product: Generic Platform OHCI controller
<6>[    2.119806] usb usb6: Manufacturer: Linux 4.4.83 ohci_hcd
<6>[    2.119811] usb usb6: SerialNumber: fe3a0000.usb
<6>[    2.120423] hub 6-0:1.0: USB hub found
<6>[    2.120445] hub 6-0:1.0: 1 port detected
<3>[    2.127702] rockchip-dmc dmc: fail to register notify to vop.
<7>[    2.134995] asoc-simple-card tas2555-sound: New simple-card: rockchip,tas2555-codec
<7>[    2.135019] asoc-simple-card tas2555-sound: Revert to legacy daifmt parsing
<7>[    2.135138] asoc-simple-card tas2555-sound: 	name : ff880000.i2s-tas2555 ASI1
<7>[    2.135144] asoc-simple-card tas2555-sound: 	format : 4001
<7>[    2.135149] asoc-simple-card tas2555-sound: 	cpu : ff880000.i2s / 11289600
<7>[    2.135155] asoc-simple-card tas2555-sound: 	codec : tas2555 ASI1 / 11289600
<7>[    2.135165] of_get_named_gpiod_flags: can't parse 'simple-audio-card,hp-det-gpio' property of node '/tas2555-sound[0]'
<6>[    2.135346] tas2555 1-004c: tas2555_codec_probe
<7>[    2.135478] tas2555 1-004c: tas2555_set_dai_sysclk: freq = 11289600
<7>[    2.135968] tas2555 1-004c: tas2555_set_dai_fmt
<6>[    2.137044] asoc-simple-card tas2555-sound: tas2555 ASI1 <-> ff880000.i2s mapping ok
<3>[    2.137070] asoc-simple-card tas2555-sound: ASoC: no source widget found for MICBIAS1
<3>[    2.137076] asoc-simple-card tas2555-sound: ASoC: Failed to add route MICBIAS1 -> direct -> Mic Jack
<3>[    2.137103] asoc-simple-card tas2555-sound: ASoC: no sink widget found for IN1P
<3>[    2.137110] asoc-simple-card tas2555-sound: ASoC: Failed to add route Mic Jack -> direct -> IN1P
<3>[    2.137117] asoc-simple-card tas2555-sound: ASoC: no source widget found for HPOL
<3>[    2.137123] asoc-simple-card tas2555-sound: ASoC: Failed to add route HPOL -> direct -> Headphone Jack
<3>[    2.137129] asoc-simple-card tas2555-sound: ASoC: no source widget found for HPOR
<3>[    2.137135] asoc-simple-card tas2555-sound: ASoC: Failed to add route HPOR -> direct -> Headphone Jack
<6>[    2.142111] rk-hdmi-dp-sound hdmi-dp-sound: i2s-hifi <-> ff8a0000.i2s mapping ok
<3>[    2.144556] otg_wakelock_init: No USB transceiver found
<6>[    2.144678] sensor_init: Probe name sensors
<4>[    2.144688] sensor-dev.c v1.4 add angle calculation support between two gsensors 2013-09-01
<3>[    2.145070] rockchip-pinctrl pinctrl: pin gpio3-4 already requested by ff1c0000.spi; cannot claim for 5-0010
<3>[    2.145076] rockchip-pinctrl pinctrl: pin-100 (5-0010) status -22
<3>[    2.145082] rockchip-pinctrl pinctrl: could not request pin 100 (gpio3-4) from group cm3218-irq-gpio  on device rockchip-pinctrl
<3>[    2.145087] sensors 5-0010: Error applying setting, reverse things back
<6>[    2.145123] i2c i2c-5: sensor_probe: light_cm3218,ffffffc0064d1800
<7>[    2.145146] of_get_named_gpiod_flags: parsed 'irq-gpio' property of node '/i2c@ff140000/cm32181_ls@10[0]' - status (0)
<7>[    2.145151] of_get_named_gpiod_flags: can't parse 'reset-gpio' property of node '/i2c@ff140000/cm32181_ls@10[0]'
<7>[    2.145154] of_get_named_gpiod_flags: can't parse 'power-gpio' property of node '/i2c@ff140000/cm32181_ls@10[0]'
<4>[    2.145163] sensor_chip_init:light_cm3218:devid=0x0,ops=0xffffff80090bec40
<6>[    2.145635] rk808-rtc rk808-rtc: setting system clock to 2013-01-18 09:23:47 UTC (1358501027)
<4>[    2.147270] It doesn't contain Rogue gpu
<6>[    2.169330] dji_lcdid dji-lcdid: panel_dji_lcdid_probe board_id=0 lcd_id=0 lcd_name=TRULY_R63350_55
<6>[    2.169522] I : [File] : drivers/gpu/arm/mali400/mali/linux/mali_kernel_linux.c; [Line] : 414; [Func] : mali_module_init(); svn_rev_string_from_arm of this mali_ko is '-5ab1b2b', rk_ko_ver is '5', built at '14:45:09', on 'Aug 23 2018'.
<4>[    2.169751] Mali: Mali device driver loaded
<7>[    2.170152] of_get_named_gpiod_flags: parsed 'gpios' property of node '/rockchip-key/power-key[0]' - status (0)
<7>[    2.170173] of_get_named_gpiod_flags: parsed 'gpios' property of node '/rockchip-key/power-key[0]' - status (0)
<7>[    2.170199] of_get_named_gpiod_flags: parsed 'gpios' property of node '/rockchip-key/back-key[0]' - status (0)
<7>[    2.170214] of_get_named_gpiod_flags: parsed 'gpios' property of node '/rockchip-key/back-key[0]' - status (0)
<6>[    2.170412] input: rk29-keypad as /devices/platform/rockchip-key/input/input2
<6>[    2.171856] ALSA device list:
<6>[    2.171871]   #0: rockchip,tas2555-codec
<6>[    2.171875]   #1: rk-hdmi-dp-sound
<6>[    2.369153] usb 5-1: new high-speed USB device number 2 using ehci-platform
<6>[    2.399251] input: lightsensor-level as /devices/platform/ff140000.i2c/i2c-5/5-0010/input/input3
<4>[    2.400347] sensor_misc_device_register:miscdevice: lightsensor
<4>[    2.400355] sensor_probe:initialized ok,sensor name:cm3218,type:5,id=51
<4>[    2.400355] 
<6>[    2.400963] Freeing unused kernel memory: 768K
<13>[    2.403950] init: init first stage started!
<7>[    2.408728] SELinux: 4096 avtab hash slots, 9299 rules.
<7>[    2.414286] SELinux: 4096 avtab hash slots, 9299 rules.
<7>[    2.414315] SELinux:  1 users, 2 roles, 737 types, 0 bools, 1 sens, 1024 cats
<7>[    2.414325] SELinux:  63 classes, 9299 rules
<7>[    2.416603] SELinux:  Completing initialization.
<7>[    2.416622] SELinux:  Setting up existing superblocks.
<5>[    2.478731] audit: type=1403 audit(1358501027.830:2): policy loaded auid=4294967295 ses=4294967295
<13>[    2.479881] init: (Initializing SELinux non-enforcing took 0.08s.)
<13>[    2.484844] init: init second stage started!
<11>[    2.490050] init: Setting ro.rk.soc=rk3399
<11>[    2.490172] init: OK,EMMC DRIVERS INIT OK
<11>[    2.490195] init: property_set("ro.boot.mode", "emmc") failed
<11>[    2.490255] init: property_set("ro.hardware", "rk30board") failed
<13>[    2.493131] init: Running restorecon...
<6>[    2.495123] usb 5-1: New USB device found, idVendor=2ca3, idProduct=001f
<6>[    2.495133] usb 5-1: New USB device strings: Mfr=2, Product=3, SerialNumber=4
<6>[    2.495138] usb 5-1: Product: DJI
<6>[    2.495142] usb 5-1: Manufacturer: DJI
<6>[    2.495145] usb 5-1: SerialNumber: FEDCBA9876543210
<6>[    2.500168] rndis_host 5-1:1.0 usb0: register 'rndis_host' at usb-fe380000.usb-1, RNDIS device, 3a:7d:59:08:e9:e3
<6>[    2.500852] usb-storage 5-1:1.2: USB Mass Storage device detected
<6>[    2.501300] scsi host0: usb-storage 5-1:1.2
<6>[    2.502799] cdc_acm 5-1:1.4: ttyACM0: USB ACM device
<11>[    2.536851] init: waitpid failed: No child processes
<11>[    2.537292] init: property_set("ro.board.platform", "rk3399") failed
<11>[    2.537638] init: property_set("ro.rk.screenshot_enable", "true") failed
<11>[    2.537663] init: property_set("ro.adb.secure", "1") failed
<13>[    2.537808] init: (Loading properties from /default.prop took 0.00s.)
<11>[    2.538710] init: could not import file '/init.bootmode.emmc.rc' from '/init.rc': No such file or directory
<11>[    2.538730] init: could not import file '/init.recovery.rk30board.rc' from '/init.rc': No such file or directory
<13>[    2.538746] init: (Parsing /init.rc took 0.00s.)
<13>[    2.538874] init: Starting service 'ueventd'...
<13>[    2.539848] init: Starting service 'healthd'...
<13>[    2.540981] init: Waiting for /dev/.coldboot_done...
<5>[    2.544406] audit: type=1400 audit(1358501027.896:3): avc:  denied  { mknod } for  pid=188 comm="healthd" capability=27  scontext=u:r:healthd:s0 tcontext=u:r:healthd:s0 tclass=capability permissive=1
<5>[    2.544484] audit: type=1400 audit(1358501027.896:4): avc:  denied  { write } for  pid=188 comm="healthd" name="__kmsg__" dev="tmpfs" ino=7758 scontext=u:r:healthd:s0 tcontext=u:object_r:device:s0 tclass=chr_file permissive=1
<5>[    2.544506] audit: type=1400 audit(1358501027.896:5): avc:  denied  { open } for  pid=188 comm="healthd" path="/dev/__kmsg__" dev="tmpfs" ino=7758 scontext=u:r:healthd:s0 tcontext=u:object_r:device:s0 tclass=chr_file permissive=1
<5>[    2.544535] audit: type=1400 audit(1358501027.896:6): avc:  denied  { unlink } for  pid=188 comm="healthd" name="__kmsg__" dev="tmpfs" ino=7758 scontext=u:r:healthd:s0 tcontext=u:object_r:device:s0 tclass=chr_file permissive=1
<12>[    2.544548] healthd: BatteryCurrentNowPath not found
<12>[    2.544555] healthd: BatteryFullChargePath not found
<12>[    2.544560] healthd: BatteryCycleCountPath not found
<13>[    2.544664] ueventd: ueventd started!
<11>[    2.544700] DJICharger: open /dev/ttyS4 failed:No such file or directory
<11>[    2.545426] ueventd: invalid gid 'trace'
<6>[    2.661084] dwmmc_rockchip fe320000.dwmmc: Successfully tuned phase to 76
<6>[    2.661131] mmc1: new ultra high speed SDR104 SDHC card at address 0007
<6>[    2.662651] mmcblk1: mmc1:0007 SD16G 14.9 GiB 
<6>[    2.664416]  mmcblk1: p1
<13>[    2.728157] ueventd: Coldboot took 0.18s.
<13>[    2.734015] init: Waiting for /dev/.coldboot_done took 0.19s.
<11>[    2.734087] init: /dev/hw_random not found
<11>[    2.735487] init: /dev/hw_random not found
<6>[    2.736450] file system registered
<13>[    2.738426] init: write_file: Unable to open '/sys/class/android_usb/android0/enable': Permission denied
<13>[    2.738458] init: write_file: Unable to open '/sys/class/android_usb/android0/idVendor': Permission denied
<13>[    2.738483] init: write_file: Unable to open '/sys/class/android_usb/android0/idProduct': Permission denied
<13>[    2.738509] init: write_file: Unable to open '/sys/class/android_usb/android0/f_ffs/aliases': No such file or directory
<13>[    2.738533] init: write_file: Unable to open '/sys/class/android_usb/android0/functions': Permission denied
<13>[    2.738567] init: write_file: Unable to open '/sys/class/android_usb/android0/iManufacturer': Permission denied
<13>[    2.738595] init: write_file: Unable to open '/sys/class/android_usb/android0/iProduct': Permission denied
<11>[    2.738610] init: property 'ro.serialno' doesn't exist while expanding '${ro.serialno}'
<11>[    2.738617] init: write: cannot expand '${ro.serialno}'
<11>[    2.739122] init: finit_module for "/drmboot.ko" failed: Exec format errorinit: (Loading properties from /system/build.prop took 0.00s.)
<13>[    2.739230] init: (Loading properties from /vendor/build.prop took 0.00s.)
<13>[    2.739247] init: (Loading properties from /factory/factory.prop took 0.00s.)
<11>[    2.739363] fs_mgr: Warning: unknown flag resize
<11>[    2.739417] init: /recovery not specified in fstab
<13>[    2.740126] init: Starting service 'recovery'...
<13>[    2.741604] init: Starting service 'adbd'...
<11>[    2.747296] fs_mgr: Warning: unknown flag resize
<11>[    2.748611] fs_mgr: Warning: unknown flag resize
<6>[    2.754450] cyttsp5_i2c_adapter 2-0070: _cyttsp5_firmware_cont_builtin: No builtin firmware
<6>[    2.754479] cyttsp5_i2c_adapter 2-0070: cyttsp5_get_platform_ttconfig: Panel ID not enabled, using legacy ttconfig
<6>[    2.754487] cyttsp5_i2c_adapter 2-0070: cyttsp5_check_firmware_version: img vers:0x0106 new vers:0x0106
<6>[    2.754491] cyttsp5_i2c_adapter 2-0070: cyttsp5_check_firmware_version: img revctrl:0xD114C new revctrl:0xD114C
<6>[    2.756013] cyttsp5_i2c_adapter 2-0070: cyttsp5_cmcp_parse_threshold_file: No builtin cmcp threshold file
<6>[    2.839841] dw-mipi-dsi ff960000.dsi: vop LIT output to dsi0
<6>[    2.839898] dw-mipi-dsi ff960000.dsi: final DSI-Link bandwidth: 992 x 4 Mbps
<7>[    3.126344] tas2555 1-004c: Block[0x1] PChkSum match
<7>[    3.126369] tas2555 1-004c: Block[0x1] YChkSum match
<7>[    3.126378] tas2555 1-004c: TAS2555 load PLL: pll block for Configuration configuration_Tuning Mode_48 KHz_s1
<7>[    3.126386] tas2555 1-004c: TAS2555 load block: Type = 0, commands = 15
<6>[    3.133700] tas2555 1-004c: TAS2555 PLL_CLKIN = 0x0D
<7>[    3.133707] tas2555 1-004c: load configuration configuration_Tuning Mode_48 KHz_s1 conefficient pre block
<7>[    3.133714] tas2555 1-004c: TAS2555 load data: Snapshot 1, Blocks = 2, Block Type = 4
<7>[    3.133721] tas2555 1-004c: TAS2555 load block: Type = 4, commands = 9
<7>[    3.140695] tas2555 1-004c: Block[0x4] YChkSum match
<7>[    3.140702] tas2555 1-004c: tas2555_load_configuration: 0
<7>[    3.140712] tas2555 1-004c: TAS2555 was powered down -> set flag to load configuration data when OS powers up the TAS2555 the next time
<5>[    3.510060] scsi 0:0:0:0: Direct-Access     DJI      File-CD Gadget   0310 PQ: 0 ANSI: 2
<5>[    3.512145] scsi 0:0:0:1: Direct-Access     DJI      File-CD Gadget   0310 PQ: 0 ANSI: 2
<5>[    3.515020] sd 0:0:0:0: Attached scsi generic sg0 type 0
<5>[    3.516190] sd 0:0:0:1: Attached scsi generic sg1 type 0
<5>[    3.520182] sd 0:0:0:0: [sda] Attached SCSI removable disk
<5>[    3.520881] sd 0:0:0:1: [sdb] Attached SCSI removable disk
<6>[    4.037524] fusb302 4-0022: PD disabled
<6>[    4.363522] EXT4-fs (mmcblk2p10): mounted filesystem with ordered data mode. Opts: (null)
<4>[    4.366635] EXT4-fs (mmcblk2p12): warning: maximal mount count reached, running e2fsck is recommended
<6>[    4.367332] EXT4-fs (mmcblk2p12): mounted filesystem with ordered data mode. Opts: (null)
<5>[    4.367655] audit: type=1400 audit(1358501029.720:7): avc:  denied  { open } for  pid=194 comm="recovery" path="/dev/__properties__/u:object_r:wc_transport_prop:s0" dev="tmpfs" ino=178 scontext=u:r:recovery:s0 tcontext=u:object_r:wc_transport_prop:s0 tclass=file permissive=1
<5>[    4.367678] audit: type=1400 audit(1358501029.720:8): avc:  denied  { getattr } for  pid=194 comm="recovery" path="/dev/__properties__/u:object_r:wc_transport_prop:s0" dev="tmpfs" ino=178 scontext=u:r:recovery:s0 tcontext=u:object_r:wc_transport_prop:s0 tclass=file permissive=1
<5>[    4.367773] audit: type=1400 audit(1358501029.720:9): avc:  denied  { open } for  pid=194 comm="recovery" path="/dev/__properties__/u:object_r:secureboot_prop:s0" dev="tmpfs" ino=179 scontext=u:r:recovery:s0 tcontext=u:object_r:secureboot_prop:s0 tclass=file permissive=1
<5>[    4.367787] audit: type=1400 audit(1358501029.720:10): avc:  denied  { getattr } for  pid=194 comm="recovery" path="/dev/__properties__/u:object_r:secureboot_prop:s0" dev="tmpfs" ino=179 scontext=u:r:recovery:s0 tcontext=u:object_r:secureboot_prop:s0 tclass=file permissive=1
<4>[    5.365355] ttyS4 - failed to request DMA
<11>[    5.365629] register uart handler
<11>[    5.365629] : 
<6>[    7.848710] phy phy-ff770000.syscon:usb2-phy@e450.5: charger = USB_SDP_CHARGER
<5>[   10.236154] random: nonblocking pool is initialized
<6>[   12.968347] read descriptors
<6>[   12.968393] read strings
<6>[   13.277866] android_work: sent uevent USB_STATE=CONNECTED
<6>[   13.282640] android_work: sent uevent USB_STATE=DISCONNECTED
<6>[   13.387538] android_work: sent uevent USB_STATE=CONNECTED
<6>[   13.417859] configfs-gadget gadget: high-speed config #1: b
<6>[   13.418143] android_work: sent uevent USB_STATE=CONFIGURED
