<6>[    0.000000] Booting Linux on physical CPU 0x0
<6>[    0.000000] Initializing cgroup subsys cpuset
<6>[    0.000000] Initializing cgroup subsys cpu
<6>[    0.000000] Initializing cgroup subsys cpuacct
<6>[    0.000000] Initializing cgroup subsys schedtune
<5>[    0.000000] Linux version 4.4.83 (jenkins@RDCMP33-in) (gcc version 4.9 20150123 (prerelease) (GCC) ) #1 SMP PREEMPT Thu Aug 23 14:45:36 HKT 2018
<6>[    0.000000] Boot CPU: AArch64 Processor [410fd034]
<6>[    0.000000] earlycon: Early serial console at MMIO32 0xff1a0000 (options '')
<6>[    0.000000] bootconsole [uart0] enabled
<6>[    0.000000] Reserved memory: failed to reserve memory for node 'drm-logo@00000000': base 0x0000000000000000, size 0 MiB
<6>[    0.000000] Reserved memory: failed to reserve memory for node 'stb-devinfo@00000000': base 0x0000000000000000, size 0 MiB
<6>[    0.000000] cma: Reserved 16 MiB at 0x00000000f7000000
<7>[    0.000000] On node 0 totalpages: 1011200
<7>[    0.000000]   DMA zone: 15864 pages used for memmap
<7>[    0.000000]   DMA zone: 0 pages reserved
<7>[    0.000000]   DMA zone: 1011200 pages, LIFO batch:31
<6>[    0.000000] psci: probing for conduit method from DT.
<6>[    0.000000] psci: PSCIv1.0 detected in firmware.
<6>[    0.000000] psci: Using standard PSCI v0.2 function IDs
<6>[    0.000000] psci: Trusted OS migration not required
<6>[    0.000000] PERCPU: Embedded 21 pages/cpu @ffffffc0f6eef000 s45760 r8192 d32064 u86016
<7>[    0.000000] pcpu-alloc: s45760 r8192 d32064 u86016 alloc=21*4096
<7>[    0.000000] pcpu-alloc: [0] 0 [0] 1 [0] 2 [0] 3 [0] 4 [0] 5 
<6>[    0.000000] Detected VIPT I-cache on CPU0
<6>[    0.000000] CPU features: enabling workaround for ARM erratum 845719
<6>[    0.000000] Built 1 zonelists in Zone order, mobility grouping on.  Total pages: 995336
<5>[    0.000000] Kernel command line: earlycon=uart8250,mmio32,0xff1a0000 swiotlb=1 androidboot.baseband=N/A androidboot.selinux=permissive androidboot.hardware=rk30board androidboot.console=ttyFIQ0 init=/init mtdparts=rk29xxnand:0x00002000@0x00000000(parameter),0x00002000@0x00002000(uboot),0x00002000@0x00004000(trust),0x00002000@0x00006000(misc),0x00008000@0x00008000(resource),0x0000C000@0x00010000(kernel),0x00020000@0x0001C000(boot),0x00020000@0x0003C000(recovery),0x00038000@0x0005C000(backup),0x00040000@0x00094000(cache),0x00600000@0x000D4000(system),0x00008000@0x006D4000(metadata),0x00000040@0x006DC000(verity_mode),0x00002000@0x006DC040(baseparamer),0x00000400@0x006DE040(frp),-@0x006DE440(userdata) storagemedia=emmc uboot_logo=0x02000000@0xf5c00000 loader.timestamp=2018-09-18_10:32:58 SecureBootCheckOk=1 dji.lcdid=0
<6>[    0.000000] PID hash table entries: 4096 (order: 3, 32768 bytes)
<6>[    0.000000] Dentry cache hash table entries: 524288 (order: 10, 4194304 bytes)
<6>[    0.000000] Inode-cache hash table entries: 262144 (order: 9, 2097152 bytes)
<6>[    0.000000] software IO TLB [mem 0xf6ea7000-0xf6ee7000] (0MB) mapped at [ffffffc0f6ea7000-ffffffc0f6ee6fff]
<6>[    0.000000] Memory: 3922664K/4044800K available (10238K kernel code, 1180K rwdata, 4932K rodata, 768K init, 1087K bss, 105752K reserved, 16384K cma-reserved)
<5>[    0.000000] Virtual kernel memory layout:
<5>[    0.000000]     modules : 0xffffff8000000000 - 0xffffff8008000000   (   128 MB)
<5>[    0.000000]     vmalloc : 0xffffff8008000000 - 0xffffffbdbfff0000   (   246 GB)
<5>[    0.000000]       .init : 0xffffff8008f60000 - 0xffffff8009020000   (   768 KB)
<5>[    0.000000]       .text : 0xffffff8008080000 - 0xffffff8008a80000   ( 10240 KB)
<5>[    0.000000]     .rodata : 0xffffff8008a80000 - 0xffffff8008f60000   (  4992 KB)
<5>[    0.000000]       .data : 0xffffff8009020000 - 0xffffff8009147008   (  1181 KB)
<5>[    0.000000]     vmemmap : 0xffffffbdc0000000 - 0xffffffbfc0000000   (     8 GB maximum)
<5>[    0.000000]               0xffffffbdc0008000 - 0xffffffbdc3e00000   (    61 MB actual)
<5>[    0.000000]     fixed   : 0xffffffbffe7fd000 - 0xffffffbffec00000   (  4108 KB)
<5>[    0.000000]     PCI I/O : 0xffffffbffee00000 - 0xffffffbfffe00000   (    16 MB)
<5>[    0.000000]     memory  : 0xffffffc000200000 - 0xffffffc0f8000000   (  3966 MB)
<6>[    0.000000] SLUB: HWalign=64, Order=0-3, MinObjects=0, CPUs=6, Nodes=1
<6>[    0.000000] Preemptible hierarchical RCU implementation.
<6>[    0.000000] 	Build-time adjustment of leaf fanout to 64.
<6>[    0.000000] 	RCU restricting CPUs from NR_CPUS=8 to nr_cpu_ids=6.
<6>[    0.000000] RCU: Adjusting geometry for rcu_fanout_leaf=64, nr_cpu_ids=6
<6>[    0.000000] NR_IRQS:64 nr_irqs:64 0
<6>[    0.000000] GIC: Using split EOI/Deactivate mode
<6>[    0.000000] ITS: /interrupt-controller@fee00000/interrupt-controller@fee20000
<6>[    0.000000] ITS: allocated 65536 Devices @f2000000 (psz 64K, shr 0)
<6>[    0.000000] ITS: using cache flushing for cmd queue
<6>[    0.000000] GIC: using LPI property table @0x00000000f2080000
<6>[    0.000000] ITS: Allocated 1792 chunks for LPIs
<6>[    0.000000] CPU0: found redistributor 0 region 0:0x00000000fef00000
<6>[    0.000000] CPU0: using LPI pending table @0x00000000f2090000
<6>[    0.000000] GIC: using cache flushing for LPI property table
<6>[    0.000000] GIC: PPI partition interrupt-partition-0[0] { /cpus/cpu@0[0] /cpus/cpu@1[1] /cpus/cpu@2[2] /cpus/cpu@3[3] }
<6>[    0.000000] GIC: PPI partition interrupt-partition-1[1] { /cpus/cpu@100[4] /cpus/cpu@101[5] }
<4>[    0.000000] rockchip_clk_register_frac_branch: could not find dclk_vop0_frac as parent of dclk_vop0, rate changes may not work
<4>[    0.000000] rockchip_clk_register_frac_branch: could not find dclk_vop1_frac as parent of dclk_vop1, rate changes may not work
<4>[    0.000000] rockchip_cpuclk_pre_rate_change: limiting alt-divider 33 to 31
<6>[    0.000000] Architected cp15 timer(s) running at 24.00MHz (phys).
<6>[    0.000000] clocksource: arch_sys_counter: mask: 0xffffffffffffff max_cycles: 0x588fe9dc0, max_idle_ns: 440795202592 ns
<6>[    0.000005] sched_clock: 56 bits at 24MHz, resolution 41ns, wraps every 4398046511097ns
<6>[    0.001063] Calibrating delay loop (skipped), value calculated using timer frequency.. 48.00 BogoMIPS (lpj=80000)
<6>[    0.001077] pid_max: default: 32768 minimum: 301
<6>[    0.001163] Security Framework initialized
<6>[    0.001174] SELinux:  Initializing.
<7>[    0.001225] SELinux:  Starting in permissive mode
<6>[    0.001264] Mount-cache hash table entries: 8192 (order: 4, 65536 bytes)
<6>[    0.001276] Mountpoint-cache hash table entries: 8192 (order: 4, 65536 bytes)
<6>[    0.002102] Initializing cgroup subsys io
<6>[    0.002123] Initializing cgroup subsys freezer
<6>[    0.002136] Initializing cgroup subsys debug
<6>[    0.003091] sched-energy: Sched-energy-costs installed from DT
<6>[    0.003102] CPU0: update cpu_capacity 401
<6>[    0.003155] ASID allocator initialised with 65536 entries
<6>[    0.019821] PCI/MSI: /interrupt-controller@fee00000/interrupt-controller@fee20000 domain created
<6>[    0.020269] Platform MSI: /interrupt-controller@fee00000/interrupt-controller@fee20000 domain created
<6>[    0.033229] Detected VIPT I-cache on CPU1
<6>[    0.033257] CPU1: found redistributor 1 region 0:0x00000000fef20000
<6>[    0.033294] CPU1: using LPI pending table @0x00000000f2200000
<6>[    0.033336] CPU1: update cpu_capacity 401
<6>[    0.033340] CPU1: Booted secondary processor [410fd034]
<6>[    0.043220] Detected VIPT I-cache on CPU2
<6>[    0.043239] CPU2: found redistributor 2 region 0:0x00000000fef40000
<6>[    0.043271] CPU2: using LPI pending table @0x00000000f2230000
<6>[    0.043299] CPU2: update cpu_capacity 401
<6>[    0.043302] CPU2: Booted secondary processor [410fd034]
<6>[    0.053261] Detected VIPT I-cache on CPU3
<6>[    0.053279] CPU3: found redistributor 3 region 0:0x00000000fef60000
<6>[    0.053312] CPU3: using LPI pending table @0x00000000f2270000
<6>[    0.053339] CPU3: update cpu_capacity 401
<6>[    0.053343] CPU3: Booted secondary processor [410fd034]
<6>[    0.063310] Detected PIPT I-cache on CPU4
<6>[    0.063339] CPU4: found redistributor 100 region 0:0x00000000fef80000
<6>[    0.063378] CPU4: using LPI pending table @0x00000000f22c0000
<6>[    0.063420] CPU4: update cpu_capacity 1024
<6>[    0.063424] CPU4: Booted secondary processor [410fd082]
<6>[    0.073332] Detected PIPT I-cache on CPU5
<6>[    0.073349] CPU5: found redistributor 101 region 0:0x00000000fefa0000
<6>[    0.073386] CPU5: using LPI pending table @0x00000000f22e0000
<6>[    0.073413] CPU5: update cpu_capacity 1024
<6>[    0.073416] CPU5: Booted secondary processor [410fd082]
<6>[    0.073499] Brought up 6 CPUs
<6>[    0.073580] SMP: Total of 6 processors activated.
<6>[    0.073588] CPU features: detected feature: GIC system register CPU interface
<6>[    0.073600] CPU: All CPU(s) started at EL2
<6>[    0.073643] alternatives: patching kernel code
<6>[    0.075353] devtmpfs: initialized
<6>[    0.095582] clocksource: jiffies: mask: 0xffffffff max_cycles: 0xffffffff, max_idle_ns: 6370867519511994 ns
<6>[    0.095611] futex hash table entries: 2048 (order: 5, 131072 bytes)
<6>[    0.096733] pinctrl core: initialized pinctrl subsystem
<3>[    0.099340] Failed to find legacy iommu devices
<6>[    0.099868] NET: Registered protocol family 16
<6>[    0.100461] schedtune: init normalization constants...
<6>[    0.100473] schedtune: CLUSTER[0-3]      min_pwr:    56 max_pwr:   222
<6>[    0.100483] schedtune: CPU[0]            min_pwr:     0 max_pwr:   222
<6>[    0.100491] schedtune: CPU[1]            min_pwr:     0 max_pwr:   222
<6>[    0.100499] schedtune: CPU[2]            min_pwr:     0 max_pwr:   222
<6>[    0.100507] schedtune: CPU[3]            min_pwr:     0 max_pwr:   222
<6>[    0.100515] schedtune: CLUSTER[4-5]      min_pwr:    65 max_pwr:  1108
<6>[    0.100524] schedtune: CPU[4]            min_pwr:     0 max_pwr:  1108
<6>[    0.100532] schedtune: CPU[5]            min_pwr:     0 max_pwr:  1108
<6>[    0.100540] schedtune: SYSTEM            min_pwr:   121 max_pwr:  4434
<6>[    0.100547] schedtune: using normalization constants mul: 3862781856 sh1: 1 sh2: 12
<6>[    0.100553] schedtune: verify normalization constants...
<6>[    0.100560] schedtune: max_pwr/2^0: 4313 => norm_pwr:  1024
<6>[    0.100566] schedtune: max_pwr/2^1: 2156 => norm_pwr:   511
<6>[    0.100573] schedtune: max_pwr/2^2: 1078 => norm_pwr:   255
<6>[    0.100579] schedtune: max_pwr/2^3:  539 => norm_pwr:   127
<6>[    0.100586] schedtune: max_pwr/2^4:  269 => norm_pwr:    63
<6>[    0.100592] schedtune: max_pwr/2^5:  134 => norm_pwr:    31
<6>[    0.100599] schedtune: configured to support 5 boost groups
<6>[    0.113440] cpuidle: using governor ladder
<6>[    0.126800] cpuidle: using governor menu
<6>[    0.126824] Registered FIQ tty driver
<6>[    0.127306] vdso: 2 pages (1 code @ ffffff8008a86000, 1 data @ ffffff8009024000)
<6>[    0.127337] hw-breakpoint: found 6 breakpoint and 4 watchpoint registers.
<6>[    0.128122] DMA: preallocated 256 KiB pool for atomic allocations
<7>[    0.145164] gpiochip_add: registered GPIOs 1000 to 1031 on device: gpio0
<7>[    0.145266] gpiochip_add: registered GPIOs 1032 to 1063 on device: gpio1
<7>[    0.145358] gpiochip_add: registered GPIOs 1064 to 1095 on device: gpio2
<7>[    0.145443] gpiochip_add: registered GPIOs 1096 to 1127 on device: gpio3
<7>[    0.145533] gpiochip_add: registered GPIOs 1128 to 1159 on device: gpio4
<6>[    0.153854] console [pstore0] enabled
<6>[    0.154146] pstore: Registered ramoops as persistent store backend
<6>[    0.154156] ramoops: attached 0xf0000@0x110000, ecc: 0/0
<6>[    0.155975] fiq debugger fiq mode enabled
<6>[    0.156470] console [ttyFIQ0] enabled
<6>[    0.156478] bootconsole [uart0] disabled
<6>[    0.156742] Registered fiq debugger ttyFIQ0
<6>[    0.195095] Rockchip hdmi driver version 2.0
<6>[    0.195095] .
<7>[    0.195945] of_get_named_gpiod_flags: parsed 'rockchip,power-ctrl' property of node '/rockchip-suspend[0]' - status (0)
<7>[    0.195992] of_get_named_gpiod_flags: parsed 'rockchip,power-ctrl' property of node '/rockchip-suspend[1]' - status (0)
<7>[    0.196354] of_get_named_gpiod_flags: can't parse 'gpio' property of node '/vcc3v3-sys[0]'
<7>[    0.196631] of_get_named_gpiod_flags: can't parse 'gpio' property of node '/vcc2v3-sys[0]'
<7>[    0.196986] of_get_named_gpiod_flags: parsed 'gpio' property of node '/vcc3v0-sd[0]' - status (0)
<6>[    0.197684] iommu: Adding device ff650000.vpu_service to group 0
<6>[    0.197765] iommu: Adding device ff660000.rkvdec to group 1
<6>[    0.197841] iommu: Adding device ff670000.iep to group 2
<6>[    0.197979] iommu: Adding device ff8f0000.vop to group 3
<6>[    0.198067] iommu: Adding device ff900000.vop to group 4
<6>[    0.198217] iommu: Adding device ff910000.isp to group 5
<6>[    0.198305] iommu: Adding device ff920000.isp to group 6
<6>[    0.199193] rk_iommu ff670800.iommu: can't get aclk
<6>[    0.199205] rk_iommu ff670800.iommu: can't get hclk
<5>[    0.200337] SCSI subsystem initialized
<6>[    0.200616] usbcore: registered new interface driver usbfs
<6>[    0.200669] usbcore: registered new interface driver hub
<6>[    0.200772] usbcore: registered new device driver usb
<6>[    0.201240] media: Linux media interface: v0.10
<6>[    0.201285] Linux video capture interface: v2.00
<6>[    0.201356] pps_core: LinuxPPS API ver. 1 registered
<6>[    0.201364] pps_core: Software ver. 5.3.6 - Copyright 2005-2007 Rodolfo Giometti <giometti@linux.it>
<6>[    0.201389] PTP clock support registered
<6>[    0.203455] Advanced Linux Sound Architecture Driver Initialized.
<6>[    0.204085] Bluetooth: Core ver 2.21
<6>[    0.204152] NET: Registered protocol family 31
<6>[    0.204159] Bluetooth: HCI device and connection manager initialized
<6>[    0.204170] Bluetooth: HCI socket layer initialized
<6>[    0.204179] Bluetooth: L2CAP socket layer initialized
<6>[    0.204203] Bluetooth: SCO socket layer initialized
<6>[    0.204553] cfg80211: World regulatory domain updated:
<6>[    0.204560] cfg80211:  DFS Master region: unset
<6>[    0.204566] cfg80211:   (start_freq - end_freq @ bandwidth), (max_antenna_gain, max_eirp), (dfs_cac_time)
<6>[    0.204575] cfg80211:   (2402000 KHz - 2472000 KHz @ 20000 KHz), (N/A, 2000 mBm), (N/A)
<6>[    0.204583] cfg80211:   (2457000 KHz - 2482000 KHz @ 20000 KHz, 92000 KHz AUTO), (N/A, 2000 mBm), (N/A)
<6>[    0.204590] cfg80211:   (2474000 KHz - 2494000 KHz @ 20000 KHz), (N/A, 2000 mBm), (N/A)
<6>[    0.204598] cfg80211:   (5170000 KHz - 5250000 KHz @ 80000 KHz, 160000 KHz AUTO), (N/A, 2000 mBm), (N/A)
<6>[    0.204605] cfg80211:   (5250000 KHz - 5330000 KHz @ 80000 KHz, 160000 KHz AUTO), (N/A, 2000 mBm), (0 s)
<6>[    0.204612] cfg80211:   (5490000 KHz - 5730000 KHz @ 160000 KHz), (N/A, 2000 mBm), (0 s)
<6>[    0.204618] cfg80211:   (5735000 KHz - 5835000 KHz @ 80000 KHz), (N/A, 2000 mBm), (N/A)
<6>[    0.204624] cfg80211:   (57240000 KHz - 63720000 KHz @ 2160000 KHz), (N/A, 0 mBm), (N/A)
<6>[    0.205444] rockchip-cpuinfo cpuinfo: Serial		: 46a5b5d08cec2729
<6>[    0.205859] clocksource: Switched to clocksource arch_sys_counter
<4>[    0.243945] thermal thermal_zone1: power_allocator: sustainable_power will be estimated
<6>[    0.244062] NET: Registered protocol family 2
<6>[    0.244485] TCP established hash table entries: 32768 (order: 6, 262144 bytes)
<6>[    0.244746] TCP bind hash table entries: 32768 (order: 7, 524288 bytes)
<6>[    0.245275] TCP: Hash tables configured (established 32768 bind 32768)
<6>[    0.245350] UDP hash table entries: 2048 (order: 4, 65536 bytes)
<6>[    0.245453] UDP-Lite hash table entries: 2048 (order: 4, 65536 bytes)
<6>[    0.245692] NET: Registered protocol family 1
<7>[    0.245734] PCI: CLS 0 bytes, default 64
<6>[    0.245995] Trying to unpack rootfs image as initramfs...
<6>[    0.873886] Freeing initrd memory: 14272K
<6>[    0.874331] hw perfevents: enabled with armv8_cortex_a53 PMU driver, 7 counters available
<6>[    0.874408] hw perfevents: enabled with armv8_cortex_a72 PMU driver, 7 counters available
<6>[    0.876649] audit: initializing netlink subsys (disabled)
<5>[    0.876722] audit: type=2000 audit(0.873:1): initialized
<5>[    0.881856] VFS: Disk quotas dquot_6.6.0
<6>[    0.881987] VFS: Dquot-cache hash table entries: 512 (order 0, 4096 bytes)
<6>[    0.883067] exFAT: Version 1.2.9
<6>[    0.883645] ntfs: driver 2.1.32 [Flags: R/O].
<6>[    0.883813] fuse init (API version 7.23)
<7>[    0.884509] SELinux:  Registering netfilter hooks
<6>[    0.884907] 
<6>[    0.884907] TEE Core Framework initialization (ver 1:0.1)
<6>[    0.884927] TEE armv7 Driver initialization
<6>[    0.885239] tz_tee_probe: name="armv7sec", id=0, pdev_name="armv7sec.0"
<6>[    0.885248] TEE core: Alloc the misc device "opteearmtz00" (id=0)
<6>[    0.885423] TEE Core: Register the misc device "opteearmtz00" (id=0,minor=62)
<6>[    0.889102] Block layer SCSI generic (bsg) driver version 0.4 loaded (major 247)
<6>[    0.889116] io scheduler noop registered
<6>[    0.889245] io scheduler cfq registered (default)
<7>[    0.890439] rockchip-usb2phy ff770000.syscon:usb2-phy@e460: GPIO lookup for consumer otg-vbus
<7>[    0.890448] rockchip-usb2phy ff770000.syscon:usb2-phy@e460: using device tree for GPIO lookup
<7>[    0.890458] of_get_named_gpiod_flags: can't parse 'otg-vbus-gpios' property of node '/syscon@ff770000/usb2-phy@e460[0]'
<7>[    0.890466] of_get_named_gpiod_flags: can't parse 'otg-vbus-gpio' property of node '/syscon@ff770000/usb2-phy@e460[0]'
<7>[    0.890473] rockchip-usb2phy ff770000.syscon:usb2-phy@e460: using lookup tables for GPIO lookup
<7>[    0.890481] rockchip-usb2phy ff770000.syscon:usb2-phy@e460: lookup for GPIO otg-vbus failed
<4>[    0.890488] rockchip-usb2phy ff770000.syscon:usb2-phy@e460: vbus_drv is not assigned
<7>[    0.893854] pwm-backlight backlight: GPIO lookup for consumer enable
<7>[    0.893864] pwm-backlight backlight: using device tree for GPIO lookup
<7>[    0.893893] of_get_named_gpiod_flags: parsed 'enable-gpios' property of node '/backlight[0]' - status (0)
<7>[    0.893904] no flags found for enable
<4>[    0.893929] backlight supply power not found, using dummy regulator
<3>[    0.894736] iep: failed to find iep power down clock source.
<4>[    0.895090] IEP Power ON
<4>[    0.895236] IEP Power OFF
<4>[    0.895260] IEP Driver loaded succesfully
<4>[    0.895342] Module initialized.
<6>[    0.895750] rk-vcodec ff650000.vpu_service: probe device
<6>[    0.895786] rk-vcodec ff650000.vpu_service: vpu mmu dec ffffffc0f18c3c10
<6>[    0.895937] rk-vcodec ff650000.vpu_service: allocator is drm
<6>[    0.895984] rk-vcodec ff650000.vpu_service: checking hw id 0
<6>[    0.896385] rk-vcodec ff650000.vpu_service: init success
<6>[    0.896920] rk-vcodec ff660000.rkvdec: probe device
<6>[    0.896956] rk-vcodec ff660000.rkvdec: vpu mmu dec ffffffc0f18c4410
<6>[    0.897076] rk-vcodec ff660000.rkvdec: allocator is drm
<6>[    0.897123] rk-vcodec ff660000.rkvdec: checking hw id 6876
<6>[    0.897407] rk-vcodec ff660000.rkvdec: init success
<6>[    0.898777] dma-pl330 ff6d0000.dma-controller: Loaded driver for PL330 DMAC-241330
<6>[    0.898788] dma-pl330 ff6d0000.dma-controller: 	DBUFF-32x8bytes Num_Chans-6 Num_Peri-12 Num_Events-12
<6>[    0.900152] dma-pl330 ff6e0000.dma-controller: Loaded driver for PL330 DMAC-241330
<6>[    0.900161] dma-pl330 ff6e0000.dma-controller: 	DBUFF-128x8bytes Num_Chans-8 Num_Peri-20 Num_Events-16
<7>[    0.901005] pwm-regulator vdd-log: GPIO lookup for consumer enable
<7>[    0.901013] pwm-regulator vdd-log: using device tree for GPIO lookup
<7>[    0.901022] of_get_named_gpiod_flags: can't parse 'enable-gpios' property of node '/vdd-log[0]'
<7>[    0.901029] of_get_named_gpiod_flags: can't parse 'enable-gpio' property of node '/vdd-log[0]'
<7>[    0.901036] pwm-regulator vdd-log: using lookup tables for GPIO lookup
<7>[    0.901043] pwm-regulator vdd-log: lookup for GPIO enable failed
<6>[    0.901513] Serial: 8250/16550 driver, 5 ports, IRQ sharing disabled
<6>[    0.903219] console [ttyS0] disabled
<6>[    0.903258] ff180000.serial: ttyS0 at MMIO 0xff180000 (irq = 36, base_baud = 1500000) is a 16550A
<6>[    0.903813] ff190000.serial: ttyS1 at MMIO 0xff190000 (irq = 37, base_baud = 1500000) is a 16550A
<6>[    0.904337] ff1a0000.serial: ttyS2 at MMIO 0xff1a0000 (irq = 38, base_baud = 1500000) is a 16550A
<6>[    0.904931] ff1b0000.serial: ttyS3 at MMIO 0xff1b0000 (irq = 39, base_baud = 1500000) is a 16550A
<6>[    0.905492] ff370000.serial: ttyS4 at MMIO 0xff370000 (irq = 42, base_baud = 1500000) is a 16550A
<6>[    0.905847] [drm:drm_core_init] Initialized drm 1.1.0 20060810
<4>[    0.910302] ff960000.dsi.0 supply power not found, using dummy regulator
<7>[    0.910354] panel-simple-dsi ff960000.dsi.0: GPIO lookup for consumer enable
<7>[    0.910362] panel-simple-dsi ff960000.dsi.0: using device tree for GPIO lookup
<7>[    0.910390] of_get_named_gpiod_flags: parsed 'enable-gpios' property of node '/dsi@ff960000/panel@0[0]' - status (0)
<7>[    0.910403] no flags found for enable
<7>[    0.910411] panel-simple-dsi ff960000.dsi.0: GPIO lookup for consumer reset
<7>[    0.910417] panel-simple-dsi ff960000.dsi.0: using device tree for GPIO lookup
<7>[    0.910440] of_get_named_gpiod_flags: parsed 'reset-gpios' property of node '/dsi@ff960000/panel@0[0]' - status (0)
<7>[    0.910448] no flags found for reset
<6>[    0.910522] panel_dji_get_lcdid : get lcdid val = 0
<6>[    0.910536] panel-simple-dsi ff960000.dsi.0: panel_simple_dsi_parse_dcs_cmds: dcs_cmd=5 len=520, cmd_cnt=40
<6>[    0.910546] panel-simple-dsi ff960000.dsi.0: panel_simple_dsi_parse_dcs_cmds: dcs_cmd=5 len=8, cmd_cnt=2
<3>[    0.910919] mali ff9a0000.gpu: Failed to get regulator
<3>[    0.910928] mali ff9a0000.gpu: Power control initialization failed
<4>[    0.911210] Unable to detect cache hierarchy from DT for CPU 0
<6>[    0.919000] brd: module loaded
<6>[    0.923713] loop: module loaded
<6>[    0.924231] zram: Added device: zram0
<6>[    0.924798] SCSI Media Changer driver v0.25 
<4>[    0.925439] rockchip-spi ff1c0000.spi: Failed to request TX DMA channel
<4>[    0.925449] rockchip-spi ff1c0000.spi: Failed to request RX DMA channel
<6>[    0.926188] tun: Universal TUN/TAP device driver, 1.6
<6>[    0.926193] tun: (C) 1999-2004 Max Krasnyansky <maxk@qualcomm.com>
<6>[    0.926724] PPP generic driver version 2.4.2
<6>[    0.926875] PPP BSD Compression module registered
<6>[    0.926886] PPP Deflate Compression module registered
<6>[    0.926912] PPP MPPE Compression module registered
<6>[    0.926928] NET: Registered protocol family 24
<6>[    0.926969] SLIP: version 0.8.4-NET3.019-NEWTTY (dynamic channels, max=256) (6 bit encapsulation enabled).
<6>[    0.926975] CSLIP: code copyright 1989 Regents of the University of California.
<4>[    0.926991] Rockchip WiFi SYS interface (V1.00) ... 
<6>[    0.927059] usbcore: registered new interface driver catc
<6>[    0.927095] usbcore: registered new interface driver kaweth
<6>[    0.927106] pegasus: v0.9.3 (2013/04/25), Pegasus/Pegasus II USB Ethernet driver
<6>[    0.927139] usbcore: registered new interface driver pegasus
<6>[    0.927176] usbcore: registered new interface driver rtl8150
<6>[    0.927211] usbcore: registered new interface driver r8152
<6>[    0.927222] hso: drivers/net/usb/hso.c: Option Wireless
<6>[    0.927270] usbcore: registered new interface driver hso
<6>[    0.927315] usbcore: registered new interface driver asix
<6>[    0.927351] usbcore: registered new interface driver ax88179_178a
<6>[    0.927386] usbcore: registered new interface driver cdc_ether
<6>[    0.927421] usbcore: registered new interface driver cdc_eem
<6>[    0.927456] usbcore: registered new interface driver dm9601
<6>[    0.927502] usbcore: registered new interface driver smsc75xx
<6>[    0.927549] usbcore: registered new interface driver smsc95xx
<6>[    0.927585] usbcore: registered new interface driver gl620a
<6>[    0.927622] usbcore: registered new interface driver net1080
<6>[    0.927658] usbcore: registered new interface driver plusb
<6>[    0.927694] usbcore: registered new interface driver rndis_host
<6>[    0.927733] usbcore: registered new interface driver cdc_subset
<6>[    0.927768] usbcore: registered new interface driver zaurus
<6>[    0.927806] usbcore: registered new interface driver MOSCHIP usb-ethernet driver
<6>[    0.927858] usbcore: registered new interface driver int51x1
<6>[    0.927894] usbcore: registered new interface driver kalmia
<6>[    0.927937] usbcore: registered new interface driver ipheth
<6>[    0.927977] usbcore: registered new interface driver sierra_net
<6>[    0.928013] usbcore: registered new interface driver cx82310_eth
<6>[    0.928058] usbcore: registered new interface driver cdc_ncm
<6>[    0.928093] usbcore: registered new interface driver qmi_wwan
<6>[    0.928132] usbcore: registered new interface driver cdc_mbim
<3>[    0.929269] rockchip-dwc3 usb@fe800000: failed to get drvdata dwc3
<3>[    0.934564] rockchip-dwc3 usb@fe900000: fail to get drvdata hcd
<6>[    0.935160] ehci_hcd: USB 2.0 'Enhanced' Host Controller (EHCI) Driver
<6>[    0.935172] ehci-pci: EHCI PCI platform driver
<6>[    0.935222] ehci-platform: EHCI generic platform driver
<6>[    0.939008] ehci-platform fe3c0000.usb: EHCI Host Controller
<6>[    0.939031] ehci-platform fe3c0000.usb: new USB bus registered, assigned bus number 1
<6>[    0.939162] ehci-platform fe3c0000.usb: irq 29, io mem 0xfe3c0000
<6>[    0.945875] ehci-platform fe3c0000.usb: USB 2.0 started, EHCI 1.00
<6>[    0.946001] usb usb1: New USB device found, idVendor=1d6b, idProduct=0002
<6>[    0.946011] usb usb1: New USB device strings: Mfr=3, Product=2, SerialNumber=1
<6>[    0.946019] usb usb1: Product: EHCI Host Controller
<6>[    0.946025] usb usb1: Manufacturer: Linux 4.4.83 ehci_hcd
<6>[    0.946032] usb usb1: SerialNumber: fe3c0000.usb
<6>[    0.946491] hub 1-0:1.0: USB hub found
<6>[    0.946520] hub 1-0:1.0: 1 port detected
<6>[    0.946998] ohci_hcd: USB 1.1 'Open' Host Controller (OHCI) Driver
<6>[    0.947026] ohci-platform: OHCI generic platform driver
<6>[    0.947455] ohci-platform fe3e0000.usb: Generic Platform OHCI controller
<6>[    0.947474] ohci-platform fe3e0000.usb: new USB bus registered, assigned bus number 2
<6>[    0.947579] ohci-platform fe3e0000.usb: irq 30, io mem 0xfe3e0000
<6>[    1.003349] usb usb2: New USB device found, idVendor=1d6b, idProduct=0001
<6>[    1.003358] usb usb2: New USB device strings: Mfr=3, Product=2, SerialNumber=1
<6>[    1.003366] usb usb2: Product: Generic Platform OHCI controller
<6>[    1.003372] usb usb2: Manufacturer: Linux 4.4.83 ohci_hcd
<6>[    1.003378] usb usb2: SerialNumber: fe3e0000.usb
<6>[    1.003858] hub 2-0:1.0: USB hub found
<6>[    1.003887] hub 2-0:1.0: 1 port detected
<6>[    1.004670] usbcore: registered new interface driver cdc_acm
<6>[    1.004675] cdc_acm: USB Abstract Control Model driver for USB modems and ISDN adapters
<6>[    1.004732] usbcore: registered new interface driver usblp
<6>[    1.004774] usbcore: registered new interface driver cdc_wdm
<6>[    1.004814] usbcore: registered new interface driver uas
<6>[    1.004881] usbcore: registered new interface driver usb-storage
<6>[    1.004917] usbcore: registered new interface driver ums-alauda
<6>[    1.004953] usbcore: registered new interface driver ums-cypress
<6>[    1.004992] usbcore: registered new interface driver ums-datafab
<6>[    1.005027] usbcore: registered new interface driver ums_eneub6250
<6>[    1.005062] usbcore: registered new interface driver ums-freecom
<6>[    1.005100] usbcore: registered new interface driver ums-isd200
<6>[    1.005135] usbcore: registered new interface driver ums-jumpshot
<6>[    1.005171] usbcore: registered new interface driver ums-karma
<6>[    1.005207] usbcore: registered new interface driver ums-onetouch
<6>[    1.005244] usbcore: registered new interface driver ums-sddr09
<6>[    1.005280] usbcore: registered new interface driver ums-sddr55
<6>[    1.005318] usbcore: registered new interface driver ums-usbat
<6>[    1.005392] usbcore: registered new interface driver usbserial
<6>[    1.005422] usbcore: registered new interface driver usbserial_generic
<6>[    1.005446] usbserial: USB Serial support registered for generic
<6>[    1.005485] usbcore: registered new interface driver option
<6>[    1.005508] usbserial: USB Serial support registered for GSM modem (1-port)
<6>[    1.005606] usbcore: registered new interface driver trancevibrator
<6>[    1.005620] usb20_otg: version 3.10a 21-DEC-2012
<6>[    1.005783] usb20_host: version 3.10a 21-DEC-2012
<6>[    1.006119] usbcore: registered new interface driver xpad
<6>[    1.006166] usbcore: registered new interface driver usb_acecad
<6>[    1.006207] usbcore: registered new interface driver aiptek
<6>[    1.006250] usbcore: registered new interface driver gtco
<6>[    1.006291] usbcore: registered new interface driver hanwang
<6>[    1.006331] usbcore: registered new interface driver kbtab
<6>[    1.006431] cyttsp5_loader_init: Parade TTSP FW Loader Driver (Built TTDA.03.08.874312) rc=0
<6>[    1.006446] cyttsp5_device_access_init: Parade TTSP Device Access Driver (Built TTDA.03.08.874312) rc=0
<6>[    1.006459] cyttsp5_test_device_access_api_init: Enter
<3>[    1.006465] cyttsp5_device_access_user_command: No device.
<4>[    1.006638] sensor_register_slave:cm3218,id=51
<6>[    1.007241] i2c /dev entries driver
<7>[    1.008042] fan53555-regulator 0-0040: GPIO lookup for consumer vsel
<7>[    1.008050] fan53555-regulator 0-0040: using device tree for GPIO lookup
<7>[    1.008077] of_get_named_gpiod_flags: parsed 'vsel-gpios' property of node '/i2c@ff3c0000/syr827@40[0]' - status (0)
<6>[    1.008469] fan53555-regulator 0-0040: FAN53555 Option[8] Rev[1] Detected!
<6>[    1.008524] fan53555-reg: supplied by vcc3v3_sys
<7>[    1.010457] fan53555-regulator 0-0041: GPIO lookup for consumer vsel
<7>[    1.010465] fan53555-regulator 0-0041: using device tree for GPIO lookup
<7>[    1.010489] of_get_named_gpiod_flags: parsed 'vsel-gpios' property of node '/i2c@ff3c0000/syr828@41[0]' - status (0)
<6>[    1.010849] fan53555-regulator 0-0041: FAN53555 Option[8] Rev[1] Detected!
<6>[    1.010890] fan53555-reg: supplied by vcc3v3_sys
<6>[    1.013247] rk808 0-001b: Pmic Chip id: 0x0
<7>[    1.016530] rk808 0-001b: GPIO lookup for consumer dvs
<7>[    1.016537] rk808 0-001b: using device tree for GPIO lookup
<7>[    1.016547] of_get_named_gpiod_flags: can't parse 'dvs-gpios' property of node '/i2c@ff3c0000/pmic@1b[0]'
<7>[    1.016555] of_get_named_gpiod_flags: can't parse 'dvs-gpio' property of node '/i2c@ff3c0000/pmic@1b[0]'
<7>[    1.016561] rk808 0-001b: using lookup tables for GPIO lookup
<7>[    1.016568] rk808 0-001b: lookup for GPIO dvs failed
<4>[    1.016576] rk808-regulator rk808-regulator: there is no dvs0 gpio
<7>[    1.016582] rk808 0-001b: GPIO lookup for consumer dvs
<7>[    1.016589] rk808 0-001b: using device tree for GPIO lookup
<7>[    1.016596] of_get_named_gpiod_flags: can't parse 'dvs-gpios' property of node '/i2c@ff3c0000/pmic@1b[1]'
<7>[    1.016603] of_get_named_gpiod_flags: can't parse 'dvs-gpio' property of node '/i2c@ff3c0000/pmic@1b[1]'
<7>[    1.016609] rk808 0-001b: using lookup tables for GPIO lookup
<7>[    1.016615] rk808 0-001b: lookup for GPIO dvs failed
<4>[    1.016622] rk808-regulator rk808-regulator: there is no dvs1 gpio
<6>[    1.016700] DCDC_REG1: supplied by vcc3v3_sys
<6>[    1.017376] DCDC_REG2: supplied by vcc3v3_sys
<6>[    1.017872] DCDC_REG3: supplied by vcc3v3_sys
<6>[    1.018074] DCDC_REG4: supplied by vcc3v3_sys
<6>[    1.018478] LDO_REG1: supplied by vcc3v3_sys
<6>[    1.019536] LDO_REG2: supplied by vcc3v3_sys
<6>[    1.020438] LDO_REG3: supplied by vcc2v3_sys
<6>[    1.021360] LDO_REG4: supplied by vcc2v3_sys
<6>[    1.022255] LDO_REG5: supplied by vcc2v3_sys
<6>[    1.023165] LDO_REG6: supplied by vcc2v3_sys
<6>[    1.024090] LDO_REG7: supplied by vcc2v3_sys
<6>[    1.024997] LDO_REG8: supplied by vcc3v3_sys
<6>[    1.025925] SWITCH_REG1: supplied by vcc3v3_sys
<6>[    1.026156] SWITCH_REG2: supplied by vcc2v3_sys
<6>[    1.029668] rk808-rtc rk808-rtc: rtc core: registered rk808-rtc as rtc0
<7>[    1.030145] of_get_named_gpiod_flags: parsed 'poweroff-notify-1549-pin' property of node '/i2c@ff3c0000/pmic@1b[0]' - status (0)
<6>[    1.030203] rk3x-i2c ff3c0000.i2c: Initialized RK3xxx I2C bus at ffffff800949e000
<6>[    1.030793] rk3x-i2c ff110000.i2c: Initialized RK3xxx I2C bus at ffffff80094fa000
<4>[    1.031357] fts_ts_probe in
<7>[    1.031390] of_get_named_gpiod_flags: parsed 'focaltech,reset-gpio' property of node '/i2c@ff120000/focaltech@38[0]' - status (0)
<7>[    1.031412] of_get_named_gpiod_flags: parsed 'focaltech,irq-gpio' property of node '/i2c@ff120000/focaltech@38[0]' - status (0)
<3>[    1.031530] fts_ts 2-0038: fts_i2c_read: i2c read error.
<3>[    1.031538] fts_ts 2-0038: version read failed
<4>[    1.031545] fts_ts_probe:load failed(-6)!
<6>[    1.031679] rk3x-i2c ff120000.i2c: Initialized RK3xxx I2C bus at ffffff80094fc000
<7>[    1.031808] of_get_named_gpiod_flags: parsed 'cy,irq_gpio' property of node '/i2c@ff120000/cyttsp5@70/cy,core[0]' - status (0)
<7>[    1.031835] of_get_named_gpiod_flags: parsed 'cy,rst_gpio' property of node '/i2c@ff120000/cyttsp5@70/cy,core[0]' - status (0)
<4>[    1.031911] cyttsp5_probe in
<6>[    1.031923] cyttsp5_i2c_adapter 2-0070: cyttsp5_probe: Init HW
<6>[    1.031956] cyttsp5_i2c_adapter 2-0070: cyttsp5_init: INIT CYTTSP RST gpio=1066 and IRQ gpio=1067 r=0
<6>[    1.032325] rk3x-i2c ff140000.i2c: Initialized RK3xxx I2C bus at ffffff8009572000
<7>[    1.033189] fusb302 4-0022: GPIO lookup for consumer int-n
<7>[    1.033197] fusb302 4-0022: using device tree for GPIO lookup
<7>[    1.033223] of_get_named_gpiod_flags: parsed 'int-n-gpios' property of node '/i2c@ff3d0000/fusb30x@22[0]' - status (0)
<7>[    1.033242] fusb302 4-0022: GPIO lookup for consumer vbus-5v
<7>[    1.033248] fusb302 4-0022: using device tree for GPIO lookup
<7>[    1.033270] of_get_named_gpiod_flags: parsed 'vbus-5v-gpios' property of node '/i2c@ff3d0000/fusb30x@22[0]' - status (0)
<7>[    1.033290] fusb302 4-0022: GPIO lookup for consumer vbus-other
<7>[    1.033296] fusb302 4-0022: using device tree for GPIO lookup
<7>[    1.033305] of_get_named_gpiod_flags: can't parse 'vbus-other-gpios' property of node '/i2c@ff3d0000/fusb30x@22[0]'
<7>[    1.033312] of_get_named_gpiod_flags: can't parse 'vbus-other-gpio' property of node '/i2c@ff3d0000/fusb30x@22[0]'
<7>[    1.033318] fusb302 4-0022: using lookup tables for GPIO lookup
<7>[    1.033325] fusb302 4-0022: lookup for GPIO vbus-other failed
<7>[    1.033332] fusb302 4-0022: GPIO lookup for consumer discharge
<7>[    1.033338] fusb302 4-0022: using device tree for GPIO lookup
<7>[    1.033345] of_get_named_gpiod_flags: can't parse 'discharge-gpios' property of node '/i2c@ff3d0000/fusb30x@22[0]'
<7>[    1.033352] of_get_named_gpiod_flags: can't parse 'discharge-gpio' property of node '/i2c@ff3d0000/fusb30x@22[0]'
<7>[    1.033358] fusb302 4-0022: using lookup tables for GPIO lookup
<7>[    1.033364] fusb302 4-0022: lookup for GPIO discharge failed
<6>[    1.034073] fusb302 4-0022: fusb302 send extcon(gpio) to disable vbus 5v
<6>[    1.043019] fusb302 4-0022: port 0 probe success
<6>[    1.043041] rk3x-i2c ff3d0000.i2c: Initialized RK3xxx I2C bus at ffffff8009574000
<6>[    1.043826] IR NEC protocol handler initialized
<6>[    1.043837] IR RC5(x/sz) protocol handler initialized
<6>[    1.043847] IR RC6 protocol handler initialized
<6>[    1.043856] IR JVC protocol handler initialized
<6>[    1.043866] IR Sony protocol handler initialized
<6>[    1.043876] IR SANYO protocol handler initialized
<6>[    1.043886] IR Sharp protocol handler initialized
<6>[    1.043896] IR MCE Keyboard/mouse protocol handler initialized
<6>[    1.043906] IR XMP protocol handler initialized
<6>[    1.043989] usbcore: registered new interface driver uvcvideo
<6>[    1.043993] USB Video Class driver (1.1.1)
<7>[    1.045476] of_get_named_gpiod_flags: parsed 'charge-state' property of node '/virtual_battery[0]' - status (0)
<7>[    1.045516] of_get_named_gpiod_flags: parsed 'battery-ok' property of node '/virtual_battery[0]' - status (0)
<4>[    1.045760] thermal thermal_zone2: power_allocator: sustainable_power will be estimated
<6>[    1.046158] cyttsp5_i2c_adapter 2-0070: cyttsp5_startup_: Bootloader mode
<6>[    1.049921] dji201x virtual_battery: dji/dji2013 driver v1.2 probe sucess
<3>[    1.050786] rk_tsadcv2_temp_to_code: Invalid conversion table: code=1023, temperature=2147483647
<6>[    1.051328] device-mapper: uevent: version 1.0.3
<6>[    1.051587] device-mapper: ioctl: 4.34.0-ioctl (2015-10-28) initialised: dm-devel@redhat.com
<6>[    1.051718] Bluetooth: HCI UART driver ver 2.3
<6>[    1.051727] Bluetooth: HCI UART protocol H4 registered
<6>[    1.051732] Bluetooth: HCI UART protocol LL registered
<6>[    1.051743] rtk_btusb: RTKBT_RELEASE_NAME: 20170109_TV_ANDROID_6.x
<6>[    1.051748] rtk_btusb: Realtek Bluetooth USB driver module init, version 4.1.2
<6>[    1.051753] rtk_btusb: Register usb char device interface for BT driver
<6>[    1.051953] usbcore: registered new interface driver rtk_btusb
<6>[    1.052423] cpu cpu0: leakage=20
<6>[    1.052796] cyttsp5_i2c_adapter 2-0070: cyttsp5_startup_: Operational mode
<6>[    1.052805] cyttsp5_i2c_adapter 2-0070: cyttsp5_startup_: Reading report descriptor
<6>[    1.069004] cpu cpu0: temp=49375, pvtm=147113 (146585 + 528)
<6>[    1.069292] cpu cpu0: pvtm-sel=1
<6>[    1.069589] cpu cpu4: leakage=35
<6>[    1.081720] cpu cpu4: temp=49375, pvtm=155109 (154829 + 280)
<6>[    1.081855] cpu cpu4: pvtm-sel=2
<6>[    1.087003] sdhci: Secure Digital Host Controller Interface driver
<6>[    1.087007] sdhci: Copyright(c) Pierre Ossman
<6>[    1.087013] Synopsys Designware Multimedia Card Interface Driver
<6>[    1.087495] dwmmc_rockchip fe310000.dwmmc: IDMAC supports 32-bit address mode.
<6>[    1.087565] dwmmc_rockchip fe310000.dwmmc: Using internal DMA controller.
<6>[    1.087575] dwmmc_rockchip fe310000.dwmmc: Version ID is 270a
<6>[    1.087599] dwmmc_rockchip fe310000.dwmmc: DW MMC controller at irq 24,32 bit host data width,256 deep fifo
<6>[    1.087616] dwmmc_rockchip fe310000.dwmmc: 'clock-freq-min-max' property was deprecated.
<6>[    1.087639] dwmmc_rockchip fe310000.dwmmc: No vmmc regulator found
<6>[    1.087642] dwmmc_rockchip fe310000.dwmmc: No vqmmc regulator found
<7>[    1.087653] dwmmc_rockchip fe310000.dwmmc: GPIO lookup for consumer cd
<7>[    1.087655] dwmmc_rockchip fe310000.dwmmc: using device tree for GPIO lookup
<7>[    1.087660] of_get_named_gpiod_flags: can't parse 'cd-gpios' property of node '/dwmmc@fe310000[0]'
<7>[    1.087664] of_get_named_gpiod_flags: can't parse 'cd-gpio' property of node '/dwmmc@fe310000[0]'
<7>[    1.087667] dwmmc_rockchip fe310000.dwmmc: using lookup tables for GPIO lookup
<7>[    1.087671] dwmmc_rockchip fe310000.dwmmc: lookup for GPIO cd failed
<7>[    1.087675] dwmmc_rockchip fe310000.dwmmc: GPIO lookup for consumer wp
<7>[    1.087677] dwmmc_rockchip fe310000.dwmmc: using device tree for GPIO lookup
<7>[    1.087681] of_get_named_gpiod_flags: can't parse 'wp-gpios' property of node '/dwmmc@fe310000[0]'
<7>[    1.087684] of_get_named_gpiod_flags: can't parse 'wp-gpio' property of node '/dwmmc@fe310000[0]'
<7>[    1.087687] dwmmc_rockchip fe310000.dwmmc: using lookup tables for GPIO lookup
<7>[    1.087690] dwmmc_rockchip fe310000.dwmmc: lookup for GPIO wp failed
<6>[    1.099279] mmc_host mmc0: Bus speed (slot 0) = 400000Hz (slot req 400000Hz, actual 400000HZ div = 0)
<6>[    1.113629] dwmmc_rockchip fe310000.dwmmc: 1 slots initialized
<6>[    1.113913] dwmmc_rockchip fe320000.dwmmc: IDMAC supports 32-bit address mode.
<6>[    1.113939] dwmmc_rockchip fe320000.dwmmc: Using internal DMA controller.
<6>[    1.113948] dwmmc_rockchip fe320000.dwmmc: Version ID is 270a
<6>[    1.113968] dwmmc_rockchip fe320000.dwmmc: DW MMC controller at irq 25,32 bit host data width,256 deep fifo
<6>[    1.113976] dwmmc_rockchip fe320000.dwmmc: 'clock-freq-min-max' property was deprecated.
<7>[    1.114074] dwmmc_rockchip fe320000.dwmmc: GPIO lookup for consumer cd
<7>[    1.114078] dwmmc_rockchip fe320000.dwmmc: using device tree for GPIO lookup
<7>[    1.114082] of_get_named_gpiod_flags: can't parse 'cd-gpios' property of node '/dwmmc@fe320000[0]'
<7>[    1.114086] of_get_named_gpiod_flags: can't parse 'cd-gpio' property of node '/dwmmc@fe320000[0]'
<7>[    1.114089] dwmmc_rockchip fe320000.dwmmc: using lookup tables for GPIO lookup
<7>[    1.114092] dwmmc_rockchip fe320000.dwmmc: lookup for GPIO cd failed
<7>[    1.114096] dwmmc_rockchip fe320000.dwmmc: GPIO lookup for consumer wp
<7>[    1.114099] dwmmc_rockchip fe320000.dwmmc: using device tree for GPIO lookup
<7>[    1.114102] of_get_named_gpiod_flags: can't parse 'wp-gpios' property of node '/dwmmc@fe320000[0]'
<7>[    1.114106] of_get_named_gpiod_flags: can't parse 'wp-gpio' property of node '/dwmmc@fe320000[0]'
<7>[    1.114108] dwmmc_rockchip fe320000.dwmmc: using lookup tables for GPIO lookup
<7>[    1.114111] dwmmc_rockchip fe320000.dwmmc: lookup for GPIO wp failed
<6>[    1.114195] rockchip-iodomain ff770000.syscon:io-domains: Setting to 3300000 done
<6>[    1.114485] rockchip-iodomain ff770000.syscon:io-domains: Setting to 3300000 done
<6>[    1.125936] mmc_host mmc1: Bus speed (slot 0) = 400000Hz (slot req 400000Hz, actual 400000HZ div = 0)
<6>[    1.140276] dwmmc_rockchip fe320000.dwmmc: 1 slots initialized
<6>[    1.140468] sdhci-pltfm: SDHCI platform and OF driver helper
<7>[    1.142784] sdhci-arasan fe330000.sdhci: GPIO lookup for consumer wp
<7>[    1.142789] sdhci-arasan fe330000.sdhci: using device tree for GPIO lookup
<7>[    1.142793] of_get_named_gpiod_flags: can't parse 'wp-gpios' property of node '/sdhci@fe330000[0]'
<7>[    1.142797] of_get_named_gpiod_flags: can't parse 'wp-gpio' property of node '/sdhci@fe330000[0]'
<7>[    1.142801] sdhci-arasan fe330000.sdhci: using lookup tables for GPIO lookup
<7>[    1.142804] sdhci-arasan fe330000.sdhci: lookup for GPIO wp failed
<6>[    1.144911] sdhci-arasan fe330000.sdhci: No vmmc regulator found
<6>[    1.144915] sdhci-arasan fe330000.sdhci: No vqmmc regulator found
<6>[    1.172676] mmc2: SDHCI controller on fe330000.sdhci [fe330000.sdhci] using ADMA
<6>[    1.173379] hidraw: raw HID events driver (C) Jiri Kosina
<6>[    1.175446] usbcore: registered new interface driver usbhid
<6>[    1.175452] usbhid: USB HID core driver
<7>[    1.175952] of_get_named_gpiod_flags: parsed 'irq-gpio' property of node '/spi@ff1c0000/mpu6500@0[0]' - status (0)
<6>[    1.175980] inv_mpu_iio_spi spi32766.0: int_config=0,level_shifter=0,irq=ad
<6>[    1.175985] inv_mpu_iio_spi spi32766.0: 1 
<6>[    1.175990] inv_mpu_iio_spi spi32766.0: 0 
<6>[    1.175995] inv_mpu_iio_spi spi32766.0: 0 
<6>[    1.176000] inv_mpu_iio_spi spi32766.0: 0 
<6>[    1.176004] inv_mpu_iio_spi spi32766.0: 1 
<6>[    1.176009] inv_mpu_iio_spi spi32766.0: 0 
<6>[    1.176013] inv_mpu_iio_spi spi32766.0: 0 
<6>[    1.176018] inv_mpu_iio_spi spi32766.0: 0 
<6>[    1.176023] inv_mpu_iio_spi spi32766.0: 1 
<6>[    1.176027] inv_mpu_iio_spi spi32766.0: 
<6>[    1.176030] inv_mpu_iio: secondary_i2c_addr=0
<6>[    1.227442] mmc2: MAN_BKOPS_EN bit is not set
<6>[    1.241157] mmc2: new HS400 Enhanced strobe MMC card at address 0001
<6>[    1.241966] mmcblk2: mmc2:0001 016G70 14.7 GiB 
<6>[    1.242538] mmcblk2boot0: mmc2:0001 016G70 partition 1 4.00 MiB
<6>[    1.243102] mmcblk2boot1: mmc2:0001 016G70 partition 2 4.00 MiB
<6>[    1.243761] mmcblk2rpmb: mmc2:0001 016G70 partition 3 4.00 MiB
<6>[    1.244297]  parameter: 0x000000000 -- 0x000400000 (4 MB)
<6>[    1.244303]      uboot: 0x000400000 -- 0x000800000 (4 MB)
<6>[    1.244308]      trust: 0x000800000 -- 0x000c00000 (4 MB)
<6>[    1.244312]       misc: 0x000c00000 -- 0x001000000 (4 MB)
<6>[    1.244317]   resource: 0x001000000 -- 0x002000000 (16 MB)
<6>[    1.244322]     kernel: 0x002000000 -- 0x003800000 (24 MB)
<6>[    1.244327]       boot: 0x003800000 -- 0x007800000 (64 MB)
<6>[    1.244332]   recovery: 0x007800000 -- 0x00b800000 (64 MB)
<6>[    1.244337]     backup: 0x00b800000 -- 0x012800000 (112 MB)
<6>[    1.244342]      cache: 0x012800000 -- 0x01a800000 (128 MB)
<6>[    1.244347]     system: 0x01a800000 -- 0x0da800000 (3072 MB)
<6>[    1.244352]   metadata: 0x0da800000 -- 0x0db800000 (16 MB)
<6>[    1.244357] verity_mode: 0x0db800000 -- 0x0db808000 (0 MB)
<6>[    1.244361] baseparamer: 0x0db808000 -- 0x0dbc08000 (4 MB)
<6>[    1.244366]        frp: 0x0dbc08000 -- 0x0dbc88000 (0 MB)
<6>[    1.244371]   userdata: 0x0dbc88000 -- 0x3ab000000 (11507 MB)
<6>[    1.244413]  mmcblk2: p1 p2 p3 p4 p5 p6 p7 p8 p9 p10 p11 p12 p13 p14 p15 p16
<6>[    1.251936] cyttsp5_i2c_adapter 2-0070: cyttsp5 Protocol Version: 1.6
<6>[    1.262279] input: cyttsp5_mt as /devices/platform/ff120000.i2c/i2c-2/2-0070/input/input0
<6>[    1.262726] cyttsp5_i2c_adapter 2-0070: cyttsp5_loader_probe: Successful probe 2-0070
<4>[    1.262736] cyttsp5_probe:load success!
<4>[    1.266830] cyttsp5_i2c_adapter 2-0070: Direct firmware load for ttdl_cmcp_thresholdfile.csv failed with error -2
<4>[    1.266837] cyttsp5_i2c_adapter 2-0070: Falling back to user helper
<4>[    1.267301] cyttsp5_i2c_adapter 2-0070: Direct firmware load for cyttsp5_fw.bin failed with error -2
<4>[    1.267307] cyttsp5_i2c_adapter 2-0070: Falling back to user helper
<6>[    1.295632] rockchip-iodomain ff770000.syscon:io-domains: Setting to 3300000 done
<6>[    1.296010] rockchip-iodomain ff770000.syscon:io-domains: Setting to 1800000 done
<6>[    1.323363] mmc_host mmc1: Bus speed (slot 0) = 100000000Hz (slot req 100000000Hz, actual 100000000HZ div = 0)
<6>[    1.487494] inv_mpu_iio_spi spi32766.0: mpu6500 is ready to go!
<6>[    1.487616] inv_mpu_iio: inv_mpu_init:746
<6>[    1.488269] ashmem: initialized
<3>[    1.489284] rockchip-dmc dmc: unable to get devfreq-event device : dfi
<4>[    1.489993] ff100000.saradc supply vref not found, using dummy regulator
<3>[    1.496243] rknandbase v1.1 2016-11-08
<6>[    1.496878] usbcore: registered new interface driver snd-usb-audio
<6>[    1.498281] tas2555 1-004c: tas2555_i2c_probe enter
<7>[    1.498316] of_get_named_gpiod_flags: parsed 'ti,pwren-gpio' property of node '/i2c@ff110000/tas2555@4c[0]' - status (0)
<7>[    1.498322] tas2555 1-004c: ti,pwren-gpio=1008
<7>[    1.498338] of_get_named_gpiod_flags: parsed 'ti,cdc-reset-gpio' property of node '/i2c@ff110000/tas2555@4c[0]' - status (0)
<7>[    1.498344] tas2555 1-004c: ti,cdc-reset-gpio=1012
<7>[    1.498349] of_get_named_gpiod_flags: can't parse 'ti,irq-gpio' property of node '/i2c@ff110000/tas2555@4c[0]'
<3>[    1.498355] tas2555 1-004c: Looking up ti,irq-gpio property in node /i2c@ff110000/tas2555@4c failed -2
<6>[    1.512414] tas2555 1-004c: TAS2555 PGID: 0xd0
<6>[    1.512427] tas2555 1-004c: tas2555_register_codec, enter
<6>[    1.512664] tas2555 1-004c: tas2555_register_misc, leave
<6>[    1.512671] tas2555 1-004c: tiload_driver_init
<6>[    1.512693] tas2555 1-004c: allocated Major Number: 237
<6>[    1.512778] tas2555 1-004c: Registered TiLoad driver, Major number: 237 
<6>[    1.513163] tas2555 1-004c: tas2555_fw_ready:
<6>[    1.513171] tas2555 1-004c: FW Size        = 20488
<6>[    1.513177] tas2555 1-004c: Checksum       = 0xCC7D8AF2
<6>[    1.513182] tas2555 1-004c: PPC Version    = 0x10CC000
<6>[    1.513186] tas2555 1-004c: FW  Version    = 0x1010300
<6>[    1.513192] tas2555 1-004c: Driver Version = 0x0201
<6>[    1.513197] tas2555 1-004c: Timestamp      = 1530616429
<6>[    1.513202] tas2555 1-004c: DDC Name       = tas2555_EQ_AGC_Gain_0703_48K
<6>[    1.513206] tas2555 1-004c: Description    = TI SmartAmp
<6>[    1.513240] tas2555 1-004c: find default configuration 0
<7>[    1.513587] asoc-simple-card tas2555-sound: New simple-card: rockchip,tas2555-codec
<7>[    1.513605] asoc-simple-card tas2555-sound: Revert to legacy daifmt parsing
<6>[    1.515837] u32 classifier
<6>[    1.515888]     Actions configured
<6>[    1.515915] Netfilter messages via NETLINK v0.30.
<6>[    1.515966] nf_conntrack version 0.5.0 (16384 buckets, 65536 max)
<6>[    1.516267] ctnetlink v0.93: registering with nfnetlink.
<6>[    1.516897] xt_time: kernel timezone is -0000
<6>[    1.517858] ip_tables: (C) 2000-2006 Netfilter Core Team
<6>[    1.518007] arp_tables: (C) 2002 David S. Miller
<6>[    1.518514] Initializing XFRM netlink socket
<6>[    1.518879] NET: Registered protocol family 10
<6>[    1.519665] dwmmc_rockchip fe320000.dwmmc: Successfully tuned phase to 136
<6>[    1.519683] mmc1: new ultra high speed SDR50 SDHC card at address aaaa
<6>[    1.520185] mip6: Mobile IPv6
<6>[    1.520222] ip6_tables: (C) 2000-2006 Netfilter Core Team
<6>[    1.520473] mmcblk1: mmc1:aaaa SL08G 7.40 GiB 
<6>[    1.520809] tas2555 1-004c: load program 0
<7>[    1.520818] tas2555 1-004c: TAS2555 load data: Tuning Mode Program, Blocks = 1, Block Type = 1
<7>[    1.520827] tas2555 1-004c: TAS2555 load block: Type = 1, commands = 3934
<6>[    1.521843] sit: IPv6 over IPv4 tunneling driver
<6>[    1.522295] NET: Registered protocol family 17
<6>[    1.522316] NET: Registered protocol family 15
<6>[    1.522356] bridge: automatic filtering via arp/ip/ip6tables has been deprecated. Update your scripts to load br_netfilter if you need this.
<5>[    1.523647] Bridge firewalling registered
<6>[    1.523658] Ebtables v2.0 registered
<6>[    1.523961] Bluetooth: RFCOMM TTY layer initialized
<6>[    1.523970] Bluetooth: RFCOMM socket layer initialized
<6>[    1.523999] Bluetooth: RFCOMM ver 1.11
<6>[    1.524013] Bluetooth: BNEP (Ethernet Emulation) ver 1.3
<6>[    1.524017] Bluetooth: BNEP filters: protocol multicast
<6>[    1.524025] Bluetooth: BNEP socket layer initialized
<6>[    1.524034] Bluetooth: HIDP (Human Interface Emulation) ver 1.2
<6>[    1.524041] Bluetooth: HIDP socket layer initialized
<6>[    1.524073] l2tp_core: L2TP core driver, V2.0
<6>[    1.524088] l2tp_ppp: PPPoL2TP kernel driver, V2.0
<6>[    1.524099] [WLAN_RFKILL]: Enter rfkill_wlan_init
<6>[    1.524472] [WLAN_RFKILL]: Enter rfkill_wlan_probe
<6>[    1.524546] [WLAN_RFKILL]: wlan_platdata_parse_dt: wifi_chip_type = qca6174a
<6>[    1.524550] [WLAN_RFKILL]: wlan_platdata_parse_dt: enable wifi power control.
<6>[    1.524555] [WLAN_RFKILL]: wlan_platdata_parse_dt: wifi power controled by gpio.
<7>[    1.524598] of_get_named_gpiod_flags: parsed 'WIFI,poweren_gpio' property of node '/wireless-wlan[0]' - status (0)
<6>[    1.524603] [WLAN_RFKILL]: wlan_platdata_parse_dt: get property: WIFI,poweren_gpio = 1003, flags = 0.
<7>[    1.524619] of_get_named_gpiod_flags: parsed 'WIFI,wlanen_gpio' property of node '/wireless-wlan[0]' - status (0)
<6>[    1.524624] [WLAN_RFKILL]: wlan_platdata_parse_dt: get property: WIFI,wlanen_gpio = 1010, flags = 0.
<7>[    1.524629] of_get_named_gpiod_flags: can't parse 'WIFI,reset_gpio' property of node '/wireless-wlan[0]'
<7>[    1.524634] of_get_named_gpiod_flags: can't parse 'WIFI,host_wake_irq' property of node '/wireless-wlan[0]'
<6>[    1.524638] [WLAN_RFKILL]: rfkill_wlan_probe: init gpio
<6>[    1.524676] [WLAN_RFKILL]: Exit rfkill_wlan_probe
<6>[    1.524760] [BT_RFKILL]: Enter rfkill_rk_init
<6>[    1.524931] [BT_RFKILL]: bluetooth_platdata_parse_dt: get property wifi-bt-power-toggle.
<7>[    1.524937] of_get_named_gpiod_flags: can't parse 'uart_rts_gpios' property of node '/wireless-bluetooth[0]'
<6>[    1.524941] [BT_RFKILL]: bluetooth_platdata_parse_dt: uart_rts_gpios is unvalid.
<7>[    1.524945] of_get_named_gpiod_flags: can't parse 'BT,power_gpio' property of node '/wireless-bluetooth[0]'
<7>[    1.524965] of_get_named_gpiod_flags: parsed 'BT,reset_gpio' property of node '/wireless-bluetooth[0]' - status (0)
<6>[    1.524969] [BT_RFKILL]: bluetooth_platdata_parse_dt: get property: BT,reset_gpio = 1009.
<7>[    1.524987] of_get_named_gpiod_flags: parsed 'BT,wake_gpio' property of node '/wireless-bluetooth[0]' - status (0)
<6>[    1.524991] [BT_RFKILL]: bluetooth_platdata_parse_dt: get property: BT,wake_gpio = 1090.
<7>[    1.525006] of_get_named_gpiod_flags: parsed 'BT,wake_host_irq' property of node '/wireless-bluetooth[0]' - status (0)
<6>[    1.525011] [BT_RFKILL]: bluetooth_platdata_parse_dt: get property: BT,wake_host_irq = 1004.
<6>[    1.525585] [BT_RFKILL]: Request irq for bt wakeup host
<6>[    1.525620] [BT_RFKILL]: ** disable irq
<6>[    1.525696] [BT_RFKILL]: bt shut off power
<6>[    1.528589]  mmcblk1: p1
<6>[    1.532538] usb 2-1: new full-speed USB device number 2 using ohci-platform
<6>[    1.545994] [BT_RFKILL]: bt_default device registered.
<5>[    1.546731] Registered cp15_barrier emulation handler
<5>[    1.546910] Registered setend emulation handler
<6>[    1.548390] registered taskstats version 1
<3>[    1.548919] rockchip ion idev is NULL
<6>[    1.548925] rga2 ff680000.rga: rga ion client create success!
<6>[    1.549085] rga: Driver loaded successfully ver:3.02
<7>[    1.550130] rockchip-usb2phy ff770000.syscon:usb2-phy@e450: GPIO lookup for consumer otg-vbus
<7>[    1.550136] rockchip-usb2phy ff770000.syscon:usb2-phy@e450: using device tree for GPIO lookup
<7>[    1.550142] of_get_named_gpiod_flags: can't parse 'otg-vbus-gpios' property of node '/syscon@ff770000/usb2-phy@e450[0]'
<7>[    1.550146] of_get_named_gpiod_flags: can't parse 'otg-vbus-gpio' property of node '/syscon@ff770000/usb2-phy@e450[0]'
<7>[    1.550150] rockchip-usb2phy ff770000.syscon:usb2-phy@e450: using lookup tables for GPIO lookup
<7>[    1.550154] rockchip-usb2phy ff770000.syscon:usb2-phy@e450: lookup for GPIO otg-vbus failed
<4>[    1.550157] rockchip-usb2phy ff770000.syscon:usb2-phy@e450: vbus_drv is not assigned
<6>[    1.551482] rockchip-drm display-subsystem: bound ff900000.vop (ops vop_component_ops)
<6>[    1.551587] rockchip-drm display-subsystem: bound ff8f0000.vop (ops vop_component_ops)
<6>[    1.551626] rockchip-drm display-subsystem: bound ff960000.dsi (ops dw_mipi_dsi_ops)
<3>[    1.551878] i2c i2c-9: of_i2c: modalias failure on /hdmi@ff940000/ports
<6>[    1.551890] dwhdmi-rockchip ff940000.hdmi: registered DesignWare HDMI I2C bus driver
<6>[    1.551927] dwhdmi-rockchip ff940000.hdmi: Detected HDMI TX controller v2.11a with HDCP (DWC HDMI 2.0 TX PHY)
<6>[    1.552841] rockchip-drm display-subsystem: bound ff940000.hdmi (ops dw_hdmi_rockchip_ops)
<6>[    1.553126] rockchip-drm display-subsystem: bound fec00000.dp (ops cdn_dp_component_ops)
<6>[    1.553133] [drm:drm_vblank_init] Supports vblank timestamp caching Rev 2 (21.10.2013).
<6>[    1.553136] [drm:drm_vblank_init] No driver support for vblank timestamp query.
<4>[    1.553275] rockchip-drm display-subsystem: failed to parse loader memory
<6>[    1.561872] cdn-dp fec00000.dp: [drm:cdn_dp_pd_event_work] Not connected. Disabling cdn
<6>[    1.561916] rockchip-drm display-subsystem: fb0:  frame buffer device
<6>[    1.569586] vendor storage:20160801 ret = 0
<6>[    1.580866] mali ff9a0000.gpu: leakage=27
<6>[    1.604068] mali ff9a0000.gpu: temp=49375, pvtm=125459 (125363 + 96)
<6>[    1.605521] mali ff9a0000.gpu: pvtm-sel=1
<6>[    1.610066] mali ff9a0000.gpu: GPU identified as 0x0860 r2p0 status 0
<6>[    1.610881] I : [File] : drivers/gpu/arm/midgard/backend/gpu/mali_kbase_devfreq.c; [Line] : 284; [Func] : kbase_devfreq_init(); success initing power_model_simple.
<6>[    1.611738] mali ff9a0000.gpu: Probed as mali0
<6>[    1.617529] xhci-hcd xhci-hcd.8.auto: xHCI Host Controller
<6>[    1.617550] xhci-hcd xhci-hcd.8.auto: new USB bus registered, assigned bus number 3
<6>[    1.617741] xhci-hcd xhci-hcd.8.auto: hcc params 0x0220fe64 hci version 0x110 quirks 0x02030010
<6>[    1.617782] xhci-hcd xhci-hcd.8.auto: irq 232, io mem 0xfe800000
<6>[    1.617909] usb usb3: New USB device found, idVendor=1d6b, idProduct=0002
<6>[    1.617917] usb usb3: New USB device strings: Mfr=3, Product=2, SerialNumber=1
<6>[    1.617923] usb usb3: Product: xHCI Host Controller
<6>[    1.617929] usb usb3: Manufacturer: Linux 4.4.83 xhci-hcd
<6>[    1.617934] usb usb3: SerialNumber: xhci-hcd.8.auto
<6>[    1.618336] hub 3-0:1.0: USB hub found
<6>[    1.618367] hub 3-0:1.0: 1 port detected
<6>[    1.618579] xhci-hcd xhci-hcd.8.auto: xHCI Host Controller
<6>[    1.618591] xhci-hcd xhci-hcd.8.auto: new USB bus registered, assigned bus number 4
<6>[    1.618638] usb usb4: We don't know the algorithms for LPM for this host, disabling LPM.
<6>[    1.618709] usb usb4: New USB device found, idVendor=1d6b, idProduct=0003
<6>[    1.618716] usb usb4: New USB device strings: Mfr=3, Product=2, SerialNumber=1
<6>[    1.618721] usb usb4: Product: xHCI Host Controller
<6>[    1.618727] usb usb4: Manufacturer: Linux 4.4.83 xhci-hcd
<6>[    1.618732] usb usb4: SerialNumber: xhci-hcd.8.auto
<6>[    1.619039] hub 4-0:1.0: USB hub found
<6>[    1.619060] hub 4-0:1.0: 1 port detected
<6>[    1.620293] xhci-hcd xhci-hcd.8.auto: remove, state 1
<6>[    1.620314] usb usb4: USB disconnect, device number 1
<4>[    1.644126] xhci-hcd xhci-hcd.8.auto: Host not halted after 16000 microseconds.
<4>[    1.644133] xhci-hcd xhci-hcd.8.auto: Host controller not halted, aborting reset.
<6>[    1.644286] xhci-hcd xhci-hcd.8.auto: USB bus 4 deregistered
<6>[    1.644296] xhci-hcd xhci-hcd.8.auto: remove, state 1
<6>[    1.644309] usb usb3: USB disconnect, device number 1
<6>[    1.644806] xhci-hcd xhci-hcd.8.auto: USB bus 3 deregistered
<6>[    1.650977] xhci-hcd xhci-hcd.9.auto: xHCI Host Controller
<6>[    1.651000] xhci-hcd xhci-hcd.9.auto: new USB bus registered, assigned bus number 3
<6>[    1.651173] xhci-hcd xhci-hcd.9.auto: hcc params 0x0220fe64 hci version 0x110 quirks 0x02030010
<6>[    1.651214] xhci-hcd xhci-hcd.9.auto: irq 233, io mem 0xfe900000
<6>[    1.651348] usb usb3: New USB device found, idVendor=1d6b, idProduct=0002
<6>[    1.651355] usb usb3: New USB device strings: Mfr=3, Product=2, SerialNumber=1
<6>[    1.651361] usb usb3: Product: xHCI Host Controller
<6>[    1.651367] usb usb3: Manufacturer: Linux 4.4.83 xhci-hcd
<6>[    1.651372] usb usb3: SerialNumber: xhci-hcd.9.auto
<6>[    1.651794] hub 3-0:1.0: USB hub found
<6>[    1.651818] hub 3-0:1.0: 1 port detected
<6>[    1.652025] xhci-hcd xhci-hcd.9.auto: xHCI Host Controller
<6>[    1.652040] xhci-hcd xhci-hcd.9.auto: new USB bus registered, assigned bus number 4
<6>[    1.652089] usb usb4: We don't know the algorithms for LPM for this host, disabling LPM.
<6>[    1.652161] usb usb4: New USB device found, idVendor=1d6b, idProduct=0003
<6>[    1.652168] usb usb4: New USB device strings: Mfr=3, Product=2, SerialNumber=1
<6>[    1.652173] usb usb4: Product: xHCI Host Controller
<6>[    1.652178] usb usb4: Manufacturer: Linux 4.4.83 xhci-hcd
<6>[    1.652183] usb usb4: SerialNumber: xhci-hcd.9.auto
<6>[    1.652538] hub 4-0:1.0: USB hub found
<6>[    1.652563] hub 4-0:1.0: 1 port detected
<6>[    1.656663] ehci-platform fe380000.usb: EHCI Host Controller
<6>[    1.656683] ehci-platform fe380000.usb: new USB bus registered, assigned bus number 5
<6>[    1.656850] ehci-platform fe380000.usb: irq 27, io mem 0xfe380000
<6>[    1.715259] usb 2-1: not running at top speed; connect to a high speed hub
<6>[    1.727268] usb 2-1: New USB device found, idVendor=2ca3, idProduct=1501
<6>[    1.727283] usb 2-1: New USB device strings: Mfr=1, Product=2, SerialNumber=3
<6>[    1.727289] usb 2-1: Product: DJI Virtual Joystick
<6>[    1.727295] usb 2-1: Manufacturer: DJI
<6>[    1.727300] usb 2-1: SerialNumber: 1234567890
<6>[    1.729687] input: DJI RC as /devices/platform/fe3e0000.usb/usb2/2-1/2-1:1.0/input/input1
<6>[    2.025912] ehci-platform fe380000.usb: USB 2.0 started, EHCI 1.00
<6>[    2.026075] usb usb5: New USB device found, idVendor=1d6b, idProduct=0002
<6>[    2.026082] usb usb5: New USB device strings: Mfr=3, Product=2, SerialNumber=1
<6>[    2.026088] usb usb5: Product: EHCI Host Controller
<6>[    2.026094] usb usb5: Manufacturer: Linux 4.4.83 ehci_hcd
<6>[    2.026099] usb usb5: SerialNumber: fe380000.usb
<6>[    2.026763] hub 5-0:1.0: USB hub found
<6>[    2.026786] hub 5-0:1.0: 1 port detected
<6>[    2.027539] ohci-platform fe3a0000.usb: Generic Platform OHCI controller
<6>[    2.027558] ohci-platform fe3a0000.usb: new USB bus registered, assigned bus number 6
<6>[    2.027738] ohci-platform fe3a0000.usb: irq 28, io mem 0xfe3a0000
<6>[    2.083359] usb usb6: New USB device found, idVendor=1d6b, idProduct=0001
<6>[    2.083373] usb usb6: New USB device strings: Mfr=3, Product=2, SerialNumber=1
<6>[    2.083379] usb usb6: Product: Generic Platform OHCI controller
<6>[    2.083385] usb usb6: Manufacturer: Linux 4.4.83 ohci_hcd
<6>[    2.083390] usb usb6: SerialNumber: fe3a0000.usb
<6>[    2.084376] hub 6-0:1.0: USB hub found
<6>[    2.084410] hub 6-0:1.0: 1 port detected
<3>[    2.085790] rockchip-dmc dmc: fail to register notify to vop.
<7>[    2.090651] asoc-simple-card tas2555-sound: New simple-card: rockchip,tas2555-codec
<7>[    2.090673] asoc-simple-card tas2555-sound: Revert to legacy daifmt parsing
<7>[    2.090762] asoc-simple-card tas2555-sound: 	name : ff880000.i2s-tas2555 ASI1
<7>[    2.090768] asoc-simple-card tas2555-sound: 	format : 4001
<7>[    2.090773] asoc-simple-card tas2555-sound: 	cpu : ff880000.i2s / 11289600
<7>[    2.090779] asoc-simple-card tas2555-sound: 	codec : tas2555 ASI1 / 11289600
<7>[    2.090788] of_get_named_gpiod_flags: can't parse 'simple-audio-card,hp-det-gpio' property of node '/tas2555-sound[0]'
<6>[    2.090995] tas2555 1-004c: tas2555_codec_probe
<7>[    2.091101] tas2555 1-004c: tas2555_set_dai_sysclk: freq = 11289600
<7>[    2.091543] tas2555 1-004c: tas2555_set_dai_fmt
<6>[    2.092721] asoc-simple-card tas2555-sound: tas2555 ASI1 <-> ff880000.i2s mapping ok
<3>[    2.092754] asoc-simple-card tas2555-sound: ASoC: no source widget found for MICBIAS1
<3>[    2.092765] asoc-simple-card tas2555-sound: ASoC: Failed to add route MICBIAS1 -> direct -> Mic Jack
<3>[    2.092780] asoc-simple-card tas2555-sound: ASoC: no sink widget found for IN1P
<3>[    2.092786] asoc-simple-card tas2555-sound: ASoC: Failed to add route Mic Jack -> direct -> IN1P
<3>[    2.092793] asoc-simple-card tas2555-sound: ASoC: no source widget found for HPOL
<3>[    2.092799] asoc-simple-card tas2555-sound: ASoC: Failed to add route HPOL -> direct -> Headphone Jack
<3>[    2.092805] asoc-simple-card tas2555-sound: ASoC: no source widget found for HPOR
<3>[    2.092811] asoc-simple-card tas2555-sound: ASoC: Failed to add route HPOR -> direct -> Headphone Jack
<6>[    2.095736] rk-hdmi-dp-sound hdmi-dp-sound: i2s-hifi <-> ff8a0000.i2s mapping ok
<3>[    2.097384] otg_wakelock_init: No USB transceiver found
<6>[    2.097496] sensor_init: Probe name sensors
<4>[    2.097508] sensor-dev.c v1.4 add angle calculation support between two gsensors 2013-09-01
<3>[    2.098376] rockchip-pinctrl pinctrl: pin gpio3-4 already requested by ff1c0000.spi; cannot claim for 5-0010
<3>[    2.098389] rockchip-pinctrl pinctrl: pin-100 (5-0010) status -22
<3>[    2.098397] rockchip-pinctrl pinctrl: could not request pin 100 (gpio3-4) from group cm3218-irq-gpio  on device rockchip-pinctrl
<3>[    2.098405] sensors 5-0010: Error applying setting, reverse things back
<6>[    2.098469] i2c i2c-5: sensor_probe: light_cm3218,ffffffc006459000
<7>[    2.098506] of_get_named_gpiod_flags: parsed 'irq-gpio' property of node '/i2c@ff140000/cm32181_ls@10[0]' - status (0)
<7>[    2.098513] of_get_named_gpiod_flags: can't parse 'reset-gpio' property of node '/i2c@ff140000/cm32181_ls@10[0]'
<7>[    2.098518] of_get_named_gpiod_flags: can't parse 'power-gpio' property of node '/i2c@ff140000/cm32181_ls@10[0]'
<4>[    2.098533] sensor_chip_init:light_cm3218:devid=0x0,ops=0xffffff80090bec40
<6>[    2.098838] rk808-rtc rk808-rtc: setting system clock to 2013-01-18 08:50:04 UTC (1358499004)
<4>[    2.100441] It doesn't contain Rogue gpu
<6>[    2.121988] dji_lcdid dji-lcdid: panel_dji_lcdid_probe board_id=0 lcd_id=0 lcd_name=TRULY_R63350_55
<6>[    2.122141] I : [File] : drivers/gpu/arm/mali400/mali/linux/mali_kernel_linux.c; [Line] : 414; [Func] : mali_module_init(); svn_rev_string_from_arm of this mali_ko is '-5ab1b2b', rk_ko_ver is '5', built at '14:45:09', on 'Aug 23 2018'.
<4>[    2.122346] Mali: Mali device driver loaded
<7>[    2.122793] of_get_named_gpiod_flags: parsed 'gpios' property of node '/rockchip-key/power-key[0]' - status (0)
<7>[    2.122814] of_get_named_gpiod_flags: parsed 'gpios' property of node '/rockchip-key/power-key[0]' - status (0)
<7>[    2.122840] of_get_named_gpiod_flags: parsed 'gpios' property of node '/rockchip-key/back-key[0]' - status (0)
<7>[    2.122854] of_get_named_gpiod_flags: parsed 'gpios' property of node '/rockchip-key/back-key[0]' - status (0)
<6>[    2.123037] input: rk29-keypad as /devices/platform/rockchip-key/input/input2
<6>[    2.124201] ALSA device list:
<6>[    2.124210]   #0: rockchip,tas2555-codec
<6>[    2.124213]   #1: rk-hdmi-dp-sound
<6>[    2.369631] input: lightsensor-level as /devices/platform/ff140000.i2c/i2c-5/5-0010/input/input3
<4>[    2.370097] sensor_misc_device_register:miscdevice: lightsensor
<4>[    2.370105] sensor_probe:initialized ok,sensor name:cm3218,type:5,id=51
<4>[    2.370105] 
<6>[    2.370667] Freeing unused kernel memory: 768K
<13>[    2.373629] init: init first stage started!
<7>[    2.378136] SELinux: 4096 avtab hash slots, 9299 rules.
<7>[    2.383793] SELinux: 4096 avtab hash slots, 9299 rules.
<7>[    2.383825] SELinux:  1 users, 2 roles, 737 types, 0 bools, 1 sens, 1024 cats
<7>[    2.383835] SELinux:  63 classes, 9299 rules
<7>[    2.385960] SELinux:  Completing initialization.
<7>[    2.385976] SELinux:  Setting up existing superblocks.
<5>[    2.445310] audit: type=1403 audit(1358499004.843:2): policy loaded auid=4294967295 ses=4294967295
<13>[    2.446494] init: (Initializing SELinux non-enforcing took 0.07s.)
<13>[    2.451179] init: init second stage started!
<11>[    2.456181] init: Setting ro.rk.soc=rk3399
<11>[    2.456282] init: OK,EMMC DRIVERS INIT OK
<11>[    2.456301] init: property_set("ro.boot.mode", "emmc") failed
<11>[    2.456360] init: property_set("ro.hardware", "rk30board") failed
<13>[    2.458696] init: Running restorecon...
<11>[    2.507995] init: waitpid failed: No child processes
<11>[    2.508441] init: property_set("ro.board.platform", "rk3399") failed
<11>[    2.508786] init: property_set("ro.rk.screenshot_enable", "true") failed
<11>[    2.508810] init: property_set("ro.adb.secure", "1") failed
<13>[    2.508946] init: (Loading properties from /default.prop took 0.00s.)
<11>[    2.509946] init: could not import file '/init.bootmode.emmc.rc' from '/init.rc': No such file or directory
<11>[    2.509968] init: could not import file '/init.recovery.rk30board.rc' from '/init.rc': No such file or directory
<13>[    2.509982] init: (Parsing /init.rc took 0.00s.)
<13>[    2.510116] init: Starting service 'ueventd'...
<13>[    2.511417] init: Starting service 'healthd'...
<13>[    2.512923] init: Waiting for /dev/.coldboot_done...
<5>[    2.515630] audit: type=1400 audit(1358499004.913:3): avc:  denied  { mknod } for  pid=184 comm="healthd" capability=27  scontext=u:r:healthd:s0 tcontext=u:r:healthd:s0 tclass=capability permissive=1
<5>[    2.515701] audit: type=1400 audit(1358499004.913:4): avc:  denied  { write } for  pid=184 comm="healthd" name="__kmsg__" dev="tmpfs" ino=8734 scontext=u:r:healthd:s0 tcontext=u:object_r:device:s0 tclass=chr_file permissive=1
<5>[    2.515722] audit: type=1400 audit(1358499004.913:5): avc:  denied  { open } for  pid=184 comm="healthd" path="/dev/__kmsg__" dev="tmpfs" ino=8734 scontext=u:r:healthd:s0 tcontext=u:object_r:device:s0 tclass=chr_file permissive=1
<5>[    2.515749] audit: type=1400 audit(1358499004.913:6): avc:  denied  { unlink } for  pid=184 comm="healthd" name="__kmsg__" dev="tmpfs" ino=8734 scontext=u:r:healthd:s0 tcontext=u:object_r:device:s0 tclass=chr_file permissive=1
<12>[    2.515762] healthd: BatteryCurrentNowPath not found
<12>[    2.515770] healthd: BatteryFullChargePath not found
<12>[    2.515775] healthd: BatteryCycleCountPath not found
<11>[    2.515924] DJICharger: open /dev/ttyS4 failed:No such file or directory
<13>[    2.517557] ueventd: ueventd started!
<11>[    2.518227] ueventd: invalid gid 'trace'
<13>[    2.694306] ueventd: Coldboot took 0.17s.
<13>[    2.695843] init: Waiting for /dev/.coldboot_done took 0.18s.
<11>[    2.695931] init: /dev/hw_random not found
<11>[    2.697427] init: /dev/hw_random not found
<6>[    2.698404] file system registered
<13>[    2.703809] init: write_file: Unable to open '/sys/class/android_usb/android0/enable': Permission denied
<13>[    2.703842] init: write_file: Unable to open '/sys/class/android_usb/android0/idVendor': Permission denied
<13>[    2.703869] init: write_file: Unable to open '/sys/class/android_usb/android0/idProduct': Permission denied
<13>[    2.703894] init: write_file: Unable to open '/sys/class/android_usb/android0/f_ffs/aliases': No such file or directory
<13>[    2.703919] init: write_file: Unable to open '/sys/class/android_usb/android0/functions': Permission denied
<13>[    2.703955] init: write_file: Unable to open '/sys/class/android_usb/android0/iManufacturer': Permission denied
<13>[    2.703982] init: write_file: Unable to open '/sys/class/android_usb/android0/iProduct': Permission denied
<11>[    2.703997] init: property 'ro.serialno' doesn't exist while expanding '${ro.serialno}'
<11>[    2.704004] init: write: cannot expand '${ro.serialno}'
<11>[    2.704435] init: finit_module for "/drmboot.ko" failed: Exec format errorinit: (Loading properties from /system/build.prop took 0.00s.)
<13>[    2.704525] init: (Loading properties from /vendor/build.prop took 0.00s.)
<13>[    2.704542] init: (Loading properties from /factory/factory.prop took 0.00s.)
<11>[    2.704641] fs_mgr: Warning: unknown flag resize
<11>[    2.704696] init: /recovery not specified in fstab
<13>[    2.705260] init: Starting service 'recovery'...
<13>[    2.707087] init: Starting service 'adbd'...
<11>[    2.713009] fs_mgr: Warning: unknown flag resize
<11>[    2.714444] fs_mgr: Warning: unknown flag resize
<6>[    2.726068] cyttsp5_i2c_adapter 2-0070: _cyttsp5_firmware_cont_builtin: No builtin firmware
<6>[    2.726125] cyttsp5_i2c_adapter 2-0070: cyttsp5_get_platform_ttconfig: Panel ID not enabled, using legacy ttconfig
<6>[    2.726137] cyttsp5_i2c_adapter 2-0070: cyttsp5_check_firmware_version: img vers:0x0106 new vers:0x0106
<6>[    2.726143] cyttsp5_i2c_adapter 2-0070: cyttsp5_check_firmware_version: img revctrl:0xD114C new revctrl:0xD114C
<6>[    2.728278] cyttsp5_i2c_adapter 2-0070: cyttsp5_cmcp_parse_threshold_file: No builtin cmcp threshold file
<6>[    2.794961] dw-mipi-dsi ff960000.dsi: vop LIT output to dsi0
<6>[    2.795038] dw-mipi-dsi ff960000.dsi: final DSI-Link bandwidth: 992 x 4 Mbps
<7>[    3.174896] tas2555 1-004c: Block[0x1] PChkSum match
<7>[    3.174931] tas2555 1-004c: Block[0x1] YChkSum match
<7>[    3.174944] tas2555 1-004c: TAS2555 load PLL: pll block for Configuration configuration_Tuning Mode_48 KHz_s1
<7>[    3.174954] tas2555 1-004c: TAS2555 load block: Type = 0, commands = 15
<6>[    3.182249] tas2555 1-004c: TAS2555 PLL_CLKIN = 0x0D
<7>[    3.182256] tas2555 1-004c: load configuration configuration_Tuning Mode_48 KHz_s1 conefficient pre block
<7>[    3.182266] tas2555 1-004c: TAS2555 load data: Snapshot 1, Blocks = 2, Block Type = 4
<7>[    3.182274] tas2555 1-004c: TAS2555 load block: Type = 4, commands = 9
<7>[    3.189231] tas2555 1-004c: Block[0x4] YChkSum match
<7>[    3.189240] tas2555 1-004c: tas2555_load_configuration: 0
<7>[    3.189249] tas2555 1-004c: TAS2555 was powered down -> set flag to load configuration data when OS powers up the TAS2555 the next time
<4>[    3.730406] ttyS4 - failed to request DMA
<11>[    3.730757] register uart handler
<11>[    3.730757] : 
<6>[    4.095808] EXT4-fs (mmcblk2p10): recovery complete
<6>[    4.096768] EXT4-fs (mmcblk2p10): mounted filesystem with ordered data mode. Opts: (null)
<4>[    4.099422] EXT4-fs (mmcblk2p12): warning: maximal mount count reached, running e2fsck is recommended
<6>[    4.099898] EXT4-fs (mmcblk2p12): mounted filesystem with ordered data mode. Opts: (null)
<5>[    4.100208] audit: type=1400 audit(1358499006.500:7): avc:  denied  { open } for  pid=189 comm="recovery" path="/dev/__properties__/u:object_r:wc_transport_prop:s0" dev="tmpfs" ino=13380 scontext=u:r:recovery:s0 tcontext=u:object_r:wc_transport_prop:s0 tclass=file permissive=1
<5>[    4.100232] audit: type=1400 audit(1358499006.500:8): avc:  denied  { getattr } for  pid=189 comm="recovery" path="/dev/__properties__/u:object_r:wc_transport_prop:s0" dev="tmpfs" ino=13380 scontext=u:r:recovery:s0 tcontext=u:object_r:wc_transport_prop:s0 tclass=file permissive=1
<5>[    4.100326] audit: type=1400 audit(1358499006.500:9): avc:  denied  { open } for  pid=189 comm="recovery" path="/dev/__properties__/u:object_r:secureboot_prop:s0" dev="tmpfs" ino=13381 scontext=u:r:recovery:s0 tcontext=u:object_r:secureboot_prop:s0 tclass=file permissive=1
<5>[    4.100340] audit: type=1400 audit(1358499006.500:10): avc:  denied  { getattr } for  pid=189 comm="recovery" path="/dev/__properties__/u:object_r:secureboot_prop:s0" dev="tmpfs" ino=13381 scontext=u:r:recovery:s0 tcontext=u:object_r:secureboot_prop:s0 tclass=file permissive=1
<6>[    5.473111] usb 5-1: new high-speed USB device number 2 using ehci-platform
<6>[    5.601397] usb 5-1: New USB device found, idVendor=2ca3, idProduct=001f
<6>[    5.601428] usb 5-1: New USB device strings: Mfr=2, Product=3, SerialNumber=4
<6>[    5.601438] usb 5-1: Product: DJI
<6>[    5.601446] usb 5-1: Manufacturer: DJI
<6>[    5.601452] usb 5-1: SerialNumber: FEDCBA9876543210
<6>[    5.612036] rndis_host 5-1:1.0 usb0: register 'rndis_host' at usb-fe380000.usb-1, RNDIS device, be:d7:0f:9e:0b:5f
<6>[    5.615764] usb-storage 5-1:1.2: USB Mass Storage device detected
<6>[    5.621888] scsi host0: usb-storage 5-1:1.2
<6>[    5.626995] cdc_acm 5-1:1.4: ttyACM0: USB ACM device
<5>[    6.633832] scsi 0:0:0:0: Direct-Access     DJI      File-CD Gadget   0310 PQ: 0 ANSI: 2
<5>[    6.640767] scsi 0:0:0:1: Direct-Access     DJI      File-CD Gadget   0310 PQ: 0 ANSI: 2
<5>[    6.644087] sd 0:0:0:0: Attached scsi generic sg0 type 0
<5>[    6.645805] sd 0:0:0:1: Attached scsi generic sg1 type 0
<5>[    6.650341] sd 0:0:0:0: [sda] Attached SCSI removable disk
<5>[    6.651081] sd 0:0:0:1: [sdb] Attached SCSI removable disk
<5>[    9.336928] random: nonblocking pool is initialized
<6>[   12.935008] read descriptors
<6>[   12.935024] read strings
