DDR Version 1.00 20160513_ddrconf_dbg_2_kpad
In
SRX
Channel a: LPDDR3 200MHz
MR0=0x58
MR1=0x58
MR2=0x58
MR3=0x58
MR4=0x3
MR5=0x1
MR6=0x5
MR7=0x0
MR8=0x1F
MR9=0x1F
MR10=0x1F
MR11=0x1F
MR12=0x1F
MR13=0x1F
MR14=0x1F
MR15=0x1F
MR16=0x1F
Bus Width=32 Col=10 Bank=8 Row=15 CS=1 Die Bus-Width=32 Size=1024MB
Channel b: LPDDR3 200MHz
MR0=0x58
MR1=0x58
MR2=0x58
MR3=0x58
MR4=0x3
MR5=0x1
MR6=0x5
MR7=0x0
MR8=0x1F
MR9=0x1F
MR10=0x1F
MR11=0x1F
MR12=0x1F
MR13=0x1F
MR14=0x1F
MR15=0x1F
MR16=0x1F
Bus Width=32 Col=10 Bank=8 Row=15 CS=1 Die Bus-Width=32 Size=1024MB
OUT


2014.10-kpad_RC_1 (Dec 26 2017 - 20:23:58)

CPU: rk3288
CPU's clock information:
    arm pll = 600000000HZ
    periph pll = 297000000HZ
    ddr pll = 200000000HZ
    codec pll = 384000000HZ
Board:  Rockchip platform Board
DRAM:  Found dram banks:1
Adding bank:0000000000000000(0000000080000000)
128 MiB
storage init OK!
Using default environment

GetParam
check parameter success
power key: bank-0 pin-5
dwc_otg_check_dpdm: usb bc disconnected
pmic:rk808
can't find dts node for pwm1
set pwm voltage ok,pwm_id =1 vol=1150000,pwm_value=52
Can't find dts node for fuel guage cw201x
SecureBootEn = 0, SecureBootLock = 0

#Boot ver: 2017-12-26#2.19
empty serial no.
unknown reboot type 1
no fuel gauge found
no fuel gauge found
read logo on state from dts [0]
no fuel gauge found
console=ttyFIQ0 androidboot.selinux=disabled androidboot.hardware=rk30board androidboot.console=ttyFIQ0 init=/init  mtdparts=rk29xxnand:0x00002000@0x00000000(parameter),0x00002000@0x00002000(uboot),0x00002000@0x00004000(misc),0x00008000@0x00006000(resource),0x00008000@0x0000e000(kernel),0x00010000@0x00016000(boot),0x00010000@0x00026000(recovery),0x0001a000@0x00036000(backup),0x00080000@0x00050000(cache),0x00002000@0x000D0000(kpanic),0x00300000@0x000D2000(system),0x00008000@0x003D2000(metadata),0x00600000@0x003DA000(userdata),0x00020000@0x009DA000(radical_update),-@0x009FA000(user) storagemedia=emmc loader.timestamp=2017-12-26_20:23:58 androidboot.securemode=0
Secure Boot state: 0
kernel   @ 0x02000000 (0x004e9cc8)
ramdisk  @ 0x05bf0000 (0x012f3f44)
bootrk: do_bootm_linux...
   Loading Device Tree to 05600000, end 0561f0bf ... OK
Add bank:0000000000000000, 0000000080000000

Starting kernel ...

<hit enter to activate fiq debugger>
[    0.000000] Booting Linux on physical CPU 0x500
[    0.000000] Initializing cgroup subsys cpu
[    0.000000] Initializing cgroup subsys cpuacct
[    0.000000] Linux version 3.10.0 (kpad@RDCMP33-in) (gcc version 4.6.x-google 20120106 (prerelease) (GCC) ) #1 SMP PREEMPT Tue Dec 26 20:24:38 HKT 2017
[    0.000000] CPU: ARMv7 Processor [410fc0d1] revision 1 (ARMv7), cr=10c5387d
[    0.000000] CPU: PIPT / VIPT nonaliasing data cache, VIPT aliasing instruction cache
[    0.000000] Machine: Rockchip RK3288 (Flattened Device Tree), model: rockchip,rk3288
[    0.000000] rockchip_ion_reserve
[    0.000000] ion heap(drm): base(0) size(0) align(0)
[    0.000000] ion heap(cma): base(0) size(28000000) align(0)
[    0.000000] ion heap(vmalloc): base(0) size(0) align(0)
[    0.000000] cma: CMA: reserved 640 MiB at 58000000
[    0.000000] ion_reserve: cma reserved base 58000000 size 671088640
[    0.000000] cma: CMA: reserved 16 MiB at 1f000000
[    0.000000] Memory policy: ECC disabled, Data cache writealloc
[    0.000000] Boot mode: RECOVERY (2) flag: RECOVER (0xc3524203)
[    0.000000] PERCPU: Embedded 9 pages/cpu @c1ae7000 s13376 r8192 d15296 u36864
[    0.000000] Built 1 zonelists in Zone order, mobility grouping on.  Total pages: 523264
[    0.000000] Kernel command line: vmalloc=496M console=ttyFIQ0 androidboot.selinux=disabled androidboot.hardware=rk30board androidboot.console=ttyFIQ0 init=/init  mtdparts=rk29xxnand:0x00002000@0x00000000(parameter),0x00002000@0x00002000(uboot),0x00002000@0x00004000(misc),0x00008000@0x00006000(resource),0x00008000@0x0000e000(kernel),0x00010000@0x00016000(boot),0x00010000@0x00026000(recovery),0x0001a000@0x00036000(backup),0x00080000@0x00050000(cache),0x00002000@0x000D0000(kpanic),0x00300000@0x000D2000(system),0x00008000@0x003D2000(metadata),0x00600000@0x003DA000(userdata),0x00020000@0x009DA000(radical_update),-@0x009FA000(user) storagemedia=emmc loader.timestamp=2017-12-26_20:23:58 androidboot.securemode=0
[    0.000000] PID hash table entries: 2048 (order: 1, 8192 bytes)
[    0.000000] Dentry cache hash table entries: 65536 (order: 6, 262144 bytes)
[    0.000000] Inode-cache hash table entries: 32768 (order: 5, 131072 bytes)
[    0.000000] allocated 4194304 bytes of page_cgroup
[    0.000000] please try 'cgroup_disable=memory' option if you don't want memory cgroups
[    0.000000] Memory: 2048MB = 2048MB total
[    0.000000] Memory: 1373652k/1373652k available, 723500k reserved, 917504K highmem
[    0.000000] Virtual kernel memory layout:
[    0.000000]     vector  : 0xffff0000 - 0xffff1000   (   4 kB)
[    0.000000]     fixmap  : 0xfff00000 - 0xfffe0000   ( 896 kB)
[    0.000000]     vmalloc : 0xe0800000 - 0xff000000   ( 488 MB)
[    0.000000]     lowmem  : 0xc0000000 - 0xe0000000   ( 512 MB)
[    0.000000]     pkmap   : 0xbfe00000 - 0xc0000000   (   2 MB)
[    0.000000]     modules : 0xbf000000 - 0xbfe00000   (  14 MB)
[    0.000000]       .text : 0xc0008000 - 0xc08a01a8   (8801 kB)
[    0.000000]       .init : 0xc08a1000 - 0xc08ea440   ( 294 kB)
[    0.000000]       .data : 0xc08ec000 - 0xc096ca08   ( 515 kB)
[    0.000000]        .bss : 0xc096ca08 - 0xc0a834d4   (1115 kB)
[    0.000000] SLUB: HWalign=64, Order=0-3, MinObjects=0, CPUs=4, Nodes=1
[    0.000000] Preemptible hierarchical RCU implementation.
[    0.000000]  RCU dyntick-idle grace-period acceleration is enabled.
[    0.000000] NR_IRQS:16 nr_irqs:16 16
[    0.000000] rk_clk_tree_init start!
[    0.000000] rkclk: _rkclk_add_provider: fail to get ehci1phy_12m_div
[    0.000000] rkclk: rkclk_cache_parents: ehci1phy_12m_div clk_get error
[    0.000000] rk_get_uboot_display_flag: uboot_logo_on = 0
[    0.000000] rkclk_init_clks: cnt_parent = 7
[    0.000000] rkclk_init_clks: cnt_rate = 29
[    0.000000] rk3288 set GPLL BW 20 for HDMI!
[    0.000000] Architected cp15 timer(s) running at 24.00MHz (phys).
[    0.000000] Switching to timer-based delay loop
[    0.000000] sched_clock: ARM arch timer >56 bits at 24000kHz, resolution 41ns
[    0.000000] process version: 3
[    0.000000] channel:0, lkg:8
[    0.000000] target-temp:80
[    0.000000] channel:2, lkg:0
[    0.000000] channel:0, lkg:8
[    0.000000] channel:1, lkg:7
[    0.000000] DVFS ERR:        of_dvfs_init:vd(board_id) get regulator_name err, ret:-22
[    0.000000] sched_clock: 32 bits at 100 Hz, resolution 10000000ns, wraps every 4294967286ms
[    0.212736] Calibrating delay loop (skipped), value calculated using timer frequency.. 48.00 BogoMIPS (lpj=240000)
[    0.212752] pid_max: default: 32768 minimum: 301
[    0.212867] Security Framework initialized
[    0.212912] Mount-cache hash table entries: 512
[    0.213524] Initializing cgroup subsys debug
[    0.213538] Initializing cgroup subsys memory
[    0.213564] Initializing cgroup subsys freezer
[    0.213575] Initializing cgroup subsys blkio
[    0.213608] CPU: Testing write buffer coherency: ok
[    0.213905] /cpus/cpu@0 missing clock-frequency property
[    0.213918] /cpus/cpu@1 missing clock-frequency property
[    0.213927] /cpus/cpu@2 missing clock-frequency property
[    0.213937] /cpus/cpu@3 missing clock-frequency property
[    0.213999] CPU0: thread -1, cpu 0, socket 5, mpidr 80000500
[    0.214049] Setting up static identity map for 0xc0621148 - 0xc06211a0
[    0.217094] last_log: 0x1e900000 map to 0xe0804000 and copy to 0xe0886000, size 0x80000 early 0x178c (version 3.1)
[    0.290688] CPU1: Booted secondary processor
[    0.290721] CPU1: thread -1, cpu 1, socket 5, mpidr 80000501
[    0.310375] CPU2: Booted secondary processor
[    0.310399] CPU2: thread -1, cpu 2, socket 5, mpidr 80000502
[    0.330080] CPU3: Booted secondary processor
[    0.330104] CPU3: thread -1, cpu 3, socket 5, mpidr 80000503
[    0.330204] Brought up 4 CPUs
[    0.330234] SMP: Total of 4 processors activated (192.00 BogoMIPS).
[    0.330243] CPU: All CPU(s) started in SVC mode.
[    0.330945] devtmpfs: initialized
[    0.334895] VFP support v0.3: implementor 41 architecture 3 part 30 variant d rev 0
[    0.335835] pinctrl core: initialized pinctrl subsystem
[    0.336071] regulator-dummy: no parameters
[    0.361905] NET: Registered protocol family 16
[    0.363540] DMA: preallocated 256 KiB pool for atomic coherent allocations
[    0.363861] ion_snapshot: 0x1e9e8000 map to 0xe0907000 and copy to 0xc0a5ed0c (version 0.1)
[    0.364109] Registered FIQ tty driver
[    0.365467] console [ttyFIQ0] enabled
[    0.365671] Registered fiq debugger ttyFIQ0
[    0.366147] rockchip_get_bank_data:name=base start=0xff750000,end=0xff7500ff
[    0.366172] rockchip_get_bank_data:name=mux_bank0 start=0xff730084,end=0xff73008f
[    0.366192] rockchip_get_bank_data:name=pull_bank0 start=0xff730064,end=0xff73006f
[    0.366211] rockchip_get_bank_data:name=drv_bank0 start=0xff730070,end=0xff73007b
[    0.366311] rockchip_get_bank_data:name=/pinctrl@ff770000/gpio1@ff780000 start=0xff780000,end=0xff7800ff
[    0.366379] rockchip_get_bank_data:name=/pinctrl@ff770000/gpio2@ff790000 start=0xff790000,end=0xff7900ff
[    0.366446] rockchip_get_bank_data:name=/pinctrl@ff770000/gpio3@ff7a0000 start=0xff7a0000,end=0xff7a00ff
[    0.366512] rockchip_get_bank_data:name=/pinctrl@ff770000/gpio4@ff7b0000 start=0xff7b0000,end=0xff7b00ff
[    0.366578] rockchip_get_bank_data:name=/pinctrl@ff770000/gpio5@ff7c0000 start=0xff7c0000,end=0xff7c00ff
[    0.366645] rockchip_get_bank_data:name=/pinctrl@ff770000/gpio6@ff7d0000 start=0xff7d0000,end=0xff7d00ff
[    0.366711] rockchip_get_bank_data:name=/pinctrl@ff770000/gpio7@ff7e0000 start=0xff7e0000,end=0xff7e00ff
[    0.366778] rockchip_get_bank_data:name=/pinctrl@ff770000/gpio8@ff7f0000 start=0xff7f0000,end=0xff7f00ff
[    0.366851] rockchip_get_bank_data:name=/pinctrl@ff770000/gpio15@ff7f2000 start=0xff7f2000,end=0xff7f20ff
[    0.366921] rockchip_pinctrl_probe:name=RK3288-GPIO,type=3
[    0.366937] rockchip_pinctrl_probe:name=base start=0xff770000,end=0xff77013f
[    0.366951] rockchip_pinctrl_probe:name=pull start=0xff770140,end=0xff7701bf
[    0.366965] rockchip_pinctrl_probe:name=drv start=0xff7701c0,end=0xff77023f
[    0.367619] rockchip_interrupts_register:bank_num=7
[    0.369645] of_get_gpio_init_config:gpio[0] = 235, value = 0
[    0.369669] of_get_gpio_init_config:gpio[1] = 173, value = 1
[    0.369736] rockchip_pinctrl_probe:init ok
[    0.376289] rk_iommu ff900800.iep_mmu: (iep) Enter
[    0.376377] rk_iommu ff900800.iep_mmu: IOVMM: Created 0x3ffff000 B IOVMM from 0x10000000.
[    0.376394] rk_iommu ff900800.iep_mmu: (iep) Initialized
[    0.376570] rk_iommu ff950800.vip_mmu: (vip) Enter
[    0.376642] rk_iommu ff950800.vip_mmu: IOVMM: Created 0x3ffff000 B IOVMM from 0x10000000.
[    0.376658] rk_iommu ff950800.vip_mmu: (vip) Initialized
[    0.376825] rk_iommu ff930300.vopb_mmu: (vopb) Enter
[    0.376898] rk_iommu ff930300.vopb_mmu: IOVMM: Created 0x3ffff000 B IOVMM from 0x10000000.
[    0.376914] rk_iommu ff930300.vopb_mmu: (vopb) Initialized
[    0.377089] rk_iommu ff940300.vopl_mmu: (vopl) Enter
[    0.377165] rk_iommu ff940300.vopl_mmu: IOVMM: Created 0x3ffff000 B IOVMM from 0x10000000.
[    0.377181] rk_iommu ff940300.vopl_mmu: (vopl) Initialized
[    0.377356] rk_iommu ff9c0440.hevc_mmu: (hevc) Enter
[    0.377434] rk_iommu ff9c0440.hevc_mmu: IOVMM: Created 0x3ffff000 B IOVMM from 0x10000000.
[    0.377449] rk_iommu ff9c0440.hevc_mmu: (hevc) Initialized
[    0.377624] rk_iommu ff9a0800.vpu_mmu: (vpu) Enter
[    0.377694] rk_iommu ff9a0800.vpu_mmu: IOVMM: Created 0x3ffff000 B IOVMM from 0x10000000.
[    0.377710] rk_iommu ff9a0800.vpu_mmu: (vpu) Initialized
[    0.377885] rk_iommu ff914000.isp_mmu: (isp_mmu) Enter
[    0.377964] rk_iommu ff914000.isp_mmu: IOVMM: Created 0x3ffff000 B IOVMM from 0x10000000.
[    0.377980] rk_iommu ff914000.isp_mmu: (isp_mmu) Initialized
[    0.379866] hw-breakpoint: found 5 (+1 reserved) breakpoint and 4 watchpoint registers.
[    0.379884] hw-breakpoint: maximum watchpoint size is 4 bytes.
[    0.380103] DDR DEBUG: version 1.00 20150126 
[    0.380134] DDR DEBUG: Channel a: 
[    0.380144] DDR DEBUG: LPDDR3 Device
[    0.380159] DDR DEBUG: Bus Width=32 Col=10 Bank=8 Row=15 CS=1 Total Capability=1024MB
[    0.380170] DDR DEBUG: Channel b: 
[    0.380179] DDR DEBUG: LPDDR3 Device
[    0.380192] DDR DEBUG: Bus Width=32 Col=10 Bank=8 Row=15 CS=1 Total Capability=1024MB
[    0.380204] DDR DEBUG: addr=0x976000
[    0.380215] DDR DEBUG: stride=9, size=256, halfcap=40000000
[    0.380226] DDR DEBUG: socAddr[0]=0x976000, socAddr[1]=0x976100
[    0.380237] DDR DEBUG: chAddr[0]=0x976000, chAddr[1]=0x976000
[    0.380250] DDR DEBUG: dtar[0]=0x6012e000, dtar[1]=0x6012e000
[    0.380306] DDR DEBUG: init success!!! freq=200MHz
[    0.380316] DDR DEBUG: Channel a: 
[    0.380329] DDR DEBUG: DTONE=0x1, DTERR=0x0, DTIERR=0x0, DTPASS=4,0, DGSL=1,0 extra clock, DGPS=180,270
[    0.380345] DDR DEBUG: DTONE=0x1, DTERR=0x0, DTIERR=0x0, DTPASS=4,0, DGSL=1,0 extra clock, DGPS=180,270
[    0.380360] DDR DEBUG: DTONE=0x1, DTERR=0x0, DTIERR=0x0, DTPASS=4,0, DGSL=1,0 extra clock, DGPS=180,270
[    0.380376] DDR DEBUG: DTONE=0x1, DTERR=0x0, DTIERR=0x0, DTPASS=4,0, DGSL=1,0 extra clock, DGPS=180,270
[    0.380391] DDR DEBUG: ZERR=0, ZDONE=0, ZPD=0x0, ZPU=0x0, OPD=0x0, OPU=0x0
[    0.380403] DDR DEBUG: DRV Pull-Up=0x19, DRV Pull-Dwn=0x19
[    0.380413] DDR DEBUG: ODT Pull-Up=0x2, ODT Pull-Dwn=0x2
[    0.380423] DDR DEBUG: Channel b: 
[    0.380435] DDR DEBUG: DTONE=0x1, DTERR=0x0, DTIERR=0x0, DTPASS=4,0, DGSL=1,0 extra clock, DGPS=180,270
[    0.380450] DDR DEBUG: DTONE=0x1, DTERR=0x0, DTIERR=0x0, DTPASS=4,0, DGSL=1,0 extra clock, DGPS=180,270
[    0.380465] DDR DEBUG: DTONE=0x1, DTERR=0x0, DTIERR=0x0, DTPASS=4,0, DGSL=1,0 extra clock, DGPS=180,270
[    0.380481] DDR DEBUG: DTONE=0x1, DTERR=0x0, DTIERR=0x0, DTPASS=4,0, DGSL=1,0 extra clock, DGPS=180,270
[    0.380495] DDR DEBUG: ZERR=0, ZDONE=0, ZPD=0x0, ZPU=0x0, OPD=0x0, OPU=0x0
[    0.380506] DDR DEBUG: DRV Pull-Up=0x19, DRV Pull-Dwn=0x19
[    0.380516] DDR DEBUG: ODT Pull-Up=0x2, ODT Pull-Dwn=0x2
[    0.397184] bio: create slab <bio-0> at 0
[    0.397697] Rockchip hdmi driver version 2.0
.
[    0.398851] SCSI subsystem initialized
[    0.399025] usbcore: registered new interface driver usbfs
[    0.399076] usbcore: registered new interface driver hub
[    0.399178] usbcore: registered new device driver usb
[    0.401073] rockchip_i2c ff650000.i2c: i2c-0: Rockchip I2C adapter
[    0.402006] i2c i2c-1: 1 i2c clients have been registered at 0x68
[    0.402215] i2c i2c-1: 2 i2c clients have been registered at 0x68
[    0.402521] rockchip_i2c ff140000.i2c: i2c-1: Rockchip I2C adapter
[    0.402994] rockchip_i2c ff660000.i2c: i2c-2: Rockchip I2C adapter
[    0.403487] rockchip_i2c ff160000.i2c: i2c-4: Rockchip I2C adapter
[    0.403629] pps_core: LinuxPPS API ver. 1 registered
[    0.403643] pps_core: Software ver. 5.3.6 - Copyright 2005-2007 Rodolfo Giometti <giometti@linux.it>
[    0.403668] PTP clock support registered
[    0.404332] ion_drm_heap_create: 0@0
[    0.404455] Rockchip ion module is successfully loaded (v1.1)
[    0.404625] Advanced Linux Sound Architecture Driver Initialized.
[    0.405595] rk808_i2c_probe,line=1355
[    0.406116] rk808_pre_init,line=1224
[    0.422577] vdd_arm: 712 <--> 1500 mV at 1100 mV 
[    0.428175] vdd_gpu: 712 <--> 1500 mV at 900 mV 
[    0.434609] rk_dcdc3: 1200 mV 
[    0.441377] vccio: 1800 <--> 3300 mV at 3300 mV 
[    0.447806] rk_ldo1: 3300 mV 
[    0.453081] rk_ldo2: 3300 mV 
[    0.459504] rk_ldo3: 1000 mV 
[    0.464766] rk_ldo4: 1800 mV 
[    0.469217] vcc_sd: 1800 <--> 3300 mV at 3300 mV 
[    0.475633] rk_ldo6: 1000 mV 
[    0.482062] vcc_18: 1800 mV 
[    0.488482] rk_ldo8: 1800 mV 
[    0.491767] rk_ldo9: at 3300 mV 
[    0.495041] rk_ldo10: at 3300 mV 
[    0.497788] rk808_irq_init: rk808_pmic_irq=1
[    0.498423] rk808_rtc_probe,line=540
[    0.515260] rk808-rtc rk808-rtc: rtc core: registered rk808 as rtc0
[    0.519594] rk808_rtc_probe:ok
[    0.521363] Switching to clocksource arch_sys_counter
[    0.535772] rga: Module initialized.
[    0.536464] rga2 ff920000.rga: rga ion client create success!
[    0.536619] rga: Driver loaded succesfully
[    0.536842] rk-fb rockchip-fb: rk fb ion client create success!
[    0.536857] rk-fb rockchip-fb: rockchip framebuffer driver probe
[    0.537189] rockchip_lcdid_probe board_id 0 adc 0 lcd_id 0
[    0.537595] can't get dsp_lut_group node!
[    0.537616] rk-screen rk_screen.9: rockchip screen probe success
[    0.537710] rk_mipi_screen_init
[    0.537864] rk_mipi_screen_probe
[    0.538237] Register /dev/sre device
[    0.538374] create mipi sre level proc.
[    0.538502] rk32_mipi_dsi_probe rk32-dsi
[    0.538645] dsi->host.irq =51
[    0.538667] load mipi dsi chip:rk_mipi_dsi.0 id:3133302a
[    0.538677] mipi_dsi v1.3 2014-04-17
[    0.538704] rk32-mipi ff960000.mipi: rk mipi_dsi probe success!
[    0.538719] rk32-mipi ff960000.mipi: rockchip mipi_dsi v1.1 2014-06-17
[    0.538759] rk32_mipi_dsi_probe rk32-dsi
[    0.538871] dsi->host.irq =52
[    0.538887] load mipi dsi chip:rk_mipi_dsi.1 id:3133302a
[    0.538897] mipi_dsi v1.3 2014-04-17
[    0.538917] rk32-mipi ff964000.mipi: rk mipi_dsi probe success!
[    0.538930] rk32-mipi ff964000.mipi: rockchip mipi_dsi v1.1 2014-06-17
[    0.539467] graphics fb0: rockchip framebuffer registerd:fb0
[    0.539785] graphics fb1: rockchip framebuffer registerd:fb1
[    0.539960] graphics fb2: rockchip framebuffer registerd:fb2
[    0.540130] graphics fb3: rockchip framebuffer registerd:fb3
[    0.540448] rk3288-lcdc lcdc1: lcdc1: dclk:148500000>>fps:60 
[    0.842087] rk3288-lcdc lcdc1: wakeup from standby!
[    0.876857] alloc_buffer:ion_phy_addr=0x58000000
[    0.889804] fb0:phy:58000000>>vir:e0991000>>len:0x1900000
[    0.889824] rk3288-lcdc lcdc1: lcdc1 probe ok, iommu disabled
[    0.890119] rk3288-lcdc lcdc0: can't find power_ctr node for lcdc0
[    0.890133] rk_fb_trsm_ops_get:un supported transmitter:0!
[    0.890371] graphics fb4: rockchip framebuffer registerd:fb4
[    0.890703] graphics fb5: rockchip framebuffer registerd:fb5
[    0.890895] graphics fb6: rockchip framebuffer registerd:fb6
[    0.891052] graphics fb7: rockchip framebuffer registerd:fb7
[    0.891517] rk3288-lcdc lcdc0: lcdc0: dclk:148500000>>fps:60 
[    0.891534] rk3288-lcdc lcdc0: wakeup from standby!
[    0.891548] fb4:phy:58000000>>vir:e0991000>>len:0x1900000
[    0.891562] rk3288-lcdc lcdc0: lcdc0 probe ok, iommu disabled
[    0.891933] rockchip_set_mux:warning ignore bank num 15
[    0.892068] rockchip_set_mux:warning ignore bank num 15
[    0.892194] rockchip_set_mux:warning ignore bank num 15
[    0.893149] rockchip_set_mux:warning ignore bank num 15
[    0.893309] rockchip_set_mux:warning ignore bank num 15
[    0.893428] rockchip_set_mux:warning ignore bank num 15
[    0.893556] rockchip_set_mux:warning ignore bank num 15
[    0.894494] rockchip_set_mux:warning ignore bank num 15
[    0.894638] rockchip_set_mux:warning ignore bank num 15
[    0.895568] rockchip_set_mux:warning ignore bank num 15
[    0.895724] rockchip_set_mux:warning ignore bank num 15
[    0.896637] rockchip_set_mux:warning ignore bank num 15
[    0.896785] rockchip_set_mux:warning ignore bank num 15
[    0.897697] rockchip_set_mux:warning ignore bank num 15
[    0.897848] rockchip_set_mux:warning ignore bank num 15
[    0.898759] rockchip_set_mux:warning ignore bank num 15
[    0.900156] NET: Registered protocol family 2
[    0.900821] TCP established hash table entries: 4096 (order: 3, 32768 bytes)
[    0.900900] TCP bind hash table entries: 4096 (order: 3, 32768 bytes)
[    0.900975] TCP: Hash tables configured (established 4096 bind 4096)
[    0.901035] TCP: reno registered
[    0.901051] UDP hash table entries: 256 (order: 1, 8192 bytes)
[    0.901077] UDP-Lite hash table entries: 256 (order: 1, 8192 bytes)
[    0.901261] NET: Registered protocol family 1
[    0.901787] Unpacking initramfs...
[    1.789741] Freeing initrd memory: 19404K (c5bf0000 - c6ee3000)
[    1.790287] hw perfevents: enabled with ARMv7 Cortex-A12 PMU driver, 7 counters available
[    1.790912] vcodec_service: probe device ff9a0000.vpu_service
[    1.791122] vcodec_service: No reset resource define
[    1.791300] vcodec_service: ff9a0000.vpu_service: power on
[    1.791388] vcodec_service: probe device ff9a0000.vpu_service
[    1.791406] vcodec_service: checking hw id 4831
[    1.791836] vcodec_service: ff9a0000.vpu_service: power off...
[    1.791878] vcodec_service: done
[    1.791889] vcodec_service: init success
[    1.791943] vcodec_service: probe device ff9c0000.hevc_service
[    1.792281] vcodec_service: ff9c0000.hevc_service: power on
[    1.792339] vcodec_service: probe device ff9c0000.hevc_service
[    1.792356] vcodec_service: checking hw id 6867
[    1.792609] vcodec_service: ff9c0000.hevc_service: power off...
[    1.792652] vcodec_service: done
[    1.792662] vcodec_service: init success
[    1.792797] rknandbase v1.0 2014-03-31
[    1.792921] rknand: probe of ff400000.nandc0 failed with error -1
[    1.793037] rknand_driver:ret = 0 
[    1.793436] audit: initializing netlink socket (disabled)
[    1.793479] type=2000 audit(1.600:1): initialized
[    1.794287] bounce pool size: 64 pages
[    1.798298] exFAT: Version 1.2.9
[    1.798474] NTFS driver 2.1.30 [Flags: R/W].
[    1.798649] fuse init (API version 7.22)
[    1.799030] msgmni has been set to 960
[    1.800509] Block layer SCSI generic (bsg) driver version 0.4 loaded (major 247)
[    1.800526] io scheduler noop registered
[    1.800538] io scheduler deadline registered
[    1.800664] io scheduler cfq registered (default)
[    1.802306] rockchip-hdmiv2 ff980000.hdmi: rockchip hdmiv2 probe sucess.
[    1.803009] IEP Driver loaded succesfully
[    1.803106] Module initialized.
[    1.803888] dma-pl330 ffb20000.pdma: Loaded driver for PL330 DMAC-2364208
[    1.803909] dma-pl330 ffb20000.pdma:         DBUFF-64x8bytes Num_Chans-5 Num_Peri-6 Num_Events-10
[    1.805206] dma-pl330 ff250000.pdma: Loaded driver for PL330 DMAC-2364208
[    1.805227] dma-pl330 ff250000.pdma:         DBUFF-128x8bytes Num_Chans-8 Num_Peri-20 Num_Events-16
[    1.805585] vdd_logic: 925 <--> 1400 mV at 1150 mV 
[    1.805894] rk_serial.c v1.8 2014-03-04
[    1.806126] ff190000.serial: ttyS1 at MMIO 0xff190000 (irq = 88) is a rk29_serial.1
[    1.806306] serial ff190000.serial: membase e22b2000
[    1.806468] ff1c0000.serial: ttyS4 at MMIO 0xff1c0000 (irq = 91) is a rk29_serial.4
[    1.806633] serial ff1c0000.serial: membase e22c4000
[    1.809389] loop: module loaded
[    1.809729] zram: Created 1 device(s) ...
[    1.810525] SCSI Media Changer driver v0.25 
[    1.810861] tun: Universal TUN/TAP device driver, 1.6
[    1.810874] tun: (C) 1999-2004 Max Krasnyansky <maxk@qualcomm.com>
[    1.810990] vmac_init.
[    1.811296] PPP generic driver version 2.4.2
[    1.811423] PPP BSD Compression module registered
[    1.811436] PPP Deflate Compression module registered
[    1.811458] PPP MPPE Compression module registered
[    1.811472] NET: Registered protocol family 24
[    1.811506] SLIP: version 0.8.4-NET3.019-NEWTTY (dynamic channels, max=256) (6 bit encapsulation enabled).
[    1.811520] CSLIP: code copyright 1989 Regents of the University of California.
[    1.811534] Rockchip WiFi SYS interface (V1.00) ... 
[    1.811621] usbcore: registered new interface driver catc
[    1.811656] usbcore: registered new interface driver kaweth
[    1.811669] pegasus: v0.9.3 (2013/04/25), Pegasus/Pegasus II USB Ethernet driver
[    1.811705] usbcore: registered new interface driver pegasus
[    1.811755] usbcore: registered new interface driver rtl8150
[    1.811792] usbcore: registered new interface driver r8152
[    1.811803] hso: drivers/net/usb/hso.c: Option Wireless
[    1.811870] usbcore: registered new interface driver hso
[    1.811913] usbcore: registered new interface driver asix
[    1.811949] usbcore: registered new interface driver ax88179_178a
[    1.811984] usbcore: registered new interface driver cdc_ether
[    1.812025] usbcore: registered new interface driver cdc_eem
[    1.812060] usbcore: registered new interface driver dm9601
[    1.812095] usbcore: registered new interface driver dm9620
[    1.812139] usbcore: registered new interface driver smsc75xx
[    1.812188] usbcore: registered new interface driver smsc95xx
[    1.812224] usbcore: registered new interface driver gl620a
[    1.812265] usbcore: registered new interface driver net1080
[    1.812301] usbcore: registered new interface driver plusb
[    1.812338] usbcore: registered new interface driver rndis_host
[    1.812373] usbcore: registered new interface driver cdc_subset
[    1.812407] usbcore: registered new interface driver zaurus
[    1.812444] usbcore: registered new interface driver MOSCHIP usb-ethernet driver
[    1.812503] usbcore: registered new interface driver int51x1
[    1.812540] usbcore: registered new interface driver kalmia
[    1.812582] usbcore: registered new interface driver ipheth
[    1.812624] usbcore: registered new interface driver sierra_net
[    1.812661] usbcore: registered new interface driver cx82310_eth
[    1.812707] usbcore: registered new interface driver cdc_ncm
[    1.812745] usbcore: registered new interface driver qmi_wwan
[    1.812782] usbcore: registered new interface driver cdc_mbim
[    1.812794] ehci_hcd: USB 2.0 'Enhanced' Host Controller (EHCI) Driver
[    1.815260] EHCI: ehci_rk_probe e2340000 e2340010
[    1.815278] rockchip_ehci_host ff500000.usb: EHCI Host Controller
[    1.815308] rockchip_ehci_host ff500000.usb: new USB bus registered, assigned bus number 1
[    1.815653] rockchip_ehci_host ff500000.usb: irq 56, io mem 0xff500000
[    1.830160] rockchip_ehci_host ff500000.usb: USB 2.0 started, EHCI 1.00
[    1.830246] usb usb1: New USB device found, idVendor=1d6b, idProduct=0002
[    1.830263] usb usb1: New USB device strings: Mfr=3, Product=2, SerialNumber=1
[    1.830278] usb usb1: Product: EHCI Host Controller
[    1.830291] usb usb1: Manufacturer: Linux 3.10.0 ehci_hcd
[    1.830303] usb usb1: SerialNumber: ff500000.usb
[    1.830740] hub 1-0:1.0: USB hub found
[    1.830765] hub 1-0:1.0: 1 port detected
[    1.830939] EHCI: ehci_rk_probe ok
[    1.831052] ohci_hcd: USB 1.1 'Open' Host Controller (OHCI) Driver
[    1.831339] usbcore: registered new interface driver cdc_acm
[    1.831353] cdc_acm: USB Abstract Control Model driver for USB modems and ISDN adapters
[    1.831405] usbcore: registered new interface driver usblp
[    1.831446] usbcore: registered new interface driver cdc_wdm
[    1.831510] usbcore: registered new interface driver usb-storage
[    1.831548] usbcore: registered new interface driver ums-alauda
[    1.831584] usbcore: registered new interface driver ums-cypress
[    1.831627] usbcore: registered new interface driver ums-datafab
[    1.831665] usbcore: registered new interface driver ums_eneub6250
[    1.831700] usbcore: registered new interface driver ums-freecom
[    1.831735] usbcore: registered new interface driver ums-isd200
[    1.831771] usbcore: registered new interface driver ums-jumpshot
[    1.831807] usbcore: registered new interface driver ums-karma
[    1.831843] usbcore: registered new interface driver ums-onetouch
[    1.831880] usbcore: registered new interface driver ums-sddr09
[    1.831916] usbcore: registered new interface driver ums-sddr55
[    1.831952] usbcore: registered new interface driver ums-usbat
[    1.832045] usbcore: registered new interface driver usbserial
[    1.832084] usbcore: registered new interface driver usbserial_generic
[    1.832117] usbserial: USB Serial support registered for generic
[    1.832155] usbcore: registered new interface driver option
[    1.832186] usbserial: USB Serial support registered for GSM modem (1-port)
[    1.832261] usbcore: registered new interface driver trancevibrator
[    1.832274] usb20_otg: version 3.10a 21-DEC-2012
[    1.832703] e2380040
[    1.832717] Core Release: 3.10a
[    1.832730] Setting default values for core params
[    1.832859] Using Buffer DMA mode
[    1.832871] Periodic Transfer Interrupt Enhancement - disabled
[    1.832882] Multiprocessor Interrupt Enhancement - disabled
[    1.832894] OTG VER PARAM: 0, OTG VER FLAG: 0
[    1.832904] ^^^^^^^^^^^^^^^^^Device Mode
[    1.832918] Dedicated Tx FIFOs mode
[    1.832937] pcd_init otg_dev = ddebdd80
[    1.833248] usb20_otg ff580000.usb: DWC OTG Controller
[    1.833281] usb20_otg ff580000.usb: new USB bus registered, assigned bus number 2
[    1.833314] usb20_otg ff580000.usb: irq 55, io mem 0x00000000
[    1.833379] usb usb2: New USB device found, idVendor=1d6b, idProduct=0002
[    1.833396] usb usb2: New USB device strings: Mfr=3, Product=2, SerialNumber=1
[    1.833411] usb usb2: Product: DWC OTG Controller
[    1.833424] usb usb2: Manufacturer: Linux 3.10.0 dwc_otg_hcd
[    1.833436] usb usb2: SerialNumber: ff580000.usb
[    1.833852] hub 2-0:1.0: USB hub found
[    1.833877] hub 2-0:1.0: 1 port detected
[    1.834200] usb20_host: version 3.10a 21-DEC-2012
[    1.836704] e2400040
[    1.836717] Core Release: 3.10a
[    1.836728] Setting default values for core params
[    1.836876] Using Buffer DMA mode
[    1.836889] Periodic Transfer Interrupt Enhancement - disabled
[    1.836900] Multiprocessor Interrupt Enhancement - disabled
[    1.836911] OTG VER PARAM: 0, OTG VER FLAG: 0
[    1.836922] ^^^^^^^^^^^^^^^^^^Host Mode
[    1.836950] usb20_host ff540000.usb: DWC OTG Controller
[    1.836977] usb20_host ff540000.usb: new USB bus registered, assigned bus number 3
[    1.837007] usb20_host ff540000.usb: irq 57, io mem 0x00000000
[    1.837100] Init: Power Port (0)
[    1.837159] usb usb3: New USB device found, idVendor=1d6b, idProduct=0002
[    1.837177] usb usb3: New USB device strings: Mfr=3, Product=2, SerialNumber=1
[    1.837191] usb usb3: Product: DWC OTG Controller
[    1.837204] usb usb3: Manufacturer: Linux 3.10.0 dwc_otg_hcd
[    1.837217] usb usb3: SerialNumber: ff540000.usb
[    1.837621] hub 3-0:1.0: USB hub found
[    1.837643] hub 3-0:1.0: 1 port detected
[    1.838675] input: rk29-keypad as /devices/ff100000.adc/key.34/input/input0
[    1.838921] usbcore: registered new interface driver usb_acecad
[    1.838967] usbcore: registered new interface driver aiptek
[    1.839008] usbcore: registered new interface driver gtco
[    1.839049] usbcore: registered new interface driver hanwang
[    1.839089] usbcore: registered new interface driver kbtab
[    1.839135] usbcore: registered new interface driver wacom
[    1.928642] dwc_otg_hcd_suspend, usb device mode
[    2.017569] fts_ts 4-0038: Device ID = 0x54
[    2.018021] fts_ts 4-0038: report rate = 110Hz
[    2.019766] fts_ts 4-0038: Firmware version = 2.0.0
[    2.020509] input: fts_ts as /devices/ff160000.i2c/i2c-4/4-0038/input/input1
[    2.020909] fts_ts 4-0038: Create proc entry success!
[    2.020940] fts:fts_create_sysfs() - sysfs_create_group() succeeded.
[    2.021238] sensor_register_slave:mpu6500_acc,id=25
[    2.021253] sensor_register_slave:ist8310,id=41
[    2.021264] sensor_register_slave:mpu6500_gyro,id=48
[    2.021275] sensor_register_slave:ls_cm3218,id=51
[    2.021286] sensor_register_slave:mpu6500_temp,id=65
[    2.021583] i2c /dev entries driver
[    2.022338] rockchip_temp_probe,line=362
[    2.076155] tsadc ff280000.tsadc: initialized
[    2.076534] device-mapper: uevent: version 1.0.3
[    2.076765] device-mapper: ioctl: 4.24.0-ioctl (2013-01-15) initialised: dm-devel@redhat.com
[    2.077047] DVFS WARNING:    clk_enable_dvfs: clk(aclk_vio1) freq table all value are smaller than default(594000), use default, just enable dvfs
[    2.082307] cpufreq version 1.0, suspend freq 1200 MHz
[    2.082503] cpuidle: using governor ladder
[    2.082516] cpuidle: using governor menu
[    2.082554] Synopsys Designware Multimedia Card Interface Driver
[    2.082565] MHSC version = Ver 2.00 2015-06-10
[    2.082831] dw cru_regsbase addr 0x1d8.
[    2.082842] dw cru_reset_offset val 3.
[    2.082857] dwmmc_rockchip ff0f0000.rksdmmc: Version ID is 270a
[    2.082912] dwmmc_rockchip ff0f0000.rksdmmc: failed to get hpclk_mmc
[    2.083230] dwmmc_rockchip ff0f0000.rksdmmc: Using internal DMA controller.
[    2.083380] dw_mci_init_slot: fmin=400000, fmax=150000000 [mmc0]
[    2.083500] 1351..dw_mci_set_ios:  no card. [mmc0]
[    2.105684] 1351..dw_mci_set_ios:  no card. [mmc0]
[    2.125394] rk_sdmmc: BOOT dw_mci_setup_bus: argue clk_mmc workaround out 800000Hz for init[mmc0]
[    2.125402] dwmmc_rockchip ff0f0000.rksdmmc: DW MMC controller at irq 67, 32 bit host data width, 256 deep fifo
[    2.125410] dwmmc_rockchip ff0f0000.rksdmmc: 1 slots initialized
[    2.125622] dw cru_regsbase addr 0x1d8.
[    2.125631] dw cru_reset_offset val 0.
[    2.125641] dwmmc_rockchip ff0c0000.rksdmmc: Version ID is 270a
[    2.125671] dwmmc_rockchip ff0c0000.rksdmmc: failed to get hpclk_mmc
[    2.126518] dwmmc_rockchip ff0c0000.rksdmmc: Using internal DMA controller.
[    2.126631] dw_mci_init_slot: fmin=400000, fmax=100000000 [mmc1]
[    2.127244] dwmmc_rockchip ff0c0000.rksdmmc: mmc1: No udbg pinctrl found!
[    2.127314] 1351..dw_mci_set_ios:  no card. [mmc1]
[    2.145037] 1351..dw_mci_set_ios:  no card. [mmc1]
[    2.145044] usb 1-1: new high-speed USB device number 2 using rockchip_ehci_host
[    2.157499] mmc0: BKOPS_EN bit is not set
[    2.164744] dwmmc_rockchip ff0c0000.rksdmmc: DW MMC controller at irq 64, 32 bit host data width, 256 deep fifo
[    2.164757] dwmmc_rockchip ff0c0000.rksdmmc: 1 slots initialized
[    2.164808] rk_sdmmc: BOOT Bus speed=0Hz,Bus width=8bits.[mmc0]
[    2.165035] dw cru_regsbase addr 0x1d8.
[    2.165045] dw cru_reset_offset val 1.
[    2.165054] dwmmc_rockchip ff0d0000.rksdmmc: Version ID is 270a
[    2.165085] dwmmc_rockchip ff0d0000.rksdmmc: failed to get hpclk_mmc
[    2.165273] dwmmc_rockchip ff0d0000.rksdmmc: Using internal DMA controller.
[    2.165379] dw_mci_init_slot: fmin=200000, fmax=100000000 [mmc2]
[    2.165612] 1351..dw_mci_set_ios:  no card. [mmc2]
[    2.167103] mmc_host mmc0: Bus speed (slot 0) = 150000000Hz (slot req 150000000Hz, actual 150000000HZ div = 0)
[    2.167128] rk_sdmmc: BOOT dw_mci_setup_bus: argue clk_mmc workaround out normal clock [mmc0]
[    2.167148] [mmc0] tuning regsbase addr 0x218.
[    2.167439] [mmc0] Data transmission error !!!!  MINTSTS: [0x00002000]
[    2.167448] [mmc0] host was already tuning, Don't need to retry tune again ignore 0.
[    2.167467] dwmmc_rockchip ff0f0000.rksdmmc: data FIFO error (status=00002000)
[    2.167486] dwmmc_rockchip ff0f0000.rksdmmc: Tuning error: cmd.error:0, data.error:-5
[    2.167509] [mmc0] Data transmission error !!!!  MINTSTS: [0x000000ca]
[    2.167518] [mmc0] host was already tuning, Don't need to retry tune again ignore 0.
[    2.167536] dwmmc_rockchip ff0f0000.rksdmmc: Tuning error: cmd.error:-84, data.error:-115
[    2.167558] [mmc0] Data transmission error !!!!  MINTSTS: [0x00000088]
[    2.167566] [mmc0] host was already tuning, Don't need to retry tune again ignore 0.
[    2.167593] dwmmc_rockchip ff0f0000.rksdmmc: Tuning error: cmd.error:-84, data.error:-115
[    2.167615] [mmc0] Data transmission error !!!!  MINTSTS: [0x00000088]
[    2.167623] [mmc0] host was already tuning, Don't need to retry tune again ignore 0.
[    2.167641] dwmmc_rockchip ff0f0000.rksdmmc: Tuning error: cmd.error:-84, data.error:-115
[    2.167670] dwmmc_rockchip ff0f0000.rksdmmc: Tuning error: cmd.error:-5, data.error:-115
[    2.168018] dwmmc_rockchip ff0f0000.rksdmmc: Good phase range 0-90 (9 len)
[    2.168030] dwmmc_rockchip ff0f0000.rksdmmc: Good phase range 158-282 (12 len)
[    2.168041] dwmmc_rockchip ff0f0000.rksdmmc: Best phase range 158-282 (12 len)
[    2.168050] dwmmc_rockchip ff0f0000.rksdmmc: Successfully tuned phase to 225
[    2.168092] mmc0: new HS200 MMC card at address 0001
[    2.168335] mmcblk0: mmc0:0001 AJNB4R 14.5 GiB 
[    2.168630]  parameter: 0x000000000 -- 0x000400000 (4 MB)
[    2.168642]      uboot: 0x000400000 -- 0x000800000 (4 MB)
[    2.168651]       misc: 0x000800000 -- 0x000c00000 (4 MB)
[    2.168660]   resource: 0x000c00000 -- 0x001c00000 (16 MB)
[    2.168668]     kernel: 0x001c00000 -- 0x002c00000 (16 MB)
[    2.168677]       boot: 0x002c00000 -- 0x004c00000 (32 MB)
[    2.168685]   recovery: 0x004c00000 -- 0x006c00000 (32 MB)
[    2.168693]     backup: 0x006c00000 -- 0x00a000000 (52 MB)
[    2.168701]      cache: 0x00a000000 -- 0x01a000000 (256 MB)
[    2.168709]     kpanic: 0x01a000000 -- 0x01a400000 (4 MB)
[    2.168718]     system: 0x01a400000 -- 0x07a400000 (1536 MB)
[    2.168726]   metadata: 0x07a400000 -- 0x07b400000 (16 MB)
[    2.168735]   userdata: 0x07b400000 -- 0x13b400000 (3072 MB)
[    2.168743] radical_update: 0x13b400000 -- 0x13f400000 (64 MB)
[    2.168751]       user: 0x13f400000 -- 0x3a3a00000 (9798 MB)
[    2.168782]  mmcblk0: p1 p2 p3 p4 p5 p6 p7 p8 p9 p10 p11 p12 p13 p14 p151351..dw_mci_set_ios:  no card. [mmc1]
[    2.184400] 1351..dw_mci_set_ios:  no card. [mmc2]
[    2.204085] 1351..dw_mci_set_ios:  no card. [mmc2]
[    2.204107] dwmmc_rockchip ff0d0000.rksdmmc: DW MMC controller at irq 65, 32 bit host data width, 256 deep fifo
[    2.204120] dwmmc_rockchip ff0d0000.rksdmmc: 1 slots initialized
[    2.204406] hidraw: raw HID events driver (C) Jiri Kosina
[    2.205692] usbcore: registered new interface driver usbhid
[    2.205702] usbhid: USB HID core driver
[    2.205804] ashmem: initialized
[    2.205911] logger: created 256K log 'log_main'
[    2.205999] logger: created 256K log 'log_events'
[    2.206089] logger: created 256K log 'log_radio'
[    2.206180] logger: created 256K log 'log_system'
[    2.294159] usb 1-1: New USB device found, idVendor=05e3, idProduct=0608
[    2.294172] usb 1-1: New USB device strings: Mfr=0, Product=1, SerialNumber=0
[    2.294181] usb 1-1: Product: USB2.0 Hub
[    2.294714] hub 1-1:1.0: USB hub found
[    2.295017] hub 1-1:1.0: 4 ports detected
[    2.312447] tfa98xx_i2c_probe((null)): tfa98xx probed successfully!
[    2.312818] rockchip-spdif ff8b0000.rockchip-spdif: spdif ready.
[    2.314223] tfa98xx 2-0034: ID revision 0x0080
[    2.314299] tfa98xx_load_container((null)): firmware file name - tfa98xx.cnt
[    2.314315] tfa98xx 2-0034: tfa98xx codec registered
[    2.314423] tfa98xx_container_loaded((null)): loaded tfa98xx.cnt - size: 3634
[    2.314432] tfa98xx_container_loaded((null)): 1_00
[    2.314438] tfa98xx_container_loaded((null)): TFA9890
[    2.314444] tfa98xx_container_loaded((null)): mono
[    2.314449] tfa98xx_container_loaded((null)): N1B12
[    2.314455] tfa98xx_container_loaded((null)): 1 ndev
[    2.314461] tfa98xx_container_loaded((null)): 1 nprof
[    2.314538] tfa98xx_container_loaded(left): tfa98xx firmware loaded.
[    2.318126] rockchip-tfa98xx rockchip-tfa98xx.30:  tfa98xx_codec <-> ff890000.rockchip-i2s mapping ok
[    2.319532] u32 classifier
[    2.319541]     Actions configured
[    2.319553] Netfilter messages via NETLINK v0.30.
[    2.319604] nf_conntrack version 0.5.0 (16384 buckets, 65536 max)
[    2.319893] ctnetlink v0.93: registering with nfnetlink.
[    2.319956] NF_TPROXY: Transparent proxy support initialized, version 4.1.0
[    2.319963] NF_TPROXY: Copyright (c) 2006-2007 BalaBit IT Ltd.
[    2.320193] xt_time: kernel timezone is -0000
[    2.320364] ip_tables: (C) 2000-2006 Netfilter Core Team
[    2.320480] arp_tables: (C) 2002 David S. Miller
[    2.320513] TCP: cubic registered
[    2.320520] Initializing XFRM netlink socket
[    2.320705] NET: Registered protocol family 10
[    2.321114] mip6: Mobile IPv6
[    2.321137] ip6_tables: (C) 2000-2006 Netfilter Core Team
[    2.321236] sit: IPv6 over IPv4 tunneling driver
[    2.321528] NET: Registered protocol family 17
[    2.321551] NET: Registered protocol family 15
[    2.321601] Bridge firewalling registered
[    2.321612] Ebtables v2.0 registered
[    2.321661] l2tp_core: L2TP core driver, V2.0
[    2.321674] l2tp_ppp: PPPoL2TP kernel driver, V2.0
[    2.321680] [WLAN_RFKILL]: Enter rfkill_wlan_init
[    2.321886] [WLAN_RFKILL]: Enter rfkill_wlan_probe
[    2.321898] [WLAN_RFKILL]: can't find rockchip,grf property
[    2.321906] [WLAN_RFKILL]: wlan_platdata_parse_dt: wifi_chip_type = ar1021x
[    2.321914] [WLAN_RFKILL]: wlan_platdata_parse_dt: enable wifi power control.
[    2.321922] [WLAN_RFKILL]: wlan_platdata_parse_dt: disable wifi io reference voltage control.
[    2.321930] [WLAN_RFKILL]: wlan_platdata_parse_dt: wifi power controled by gpio.
[    2.321951] [WLAN_RFKILL]: wlan_platdata_parse_dt: get property: WIFI,poweren_gpio = 171, flags = 0.
[    2.321968] [WLAN_RFKILL]: rfkill_wlan_probe: init gpio
[    2.321989] [WLAN_RFKILL]: rockchip_wifi_voltage_select: wifi & sdio reference voltage: 1.8V
[    2.321997] [WLAN_RFKILL]: Exit rfkill_wlan_probe
[    2.322034] [BT_RFKILL]: Enter rfkill_rk_init
[    2.322361] rk3288_init_suspend
[    2.322371] rk3288_suspend_init enter
[    2.322548] rk3288_suspend_init: pm_ctrbits =200007
[    2.322576] gpio_get_dts_info suspend:4
[    2.322583] gpio_get_dts_info resume:4
[    2.322589] rockchip,pmic-suspend_gpios:14007a10 0 0 0 0 0 0 0 0 0 0 0 0 0 0 0 0 0 0 0 
[    2.322615] rockchip,pmic-resume_gpios:2007a11 0 0 0 0 0 0 0 0 0 0 0 0 0 0 0 0 0 0 0 
[    2.322746] clks_gating_suspend_init:clkgt info ok
[    2.322843] Registering SWP/SWPB emulation handler
[    2.323394] ddrfreq: verion 1.2 20140526
[    2.323405] ddrfreq: normal 516MHz video_1080p 0MHz video_4k 0MHz dualview 0MHz idle 0MHz suspend 0MHz reboot 516MHz
[    2.323413] ddrfreq: auto-freq=0
[    2.323418] ddrfreq: auto-freq-table[0] 516MHz
[    2.329823] Enter pwm_fan_init
[    2.330043] pwm_fan_parse_dt:motor_gpio is invalid!
[    2.330092] pwm_fan_parse_dt:gps-gpio is invalid!
[    2.330568] rk_ldo4: disabling
[    2.332134] regulator-dummy: disabling
[    2.332290] pcd_pullup, is_on 0
[    2.332326] file system registered
[    2.332510] acm_function_init
[    2.332866] android_usb gadget: Mass Storage Function, version: 2009/09/11
[    2.332876] android_usb gadget: Number of LUNs=2
[    2.332883]  lun0: LUN: removable file: (no medium)
[    2.332889]  lun1: LUN: removable file: (no medium)
[    2.333161] android_usb gadget: android_usb ready
[    2.333222] i2c i2c-1: sensor_probe: ist8310,debca600
[    2.333392] sensor_chip_init:ist8310:devid=0x10,ops=0xc0945d6c
[    2.352985] input: compass as /devices/ff140000.i2c/i2c-1/1-000e/input/input2
[    2.353062] sensor_irq_init:use polling,delay=20 ms
[    2.353118] sensor_misc_device_register:miscdevice: compass
[    2.353125] sensor_probe:initialized ok,sensor name:ist8310,type:3,id=41
[    2.353125] 
[    2.353168] i2c i2c-1: sensor_probe: ls_cm3218,debca800
[    2.353191] sensor_chip_init:ls_cm3218:devid=0x0,ops=0xc0945eb8
[    2.354558] input: lightsensor-level as /devices/ff140000.i2c/i2c-1/1-0048/input/input3
[    2.354618] sensor_irq_init:use polling,delay=50 ms
[    2.354675] sensor_misc_device_register:miscdevice: lightsensor
[    2.354682] sensor_probe:initialized ok,sensor name:ls_cm3218,type:5,id=51
[    2.354682] 
[    2.354720] i2c i2c-1: sensor_probe: mpu6500_acc,debcaa00
[    2.354871] sensor_chip_init:mpu6500_acc:devid=0x70,ops=0xc0945d10
[    2.538679] input: gsensor as /devices/ff140000.i2c/i2c-1/1-0068/input/input4
[    2.538756] sensor_irq_init:use polling,delay=20 ms
[    2.538814] sensor_misc_device_register:miscdevice: mma8452_daemon
[    2.538822] sensor_probe:initialized ok,sensor name:mpu6500_acc,type:2,id=25
[    2.538822] 
[    2.538865] i2c i2c-1: sensor_probe: mpu6500_gyro,debcac00
[    2.538888] sensor_chip_init:mpu6500_gyro:devid=0x0,ops=0xc0945e5c
[    2.568447] usb 1-1.1: new high-speed USB device number 3 using rockchip_ehci_host
[    2.597721] input: gyro as /devices/ff140000.i2c/i2c-1/1-0068-1/input/input5
[    2.597794] sensor_irq_init:use polling,delay=20 ms
[    2.597850] sensor_misc_device_register:miscdevice: gyrosensor
[    2.597857] sensor_probe:initialized ok,sensor name:mpu6500_gyro,type:4,id=48
[    2.597857] 
[    2.597896] i2c i2c-1: sensor_probe: mpu6500_temp,debcae00
[    2.598050] sensor_chip_init:mpu6500_temp:devid=0x70,ops=0xc0945f14
[    2.656771] input: temperature as /devices/ff140000.i2c/i2c-1/1-0068-2/input/input6
[    2.656833] sensor_irq_init:use polling,delay=500 ms
[    2.656893] sensor_misc_device_register:miscdevice: temperature
[    2.656900] sensor_probe:initialized ok,sensor name:mpu6500_temp,type:7,id=65
[    2.656900] 
[    2.656935] sensor_init: Probe name sensors
[    2.656950] sensor-dev.c v1.4 add angle calculation support between two gsensors 2013-09-01
[    2.661010] rk808-rtc rk808-rtc: setting system clock to 2013-01-21 08:53:44 UTC (1358758424)
[    2.666461] rockchip-hdmi-i2s rockchip-hdmi-i2s.28:  rk-hdmi-i2s-hifi <-> ff890000.rockchip-i2s mapping ok
[    2.667140] usbcore: registered new interface driver snd-usb-audio
[    2.667149] ALSA device list:
[    2.667154]   #0: RK-TFA98XX
[    2.667159]   #1: RK-HDMI-I2S
[    2.667357] Freeing unused kernel memory: 292K (c08a1000 - c08ea000)
[    2.670033] init: could not import file '/init.recovery.rk30board.rc' from '/init.rc'
[    2.670283] init: could not import file 'init.rk30board.usb.rc' from 'init.rockchip.rc'
[    2.671339] bat_cap: oldcap path is /sys/devices/ff100000.adc
[    2.671381] bat_cap: oldcap_path no exist
[    2.671405] init: invalid gid 'trace'
[    2.671511] healthd: No charger supplies found
[    2.671521] healthd: No battery devices found
[    2.677180] usb 1-1.1: New USB device found, idVendor=0547, idProduct=1002
[    2.677193] usb 1-1.1: New USB device strings: Mfr=1, Product=2, SerialNumber=0
[    2.677201] usb 1-1.1: Product: EZ-USB FX2
[    2.677207] usb 1-1.1: Manufacturer: grc V1.3.1.0
[    2.710374] init: /dev/hw_random not found
[    2.710412] keychord: using input dev rk29-keypad for fevent
[    2.711209] init: /dev/hw_random not found
[    2.711540] android_usb: already disabled
[    2.711667] init: property 'ro.serialno' doesn't exist while expanding '${ro.serialno}'
[    2.711679] init: cannot expand '${ro.serialno}' while writing to '/sys/class/android_usb/android0/iSerial'
[    2.755419] usb 1-1.3: new full-speed USB device number 4 using rockchip_ehci_host
[    2.865613] usb 1-1.3: New USB device found, idVendor=2ca3, idProduct=0008
[    2.865623] usb 1-1.3: New USB device strings: Mfr=1, Product=2, SerialNumber=3
[    2.865631] usb 1-1.3: Product: kpad    CONTROLLER
[    2.865637] usb 1-1.3: Manufacturer: kpad  CONFIF  
[    2.865643] usb 1-1.3: SerialNumber: 0001A0000000
[    2.866314] cdc_acm 1-1.3:1.0: This device cannot do calls on its own. It is not a modem.
[    2.868011] cdc_acm 1-1.3:1.0: ttyACM0: USB ACM device
[    4.158375] drmboot: module license 'unspecified' taints kernel.
[    4.158388] Disabling lock debugging due to kernel taint
[    4.158605] drm init, 20140910
[    4.159063] drm init ok
[    4.159303] init: Unable to open persistent property directory /data/property errno: 2
[    4.166189] EXT4-fs (mmcblk0p9): mounted filesystem with ordered data mode. Opts: 
[    4.195910] rk3288-lcdc lcdc1: blank mode:0
[    5.548793] FAT-fs (mmcblk0p15): Volume was not properly unmounted. Some data may be corrupt. Please run fsck.
xres:1080

yres:1920

Pixel format: 1080x1920 @ 16bpp
Pixel format: RGB_565
framebuffer: fd 22 (1080 x 1920)
I:open event1
I:open event6
I:open event5
I:open event2
I:open event3
I:open event0
(debug): the length of script is 11270
(debug): script: main key count #28
(msg): script: V1.0.0
(msg): core: total test cases #17
manual testcase:
fan
tp
Codec
Key
hdmi
udisk
sdcard
[sdcard]: start sdcard test.
switch_key:code=330
un supported key:330
switch_key:code=116
switch_key:code=142
un supported key:142


auto testcase:
start_auto_test_item : 0, tfa98xx 
tfa98xx
start_auto_test_item : 0, emmc 
emmc
cur_print_y:30
start_auto_test_item : 0, gps 
gps
cur_print_y:28
[emmc]: start emmc test.
cur_print_y:26
start_auto_test_item : 0, compass 
compass
[emmc]: get emmc capbility:14.5 GiB
start_auto_test_item : 0, lsensor 
lsensor
cur_print_y:24
start_auto_test_item : 0, gsensor 
gsensor
cur_print_y:22
start_auto_test_item : 0, secure 
secure
cur_print_y:20
start_auto_test_item : 0, cpu 
cpu
cur_print_y:18
start_auto_test_item : 0, wifi 
wifi
cur_print_y:16
start_auto_test_item : 0, Lcd 
Lcd
cur_print_y:14
I:Switching packages (TWRP)
E:Unable to locate package TWRP
E:Unable to find package.
E:start input thread!
compass_test line=196 [ST] 
lightsensor_test:openInput
sh: can't create data/boot_mode.txt: Read-only file system
get_boot_mode open err
lightsensor_test:open dev
lightsensor_test:ioctl enable
lightsensor_test:go for loop
sh: can't create /data/cpu_freq.txt: Read-only file system
get_freq_table open err
sh: can't create /data/cpu_freq.txt: Read-only file system
sh: can't create data/cpu_idle.txt: Read-only file system
get_freq_table open err
sh: can't create /data/cpu_freq.txt: Read-only file system
get_freq_table open err
sh: can't create /data/cpu_freq.txt: Read-only file system
get_freq_table open err
get_cpu_info open err
[    9.068325] wifi_power_write: poweren = 1
[    9.068343] [WLAN_RFKILL]: rockchip_wifi_power: 1
[    9.068351] [BT_RFKILL]: rfkill_get_bt_power_state: rfkill-bt driver has not Successful initialized
[    9.068358] [WLAN_RFKILL]: rockchip_wifi_ref_voltage: 1
[    9.068363] [WLAN_RFKILL]: rockchip_wifi_ref_voltage: wifi io reference voltage control is disabled.
script_fetch program = case2.

BEGIN CODEC TEST ---------------- 
rec_play_test_2
enter rec_volum_display thread.
route_init()
################################!
################################!
Sound card0 is RKTFA98XX
SOUND_CARD_NAME:RKRK616
SOUND_CARD_NAME:RK29RT3224
SOUND_CARD_NAME:RK29RT3261
SOUND_CARD_NAME:RK29WM8960
SOUND_CARD_NAME:RKRT3224
SOUND_CARD_NAME:RKRT3261
SOUND_CARD_NAME:RKWM8960
SOUND_CARD_NAME:RKRT5616
SOUND_CARD_NAME:RKRT5650
Open headset state error!
headsetState:0.
HDMI is out
pcm_open(0x1003f000) 
pcm_open(/dev/snd/pcmC0D0c) card 0, device 0, Capture 
pcm_open() period sz multiplier 16 
pcm_open() period cnt 6 
pcm_open() period_cnt 6 period_sz 1024 channels 2 
[cm  pe330x4601r000fa
xxm_oper:/d_tfsndxpchw0Dar) s,rra0e=de10ce
                                          0, Playback 
pcm_open() period sz multiplier 16 
pcm_open() period cnt 4 
pcm_open() period_cnt 4 period_sz 1024 channels 2 
[    9.351661] rk_tfa98xx:Enter:rk_tfa98xx_hw_params, rate=44100
[    9.358048] usb 1-1.2: new high-speed USB device number 5 using rockchip_ehci_host
[    9.466900] usb 1-1.2: New USB device found, idVendor=0cf3, idProduct=1022
[    9.466914] usb 1-1.2: New USB device strings: Mfr=1, Product=2, SerialNumber=3
[    9.466922] usb 1-1.2: Product: USBWLAN
[    9.466928] usb 1-1.2: Manufacturer: Qualcomm Atheros.
[    9.466935] usb 1-1.2: SerialNumber: 12345678
[    9.721829] [otg id chg] last id -1 current id 1
[    9.721851] PortPower off
[    9.721859] rk_battery_charger_detect_cb , battery_charger_detect 6
[    9.821281] Using Buffer DMA mode
[    9.821292] Periodic Transfer Interrupt Enhancement - disabled
[    9.821298] Multiprocessor Interrupt Enhancement - disabled
[    9.821305] OTG VER PARAM: 0, OTG VER FLAG: 0
[    9.821310] ^^^^^^^^^^^^^^^^^Device Mode
[    9.821322] dwc_otg_hcd_resume, usb device mode
[    9.928493] dwc_otg_hcd_suspend, usb device mode
sh: can't create data/cpu_idle.txt: Read-only file system
get_cpu_info open err
[   10.312390] rk_battery_charger_detect_cb , battery_charger_detect 0
[   12.024436] [WLAN_RFKILL]: wifi turn on power. 171
[PCBA,WIFI]: Wifi mode is power on.
[PCBA,WIFI]: wlan:ID:/sys/bus/usb/devices/1-1.2/idProduct
[PCBA,WIFI]: wlan:PRODUCT:/sys/bus/usb/devices/1-1.2/product
sh: can't create data/cpu_idle.txt: Read-only file system
[PCBA,WIFI]: wlan_test end.
[   12.173667] wifi_power_write: poweren = 0
[   12.173685] [WLAN_RFKILL]: rockchip_wifi_power: 0
[   12.173693] [BT_RFKILL]: rfkill_get_bt_power_state: rfkill-bt driver has not Successful initialized
get_cpu_info open err
[   12.280263] [WLAN_RFKILL]: wifi shut off power.
[   12.280294] [WLAN_RFKILL]: rockchip_wifi_ref_voltage: 0
[   12.280301] [WLAN_RFKILL]: rockchip_wifi_ref_voltage: wifi io reference voltage control is disabled.
[   12.397753] usb 1-1.2: USB disconnect, device number 5
sh: can't create data/cpu_idle.txt: Read-only file system
get_cpu_info open err
sh: can't create data/cpu_idle.txt: Read-only file system
get_cpu_info open err
sh: can't create data/cpu_idle.txt: Read-only file system
get_cpu_info open err
sh: can't create data/cpu_idle.txt: Read-only file system
get_cpu_info open err
sh: can't create data/cpu_idle.txt: Read-only file system
get_cpu_info open err
[   24.263257] init: critical process 'serial' exited 4 times in 4 minutes; rebooting into recovery mode
[   24.263975] SysRq : Emergency Remount R/O
[   24.265418] EXT4-fs (mmcblk0p9): re-mounted. Opts: (null)
[   24.275426] Emergency Remount complete
[   24.362906] rk32_mipi_reboot_callback Event code: 1 
sh: can't create data/cpu_idle.txt: Read-only file system
[   24.632991] cpufreq: cpufreq: reboot set core rate=1200000000, volt=1100000
[   24.633624] mmcblk mmc0:0001: Unbalanced pm_runtime_enable!
get_cpu_info open err
[   25.240841] dwc_otg_driver_shutdown: disconnect USB device mode
[   25.259201] rk808_shutdown
[   25.262321] rk808_shutdown,line=1141 dc[1]= 1100000
[   25.267582] rk808_shutdown,line=1141 dc[2]= 900000
[   25.372648] Restarting system with command 'recovery'.
-------------------------------reboot start 