<6>[    0.000000] Booting Linux on physical CPU 0x0
<6>[    0.000000] Initializing cgroup subsys cpuset
<6>[    0.000000] Initializing cgroup subsys cpu
<6>[    0.000000] Initializing cgroup subsys cpuacct
<6>[    0.000000] Initializing cgroup subsys schedtune
<5>[    0.000000] Linux version 4.4.83 (jenkins@RDCMP33-in) (gcc version 4.9 20150123 (prerelease) (GCC) ) #1 SMP PREEMPT Thu Aug 23 14:45:36 HKT 2018
<6>[    0.000000] Boot CPU: AArch64 Processor [410fd034]
<6>[    0.000000] earlycon: Early serial console at MMIO32 0xff1a0000 (options '')
<6>[    0.000000] bootconsole [uart0] enabled
<6>[    0.000000] Reserved memory: failed to reserve memory for node 'drm-logo@00000000': base 0x0000000000000000, size 0 MiB
<6>[    0.000000] Reserved memory: failed to reserve memory for node 'stb-devinfo@00000000': base 0x0000000000000000, size 0 MiB
<6>[    0.000000] cma: Reserved 16 MiB at 0x00000000f7000000
<7>[    0.000000] On node 0 totalpages: 1011200
<7>[    0.000000]   DMA zone: 15864 pages used for memmap
<7>[    0.000000]   DMA zone: 0 pages reserved
<7>[    0.000000]   DMA zone: 1011200 pages, LIFO batch:31
<6>[    0.000000] psci: probing for conduit method from DT.
<6>[    0.000000] psci: PSCIv1.0 detected in firmware.
<6>[    0.000000] psci: Using standard PSCI v0.2 function IDs
<6>[    0.000000] psci: Trusted OS migration not required
<6>[    0.000000] PERCPU: Embedded 21 pages/cpu @ffffffc0f6eef000 s45760 r8192 d32064 u86016
<7>[    0.000000] pcpu-alloc: s45760 r8192 d32064 u86016 alloc=21*4096
<7>[    0.000000] pcpu-alloc: [0] 0 [0] 1 [0] 2 [0] 3 [0] 4 [0] 5 
<6>[    0.000000] Detected VIPT I-cache on CPU0
<6>[    0.000000] CPU features: enabling workaround for ARM erratum 845719
<6>[    0.000000] Built 1 zonelists in Zone order, mobility grouping on.  Total pages: 995336
<5>[    0.000000] Kernel command line: earlycon=uart8250,mmio32,0xff1a0000 swiotlb=1 androidboot.baseband=N/A androidboot.selinux=permissive androidboot.hardware=rk30board androidboot.console=ttyFIQ0 init=/init mtdparts=rk29xxnand:0x00002000@0x00000000(parameter),0x00002000@0x00002000(uboot),0x00002000@0x00004000(trust),0x00002000@0x00006000(misc),0x00008000@0x00008000(resource),0x0000C000@0x00010000(kernel),0x00020000@0x0001C000(boot),0x00020000@0x0003C000(recovery),0x00038000@0x0005C000(backup),0x00040000@0x00094000(cache),0x00600000@0x000D4000(system),0x00008000@0x006D4000(metadata),0x00000040@0x006DC000(verity_mode),0x00002000@0x006DC040(baseparamer),0x00000400@0x006DE040(frp),-@0x006DE440(userdata) storagemedia=emmc uboot_logo=0x02000000@0xf5c00000 loader.timestamp=2018-09-10_03:36:24 SecureBootCheckOk=1 dji.lcdid=0
<6>[    0.000000] PID hash table entries: 4096 (order: 3, 32768 bytes)
<6>[    0.000000] Dentry cache hash table entries: 524288 (order: 10, 4194304 bytes)
<6>[    0.000000] Inode-cache hash table entries: 262144 (order: 9, 2097152 bytes)
<6>[    0.000000] software IO TLB [mem 0xf6ea7000-0xf6ee7000] (0MB) mapped at [ffffffc0f6ea7000-ffffffc0f6ee6fff]
<6>[    0.000000] Memory: 3922664K/4044800K available (10238K kernel code, 1180K rwdata, 4932K rodata, 768K init, 1087K bss, 105752K reserved, 16384K cma-reserved)
<5>[    0.000000] Virtual kernel memory layout:
<5>[    0.000000]     modules : 0xffffff8000000000 - 0xffffff8008000000   (   128 MB)
<5>[    0.000000]     vmalloc : 0xffffff8008000000 - 0xffffffbdbfff0000   (   246 GB)
<5>[    0.000000]       .init : 0xffffff8008f60000 - 0xffffff8009020000   (   768 KB)
<5>[    0.000000]       .text : 0xffffff8008080000 - 0xffffff8008a80000   ( 10240 KB)
<5>[    0.000000]     .rodata : 0xffffff8008a80000 - 0xffffff8008f60000   (  4992 KB)
<5>[    0.000000]       .data : 0xffffff8009020000 - 0xffffff8009147008   (  1181 KB)
<5>[    0.000000]     vmemmap : 0xffffffbdc0000000 - 0xffffffbfc0000000   (     8 GB maximum)
<5>[    0.000000]               0xffffffbdc0008000 - 0xffffffbdc3e00000   (    61 MB actual)
<5>[    0.000000]     fixed   : 0xffffffbffe7fd000 - 0xffffffbffec00000   (  4108 KB)
<5>[    0.000000]     PCI I/O : 0xffffffbffee00000 - 0xffffffbfffe00000   (    16 MB)
<5>[    0.000000]     memory  : 0xffffffc000200000 - 0xffffffc0f8000000   (  3966 MB)
<6>[    0.000000] SLUB: HWalign=64, Order=0-3, MinObjects=0, CPUs=6, Nodes=1
<6>[    0.000000] Preemptible hierarchical RCU implementation.
<6>[    0.000000] 	Build-time adjustment of leaf fanout to 64.
<6>[    0.000000] 	RCU restricting CPUs from NR_CPUS=8 to nr_cpu_ids=6.
<6>[    0.000000] RCU: Adjusting geometry for rcu_fanout_leaf=64, nr_cpu_ids=6
<6>[    0.000000] NR_IRQS:64 nr_irqs:64 0
<6>[    0.000000] GIC: Using split EOI/Deactivate mode
<6>[    0.000000] ITS: /interrupt-controller@fee00000/interrupt-controller@fee20000
<6>[    0.000000] ITS: allocated 65536 Devices @f2000000 (psz 64K, shr 0)
<6>[    0.000000] ITS: using cache flushing for cmd queue
<6>[    0.000000] GIC: using LPI property table @0x00000000f2080000
<6>[    0.000000] ITS: Allocated 1792 chunks for LPIs
<6>[    0.000000] CPU0: found redistributor 0 region 0:0x00000000fef00000
<6>[    0.000000] CPU0: using LPI pending table @0x00000000f2090000
<6>[    0.000000] GIC: using cache flushing for LPI property table
<6>[    0.000000] GIC: PPI partition interrupt-partition-0[0] { /cpus/cpu@0[0] /cpus/cpu@1[1] /cpus/cpu@2[2] /cpus/cpu@3[3] }
<6>[    0.000000] GIC: PPI partition interrupt-partition-1[1] { /cpus/cpu@100[4] /cpus/cpu@101[5] }
<4>[    0.000000] rockchip_clk_register_frac_branch: could not find dclk_vop0_frac as parent of dclk_vop0, rate changes may not work
<4>[    0.000000] rockchip_clk_register_frac_branch: could not find dclk_vop1_frac as parent of dclk_vop1, rate changes may not work
<4>[    0.000000] rockchip_cpuclk_pre_rate_change: limiting alt-divider 33 to 31
<6>[    0.000000] Architected cp15 timer(s) running at 24.00MHz (phys).
<6>[    0.000000] clocksource: arch_sys_counter: mask: 0xffffffffffffff max_cycles: 0x588fe9dc0, max_idle_ns: 440795202592 ns
<6>[    0.000006] sched_clock: 56 bits at 24MHz, resolution 41ns, wraps every 4398046511097ns
<6>[    0.001064] Calibrating delay loop (skipped), value calculated using timer frequency.. 48.00 BogoMIPS (lpj=80000)
<6>[    0.001078] pid_max: default: 32768 minimum: 301
<6>[    0.001168] Security Framework initialized
<6>[    0.001179] SELinux:  Initializing.
<7>[    0.001231] SELinux:  Starting in permissive mode
<6>[    0.001270] Mount-cache hash table entries: 8192 (order: 4, 65536 bytes)
<6>[    0.001280] Mountpoint-cache hash table entries: 8192 (order: 4, 65536 bytes)
<6>[    0.002111] Initializing cgroup subsys io
<6>[    0.002132] Initializing cgroup subsys freezer
<6>[    0.002145] Initializing cgroup subsys debug
<6>[    0.003097] sched-energy: Sched-energy-costs installed from DT
<6>[    0.003108] CPU0: update cpu_capacity 401
<6>[    0.003161] ASID allocator initialised with 65536 entries
<6>[    0.019828] PCI/MSI: /interrupt-controller@fee00000/interrupt-controller@fee20000 domain created
<6>[    0.020264] Platform MSI: /interrupt-controller@fee00000/interrupt-controller@fee20000 domain created
<6>[    0.033236] Detected VIPT I-cache on CPU1
<6>[    0.033265] CPU1: found redistributor 1 region 0:0x00000000fef20000
<6>[    0.033302] CPU1: using LPI pending table @0x00000000f2200000
<6>[    0.033346] CPU1: update cpu_capacity 401
<6>[    0.033350] CPU1: Booted secondary processor [410fd034]
<6>[    0.043229] Detected VIPT I-cache on CPU2
<6>[    0.043248] CPU2: found redistributor 2 region 0:0x00000000fef40000
<6>[    0.043280] CPU2: using LPI pending table @0x00000000f2230000
<6>[    0.043308] CPU2: update cpu_capacity 401
<6>[    0.043312] CPU2: Booted secondary processor [410fd034]
<6>[    0.053268] Detected VIPT I-cache on CPU3
<6>[    0.053287] CPU3: found redistributor 3 region 0:0x00000000fef60000
<6>[    0.053319] CPU3: using LPI pending table @0x00000000f2270000
<6>[    0.053347] CPU3: update cpu_capacity 401
<6>[    0.053350] CPU3: Booted secondary processor [410fd034]
<6>[    0.063315] Detected PIPT I-cache on CPU4
<6>[    0.063343] CPU4: found redistributor 100 region 0:0x00000000fef80000
<6>[    0.063383] CPU4: using LPI pending table @0x00000000f22c0000
<6>[    0.063424] CPU4: update cpu_capacity 1024
<6>[    0.063427] CPU4: Booted secondary processor [410fd082]
<6>[    0.073338] Detected PIPT I-cache on CPU5
<6>[    0.073357] CPU5: found redistributor 101 region 0:0x00000000fefa0000
<6>[    0.073393] CPU5: using LPI pending table @0x00000000f22e0000
<6>[    0.073421] CPU5: update cpu_capacity 1024
<6>[    0.073424] CPU5: Booted secondary processor [410fd082]
<6>[    0.073508] Brought up 6 CPUs
<6>[    0.073588] SMP: Total of 6 processors activated.
<6>[    0.073597] CPU features: detected feature: GIC system register CPU interface
<6>[    0.073609] CPU: All CPU(s) started at EL2
<6>[    0.073651] alternatives: patching kernel code
<6>[    0.075356] devtmpfs: initialized
<6>[    0.095600] clocksource: jiffies: mask: 0xffffffff max_cycles: 0xffffffff, max_idle_ns: 6370867519511994 ns
<6>[    0.095629] futex hash table entries: 2048 (order: 5, 131072 bytes)
<6>[    0.096749] pinctrl core: initialized pinctrl subsystem
<3>[    0.099334] Failed to find legacy iommu devices
<6>[    0.099863] NET: Registered protocol family 16
<6>[    0.100452] schedtune: init normalization constants...
<6>[    0.100464] schedtune: CLUSTER[0-3]      min_pwr:    56 max_pwr:   222
<6>[    0.100474] schedtune: CPU[0]            min_pwr:     0 max_pwr:   222
<6>[    0.100482] schedtune: CPU[1]            min_pwr:     0 max_pwr:   222
<6>[    0.100490] schedtune: CPU[2]            min_pwr:     0 max_pwr:   222
<6>[    0.100498] schedtune: CPU[3]            min_pwr:     0 max_pwr:   222
<6>[    0.100507] schedtune: CLUSTER[4-5]      min_pwr:    65 max_pwr:  1108
<6>[    0.100515] schedtune: CPU[4]            min_pwr:     0 max_pwr:  1108
<6>[    0.100524] schedtune: CPU[5]            min_pwr:     0 max_pwr:  1108
<6>[    0.100531] schedtune: SYSTEM            min_pwr:   121 max_pwr:  4434
<6>[    0.100538] schedtune: using normalization constants mul: 3862781856 sh1: 1 sh2: 12
<6>[    0.100544] schedtune: verify normalization constants...
<6>[    0.100551] schedtune: max_pwr/2^0: 4313 => norm_pwr:  1024
<6>[    0.100558] schedtune: max_pwr/2^1: 2156 => norm_pwr:   511
<6>[    0.100564] schedtune: max_pwr/2^2: 1078 => norm_pwr:   255
<6>[    0.100571] schedtune: max_pwr/2^3:  539 => norm_pwr:   127
<6>[    0.100577] schedtune: max_pwr/2^4:  269 => norm_pwr:    63
<6>[    0.100583] schedtune: max_pwr/2^5:  134 => norm_pwr:    31
<6>[    0.100589] schedtune: configured to support 5 boost groups
<6>[    0.113448] cpuidle: using governor ladder
<6>[    0.126808] cpuidle: using governor menu
<6>[    0.126832] Registered FIQ tty driver
<6>[    0.127317] vdso: 2 pages (1 code @ ffffff8008a86000, 1 data @ ffffff8009024000)
<6>[    0.127347] hw-breakpoint: found 6 breakpoint and 4 watchpoint registers.
<6>[    0.128135] DMA: preallocated 256 KiB pool for atomic allocations
<7>[    0.145216] gpiochip_add: registered GPIOs 1000 to 1031 on device: gpio0
<7>[    0.145318] gpiochip_add: registered GPIOs 1032 to 1063 on device: gpio1
<7>[    0.145410] gpiochip_add: registered GPIOs 1064 to 1095 on device: gpio2
<7>[    0.145496] gpiochip_add: registered GPIOs 1096 to 1127 on device: gpio3
<7>[    0.145585] gpiochip_add: registered GPIOs 1128 to 1159 on device: gpio4
<6>[    0.153915] console [pstore0] enabled
<6>[    0.154206] pstore: Registered ramoops as persistent store backend
<6>[    0.154215] ramoops: attached 0xf0000@0x110000, ecc: 0/0
<3>[    0.156029] sip_fiq_debugger_uart_irq_tf_init error: -2
<3>[    0.156037] fiq debugger bind fiq to trustzone failed: -2
<6>[    0.156559] console [ttyFIQ0] enabled
<6>[    0.156567] bootconsole [uart0] disabled
<6>[    0.156831] Registered fiq debugger ttyFIQ0
<6>[    0.195137] Rockchip hdmi driver version 2.0
<6>[    0.195137] .
<7>[    0.195979] of_get_named_gpiod_flags: parsed 'rockchip,power-ctrl' property of node '/rockchip-suspend[0]' - status (0)
<7>[    0.196026] of_get_named_gpiod_flags: parsed 'rockchip,power-ctrl' property of node '/rockchip-suspend[1]' - status (0)
<7>[    0.196384] of_get_named_gpiod_flags: can't parse 'gpio' property of node '/vcc3v3-sys[0]'
<7>[    0.196661] of_get_named_gpiod_flags: can't parse 'gpio' property of node '/vcc2v3-sys[0]'
<7>[    0.197020] of_get_named_gpiod_flags: parsed 'gpio' property of node '/vcc3v0-sd[0]' - status (0)
<6>[    0.197714] iommu: Adding device ff650000.vpu_service to group 0
<6>[    0.197794] iommu: Adding device ff660000.rkvdec to group 1
<6>[    0.197869] iommu: Adding device ff670000.iep to group 2
<6>[    0.198004] iommu: Adding device ff8f0000.vop to group 3
<6>[    0.198094] iommu: Adding device ff900000.vop to group 4
<6>[    0.198241] iommu: Adding device ff910000.isp to group 5
<6>[    0.198332] iommu: Adding device ff920000.isp to group 6
<6>[    0.199221] rk_iommu ff670800.iommu: can't get aclk
<6>[    0.199233] rk_iommu ff670800.iommu: can't get hclk
<5>[    0.200365] SCSI subsystem initialized
<6>[    0.200644] usbcore: registered new interface driver usbfs
<6>[    0.200698] usbcore: registered new interface driver hub
<6>[    0.200800] usbcore: registered new device driver usb
<6>[    0.201263] media: Linux media interface: v0.10
<6>[    0.201308] Linux video capture interface: v2.00
<6>[    0.201379] pps_core: LinuxPPS API ver. 1 registered
<6>[    0.201386] pps_core: Software ver. 5.3.6 - Copyright 2005-2007 Rodolfo Giometti <giometti@linux.it>
<6>[    0.201411] PTP clock support registered
<6>[    0.203344] Advanced Linux Sound Architecture Driver Initialized.
<6>[    0.203982] Bluetooth: Core ver 2.21
<6>[    0.204043] NET: Registered protocol family 31
<6>[    0.204050] Bluetooth: HCI device and connection manager initialized
<6>[    0.204061] Bluetooth: HCI socket layer initialized
<6>[    0.204070] Bluetooth: L2CAP socket layer initialized
<6>[    0.204094] Bluetooth: SCO socket layer initialized
<6>[    0.204435] cfg80211: World regulatory domain updated:
<6>[    0.204442] cfg80211:  DFS Master region: unset
<6>[    0.204448] cfg80211:   (start_freq - end_freq @ bandwidth), (max_antenna_gain, max_eirp), (dfs_cac_time)
<6>[    0.204456] cfg80211:   (2402000 KHz - 2472000 KHz @ 20000 KHz), (N/A, 2000 mBm), (N/A)
<6>[    0.204465] cfg80211:   (2457000 KHz - 2482000 KHz @ 20000 KHz, 92000 KHz AUTO), (N/A, 2000 mBm), (N/A)
<6>[    0.204472] cfg80211:   (2474000 KHz - 2494000 KHz @ 20000 KHz), (N/A, 2000 mBm), (N/A)
<6>[    0.204479] cfg80211:   (5170000 KHz - 5250000 KHz @ 80000 KHz, 160000 KHz AUTO), (N/A, 2000 mBm), (N/A)
<6>[    0.204487] cfg80211:   (5250000 KHz - 5330000 KHz @ 80000 KHz, 160000 KHz AUTO), (N/A, 2000 mBm), (0 s)
<6>[    0.204493] cfg80211:   (5490000 KHz - 5730000 KHz @ 160000 KHz), (N/A, 2000 mBm), (0 s)
<6>[    0.204500] cfg80211:   (5735000 KHz - 5835000 KHz @ 80000 KHz), (N/A, 2000 mBm), (N/A)
<6>[    0.204506] cfg80211:   (57240000 KHz - 63720000 KHz @ 2160000 KHz), (N/A, 0 mBm), (N/A)
<6>[    0.205301] rockchip-cpuinfo cpuinfo: Serial		: 46a5b5d08cec2729
<6>[    0.205744] clocksource: Switched to clocksource arch_sys_counter
<4>[    0.243182] thermal thermal_zone1: power_allocator: sustainable_power will be estimated
<6>[    0.243300] NET: Registered protocol family 2
<6>[    0.243731] TCP established hash table entries: 32768 (order: 6, 262144 bytes)
<6>[    0.243911] TCP bind hash table entries: 32768 (order: 7, 524288 bytes)
<6>[    0.244143] TCP: Hash tables configured (established 32768 bind 32768)
<6>[    0.244218] UDP hash table entries: 2048 (order: 4, 65536 bytes)
<6>[    0.244258] UDP-Lite hash table entries: 2048 (order: 4, 65536 bytes)
<6>[    0.244438] NET: Registered protocol family 1
<7>[    0.244477] PCI: CLS 0 bytes, default 64
<6>[    0.244682] Trying to unpack rootfs image as initramfs...
<6>[    0.868807] Freeing initrd memory: 14272K
<6>[    0.869275] hw perfevents: enabled with armv8_cortex_a53 PMU driver, 7 counters available
<6>[    0.869353] hw perfevents: enabled with armv8_cortex_a72 PMU driver, 7 counters available
<6>[    0.871910] audit: initializing netlink subsys (disabled)
<5>[    0.871958] audit: type=2000 audit(0.866:1): initialized
<5>[    0.877002] VFS: Disk quotas dquot_6.6.0
<6>[    0.877112] VFS: Dquot-cache hash table entries: 512 (order 0, 4096 bytes)
<6>[    0.878037] exFAT: Version 1.2.9
<6>[    0.878573] ntfs: driver 2.1.32 [Flags: R/O].
<6>[    0.878738] fuse init (API version 7.23)
<7>[    0.879381] SELinux:  Registering netfilter hooks
<6>[    0.879769] 
<6>[    0.879769] TEE Core Framework initialization (ver 1:0.1)
<6>[    0.879786] TEE armv7 Driver initialization
<6>[    0.880081] tz_tee_probe: name="armv7sec", id=0, pdev_name="armv7sec.0"
<6>[    0.880093] TEE core: Alloc the misc device "opteearmtz00" (id=0)
<6>[    0.880266] TEE Core: Register the misc device "opteearmtz00" (id=0,minor=62)
<6>[    0.883701] Block layer SCSI generic (bsg) driver version 0.4 loaded (major 247)
<6>[    0.883715] io scheduler noop registered
<6>[    0.883822] io scheduler cfq registered (default)
<7>[    0.884978] rockchip-usb2phy ff770000.syscon:usb2-phy@e460: GPIO lookup for consumer otg-vbus
<7>[    0.884989] rockchip-usb2phy ff770000.syscon:usb2-phy@e460: using device tree for GPIO lookup
<7>[    0.884998] of_get_named_gpiod_flags: can't parse 'otg-vbus-gpios' property of node '/syscon@ff770000/usb2-phy@e460[0]'
<7>[    0.885006] of_get_named_gpiod_flags: can't parse 'otg-vbus-gpio' property of node '/syscon@ff770000/usb2-phy@e460[0]'
<7>[    0.885014] rockchip-usb2phy ff770000.syscon:usb2-phy@e460: using lookup tables for GPIO lookup
<7>[    0.885022] rockchip-usb2phy ff770000.syscon:usb2-phy@e460: lookup for GPIO otg-vbus failed
<4>[    0.885029] rockchip-usb2phy ff770000.syscon:usb2-phy@e460: vbus_drv is not assigned
<7>[    0.888224] pwm-backlight backlight: GPIO lookup for consumer enable
<7>[    0.888234] pwm-backlight backlight: using device tree for GPIO lookup
<7>[    0.888262] of_get_named_gpiod_flags: parsed 'enable-gpios' property of node '/backlight[0]' - status (0)
<7>[    0.888274] no flags found for enable
<4>[    0.888297] backlight supply power not found, using dummy regulator
<3>[    0.889147] iep: failed to find iep power down clock source.
<4>[    0.889491] IEP Power ON
<4>[    0.889642] IEP Power OFF
<4>[    0.889709] IEP Driver loaded succesfully
<4>[    0.889807] Module initialized.
<6>[    0.890196] rk-vcodec ff650000.vpu_service: probe device
<6>[    0.890230] rk-vcodec ff650000.vpu_service: vpu mmu dec ffffffc0f18c3c10
<6>[    0.890354] rk-vcodec ff650000.vpu_service: allocator is drm
<6>[    0.890399] rk-vcodec ff650000.vpu_service: checking hw id 0
<6>[    0.890791] rk-vcodec ff650000.vpu_service: init success
<6>[    0.891319] rk-vcodec ff660000.rkvdec: probe device
<6>[    0.891358] rk-vcodec ff660000.rkvdec: vpu mmu dec ffffffc0f18c4410
<6>[    0.891479] rk-vcodec ff660000.rkvdec: allocator is drm
<6>[    0.891527] rk-vcodec ff660000.rkvdec: checking hw id 6876
<6>[    0.891837] rk-vcodec ff660000.rkvdec: init success
<6>[    0.893203] dma-pl330 ff6d0000.dma-controller: Loaded driver for PL330 DMAC-241330
<6>[    0.893213] dma-pl330 ff6d0000.dma-controller: 	DBUFF-32x8bytes Num_Chans-6 Num_Peri-12 Num_Events-12
<6>[    0.894523] dma-pl330 ff6e0000.dma-controller: Loaded driver for PL330 DMAC-241330
<6>[    0.894533] dma-pl330 ff6e0000.dma-controller: 	DBUFF-128x8bytes Num_Chans-8 Num_Peri-20 Num_Events-16
<7>[    0.895366] pwm-regulator vdd-log: GPIO lookup for consumer enable
<7>[    0.895374] pwm-regulator vdd-log: using device tree for GPIO lookup
<7>[    0.895383] of_get_named_gpiod_flags: can't parse 'enable-gpios' property of node '/vdd-log[0]'
<7>[    0.895390] of_get_named_gpiod_flags: can't parse 'enable-gpio' property of node '/vdd-log[0]'
<7>[    0.895397] pwm-regulator vdd-log: using lookup tables for GPIO lookup
<7>[    0.895404] pwm-regulator vdd-log: lookup for GPIO enable failed
<6>[    0.895897] Serial: 8250/16550 driver, 5 ports, IRQ sharing disabled
<6>[    0.897487] console [ttyS0] disabled
<6>[    0.897528] ff180000.serial: ttyS0 at MMIO 0xff180000 (irq = 36, base_baud = 1500000) is a 16550A
<6>[    0.898080] ff190000.serial: ttyS1 at MMIO 0xff190000 (irq = 37, base_baud = 1500000) is a 16550A
<6>[    0.898603] ff1a0000.serial: ttyS2 at MMIO 0xff1a0000 (irq = 38, base_baud = 1500000) is a 16550A
<6>[    0.899222] ff1b0000.serial: ttyS3 at MMIO 0xff1b0000 (irq = 39, base_baud = 1500000) is a 16550A
<6>[    0.899787] ff370000.serial: ttyS4 at MMIO 0xff370000 (irq = 42, base_baud = 1500000) is a 16550A
<6>[    0.900142] [drm:drm_core_init] Initialized drm 1.1.0 20060810
<4>[    0.904446] ff960000.dsi.0 supply power not found, using dummy regulator
<7>[    0.904497] panel-simple-dsi ff960000.dsi.0: GPIO lookup for consumer enable
<7>[    0.904505] panel-simple-dsi ff960000.dsi.0: using device tree for GPIO lookup
<7>[    0.904533] of_get_named_gpiod_flags: parsed 'enable-gpios' property of node '/dsi@ff960000/panel@0[0]' - status (0)
<7>[    0.904545] no flags found for enable
<7>[    0.904553] panel-simple-dsi ff960000.dsi.0: GPIO lookup for consumer reset
<7>[    0.904559] panel-simple-dsi ff960000.dsi.0: using device tree for GPIO lookup
<7>[    0.904582] of_get_named_gpiod_flags: parsed 'reset-gpios' property of node '/dsi@ff960000/panel@0[0]' - status (0)
<7>[    0.904591] no flags found for reset
<6>[    0.904663] panel_dji_get_lcdid : get lcdid val = 0
<6>[    0.904676] panel-simple-dsi ff960000.dsi.0: panel_simple_dsi_parse_dcs_cmds: dcs_cmd=5 len=520, cmd_cnt=40
<6>[    0.904686] panel-simple-dsi ff960000.dsi.0: panel_simple_dsi_parse_dcs_cmds: dcs_cmd=5 len=8, cmd_cnt=2
<3>[    0.905041] mali ff9a0000.gpu: Failed to get regulator
<3>[    0.905048] mali ff9a0000.gpu: Power control initialization failed
<4>[    0.905327] Unable to detect cache hierarchy from DT for CPU 0
<6>[    0.916739] brd: module loaded
<6>[    0.921623] loop: module loaded
<6>[    0.922132] zram: Added device: zram0
<6>[    0.922713] SCSI Media Changer driver v0.25 
<4>[    0.923360] rockchip-spi ff1c0000.spi: Failed to request TX DMA channel
<4>[    0.923370] rockchip-spi ff1c0000.spi: Failed to request RX DMA channel
<6>[    0.924059] tun: Universal TUN/TAP device driver, 1.6
<6>[    0.924065] tun: (C) 1999-2004 Max Krasnyansky <maxk@qualcomm.com>
<6>[    0.924555] PPP generic driver version 2.4.2
<6>[    0.924703] PPP BSD Compression module registered
<6>[    0.924713] PPP Deflate Compression module registered
<6>[    0.924738] PPP MPPE Compression module registered
<6>[    0.924754] NET: Registered protocol family 24
<6>[    0.924795] SLIP: version 0.8.4-NET3.019-NEWTTY (dynamic channels, max=256) (6 bit encapsulation enabled).
<6>[    0.924801] CSLIP: code copyright 1989 Regents of the University of California.
<4>[    0.924817] Rockchip WiFi SYS interface (V1.00) ... 
<6>[    0.924886] usbcore: registered new interface driver catc
<6>[    0.924926] usbcore: registered new interface driver kaweth
<6>[    0.924938] pegasus: v0.9.3 (2013/04/25), Pegasus/Pegasus II USB Ethernet driver
<6>[    0.924968] usbcore: registered new interface driver pegasus
<6>[    0.925005] usbcore: registered new interface driver rtl8150
<6>[    0.925041] usbcore: registered new interface driver r8152
<6>[    0.925052] hso: drivers/net/usb/hso.c: Option Wireless
<6>[    0.925104] usbcore: registered new interface driver hso
<6>[    0.925150] usbcore: registered new interface driver asix
<6>[    0.925187] usbcore: registered new interface driver ax88179_178a
<6>[    0.925223] usbcore: registered new interface driver cdc_ether
<6>[    0.925259] usbcore: registered new interface driver cdc_eem
<6>[    0.925295] usbcore: registered new interface driver dm9601
<6>[    0.925349] usbcore: registered new interface driver smsc75xx
<6>[    0.925396] usbcore: registered new interface driver smsc95xx
<6>[    0.925434] usbcore: registered new interface driver gl620a
<6>[    0.925470] usbcore: registered new interface driver net1080
<6>[    0.925507] usbcore: registered new interface driver plusb
<6>[    0.925545] usbcore: registered new interface driver rndis_host
<6>[    0.925583] usbcore: registered new interface driver cdc_subset
<6>[    0.925619] usbcore: registered new interface driver zaurus
<6>[    0.925657] usbcore: registered new interface driver MOSCHIP usb-ethernet driver
<6>[    0.925710] usbcore: registered new interface driver int51x1
<6>[    0.925774] usbcore: registered new interface driver kalmia
<6>[    0.925822] usbcore: registered new interface driver ipheth
<6>[    0.925863] usbcore: registered new interface driver sierra_net
<6>[    0.925900] usbcore: registered new interface driver cx82310_eth
<6>[    0.925946] usbcore: registered new interface driver cdc_ncm
<6>[    0.925983] usbcore: registered new interface driver qmi_wwan
<6>[    0.926022] usbcore: registered new interface driver cdc_mbim
<3>[    0.927114] rockchip-dwc3 usb@fe800000: failed to get drvdata dwc3
<3>[    0.932308] rockchip-dwc3 usb@fe900000: fail to get drvdata hcd
<6>[    0.932896] ehci_hcd: USB 2.0 'Enhanced' Host Controller (EHCI) Driver
<6>[    0.932908] ehci-pci: EHCI PCI platform driver
<6>[    0.932962] ehci-platform: EHCI generic platform driver
<6>[    0.936743] ehci-platform fe3c0000.usb: EHCI Host Controller
<6>[    0.936766] ehci-platform fe3c0000.usb: new USB bus registered, assigned bus number 1
<6>[    0.936891] ehci-platform fe3c0000.usb: irq 29, io mem 0xfe3c0000
<6>[    0.945756] ehci-platform fe3c0000.usb: USB 2.0 started, EHCI 1.00
<6>[    0.945886] usb usb1: New USB device found, idVendor=1d6b, idProduct=0002
<6>[    0.945896] usb usb1: New USB device strings: Mfr=3, Product=2, SerialNumber=1
<6>[    0.945903] usb usb1: Product: EHCI Host Controller
<6>[    0.945910] usb usb1: Manufacturer: Linux 4.4.83 ehci_hcd
<6>[    0.945917] usb usb1: SerialNumber: fe3c0000.usb
<6>[    0.946382] hub 1-0:1.0: USB hub found
<6>[    0.946410] hub 1-0:1.0: 1 port detected
<6>[    0.946873] ohci_hcd: USB 1.1 'Open' Host Controller (OHCI) Driver
<6>[    0.946901] ohci-platform: OHCI generic platform driver
<6>[    0.947339] ohci-platform fe3e0000.usb: Generic Platform OHCI controller
<6>[    0.947359] ohci-platform fe3e0000.usb: new USB bus registered, assigned bus number 2
<6>[    0.947465] ohci-platform fe3e0000.usb: irq 30, io mem 0xfe3e0000
<6>[    1.003237] usb usb2: New USB device found, idVendor=1d6b, idProduct=0001
<6>[    1.003247] usb usb2: New USB device strings: Mfr=3, Product=2, SerialNumber=1
<6>[    1.003254] usb usb2: Product: Generic Platform OHCI controller
<6>[    1.003260] usb usb2: Manufacturer: Linux 4.4.83 ohci_hcd
<6>[    1.003266] usb usb2: SerialNumber: fe3e0000.usb
<6>[    1.003751] hub 2-0:1.0: USB hub found
<6>[    1.003779] hub 2-0:1.0: 1 port detected
<6>[    1.004538] usbcore: registered new interface driver cdc_acm
<6>[    1.004544] cdc_acm: USB Abstract Control Model driver for USB modems and ISDN adapters
<6>[    1.004601] usbcore: registered new interface driver usblp
<6>[    1.004643] usbcore: registered new interface driver cdc_wdm
<6>[    1.004684] usbcore: registered new interface driver uas
<6>[    1.004751] usbcore: registered new interface driver usb-storage
<6>[    1.004788] usbcore: registered new interface driver ums-alauda
<6>[    1.004824] usbcore: registered new interface driver ums-cypress
<6>[    1.004864] usbcore: registered new interface driver ums-datafab
<6>[    1.004901] usbcore: registered new interface driver ums_eneub6250
<6>[    1.004938] usbcore: registered new interface driver ums-freecom
<6>[    1.004974] usbcore: registered new interface driver ums-isd200
<6>[    1.005010] usbcore: registered new interface driver ums-jumpshot
<6>[    1.005046] usbcore: registered new interface driver ums-karma
<6>[    1.005082] usbcore: registered new interface driver ums-onetouch
<6>[    1.005119] usbcore: registered new interface driver ums-sddr09
<6>[    1.005158] usbcore: registered new interface driver ums-sddr55
<6>[    1.005194] usbcore: registered new interface driver ums-usbat
<6>[    1.005268] usbcore: registered new interface driver usbserial
<6>[    1.005298] usbcore: registered new interface driver usbserial_generic
<6>[    1.005323] usbserial: USB Serial support registered for generic
<6>[    1.005362] usbcore: registered new interface driver option
<6>[    1.005385] usbserial: USB Serial support registered for GSM modem (1-port)
<6>[    1.005484] usbcore: registered new interface driver trancevibrator
<6>[    1.005497] usb20_otg: version 3.10a 21-DEC-2012
<6>[    1.005650] usb20_host: version 3.10a 21-DEC-2012
<6>[    1.005974] usbcore: registered new interface driver xpad
<6>[    1.006021] usbcore: registered new interface driver usb_acecad
<6>[    1.006065] usbcore: registered new interface driver aiptek
<6>[    1.006106] usbcore: registered new interface driver gtco
<6>[    1.006147] usbcore: registered new interface driver hanwang
<6>[    1.006187] usbcore: registered new interface driver kbtab
<6>[    1.006295] cyttsp5_loader_init: Parade TTSP FW Loader Driver (Built TTDA.03.08.874312) rc=0
<6>[    1.006310] cyttsp5_device_access_init: Parade TTSP Device Access Driver (Built TTDA.03.08.874312) rc=0
<6>[    1.006324] cyttsp5_test_device_access_api_init: Enter
<3>[    1.006329] cyttsp5_device_access_user_command: No device.
<4>[    1.006488] sensor_register_slave:cm3218,id=51
<6>[    1.007070] i2c /dev entries driver
<7>[    1.007881] fan53555-regulator 0-0040: GPIO lookup for consumer vsel
<7>[    1.007889] fan53555-regulator 0-0040: using device tree for GPIO lookup
<7>[    1.007916] of_get_named_gpiod_flags: parsed 'vsel-gpios' property of node '/i2c@ff3c0000/syr827@40[0]' - status (0)
<6>[    1.008307] fan53555-regulator 0-0040: FAN53555 Option[8] Rev[1] Detected!
<6>[    1.008363] fan53555-reg: supplied by vcc3v3_sys
<7>[    1.010061] fan53555-regulator 0-0041: GPIO lookup for consumer vsel
<7>[    1.010069] fan53555-regulator 0-0041: using device tree for GPIO lookup
<7>[    1.010093] of_get_named_gpiod_flags: parsed 'vsel-gpios' property of node '/i2c@ff3c0000/syr828@41[0]' - status (0)
<6>[    1.010455] fan53555-regulator 0-0041: FAN53555 Option[8] Rev[1] Detected!
<6>[    1.010494] fan53555-reg: supplied by vcc3v3_sys
<6>[    1.012608] rk808 0-001b: Pmic Chip id: 0x0
<7>[    1.015402] rk808 0-001b: GPIO lookup for consumer dvs
<7>[    1.015410] rk808 0-001b: using device tree for GPIO lookup
<7>[    1.015420] of_get_named_gpiod_flags: can't parse 'dvs-gpios' property of node '/i2c@ff3c0000/pmic@1b[0]'
<7>[    1.015427] of_get_named_gpiod_flags: can't parse 'dvs-gpio' property of node '/i2c@ff3c0000/pmic@1b[0]'
<7>[    1.015434] rk808 0-001b: using lookup tables for GPIO lookup
<7>[    1.015441] rk808 0-001b: lookup for GPIO dvs failed
<4>[    1.015448] rk808-regulator rk808-regulator: there is no dvs0 gpio
<7>[    1.015455] rk808 0-001b: GPIO lookup for consumer dvs
<7>[    1.015461] rk808 0-001b: using device tree for GPIO lookup
<7>[    1.015469] of_get_named_gpiod_flags: can't parse 'dvs-gpios' property of node '/i2c@ff3c0000/pmic@1b[1]'
<7>[    1.015476] of_get_named_gpiod_flags: can't parse 'dvs-gpio' property of node '/i2c@ff3c0000/pmic@1b[1]'
<7>[    1.015482] rk808 0-001b: using lookup tables for GPIO lookup
<7>[    1.015488] rk808 0-001b: lookup for GPIO dvs failed
<4>[    1.015495] rk808-regulator rk808-regulator: there is no dvs1 gpio
<6>[    1.015573] DCDC_REG1: supplied by vcc3v3_sys
<6>[    1.016278] DCDC_REG2: supplied by vcc3v3_sys
<6>[    1.016778] DCDC_REG3: supplied by vcc3v3_sys
<6>[    1.016982] DCDC_REG4: supplied by vcc3v3_sys
<6>[    1.017382] LDO_REG1: supplied by vcc3v3_sys
<6>[    1.018439] LDO_REG2: supplied by vcc3v3_sys
<6>[    1.019351] LDO_REG3: supplied by vcc2v3_sys
<6>[    1.020261] LDO_REG4: supplied by vcc2v3_sys
<6>[    1.021181] LDO_REG5: supplied by vcc2v3_sys
<6>[    1.022088] LDO_REG6: supplied by vcc2v3_sys
<6>[    1.022995] LDO_REG7: supplied by vcc2v3_sys
<6>[    1.023918] LDO_REG8: supplied by vcc3v3_sys
<6>[    1.024821] SWITCH_REG1: supplied by vcc3v3_sys
<6>[    1.025037] SWITCH_REG2: supplied by vcc2v3_sys
<6>[    1.028506] rk808-rtc rk808-rtc: rtc core: registered rk808-rtc as rtc0
<7>[    1.028975] of_get_named_gpiod_flags: parsed 'poweroff-notify-1549-pin' property of node '/i2c@ff3c0000/pmic@1b[0]' - status (0)
<6>[    1.029029] rk3x-i2c ff3c0000.i2c: Initialized RK3xxx I2C bus at ffffff80093fe000
<6>[    1.029655] rk3x-i2c ff110000.i2c: Initialized RK3xxx I2C bus at ffffff800949c000
<4>[    1.030214] fts_ts_probe in
<7>[    1.030248] of_get_named_gpiod_flags: parsed 'focaltech,reset-gpio' property of node '/i2c@ff120000/focaltech@38[0]' - status (0)
<7>[    1.030270] of_get_named_gpiod_flags: parsed 'focaltech,irq-gpio' property of node '/i2c@ff120000/focaltech@38[0]' - status (0)
<3>[    1.030389] fts_ts 2-0038: fts_i2c_read: i2c read error.
<3>[    1.030397] fts_ts 2-0038: version read failed
<4>[    1.030404] fts_ts_probe:load failed(-6)!
<6>[    1.030534] rk3x-i2c ff120000.i2c: Initialized RK3xxx I2C bus at ffffff800949e000
<7>[    1.030665] of_get_named_gpiod_flags: parsed 'cy,irq_gpio' property of node '/i2c@ff120000/cyttsp5@70/cy,core[0]' - status (0)
<7>[    1.030694] of_get_named_gpiod_flags: parsed 'cy,rst_gpio' property of node '/i2c@ff120000/cyttsp5@70/cy,core[0]' - status (0)
<4>[    1.030750] cyttsp5_probe in
<6>[    1.030762] cyttsp5_i2c_adapter 2-0070: cyttsp5_probe: Init HW
<6>[    1.030795] cyttsp5_i2c_adapter 2-0070: cyttsp5_init: INIT CYTTSP RST gpio=1066 and IRQ gpio=1067 r=0
<6>[    1.031186] rk3x-i2c ff140000.i2c: Initialized RK3xxx I2C bus at ffffff80094fc000
<7>[    1.031932] fusb302 4-0022: GPIO lookup for consumer int-n
<7>[    1.031941] fusb302 4-0022: using device tree for GPIO lookup
<7>[    1.031967] of_get_named_gpiod_flags: parsed 'int-n-gpios' property of node '/i2c@ff3d0000/fusb30x@22[0]' - status (0)
<7>[    1.031986] fusb302 4-0022: GPIO lookup for consumer vbus-5v
<7>[    1.031992] fusb302 4-0022: using device tree for GPIO lookup
<7>[    1.032014] of_get_named_gpiod_flags: parsed 'vbus-5v-gpios' property of node '/i2c@ff3d0000/fusb30x@22[0]' - status (0)
<7>[    1.032033] fusb302 4-0022: GPIO lookup for consumer vbus-other
<7>[    1.032039] fusb302 4-0022: using device tree for GPIO lookup
<7>[    1.032047] of_get_named_gpiod_flags: can't parse 'vbus-other-gpios' property of node '/i2c@ff3d0000/fusb30x@22[0]'
<7>[    1.032054] of_get_named_gpiod_flags: can't parse 'vbus-other-gpio' property of node '/i2c@ff3d0000/fusb30x@22[0]'
<7>[    1.032061] fusb302 4-0022: using lookup tables for GPIO lookup
<7>[    1.032067] fusb302 4-0022: lookup for GPIO vbus-other failed
<7>[    1.032075] fusb302 4-0022: GPIO lookup for consumer discharge
<7>[    1.032080] fusb302 4-0022: using device tree for GPIO lookup
<7>[    1.032087] of_get_named_gpiod_flags: can't parse 'discharge-gpios' property of node '/i2c@ff3d0000/fusb30x@22[0]'
<7>[    1.032094] of_get_named_gpiod_flags: can't parse 'discharge-gpio' property of node '/i2c@ff3d0000/fusb30x@22[0]'
<7>[    1.032101] fusb302 4-0022: using lookup tables for GPIO lookup
<7>[    1.032107] fusb302 4-0022: lookup for GPIO discharge failed
<6>[    1.032780] fusb302 4-0022: fusb302 send extcon(gpio) to disable vbus 5v
<6>[    1.040890] cyttsp5_i2c_adapter 2-0070: cyttsp5_startup_: Bootloader mode
<6>[    1.041658] fusb302 4-0022: port 0 probe success
<6>[    1.041679] rk3x-i2c ff3d0000.i2c: Initialized RK3xxx I2C bus at ffffff80094fe000
<6>[    1.042479] IR NEC protocol handler initialized
<6>[    1.042490] IR RC5(x/sz) protocol handler initialized
<6>[    1.042500] IR RC6 protocol handler initialized
<6>[    1.042510] IR JVC protocol handler initialized
<6>[    1.042520] IR Sony protocol handler initialized
<6>[    1.042530] IR SANYO protocol handler initialized
<6>[    1.042540] IR Sharp protocol handler initialized
<6>[    1.042550] IR MCE Keyboard/mouse protocol handler initialized
<6>[    1.042560] IR XMP protocol handler initialized
<6>[    1.042644] usbcore: registered new interface driver uvcvideo
<6>[    1.042649] USB Video Class driver (1.1.1)
<7>[    1.044109] of_get_named_gpiod_flags: parsed 'charge-state' property of node '/virtual_battery[0]' - status (0)
<7>[    1.044150] of_get_named_gpiod_flags: parsed 'battery-ok' property of node '/virtual_battery[0]' - status (0)
<4>[    1.044390] thermal thermal_zone2: power_allocator: sustainable_power will be estimated
<6>[    1.045075] dji201x virtual_battery: dji/dji2013 driver v1.2 probe sucess
<3>[    1.045921] rk_tsadcv2_temp_to_code: Invalid conversion table: code=1023, temperature=2147483647
<6>[    1.046516] device-mapper: uevent: version 1.0.3
<6>[    1.046815] device-mapper: ioctl: 4.34.0-ioctl (2015-10-28) initialised: dm-devel@redhat.com
<6>[    1.047485] cyttsp5_i2c_adapter 2-0070: cyttsp5_startup_: Operational mode
<6>[    1.047493] cyttsp5_i2c_adapter 2-0070: cyttsp5_startup_: Reading report descriptor
<6>[    1.050274] Bluetooth: HCI UART driver ver 2.3
<6>[    1.050282] Bluetooth: HCI UART protocol H4 registered
<6>[    1.050288] Bluetooth: HCI UART protocol LL registered
<6>[    1.050299] rtk_btusb: RTKBT_RELEASE_NAME: 20170109_TV_ANDROID_6.x
<6>[    1.050304] rtk_btusb: Realtek Bluetooth USB driver module init, version 4.1.2
<6>[    1.050309] rtk_btusb: Register usb char device interface for BT driver
<6>[    1.050511] usbcore: registered new interface driver rtk_btusb
<6>[    1.050970] cpu cpu0: leakage=20
<6>[    1.067458] cpu cpu0: temp=48750, pvtm=147082 (146620 + 462)
<6>[    1.067689] cpu cpu0: pvtm-sel=1
<6>[    1.067980] cpu cpu4: leakage=35
<6>[    1.080534] cpu cpu4: temp=48750, pvtm=155067 (154822 + 245)
<6>[    1.081464] cpu cpu4: pvtm-sel=2
<6>[    1.086132] sdhci: Secure Digital Host Controller Interface driver
<6>[    1.086136] sdhci: Copyright(c) Pierre Ossman
<6>[    1.086141] Synopsys Designware Multimedia Card Interface Driver
<6>[    1.086618] dwmmc_rockchip fe310000.dwmmc: IDMAC supports 32-bit address mode.
<6>[    1.086692] dwmmc_rockchip fe310000.dwmmc: Using internal DMA controller.
<6>[    1.086702] dwmmc_rockchip fe310000.dwmmc: Version ID is 270a
<6>[    1.086732] dwmmc_rockchip fe310000.dwmmc: DW MMC controller at irq 24,32 bit host data width,256 deep fifo
<6>[    1.086747] dwmmc_rockchip fe310000.dwmmc: 'clock-freq-min-max' property was deprecated.
<6>[    1.086769] dwmmc_rockchip fe310000.dwmmc: No vmmc regulator found
<6>[    1.086772] dwmmc_rockchip fe310000.dwmmc: No vqmmc regulator found
<7>[    1.086782] dwmmc_rockchip fe310000.dwmmc: GPIO lookup for consumer cd
<7>[    1.086785] dwmmc_rockchip fe310000.dwmmc: using device tree for GPIO lookup
<7>[    1.086790] of_get_named_gpiod_flags: can't parse 'cd-gpios' property of node '/dwmmc@fe310000[0]'
<7>[    1.086793] of_get_named_gpiod_flags: can't parse 'cd-gpio' property of node '/dwmmc@fe310000[0]'
<7>[    1.086797] dwmmc_rockchip fe310000.dwmmc: using lookup tables for GPIO lookup
<7>[    1.086800] dwmmc_rockchip fe310000.dwmmc: lookup for GPIO cd failed
<7>[    1.086804] dwmmc_rockchip fe310000.dwmmc: GPIO lookup for consumer wp
<7>[    1.086806] dwmmc_rockchip fe310000.dwmmc: using device tree for GPIO lookup
<7>[    1.086810] of_get_named_gpiod_flags: can't parse 'wp-gpios' property of node '/dwmmc@fe310000[0]'
<7>[    1.086813] of_get_named_gpiod_flags: can't parse 'wp-gpio' property of node '/dwmmc@fe310000[0]'
<7>[    1.086816] dwmmc_rockchip fe310000.dwmmc: using lookup tables for GPIO lookup
<7>[    1.086819] dwmmc_rockchip fe310000.dwmmc: lookup for GPIO wp failed
<6>[    1.099112] mmc_host mmc0: Bus speed (slot 0) = 400000Hz (slot req 400000Hz, actual 400000HZ div = 0)
<6>[    1.113510] dwmmc_rockchip fe310000.dwmmc: 1 slots initialized
<6>[    1.113791] dwmmc_rockchip fe320000.dwmmc: IDMAC supports 32-bit address mode.
<6>[    1.113820] dwmmc_rockchip fe320000.dwmmc: Using internal DMA controller.
<6>[    1.113829] dwmmc_rockchip fe320000.dwmmc: Version ID is 270a
<6>[    1.113849] dwmmc_rockchip fe320000.dwmmc: DW MMC controller at irq 25,32 bit host data width,256 deep fifo
<6>[    1.113858] dwmmc_rockchip fe320000.dwmmc: 'clock-freq-min-max' property was deprecated.
<7>[    1.113955] dwmmc_rockchip fe320000.dwmmc: GPIO lookup for consumer cd
<7>[    1.113959] dwmmc_rockchip fe320000.dwmmc: using device tree for GPIO lookup
<7>[    1.113963] of_get_named_gpiod_flags: can't parse 'cd-gpios' property of node '/dwmmc@fe320000[0]'
<7>[    1.113967] of_get_named_gpiod_flags: can't parse 'cd-gpio' property of node '/dwmmc@fe320000[0]'
<7>[    1.113970] dwmmc_rockchip fe320000.dwmmc: using lookup tables for GPIO lookup
<7>[    1.113973] dwmmc_rockchip fe320000.dwmmc: lookup for GPIO cd failed
<7>[    1.113977] dwmmc_rockchip fe320000.dwmmc: GPIO lookup for consumer wp
<7>[    1.113979] dwmmc_rockchip fe320000.dwmmc: using device tree for GPIO lookup
<7>[    1.113983] of_get_named_gpiod_flags: can't parse 'wp-gpios' property of node '/dwmmc@fe320000[0]'
<7>[    1.113986] of_get_named_gpiod_flags: can't parse 'wp-gpio' property of node '/dwmmc@fe320000[0]'
<7>[    1.113989] dwmmc_rockchip fe320000.dwmmc: using lookup tables for GPIO lookup
<7>[    1.113992] dwmmc_rockchip fe320000.dwmmc: lookup for GPIO wp failed
<6>[    1.114069] rockchip-iodomain ff770000.syscon:io-domains: Setting to 3300000 done
<6>[    1.114356] rockchip-iodomain ff770000.syscon:io-domains: Setting to 3300000 done
<6>[    1.125845] mmc_host mmc1: Bus speed (slot 0) = 400000Hz (slot req 400000Hz, actual 400000HZ div = 0)
<6>[    1.139203] dwmmc_rockchip fe320000.dwmmc: 1 slots initialized
<6>[    1.140583] sdhci-pltfm: SDHCI platform and OF driver helper
<7>[    1.142965] sdhci-arasan fe330000.sdhci: GPIO lookup for consumer wp
<7>[    1.142971] sdhci-arasan fe330000.sdhci: using device tree for GPIO lookup
<7>[    1.142979] of_get_named_gpiod_flags: can't parse 'wp-gpios' property of node '/sdhci@fe330000[0]'
<7>[    1.142985] of_get_named_gpiod_flags: can't parse 'wp-gpio' property of node '/sdhci@fe330000[0]'
<7>[    1.142990] sdhci-arasan fe330000.sdhci: using lookup tables for GPIO lookup
<7>[    1.142997] sdhci-arasan fe330000.sdhci: lookup for GPIO wp failed
<6>[    1.144194] sdhci-arasan fe330000.sdhci: No vmmc regulator found
<6>[    1.144200] sdhci-arasan fe330000.sdhci: No vqmmc regulator found
<6>[    1.172595] mmc2: SDHCI controller on fe330000.sdhci [fe330000.sdhci] using ADMA
<6>[    1.172986] hidraw: raw HID events driver (C) Jiri Kosina
<6>[    1.176261] usbcore: registered new interface driver usbhid
<6>[    1.176264] usbhid: USB HID core driver
<7>[    1.176492] of_get_named_gpiod_flags: parsed 'irq-gpio' property of node '/spi@ff1c0000/mpu6500@0[0]' - status (0)
<6>[    1.176508] inv_mpu_iio_spi spi32766.0: int_config=0,level_shifter=0,irq=ad
<6>[    1.176511] inv_mpu_iio_spi spi32766.0: 1 
<6>[    1.176514] inv_mpu_iio_spi spi32766.0: 0 
<6>[    1.176517] inv_mpu_iio_spi spi32766.0: 0 
<6>[    1.176519] inv_mpu_iio_spi spi32766.0: 0 
<6>[    1.176522] inv_mpu_iio_spi spi32766.0: 1 
<6>[    1.176525] inv_mpu_iio_spi spi32766.0: 0 
<6>[    1.176527] inv_mpu_iio_spi spi32766.0: 0 
<6>[    1.176530] inv_mpu_iio_spi spi32766.0: 0 
<6>[    1.176532] inv_mpu_iio_spi spi32766.0: 1 
<6>[    1.176535] inv_mpu_iio_spi spi32766.0: 
<6>[    1.176537] inv_mpu_iio: secondary_i2c_addr=0
<6>[    1.201278] rockchip-iodomain ff770000.syscon:io-domains: Setting to 3300000 done
<6>[    1.201494] rockchip-iodomain ff770000.syscon:io-domains: Setting to 1800000 done
<6>[    1.214319] mmc2: MAN_BKOPS_EN bit is not set
<6>[    1.224742] mmc_host mmc1: Bus speed (slot 0) = 150000000Hz (slot req 150000000Hz, actual 150000000HZ div = 0)
<6>[    1.228957] mmc2: new HS400 Enhanced strobe MMC card at address 0001
<6>[    1.229595] mmcblk2: mmc2:0001 016G70 14.7 GiB 
<6>[    1.233456] mmcblk2boot0: mmc2:0001 016G70 partition 1 4.00 MiB
<6>[    1.237446] mmcblk2boot1: mmc2:0001 016G70 partition 2 4.00 MiB
<6>[    1.241328] mmcblk2rpmb: mmc2:0001 016G70 partition 3 4.00 MiB
<6>[    1.241679]  parameter: 0x000000000 -- 0x000400000 (4 MB)
<6>[    1.241684]      uboot: 0x000400000 -- 0x000800000 (4 MB)
<6>[    1.241687]      trust: 0x000800000 -- 0x000c00000 (4 MB)
<6>[    1.241690]       misc: 0x000c00000 -- 0x001000000 (4 MB)
<6>[    1.241693]   resource: 0x001000000 -- 0x002000000 (16 MB)
<6>[    1.241696]     kernel: 0x002000000 -- 0x003800000 (24 MB)
<6>[    1.241699]       boot: 0x003800000 -- 0x007800000 (64 MB)
<6>[    1.241702]   recovery: 0x007800000 -- 0x00b800000 (64 MB)
<6>[    1.241705]     backup: 0x00b800000 -- 0x012800000 (112 MB)
<6>[    1.241707]      cache: 0x012800000 -- 0x01a800000 (128 MB)
<6>[    1.241710]     system: 0x01a800000 -- 0x0da800000 (3072 MB)
<6>[    1.241713]   metadata: 0x0da800000 -- 0x0db800000 (16 MB)
<6>[    1.241716] verity_mode: 0x0db800000 -- 0x0db808000 (0 MB)
<6>[    1.241719] baseparamer: 0x0db808000 -- 0x0dbc08000 (4 MB)
<6>[    1.241721]        frp: 0x0dbc08000 -- 0x0dbc88000 (0 MB)
<6>[    1.241724]   userdata: 0x0dbc88000 -- 0x3ab000000 (11507 MB)
<6>[    1.241745]  mmcblk2: p1 p2 p3 p4 p5 p6 p7 p8 p9 p10 p11 p12 p13 p14 p15 p16
<6>[    1.246281] cyttsp5_i2c_adapter 2-0070: cyttsp5 Protocol Version: 1.6
<6>[    1.255571] input: cyttsp5_mt as /devices/platform/ff120000.i2c/i2c-2/2-0070/input/input0
<6>[    1.255905] cyttsp5_i2c_adapter 2-0070: cyttsp5_loader_probe: Successful probe 2-0070
<4>[    1.255910] cyttsp5_probe:load success!
<4>[    1.256255] cyttsp5_i2c_adapter 2-0070: Direct firmware load for ttdl_cmcp_thresholdfile.csv failed with error -2
<4>[    1.256260] cyttsp5_i2c_adapter 2-0070: Falling back to user helper
<4>[    1.256445] cyttsp5_i2c_adapter 2-0070: Direct firmware load for cyttsp5_fw.bin failed with error -2
<4>[    1.256449] cyttsp5_i2c_adapter 2-0070: Falling back to user helper
<6>[    1.486806] inv_mpu_iio_spi spi32766.0: mpu6500 is ready to go!
<6>[    1.486882] inv_mpu_iio: inv_mpu_init:746
<6>[    1.487207] ashmem: initialized
<3>[    1.487756] rockchip-dmc dmc: unable to get devfreq-event device : dfi
<4>[    1.488177] ff100000.saradc supply vref not found, using dummy regulator
<3>[    1.493510] rknandbase v1.1 2016-11-08
<6>[    1.494020] usbcore: registered new interface driver snd-usb-audio
<6>[    1.495305] tas2555 1-004c: tas2555_i2c_probe enter
<7>[    1.495337] of_get_named_gpiod_flags: parsed 'ti,pwren-gpio' property of node '/i2c@ff110000/tas2555@4c[0]' - status (0)
<7>[    1.495345] tas2555 1-004c: ti,pwren-gpio=1008
<7>[    1.495360] of_get_named_gpiod_flags: parsed 'ti,cdc-reset-gpio' property of node '/i2c@ff110000/tas2555@4c[0]' - status (0)
<7>[    1.495366] tas2555 1-004c: ti,cdc-reset-gpio=1012
<7>[    1.495371] of_get_named_gpiod_flags: can't parse 'ti,irq-gpio' property of node '/i2c@ff110000/tas2555@4c[0]'
<3>[    1.495378] tas2555 1-004c: Looking up ti,irq-gpio property in node /i2c@ff110000/tas2555@4c failed -2
<6>[    1.508773] tas2555 1-004c: TAS2555 PGID: 0xd0
<6>[    1.508780] tas2555 1-004c: tas2555_register_codec, enter
<6>[    1.509119] tas2555 1-004c: tas2555_register_misc, leave
<6>[    1.509127] tas2555 1-004c: tiload_driver_init
<6>[    1.509150] tas2555 1-004c: allocated Major Number: 237
<6>[    1.509506] tas2555 1-004c: Registered TiLoad driver, Major number: 237 
<7>[    1.509763] asoc-simple-card tas2555-sound: New simple-card: rockchip,tas2555-codec
<7>[    1.509781] asoc-simple-card tas2555-sound: Revert to legacy daifmt parsing
<6>[    1.511703] u32 classifier
<6>[    1.511710]     Actions configured
<6>[    1.511736] Netfilter messages via NETLINK v0.30.
<6>[    1.511791] nf_conntrack version 0.5.0 (16384 buckets, 65536 max)
<6>[    1.512095] ctnetlink v0.93: registering with nfnetlink.
<6>[    1.512819] tas2555 1-004c: tas2555_fw_ready:
<6>[    1.512827] tas2555 1-004c: FW Size        = 20488
<6>[    1.512833] tas2555 1-004c: Checksum       = 0xCC7D8AF2
<6>[    1.512838] tas2555 1-004c: PPC Version    = 0x10CC000
<6>[    1.512843] tas2555 1-004c: FW  Version    = 0x1010300
<6>[    1.512848] tas2555 1-004c: Driver Version = 0x0201
<6>[    1.512853] tas2555 1-004c: Timestamp      = 1530616429
<6>[    1.512858] tas2555 1-004c: DDC Name       = tas2555_EQ_AGC_Gain_0703_48K
<6>[    1.512863] tas2555 1-004c: Description    = TI SmartAmp
<6>[    1.512900] tas2555 1-004c: find default configuration 0
<6>[    1.513047] xt_time: kernel timezone is -0000
<6>[    1.514245] ip_tables: (C) 2000-2006 Netfilter Core Team
<6>[    1.514395] arp_tables: (C) 2002 David S. Miller
<6>[    1.515035] Initializing XFRM netlink socket
<6>[    1.515404] NET: Registered protocol family 10
<6>[    1.516510] mip6: Mobile IPv6
<6>[    1.516529] ip6_tables: (C) 2000-2006 Netfilter Core Team
<6>[    1.517888] sit: IPv6 over IPv4 tunneling driver
<6>[    1.518145] NET: Registered protocol family 17
<6>[    1.518158] NET: Registered protocol family 15
<6>[    1.518181] bridge: automatic filtering via arp/ip/ip6tables has been deprecated. Update your scripts to load br_netfilter if you need this.
<5>[    1.519161] Bridge firewalling registered
<6>[    1.519167] Ebtables v2.0 registered
<6>[    1.519380] Bluetooth: RFCOMM TTY layer initialized
<6>[    1.519393] Bluetooth: RFCOMM socket layer initialized
<6>[    1.519418] Bluetooth: RFCOMM ver 1.11
<6>[    1.519434] Bluetooth: BNEP (Ethernet Emulation) ver 1.3
<6>[    1.519438] Bluetooth: BNEP filters: protocol multicast
<6>[    1.519446] Bluetooth: BNEP socket layer initialized
<6>[    1.519455] Bluetooth: HIDP (Human Interface Emulation) ver 1.2
<6>[    1.519462] Bluetooth: HIDP socket layer initialized
<6>[    1.519505] l2tp_core: L2TP core driver, V2.0
<6>[    1.519519] l2tp_ppp: PPPoL2TP kernel driver, V2.0
<6>[    1.519529] [WLAN_RFKILL]: Enter rfkill_wlan_init
<6>[    1.519889] [WLAN_RFKILL]: Enter rfkill_wlan_probe
<6>[    1.519963] [WLAN_RFKILL]: wlan_platdata_parse_dt: wifi_chip_type = qca6174a
<6>[    1.519968] [WLAN_RFKILL]: wlan_platdata_parse_dt: enable wifi power control.
<6>[    1.519972] [WLAN_RFKILL]: wlan_platdata_parse_dt: wifi power controled by gpio.
<7>[    1.520016] of_get_named_gpiod_flags: parsed 'WIFI,poweren_gpio' property of node '/wireless-wlan[0]' - status (0)
<6>[    1.520021] [WLAN_RFKILL]: wlan_platdata_parse_dt: get property: WIFI,poweren_gpio = 1003, flags = 0.
<7>[    1.520036] of_get_named_gpiod_flags: parsed 'WIFI,wlanen_gpio' property of node '/wireless-wlan[0]' - status (0)
<6>[    1.520041] [WLAN_RFKILL]: wlan_platdata_parse_dt: get property: WIFI,wlanen_gpio = 1010, flags = 0.
<7>[    1.520046] of_get_named_gpiod_flags: can't parse 'WIFI,reset_gpio' property of node '/wireless-wlan[0]'
<7>[    1.520051] of_get_named_gpiod_flags: can't parse 'WIFI,host_wake_irq' property of node '/wireless-wlan[0]'
<6>[    1.520055] [WLAN_RFKILL]: rfkill_wlan_probe: init gpio
<6>[    1.520095] [WLAN_RFKILL]: Exit rfkill_wlan_probe
<6>[    1.520176] [BT_RFKILL]: Enter rfkill_rk_init
<6>[    1.520353] [BT_RFKILL]: bluetooth_platdata_parse_dt: get property wifi-bt-power-toggle.
<7>[    1.520359] of_get_named_gpiod_flags: can't parse 'uart_rts_gpios' property of node '/wireless-bluetooth[0]'
<6>[    1.520363] [BT_RFKILL]: bluetooth_platdata_parse_dt: uart_rts_gpios is unvalid.
<7>[    1.520367] of_get_named_gpiod_flags: can't parse 'BT,power_gpio' property of node '/wireless-bluetooth[0]'
<7>[    1.520387] of_get_named_gpiod_flags: parsed 'BT,reset_gpio' property of node '/wireless-bluetooth[0]' - status (0)
<6>[    1.520391] [BT_RFKILL]: bluetooth_platdata_parse_dt: get property: BT,reset_gpio = 1009.
<7>[    1.520409] of_get_named_gpiod_flags: parsed 'BT,wake_gpio' property of node '/wireless-bluetooth[0]' - status (0)
<6>[    1.520413] [BT_RFKILL]: bluetooth_platdata_parse_dt: get property: BT,wake_gpio = 1090.
<7>[    1.520428] of_get_named_gpiod_flags: parsed 'BT,wake_host_irq' property of node '/wireless-bluetooth[0]' - status (0)
<6>[    1.520432] [BT_RFKILL]: bluetooth_platdata_parse_dt: get property: BT,wake_host_irq = 1004.
<6>[    1.520674] [BT_RFKILL]: Request irq for bt wakeup host
<6>[    1.520707] [BT_RFKILL]: ** disable irq
<6>[    1.520772] [BT_RFKILL]: bt shut off power
<6>[    1.523740] tas2555 1-004c: load program 0
<7>[    1.523749] tas2555 1-004c: TAS2555 load data: Tuning Mode Program, Blocks = 1, Block Type = 1
<7>[    1.523755] tas2555 1-004c: TAS2555 load block: Type = 1, commands = 3934
<6>[    1.529093] usb 2-1: new full-speed USB device number 2 using ohci-platform
<6>[    1.542557] [BT_RFKILL]: bt_default device registered.
<5>[    1.543214] Registered cp15_barrier emulation handler
<5>[    1.543343] Registered setend emulation handler
<6>[    1.544892] registered taskstats version 1
<3>[    1.545385] rockchip ion idev is NULL
<6>[    1.545390] rga2 ff680000.rga: rga ion client create success!
<6>[    1.545553] rga: Driver loaded successfully ver:3.02
<7>[    1.546769] rockchip-usb2phy ff770000.syscon:usb2-phy@e450: GPIO lookup for consumer otg-vbus
<7>[    1.546776] rockchip-usb2phy ff770000.syscon:usb2-phy@e450: using device tree for GPIO lookup
<7>[    1.546782] of_get_named_gpiod_flags: can't parse 'otg-vbus-gpios' property of node '/syscon@ff770000/usb2-phy@e450[0]'
<7>[    1.546785] of_get_named_gpiod_flags: can't parse 'otg-vbus-gpio' property of node '/syscon@ff770000/usb2-phy@e450[0]'
<7>[    1.546789] rockchip-usb2phy ff770000.syscon:usb2-phy@e450: using lookup tables for GPIO lookup
<7>[    1.546793] rockchip-usb2phy ff770000.syscon:usb2-phy@e450: lookup for GPIO otg-vbus failed
<4>[    1.546797] rockchip-usb2phy ff770000.syscon:usb2-phy@e450: vbus_drv is not assigned
<6>[    1.548040] rockchip-drm display-subsystem: bound ff900000.vop (ops vop_component_ops)
<6>[    1.548150] rockchip-drm display-subsystem: bound ff8f0000.vop (ops vop_component_ops)
<6>[    1.548192] rockchip-drm display-subsystem: bound ff960000.dsi (ops dw_mipi_dsi_ops)
<3>[    1.548459] i2c i2c-9: of_i2c: modalias failure on /hdmi@ff940000/ports
<6>[    1.548471] dwhdmi-rockchip ff940000.hdmi: registered DesignWare HDMI I2C bus driver
<6>[    1.548508] dwhdmi-rockchip ff940000.hdmi: Detected HDMI TX controller v2.11a with HDCP (DWC HDMI 2.0 TX PHY)
<6>[    1.549232] rockchip-drm display-subsystem: bound ff940000.hdmi (ops dw_hdmi_rockchip_ops)
<6>[    1.549497] rockchip-drm display-subsystem: bound fec00000.dp (ops cdn_dp_component_ops)
<6>[    1.549504] [drm:drm_vblank_init] Supports vblank timestamp caching Rev 2 (21.10.2013).
<6>[    1.549507] [drm:drm_vblank_init] No driver support for vblank timestamp query.
<4>[    1.549640] rockchip-drm display-subsystem: failed to parse loader memory
<6>[    1.552640] cdn-dp fec00000.dp: [drm:cdn_dp_pd_event_work] Not connected. Disabling cdn
<6>[    1.558172] rockchip-drm display-subsystem: fb0:  frame buffer device
<6>[    1.567563] vendor storage:20160801 ret = 0
<6>[    1.577549] mali ff9a0000.gpu: leakage=27
<6>[    1.589569] mali ff9a0000.gpu: temp=48750, pvtm=125611 (125527 + 84)
<6>[    1.590690] mali ff9a0000.gpu: pvtm-sel=2
<6>[    1.592176] mali ff9a0000.gpu: GPU identified as 0x0860 r2p0 status 0
<6>[    1.592964] I : [File] : drivers/gpu/arm/midgard/backend/gpu/mali_kbase_devfreq.c; [Line] : 284; [Func] : kbase_devfreq_init(); success initing power_model_simple.
<6>[    1.593510] mali ff9a0000.gpu: Probed as mali0
<6>[    1.599250] xhci-hcd xhci-hcd.8.auto: xHCI Host Controller
<6>[    1.599272] xhci-hcd xhci-hcd.8.auto: new USB bus registered, assigned bus number 3
<6>[    1.599465] xhci-hcd xhci-hcd.8.auto: hcc params 0x0220fe64 hci version 0x110 quirks 0x02030010
<6>[    1.599508] xhci-hcd xhci-hcd.8.auto: irq 232, io mem 0xfe800000
<6>[    1.599631] usb usb3: New USB device found, idVendor=1d6b, idProduct=0002
<6>[    1.599638] usb usb3: New USB device strings: Mfr=3, Product=2, SerialNumber=1
<6>[    1.599644] usb usb3: Product: xHCI Host Controller
<6>[    1.599650] usb usb3: Manufacturer: Linux 4.4.83 xhci-hcd
<6>[    1.599656] usb usb3: SerialNumber: xhci-hcd.8.auto
<6>[    1.600102] hub 3-0:1.0: USB hub found
<6>[    1.600127] hub 3-0:1.0: 1 port detected
<6>[    1.600386] xhci-hcd xhci-hcd.8.auto: xHCI Host Controller
<6>[    1.600398] xhci-hcd xhci-hcd.8.auto: new USB bus registered, assigned bus number 4
<6>[    1.600444] usb usb4: We don't know the algorithms for LPM for this host, disabling LPM.
<6>[    1.600516] usb usb4: New USB device found, idVendor=1d6b, idProduct=0003
<6>[    1.600522] usb usb4: New USB device strings: Mfr=3, Product=2, SerialNumber=1
<6>[    1.600528] usb usb4: Product: xHCI Host Controller
<6>[    1.600534] usb usb4: Manufacturer: Linux 4.4.83 xhci-hcd
<6>[    1.600539] usb usb4: SerialNumber: xhci-hcd.8.auto
<6>[    1.600918] hub 4-0:1.0: USB hub found
<6>[    1.600940] hub 4-0:1.0: 1 port detected
<6>[    1.602128] xhci-hcd xhci-hcd.8.auto: remove, state 1
<6>[    1.602150] usb usb4: USB disconnect, device number 1
<4>[    1.625475] xhci-hcd xhci-hcd.8.auto: Host not halted after 16000 microseconds.
<4>[    1.625482] xhci-hcd xhci-hcd.8.auto: Host controller not halted, aborting reset.
<6>[    1.625599] xhci-hcd xhci-hcd.8.auto: USB bus 4 deregistered
<6>[    1.625609] xhci-hcd xhci-hcd.8.auto: remove, state 1
<6>[    1.625623] usb usb3: USB disconnect, device number 1
<6>[    1.626293] xhci-hcd xhci-hcd.8.auto: USB bus 3 deregistered
<6>[    1.631499] xhci-hcd xhci-hcd.9.auto: xHCI Host Controller
<6>[    1.631509] xhci-hcd xhci-hcd.9.auto: new USB bus registered, assigned bus number 3
<6>[    1.631646] xhci-hcd xhci-hcd.9.auto: hcc params 0x0220fe64 hci version 0x110 quirks 0x02030010
<6>[    1.631670] xhci-hcd xhci-hcd.9.auto: irq 233, io mem 0xfe900000
<6>[    1.631739] usb usb3: New USB device found, idVendor=1d6b, idProduct=0002
<6>[    1.631743] usb usb3: New USB device strings: Mfr=3, Product=2, SerialNumber=1
<6>[    1.631747] usb usb3: Product: xHCI Host Controller
<6>[    1.631750] usb usb3: Manufacturer: Linux 4.4.83 xhci-hcd
<6>[    1.631753] usb usb3: SerialNumber: xhci-hcd.9.auto
<6>[    1.631980] hub 3-0:1.0: USB hub found
<6>[    1.631994] hub 3-0:1.0: 1 port detected
<6>[    1.632122] xhci-hcd xhci-hcd.9.auto: xHCI Host Controller
<6>[    1.632128] xhci-hcd xhci-hcd.9.auto: new USB bus registered, assigned bus number 4
<6>[    1.632156] usb usb4: We don't know the algorithms for LPM for this host, disabling LPM.
<6>[    1.632196] usb usb4: New USB device found, idVendor=1d6b, idProduct=0003
<6>[    1.632200] usb usb4: New USB device strings: Mfr=3, Product=2, SerialNumber=1
<6>[    1.632203] usb usb4: Product: xHCI Host Controller
<6>[    1.632206] usb usb4: Manufacturer: Linux 4.4.83 xhci-hcd
<6>[    1.632209] usb usb4: SerialNumber: xhci-hcd.9.auto
<6>[    1.632435] hub 4-0:1.0: USB hub found
<6>[    1.632448] hub 4-0:1.0: 1 port detected
<6>[    1.633174] dwmmc_rockchip fe320000.dwmmc: Successfully tuned phase to 76
<6>[    1.634124] mmc1: new ultra high speed SDR104 SDHC card at address 0007
<6>[    1.634836] mmcblk1: mmc1:0007 SD16G 14.9 GiB 
<6>[    1.636111]  mmcblk1: p1
<6>[    1.636320] ehci-platform fe380000.usb: EHCI Host Controller
<6>[    1.636342] ehci-platform fe380000.usb: new USB bus registered, assigned bus number 5
<6>[    1.636570] ehci-platform fe380000.usb: irq 27, io mem 0xfe380000
<6>[    1.709007] usb 2-1: not running at top speed; connect to a high speed hub
<6>[    1.721023] usb 2-1: New USB device found, idVendor=2ca3, idProduct=1501
<6>[    1.721036] usb 2-1: New USB device strings: Mfr=1, Product=2, SerialNumber=3
<6>[    1.721043] usb 2-1: Product: DJI Virtual Joystick
<6>[    1.721048] usb 2-1: Manufacturer: DJI
<6>[    1.721054] usb 2-1: SerialNumber: 1234567890
<6>[    1.723629] input: DJI RC as /devices/platform/fe3e0000.usb/usb2/2-1/2-1:1.0/input/input1
<6>[    2.039207] ehci-platform fe380000.usb: USB 2.0 started, EHCI 1.00
<6>[    2.039396] usb usb5: New USB device found, idVendor=1d6b, idProduct=0002
<6>[    2.039404] usb usb5: New USB device strings: Mfr=3, Product=2, SerialNumber=1
<6>[    2.039410] usb usb5: Product: EHCI Host Controller
<6>[    2.039416] usb usb5: Manufacturer: Linux 4.4.83 ehci_hcd
<6>[    2.039421] usb usb5: SerialNumber: fe380000.usb
<6>[    2.040142] hub 5-0:1.0: USB hub found
<6>[    2.040166] hub 5-0:1.0: 1 port detected
<6>[    2.040960] ohci-platform fe3a0000.usb: Generic Platform OHCI controller
<6>[    2.040979] ohci-platform fe3a0000.usb: new USB bus registered, assigned bus number 6
<6>[    2.041187] ohci-platform fe3a0000.usb: irq 28, io mem 0xfe3a0000
<6>[    2.096590] usb usb6: New USB device found, idVendor=1d6b, idProduct=0001
<6>[    2.096605] usb usb6: New USB device strings: Mfr=3, Product=2, SerialNumber=1
<6>[    2.096611] usb usb6: Product: Generic Platform OHCI controller
<6>[    2.096617] usb usb6: Manufacturer: Linux 4.4.83 ohci_hcd
<6>[    2.096622] usb usb6: SerialNumber: fe3a0000.usb
<6>[    2.097265] hub 6-0:1.0: USB hub found
<6>[    2.097293] hub 6-0:1.0: 1 port detected
<3>[    2.101622] rockchip-dmc dmc: fail to register notify to vop.
<7>[    2.108638] asoc-simple-card tas2555-sound: New simple-card: rockchip,tas2555-codec
<7>[    2.108661] asoc-simple-card tas2555-sound: Revert to legacy daifmt parsing
<7>[    2.108748] asoc-simple-card tas2555-sound: 	name : ff880000.i2s-tas2555 ASI1
<7>[    2.108754] asoc-simple-card tas2555-sound: 	format : 4001
<7>[    2.108759] asoc-simple-card tas2555-sound: 	cpu : ff880000.i2s / 11289600
<7>[    2.108765] asoc-simple-card tas2555-sound: 	codec : tas2555 ASI1 / 11289600
<7>[    2.108776] of_get_named_gpiod_flags: can't parse 'simple-audio-card,hp-det-gpio' property of node '/tas2555-sound[0]'
<6>[    2.108939] tas2555 1-004c: tas2555_codec_probe
<7>[    2.109121] tas2555 1-004c: tas2555_set_dai_sysclk: freq = 11289600
<7>[    2.109562] tas2555 1-004c: tas2555_set_dai_fmt
<6>[    2.110581] asoc-simple-card tas2555-sound: tas2555 ASI1 <-> ff880000.i2s mapping ok
<3>[    2.110604] asoc-simple-card tas2555-sound: ASoC: no source widget found for MICBIAS1
<3>[    2.110611] asoc-simple-card tas2555-sound: ASoC: Failed to add route MICBIAS1 -> direct -> Mic Jack
<3>[    2.110618] asoc-simple-card tas2555-sound: ASoC: no sink widget found for IN1P
<3>[    2.110624] asoc-simple-card tas2555-sound: ASoC: Failed to add route Mic Jack -> direct -> IN1P
<3>[    2.110630] asoc-simple-card tas2555-sound: ASoC: no source widget found for HPOL
<3>[    2.110636] asoc-simple-card tas2555-sound: ASoC: Failed to add route HPOL -> direct -> Headphone Jack
<3>[    2.110642] asoc-simple-card tas2555-sound: ASoC: no source widget found for HPOR
<3>[    2.110648] asoc-simple-card tas2555-sound: ASoC: Failed to add route HPOR -> direct -> Headphone Jack
<6>[    2.115446] rk-hdmi-dp-sound hdmi-dp-sound: i2s-hifi <-> ff8a0000.i2s mapping ok
<3>[    2.117404] otg_wakelock_init: No USB transceiver found
<6>[    2.117493] sensor_init: Probe name sensors
<4>[    2.117503] sensor-dev.c v1.4 add angle calculation support between two gsensors 2013-09-01
<3>[    2.117982] rockchip-pinctrl pinctrl: pin gpio3-4 already requested by ff1c0000.spi; cannot claim for 5-0010
<3>[    2.117996] rockchip-pinctrl pinctrl: pin-100 (5-0010) status -22
<3>[    2.118005] rockchip-pinctrl pinctrl: could not request pin 100 (gpio3-4) from group cm3218-irq-gpio  on device rockchip-pinctrl
<3>[    2.118014] sensors 5-0010: Error applying setting, reverse things back
<6>[    2.118062] i2c i2c-5: sensor_probe: light_cm3218,ffffffc006459800
<7>[    2.118118] of_get_named_gpiod_flags: parsed 'irq-gpio' property of node '/i2c@ff140000/cm32181_ls@10[0]' - status (0)
<7>[    2.118126] of_get_named_gpiod_flags: can't parse 'reset-gpio' property of node '/i2c@ff140000/cm32181_ls@10[0]'
<7>[    2.118132] of_get_named_gpiod_flags: can't parse 'power-gpio' property of node '/i2c@ff140000/cm32181_ls@10[0]'
<4>[    2.118147] sensor_chip_init:light_cm3218:devid=0x0,ops=0xffffff80090bec40
<6>[    2.118873] rk808-rtc rk808-rtc: setting system clock to 2018-09-12 09:17:22 UTC (1536743842)
<4>[    2.119618] It doesn't contain Rogue gpu
<6>[    2.132905] dji_lcdid dji-lcdid: panel_dji_lcdid_probe board_id=0 lcd_id=0 lcd_name=TRULY_R63350_55
<6>[    2.132985] I : [File] : drivers/gpu/arm/mali400/mali/linux/mali_kernel_linux.c; [Line] : 414; [Func] : mali_module_init(); svn_rev_string_from_arm of this mali_ko is '-5ab1b2b', rk_ko_ver is '5', built at '14:45:09', on 'Aug 23 2018'.
<4>[    2.133092] Mali: Mali device driver loaded
<7>[    2.133290] of_get_named_gpiod_flags: parsed 'gpios' property of node '/rockchip-key/power-key[0]' - status (0)
<7>[    2.133300] of_get_named_gpiod_flags: parsed 'gpios' property of node '/rockchip-key/power-key[0]' - status (0)
<7>[    2.133315] of_get_named_gpiod_flags: parsed 'gpios' property of node '/rockchip-key/back-key[0]' - status (0)
<7>[    2.133324] of_get_named_gpiod_flags: parsed 'gpios' property of node '/rockchip-key/back-key[0]' - status (0)
<6>[    2.133432] input: rk29-keypad as /devices/platform/rockchip-key/input/input2
<6>[    2.134878] ALSA device list:
<6>[    2.134891]   #0: rockchip,tas2555-codec
<6>[    2.134895]   #1: rk-hdmi-dp-sound
<6>[    2.345989] usb 5-1: new high-speed USB device number 2 using ehci-platform
<6>[    2.373210] input: lightsensor-level as /devices/platform/ff140000.i2c/i2c-5/5-0010/input/input3
<4>[    2.374117] sensor_misc_device_register:miscdevice: lightsensor
<4>[    2.374125] sensor_probe:initialized ok,sensor name:cm3218,type:5,id=51
<4>[    2.374125] 
<6>[    2.374821] Freeing unused kernel memory: 768K
<13>[    2.377822] init: init first stage started!
<7>[    2.382531] SELinux: 4096 avtab hash slots, 9299 rules.
<7>[    2.388023] SELinux: 4096 avtab hash slots, 9299 rules.
<7>[    2.388054] SELinux:  1 users, 2 roles, 737 types, 0 bools, 1 sens, 1024 cats
<7>[    2.388063] SELinux:  63 classes, 9299 rules
<7>[    2.390218] SELinux:  Completing initialization.
<7>[    2.390238] SELinux:  Setting up existing superblocks.
<5>[    2.448560] audit: type=1403 audit(1536743842.826:2): policy loaded auid=4294967295 ses=4294967295
<13>[    2.449686] init: (Initializing SELinux non-enforcing took 0.07s.)
<13>[    2.454316] init: init second stage started!
<11>[    2.459024] init: Setting ro.rk.soc=rk3399
<11>[    2.459215] init: OK,EMMC DRIVERS INIT OK
<11>[    2.459239] init: property_set("ro.boot.mode", "emmc") failed
<11>[    2.459299] init: property_set("ro.hardware", "rk30board") failed
<13>[    2.461681] init: Running restorecon...
<6>[    2.470764] usb 5-1: New USB device found, idVendor=2ca3, idProduct=001f
<6>[    2.470788] usb 5-1: New USB device strings: Mfr=2, Product=3, SerialNumber=4
<6>[    2.470794] usb 5-1: Product: DJI
<6>[    2.470800] usb 5-1: Manufacturer: DJI
<6>[    2.470806] usb 5-1: SerialNumber: FEDCBA9876543210
<6>[    2.476283] rndis_host 5-1:1.0 usb0: register 'rndis_host' at usb-fe380000.usb-1, RNDIS device, e2:00:20:e3:c1:9e
<6>[    2.477839] usb-storage 5-1:1.2: USB Mass Storage device detected
<6>[    2.479915] scsi host0: usb-storage 5-1:1.2
<6>[    2.483023] cdc_acm 5-1:1.4: ttyACM0: USB ACM device
<11>[    2.513435] init: waitpid failed: No child processes
<11>[    2.513872] init: property_set("ro.board.platform", "rk3399") failed
<11>[    2.514220] init: property_set("ro.rk.screenshot_enable", "true") failed
<11>[    2.514244] init: property_set("ro.adb.secure", "1") failed
<13>[    2.514392] init: (Loading properties from /default.prop took 0.00s.)
<11>[    2.515305] init: could not import file '/init.bootmode.emmc.rc' from '/init.rc': No such file or directory
<11>[    2.515325] init: could not import file '/init.recovery.rk30board.rc' from '/init.rc': No such file or directory
<13>[    2.515338] init: (Parsing /init.rc took 0.00s.)
<13>[    2.515455] init: Starting service 'ueventd'...
<13>[    2.516504] init: Starting service 'healthd'...
<13>[    2.517429] init: Waiting for /dev/.coldboot_done...
<5>[    2.520711] audit: type=1400 audit(1536743842.900:3): avc:  denied  { mknod } for  pid=187 comm="healthd" capability=27  scontext=u:r:healthd:s0 tcontext=u:r:healthd:s0 tclass=capability permissive=1
<5>[    2.520795] audit: type=1400 audit(1536743842.900:4): avc:  denied  { write } for  pid=187 comm="healthd" name="__kmsg__" dev="tmpfs" ino=14393 scontext=u:r:healthd:s0 tcontext=u:object_r:device:s0 tclass=chr_file permissive=1
<5>[    2.520817] audit: type=1400 audit(1536743842.900:5): avc:  denied  { open } for  pid=187 comm="healthd" path="/dev/__kmsg__" dev="tmpfs" ino=14393 scontext=u:r:healthd:s0 tcontext=u:object_r:device:s0 tclass=chr_file permissive=1
<5>[    2.520845] audit: type=1400 audit(1536743842.900:6): avc:  denied  { unlink } for  pid=187 comm="healthd" name="__kmsg__" dev="tmpfs" ino=14393 scontext=u:r:healthd:s0 tcontext=u:object_r:device:s0 tclass=chr_file permissive=1
<12>[    2.520860] healthd: BatteryCurrentNowPath not found
<12>[    2.520867] healthd: BatteryFullChargePath not found
<12>[    2.520873] healthd: BatteryCycleCountPath not found
<11>[    2.521040] DJICharger: open /dev/ttyS4 failed:No such file or directory
<13>[    2.521468] ueventd: ueventd started!
<11>[    2.522221] ueventd: invalid gid 'trace'
<13>[    2.704212] ueventd: Coldboot took 0.18s.
<13>[    2.710076] init: Waiting for /dev/.coldboot_done took 0.19s.
<11>[    2.710132] init: /dev/hw_random not found
<11>[    2.711557] init: /dev/hw_random not found
<6>[    2.712551] file system registered
<13>[    2.718864] init: write_file: Unable to open '/sys/class/android_usb/android0/enable': Permission denied
<13>[    2.718923] init: write_file: Unable to open '/sys/class/android_usb/android0/idVendor': Permission denied
<13>[    2.718964] init: write_file: Unable to open '/sys/class/android_usb/android0/idProduct': Permission denied
<13>[    2.719003] init: write_file: Unable to open '/sys/class/android_usb/android0/f_ffs/aliases': No such file or directory
<13>[    2.719043] init: write_file: Unable to open '/sys/class/android_usb/android0/functions': Permission denied
<13>[    2.719172] init: write_file: Unable to open '/sys/class/android_usb/android0/iManufacturer': Permission denied
<13>[    2.719217] init: write_file: Unable to open '/sys/class/android_usb/android0/iProduct': Permission denied
<11>[    2.719242] init: property 'ro.serialno' doesn't exist while expanding '${ro.serialno}'
<11>[    2.719253] init: write: cannot expand '${ro.serialno}'
<11>[    2.719886] init: finit_module for "/drmboot.ko" failed: Exec format errorinit: (Loading properties from /system/build.prop took 0.00s.)
<13>[    2.720056] init: (Loading properties from /vendor/build.prop took 0.00s.)
<13>[    2.720084] init: (Loading properties from /factory/factory.prop took 0.00s.)
<11>[    2.720268] fs_mgr: Warning: unknown flag resize
<11>[    2.720355] init: /recovery not specified in fstab
<13>[    2.721500] init: Starting service 'recovery'...
<13>[    2.722461] init: Starting service 'adbd'...
<11>[    2.727747] fs_mgr: Warning: unknown flag resize
<11>[    2.728979] fs_mgr: Warning: unknown flag resize
<6>[    2.731115] cyttsp5_i2c_adapter 2-0070: _cyttsp5_firmware_cont_builtin: No builtin firmware
<6>[    2.731144] cyttsp5_i2c_adapter 2-0070: cyttsp5_get_platform_ttconfig: Panel ID not enabled, using legacy ttconfig
<6>[    2.731155] cyttsp5_i2c_adapter 2-0070: cyttsp5_check_firmware_version: img vers:0x0106 new vers:0x0106
<6>[    2.731159] cyttsp5_i2c_adapter 2-0070: cyttsp5_check_firmware_version: img revctrl:0xD114C new revctrl:0xD114C
<6>[    2.733443] cyttsp5_i2c_adapter 2-0070: cyttsp5_cmcp_parse_threshold_file: No builtin cmcp threshold file
<6>[    2.809133] dw-mipi-dsi ff960000.dsi: vop LIT output to dsi0
<6>[    2.809210] dw-mipi-dsi ff960000.dsi: final DSI-Link bandwidth: 992 x 4 Mbps
<7>[    3.170512] tas2555 1-004c: Block[0x1] PChkSum match
<7>[    3.170547] tas2555 1-004c: Block[0x1] YChkSum match
<7>[    3.170564] tas2555 1-004c: TAS2555 load PLL: pll block for Configuration configuration_Tuning Mode_48 KHz_s1
<7>[    3.170573] tas2555 1-004c: TAS2555 load block: Type = 0, commands = 15
<6>[    3.177905] tas2555 1-004c: TAS2555 PLL_CLKIN = 0x0D
<7>[    3.177916] tas2555 1-004c: load configuration configuration_Tuning Mode_48 KHz_s1 conefficient pre block
<7>[    3.177923] tas2555 1-004c: TAS2555 load data: Snapshot 1, Blocks = 2, Block Type = 4
<7>[    3.177932] tas2555 1-004c: TAS2555 load block: Type = 4, commands = 9
<7>[    3.184914] tas2555 1-004c: Block[0x4] YChkSum match
<7>[    3.184924] tas2555 1-004c: tas2555_load_configuration: 0
<7>[    3.184936] tas2555 1-004c: TAS2555 was powered down -> set flag to load configuration data when OS powers up the TAS2555 the next time
<5>[    3.490085] scsi 0:0:0:0: Direct-Access     DJI      File-CD Gadget   0310 PQ: 0 ANSI: 2
<5>[    3.495399] scsi 0:0:0:1: Direct-Access     DJI      File-CD Gadget   0310 PQ: 0 ANSI: 2
<5>[    3.498684] sd 0:0:0:0: Attached scsi generic sg0 type 0
<5>[    3.500176] sd 0:0:0:1: Attached scsi generic sg1 type 0
<5>[    3.502882] sd 0:0:0:0: [sda] Attached SCSI removable disk
<5>[    3.505452] sd 0:0:0:1: [sdb] Attached SCSI removable disk
<6>[    4.342995] EXT4-fs (mmcblk2p10): mounted filesystem with ordered data mode. Opts: (null)
<4>[    4.345398] EXT4-fs (mmcblk2p12): warning: maximal mount count reached, running e2fsck is recommended
<6>[    4.345908] EXT4-fs (mmcblk2p12): mounted filesystem with ordered data mode. Opts: (null)
<5>[    4.346192] audit: type=1400 audit(1536743844.726:7): avc:  denied  { open } for  pid=191 comm="recovery" path="/dev/__properties__/u:object_r:wc_transport_prop:s0" dev="tmpfs" ino=9237 scontext=u:r:recovery:s0 tcontext=u:object_r:wc_transport_prop:s0 tclass=file permissive=1
<5>[    4.346217] audit: type=1400 audit(1536743844.726:8): avc:  denied  { getattr } for  pid=191 comm="recovery" path="/dev/__properties__/u:object_r:wc_transport_prop:s0" dev="tmpfs" ino=9237 scontext=u:r:recovery:s0 tcontext=u:object_r:wc_transport_prop:s0 tclass=file permissive=1
<5>[    4.346316] audit: type=1400 audit(1536743844.726:9): avc:  denied  { open } for  pid=191 comm="recovery" path="/dev/__properties__/u:object_r:secureboot_prop:s0" dev="tmpfs" ino=9238 scontext=u:r:recovery:s0 tcontext=u:object_r:secureboot_prop:s0 tclass=file permissive=1
<5>[    4.346330] audit: type=1400 audit(1536743844.726:10): avc:  denied  { getattr } for  pid=191 comm="recovery" path="/dev/__properties__/u:object_r:secureboot_prop:s0" dev="tmpfs" ino=9238 scontext=u:r:recovery:s0 tcontext=u:object_r:secureboot_prop:s0 tclass=file permissive=1
<4>[    5.345044] ttyS4 - failed to request DMA
<11>[    5.345204] register uart handler
<11>[    5.345204] : 
<5>[    9.352612] random: nonblocking pool is initialized
<6>[   12.943349] read descriptors
<6>[   12.943371] read strings
