<6>[    0.000000] Booting Linux on physical CPU 0x0
<6>[    0.000000] Initializing cgroup subsys cpuset
<6>[    0.000000] Initializing cgroup subsys cpu
<6>[    0.000000] Initializing cgroup subsys cpuacct
<6>[    0.000000] Initializing cgroup subsys schedtune
<5>[    0.000000] Linux version 4.4.83 (jenkins@RDCMP33-in) (gcc version 4.9 20150123 (prerelease) (GCC) ) #1 SMP PREEMPT Thu Aug 23 14:45:36 HKT 2018
<6>[    0.000000] Boot CPU: AArch64 Processor [410fd034]
<6>[    0.000000] earlycon: Early serial console at MMIO32 0xff1a0000 (options '')
<6>[    0.000000] bootconsole [uart0] enabled
<6>[    0.000000] Reserved memory: failed to reserve memory for node 'drm-logo@00000000': base 0x0000000000000000, size 0 MiB
<6>[    0.000000] Reserved memory: failed to reserve memory for node 'stb-devinfo@00000000': base 0x0000000000000000, size 0 MiB
<6>[    0.000000] cma: Reserved 16 MiB at 0x00000000f7000000
<7>[    0.000000] On node 0 totalpages: 1011200
<7>[    0.000000]   DMA zone: 15864 pages used for memmap
<7>[    0.000000]   DMA zone: 0 pages reserved
<7>[    0.000000]   DMA zone: 1011200 pages, LIFO batch:31
<6>[    0.000000] psci: probing for conduit method from DT.
<6>[    0.000000] psci: PSCIv1.0 detected in firmware.
<6>[    0.000000] psci: Using standard PSCI v0.2 function IDs
<6>[    0.000000] psci: Trusted OS migration not required
<6>[    0.000000] PERCPU: Embedded 21 pages/cpu @ffffffc0f6eef000 s45760 r8192 d32064 u86016
<7>[    0.000000] pcpu-alloc: s45760 r8192 d32064 u86016 alloc=21*4096
<7>[    0.000000] pcpu-alloc: [0] 0 [0] 1 [0] 2 [0] 3 [0] 4 [0] 5 
<6>[    0.000000] Detected VIPT I-cache on CPU0
<6>[    0.000000] CPU features: enabling workaround for ARM erratum 845719
<6>[    0.000000] Built 1 zonelists in Zone order, mobility grouping on.  Total pages: 995336
<5>[    0.000000] Kernel command line: earlycon=uart8250,mmio32,0xff1a0000 swiotlb=1 androidboot.baseband=N/A androidboot.selinux=permissive androidboot.hardware=rk30board androidboot.console=ttyFIQ0 init=/init mtdparts=rk29xxnand:0x00002000@0x00000000(parameter),0x00002000@0x00002000(uboot),0x00002000@0x00004000(trust),0x00002000@0x00006000(misc),0x00008000@0x00008000(resource),0x0000C000@0x00010000(kernel),0x00020000@0x0001C000(boot),0x00020000@0x0003C000(recovery),0x00038000@0x0005C000(backup),0x00040000@0x00094000(cache),0x00600000@0x000D4000(system),0x00008000@0x006D4000(metadata),0x00000040@0x006DC000(verity_mode),0x00002000@0x006DC040(baseparamer),0x00000400@0x006DE040(frp),-@0x006DE440(userdata) storagemedia=emmc uboot_logo=0x02000000@0xf5c00000 loader.timestamp=2018-09-07_15:55:23 SecureBootCheckOk=1 dji.lcdid=0
<6>[    0.000000] PID hash table entries: 4096 (order: 3, 32768 bytes)
<6>[    0.000000] Dentry cache hash table entries: 524288 (order: 10, 4194304 bytes)
<6>[    0.000000] Inode-cache hash table entries: 262144 (order: 9, 2097152 bytes)
<6>[    0.000000] software IO TLB [mem 0xf6ea7000-0xf6ee7000] (0MB) mapped at [ffffffc0f6ea7000-ffffffc0f6ee6fff]
<6>[    0.000000] Memory: 3922664K/4044800K available (10238K kernel code, 1180K rwdata, 4932K rodata, 768K init, 1087K bss, 105752K reserved, 16384K cma-reserved)
<5>[    0.000000] Virtual kernel memory layout:
<5>[    0.000000]     modules : 0xffffff8000000000 - 0xffffff8008000000   (   128 MB)
<5>[    0.000000]     vmalloc : 0xffffff8008000000 - 0xffffffbdbfff0000   (   246 GB)
<5>[    0.000000]       .init : 0xffffff8008f60000 - 0xffffff8009020000   (   768 KB)
<5>[    0.000000]       .text : 0xffffff8008080000 - 0xffffff8008a80000   ( 10240 KB)
<5>[    0.000000]     .rodata : 0xffffff8008a80000 - 0xffffff8008f60000   (  4992 KB)
<5>[    0.000000]       .data : 0xffffff8009020000 - 0xffffff8009147008   (  1181 KB)
<5>[    0.000000]     vmemmap : 0xffffffbdc0000000 - 0xffffffbfc0000000   (     8 GB maximum)
<5>[    0.000000]               0xffffffbdc0008000 - 0xffffffbdc3e00000   (    61 MB actual)
<5>[    0.000000]     fixed   : 0xffffffbffe7fd000 - 0xffffffbffec00000   (  4108 KB)
<5>[    0.000000]     PCI I/O : 0xffffffbffee00000 - 0xffffffbfffe00000   (    16 MB)
<5>[    0.000000]     memory  : 0xffffffc000200000 - 0xffffffc0f8000000   (  3966 MB)
<6>[    0.000000] SLUB: HWalign=64, Order=0-3, MinObjects=0, CPUs=6, Nodes=1
<6>[    0.000000] Preemptible hierarchical RCU implementation.
<6>[    0.000000] 	Build-time adjustment of leaf fanout to 64.
<6>[    0.000000] 	RCU restricting CPUs from NR_CPUS=8 to nr_cpu_ids=6.
<6>[    0.000000] RCU: Adjusting geometry for rcu_fanout_leaf=64, nr_cpu_ids=6
<6>[    0.000000] NR_IRQS:64 nr_irqs:64 0
<6>[    0.000000] GIC: Using split EOI/Deactivate mode
<6>[    0.000000] ITS: /interrupt-controller@fee00000/interrupt-controller@fee20000
<6>[    0.000000] ITS: allocated 65536 Devices @f2000000 (psz 64K, shr 0)
<6>[    0.000000] ITS: using cache flushing for cmd queue
<6>[    0.000000] GIC: using LPI property table @0x00000000f2080000
<6>[    0.000000] ITS: Allocated 1792 chunks for LPIs
<6>[    0.000000] CPU0: found redistributor 0 region 0:0x00000000fef00000
<6>[    0.000000] CPU0: using LPI pending table @0x00000000f2090000
<6>[    0.000000] GIC: using cache flushing for LPI property table
<6>[    0.000000] GIC: PPI partition interrupt-partition-0[0] { /cpus/cpu@0[0] /cpus/cpu@1[1] /cpus/cpu@2[2] /cpus/cpu@3[3] }
<6>[    0.000000] GIC: PPI partition interrupt-partition-1[1] { /cpus/cpu@100[4] /cpus/cpu@101[5] }
<4>[    0.000000] rockchip_clk_register_frac_branch: could not find dclk_vop0_frac as parent of dclk_vop0, rate changes may not work
<4>[    0.000000] rockchip_clk_register_frac_branch: could not find dclk_vop1_frac as parent of dclk_vop1, rate changes may not work
<4>[    0.000000] rockchip_cpuclk_pre_rate_change: limiting alt-divider 33 to 31
<6>[    0.000000] Architected cp15 timer(s) running at 24.00MHz (phys).
<6>[    0.000000] clocksource: arch_sys_counter: mask: 0xffffffffffffff max_cycles: 0x588fe9dc0, max_idle_ns: 440795202592 ns
<6>[    0.000006] sched_clock: 56 bits at 24MHz, resolution 41ns, wraps every 4398046511097ns
<6>[    0.001065] Calibrating delay loop (skipped), value calculated using timer frequency.. 48.00 BogoMIPS (lpj=80000)
<6>[    0.001080] pid_max: default: 32768 minimum: 301
<6>[    0.001169] Security Framework initialized
<6>[    0.001180] SELinux:  Initializing.
<7>[    0.001231] SELinux:  Starting in permissive mode
<6>[    0.001271] Mount-cache hash table entries: 8192 (order: 4, 65536 bytes)
<6>[    0.001282] Mountpoint-cache hash table entries: 8192 (order: 4, 65536 bytes)
<6>[    0.002114] Initializing cgroup subsys io
<6>[    0.002134] Initializing cgroup subsys freezer
<6>[    0.002148] Initializing cgroup subsys debug
<6>[    0.003100] sched-energy: Sched-energy-costs installed from DT
<6>[    0.003111] CPU0: update cpu_capacity 401
<6>[    0.003164] ASID allocator initialised with 65536 entries
<6>[    0.019803] PCI/MSI: /interrupt-controller@fee00000/interrupt-controller@fee20000 domain created
<6>[    0.020250] Platform MSI: /interrupt-controller@fee00000/interrupt-controller@fee20000 domain created
<6>[    0.033208] Detected VIPT I-cache on CPU1
<6>[    0.033237] CPU1: found redistributor 1 region 0:0x00000000fef20000
<6>[    0.033274] CPU1: using LPI pending table @0x00000000f2200000
<6>[    0.033317] CPU1: update cpu_capacity 401
<6>[    0.033321] CPU1: Booted secondary processor [410fd034]
<6>[    0.043203] Detected VIPT I-cache on CPU2
<6>[    0.043222] CPU2: found redistributor 2 region 0:0x00000000fef40000
<6>[    0.043254] CPU2: using LPI pending table @0x00000000f2230000
<6>[    0.043283] CPU2: update cpu_capacity 401
<6>[    0.043286] CPU2: Booted secondary processor [410fd034]
<6>[    0.053241] Detected VIPT I-cache on CPU3
<6>[    0.053260] CPU3: found redistributor 3 region 0:0x00000000fef60000
<6>[    0.053292] CPU3: using LPI pending table @0x00000000f2270000
<6>[    0.053320] CPU3: update cpu_capacity 401
<6>[    0.053323] CPU3: Booted secondary processor [410fd034]
<6>[    0.063290] Detected PIPT I-cache on CPU4
<6>[    0.063318] CPU4: found redistributor 100 region 0:0x00000000fef80000
<6>[    0.063357] CPU4: using LPI pending table @0x00000000f22c0000
<6>[    0.063399] CPU4: update cpu_capacity 1024
<6>[    0.063402] CPU4: Booted secondary processor [410fd082]
<6>[    0.073311] Detected PIPT I-cache on CPU5
<6>[    0.073329] CPU5: found redistributor 101 region 0:0x00000000fefa0000
<6>[    0.073365] CPU5: using LPI pending table @0x00000000f22e0000
<6>[    0.073393] CPU5: update cpu_capacity 1024
<6>[    0.073396] CPU5: Booted secondary processor [410fd082]
<6>[    0.073479] Brought up 6 CPUs
<6>[    0.073559] SMP: Total of 6 processors activated.
<6>[    0.073567] CPU features: detected feature: GIC system register CPU interface
<6>[    0.073579] CPU: All CPU(s) started at EL2
<6>[    0.073622] alternatives: patching kernel code
<6>[    0.075335] devtmpfs: initialized
<6>[    0.095568] clocksource: jiffies: mask: 0xffffffff max_cycles: 0xffffffff, max_idle_ns: 6370867519511994 ns
<6>[    0.095597] futex hash table entries: 2048 (order: 5, 131072 bytes)
<6>[    0.096721] pinctrl core: initialized pinctrl subsystem
<3>[    0.099337] Failed to find legacy iommu devices
<6>[    0.099871] NET: Registered protocol family 16
<6>[    0.100460] schedtune: init normalization constants...
<6>[    0.100473] schedtune: CLUSTER[0-3]      min_pwr:    56 max_pwr:   222
<6>[    0.100482] schedtune: CPU[0]            min_pwr:     0 max_pwr:   222
<6>[    0.100490] schedtune: CPU[1]            min_pwr:     0 max_pwr:   222
<6>[    0.100498] schedtune: CPU[2]            min_pwr:     0 max_pwr:   222
<6>[    0.100506] schedtune: CPU[3]            min_pwr:     0 max_pwr:   222
<6>[    0.100515] schedtune: CLUSTER[4-5]      min_pwr:    65 max_pwr:  1108
<6>[    0.100523] schedtune: CPU[4]            min_pwr:     0 max_pwr:  1108
<6>[    0.100532] schedtune: CPU[5]            min_pwr:     0 max_pwr:  1108
<6>[    0.100539] schedtune: SYSTEM            min_pwr:   121 max_pwr:  4434
<6>[    0.100547] schedtune: using normalization constants mul: 3862781856 sh1: 1 sh2: 12
<6>[    0.100552] schedtune: verify normalization constants...
<6>[    0.100559] schedtune: max_pwr/2^0: 4313 => norm_pwr:  1024
<6>[    0.100565] schedtune: max_pwr/2^1: 2156 => norm_pwr:   511
<6>[    0.100572] schedtune: max_pwr/2^2: 1078 => norm_pwr:   255
<6>[    0.100578] schedtune: max_pwr/2^3:  539 => norm_pwr:   127
<6>[    0.100585] schedtune: max_pwr/2^4:  269 => norm_pwr:    63
<6>[    0.100591] schedtune: max_pwr/2^5:  134 => norm_pwr:    31
<6>[    0.100597] schedtune: configured to support 5 boost groups
<6>[    0.113418] cpuidle: using governor ladder
<6>[    0.126781] cpuidle: using governor menu
<6>[    0.126805] Registered FIQ tty driver
<6>[    0.127290] vdso: 2 pages (1 code @ ffffff8008a86000, 1 data @ ffffff8009024000)
<6>[    0.127320] hw-breakpoint: found 6 breakpoint and 4 watchpoint registers.
<6>[    0.128105] DMA: preallocated 256 KiB pool for atomic allocations
<7>[    0.145200] gpiochip_add: registered GPIOs 1000 to 1031 on device: gpio0
<7>[    0.145301] gpiochip_add: registered GPIOs 1032 to 1063 on device: gpio1
<7>[    0.145392] gpiochip_add: registered GPIOs 1064 to 1095 on device: gpio2
<7>[    0.145479] gpiochip_add: registered GPIOs 1096 to 1127 on device: gpio3
<7>[    0.145569] gpiochip_add: registered GPIOs 1128 to 1159 on device: gpio4
<6>[    0.193637] console [pstore0] enabled
<6>[    0.193973] pstore: Registered ramoops as persistent store backend
<6>[    0.193981] ramoops: attached 0xf0000@0x110000, ecc: 0/0
<3>[    0.195322] sip_fiq_debugger_uart_irq_tf_init error: -2
<3>[    0.195329] fiq debugger bind fiq to trustzone failed: -2
<6>[    0.195792] console [ttyFIQ0] enabled
<6>[    0.195799] bootconsole [uart0] disabled
<6>[    0.195982] Registered fiq debugger ttyFIQ0
<6>[    0.224773] Rockchip hdmi driver version 2.0
<6>[    0.224773] .
<7>[    0.225199] of_get_named_gpiod_flags: parsed 'rockchip,power-ctrl' property of node '/rockchip-suspend[0]' - status (0)
<7>[    0.225238] of_get_named_gpiod_flags: parsed 'rockchip,power-ctrl' property of node '/rockchip-suspend[1]' - status (0)
<7>[    0.225451] of_get_named_gpiod_flags: can't parse 'gpio' property of node '/vcc3v3-sys[0]'
<7>[    0.225628] of_get_named_gpiod_flags: can't parse 'gpio' property of node '/vcc2v3-sys[0]'
<7>[    0.225865] of_get_named_gpiod_flags: parsed 'gpio' property of node '/vcc3v0-sd[0]' - status (0)
<6>[    0.226269] iommu: Adding device ff650000.vpu_service to group 0
<6>[    0.226333] iommu: Adding device ff660000.rkvdec to group 1
<6>[    0.226396] iommu: Adding device ff670000.iep to group 2
<6>[    0.226483] iommu: Adding device ff8f0000.vop to group 3
<6>[    0.226551] iommu: Adding device ff900000.vop to group 4
<6>[    0.226652] iommu: Adding device ff910000.isp to group 5
<6>[    0.226721] iommu: Adding device ff920000.isp to group 6
<6>[    0.227386] rk_iommu ff670800.iommu: can't get aclk
<6>[    0.227396] rk_iommu ff670800.iommu: can't get hclk
<5>[    0.228217] SCSI subsystem initialized
<6>[    0.228385] usbcore: registered new interface driver usbfs
<6>[    0.228427] usbcore: registered new interface driver hub
<6>[    0.228500] usbcore: registered new device driver usb
<6>[    0.228833] media: Linux media interface: v0.10
<6>[    0.228865] Linux video capture interface: v2.00
<6>[    0.228912] pps_core: LinuxPPS API ver. 1 registered
<6>[    0.228918] pps_core: Software ver. 5.3.6 - Copyright 2005-2007 Rodolfo Giometti <giometti@linux.it>
<6>[    0.228936] PTP clock support registered
<6>[    0.230304] Advanced Linux Sound Architecture Driver Initialized.
<6>[    0.230784] Bluetooth: Core ver 2.21
<6>[    0.230814] NET: Registered protocol family 31
<6>[    0.230819] Bluetooth: HCI device and connection manager initialized
<6>[    0.230830] Bluetooth: HCI socket layer initialized
<6>[    0.230838] Bluetooth: L2CAP socket layer initialized
<6>[    0.230861] Bluetooth: SCO socket layer initialized
<6>[    0.231076] cfg80211: World regulatory domain updated:
<6>[    0.231082] cfg80211:  DFS Master region: unset
<6>[    0.231088] cfg80211:   (start_freq - end_freq @ bandwidth), (max_antenna_gain, max_eirp), (dfs_cac_time)
<6>[    0.231096] cfg80211:   (2402000 KHz - 2472000 KHz @ 20000 KHz), (N/A, 2000 mBm), (N/A)
<6>[    0.231105] cfg80211:   (2457000 KHz - 2482000 KHz @ 20000 KHz, 92000 KHz AUTO), (N/A, 2000 mBm), (N/A)
<6>[    0.231112] cfg80211:   (2474000 KHz - 2494000 KHz @ 20000 KHz), (N/A, 2000 mBm), (N/A)
<6>[    0.231119] cfg80211:   (5170000 KHz - 5250000 KHz @ 80000 KHz, 160000 KHz AUTO), (N/A, 2000 mBm), (N/A)
<6>[    0.231127] cfg80211:   (5250000 KHz - 5330000 KHz @ 80000 KHz, 160000 KHz AUTO), (N/A, 2000 mBm), (0 s)
<6>[    0.231134] cfg80211:   (5490000 KHz - 5730000 KHz @ 160000 KHz), (N/A, 2000 mBm), (0 s)
<6>[    0.231140] cfg80211:   (5735000 KHz - 5835000 KHz @ 80000 KHz), (N/A, 2000 mBm), (N/A)
<6>[    0.231146] cfg80211:   (57240000 KHz - 63720000 KHz @ 2160000 KHz), (N/A, 0 mBm), (N/A)
<6>[    0.231922] rockchip-cpuinfo cpuinfo: Serial		: 46a5b5d08cec2729
<6>[    0.232337] clocksource: Switched to clocksource arch_sys_counter
<4>[    0.269849] thermal thermal_zone1: power_allocator: sustainable_power will be estimated
<6>[    0.269965] NET: Registered protocol family 2
<6>[    0.270381] TCP established hash table entries: 32768 (order: 6, 262144 bytes)
<6>[    0.270560] TCP bind hash table entries: 32768 (order: 7, 524288 bytes)
<6>[    0.270790] TCP: Hash tables configured (established 32768 bind 32768)
<6>[    0.270862] UDP hash table entries: 2048 (order: 4, 65536 bytes)
<6>[    0.270902] UDP-Lite hash table entries: 2048 (order: 4, 65536 bytes)
<6>[    0.271080] NET: Registered protocol family 1
<7>[    0.271122] PCI: CLS 0 bytes, default 64
<6>[    0.271334] Trying to unpack rootfs image as initramfs...
<6>[    0.895469] Freeing initrd memory: 14272K
<6>[    0.895949] hw perfevents: enabled with armv8_cortex_a53 PMU driver, 7 counters available
<6>[    0.896026] hw perfevents: enabled with armv8_cortex_a72 PMU driver, 7 counters available
<6>[    0.898535] audit: initializing netlink subsys (disabled)
<5>[    0.898588] audit: type=2000 audit(0.893:1): initialized
<5>[    0.903663] VFS: Disk quotas dquot_6.6.0
<6>[    0.903776] VFS: Dquot-cache hash table entries: 512 (order 0, 4096 bytes)
<6>[    0.904699] exFAT: Version 1.2.9
<6>[    0.905249] ntfs: driver 2.1.32 [Flags: R/O].
<6>[    0.905412] fuse init (API version 7.23)
<7>[    0.906056] SELinux:  Registering netfilter hooks
<6>[    0.906450] 
<6>[    0.906450] TEE Core Framework initialization (ver 1:0.1)
<6>[    0.906468] TEE armv7 Driver initialization
<6>[    0.906792] tz_tee_probe: name="armv7sec", id=0, pdev_name="armv7sec.0"
<6>[    0.906800] TEE core: Alloc the misc device "opteearmtz00" (id=0)
<6>[    0.906976] TEE Core: Register the misc device "opteearmtz00" (id=0,minor=62)
<6>[    0.910133] Block layer SCSI generic (bsg) driver version 0.4 loaded (major 247)
<6>[    0.910150] io scheduler noop registered
<6>[    0.910256] io scheduler cfq registered (default)
<7>[    0.911410] rockchip-usb2phy ff770000.syscon:usb2-phy@e460: GPIO lookup for consumer otg-vbus
<7>[    0.911420] rockchip-usb2phy ff770000.syscon:usb2-phy@e460: using device tree for GPIO lookup
<7>[    0.911430] of_get_named_gpiod_flags: can't parse 'otg-vbus-gpios' property of node '/syscon@ff770000/usb2-phy@e460[0]'
<7>[    0.911437] of_get_named_gpiod_flags: can't parse 'otg-vbus-gpio' property of node '/syscon@ff770000/usb2-phy@e460[0]'
<7>[    0.911445] rockchip-usb2phy ff770000.syscon:usb2-phy@e460: using lookup tables for GPIO lookup
<7>[    0.911452] rockchip-usb2phy ff770000.syscon:usb2-phy@e460: lookup for GPIO otg-vbus failed
<4>[    0.911459] rockchip-usb2phy ff770000.syscon:usb2-phy@e460: vbus_drv is not assigned
<7>[    0.914682] pwm-backlight backlight: GPIO lookup for consumer enable
<7>[    0.914693] pwm-backlight backlight: using device tree for GPIO lookup
<7>[    0.914721] of_get_named_gpiod_flags: parsed 'enable-gpios' property of node '/backlight[0]' - status (0)
<7>[    0.914733] no flags found for enable
<4>[    0.914756] backlight supply power not found, using dummy regulator
<3>[    0.915556] iep: failed to find iep power down clock source.
<4>[    0.915972] IEP Power ON
<4>[    0.916129] IEP Power OFF
<4>[    0.916197] IEP Driver loaded succesfully
<4>[    0.916298] Module initialized.
<6>[    0.916697] rk-vcodec ff650000.vpu_service: probe device
<6>[    0.916732] rk-vcodec ff650000.vpu_service: vpu mmu dec ffffffc0f18c3c10
<6>[    0.916854] rk-vcodec ff650000.vpu_service: allocator is drm
<6>[    0.916902] rk-vcodec ff650000.vpu_service: checking hw id 0
<6>[    0.917295] rk-vcodec ff650000.vpu_service: init success
<6>[    0.917819] rk-vcodec ff660000.rkvdec: probe device
<6>[    0.917854] rk-vcodec ff660000.rkvdec: vpu mmu dec ffffffc0f18c4410
<6>[    0.917976] rk-vcodec ff660000.rkvdec: allocator is drm
<6>[    0.918025] rk-vcodec ff660000.rkvdec: checking hw id 6876
<6>[    0.918304] rk-vcodec ff660000.rkvdec: init success
<6>[    0.919671] dma-pl330 ff6d0000.dma-controller: Loaded driver for PL330 DMAC-241330
<6>[    0.919683] dma-pl330 ff6d0000.dma-controller: 	DBUFF-32x8bytes Num_Chans-6 Num_Peri-12 Num_Events-12
<6>[    0.921014] dma-pl330 ff6e0000.dma-controller: Loaded driver for PL330 DMAC-241330
<6>[    0.921024] dma-pl330 ff6e0000.dma-controller: 	DBUFF-128x8bytes Num_Chans-8 Num_Peri-20 Num_Events-16
<7>[    0.921866] pwm-regulator vdd-log: GPIO lookup for consumer enable
<7>[    0.921874] pwm-regulator vdd-log: using device tree for GPIO lookup
<7>[    0.921883] of_get_named_gpiod_flags: can't parse 'enable-gpios' property of node '/vdd-log[0]'
<7>[    0.921891] of_get_named_gpiod_flags: can't parse 'enable-gpio' property of node '/vdd-log[0]'
<7>[    0.921898] pwm-regulator vdd-log: using lookup tables for GPIO lookup
<7>[    0.921905] pwm-regulator vdd-log: lookup for GPIO enable failed
<6>[    0.922407] Serial: 8250/16550 driver, 5 ports, IRQ sharing disabled
<6>[    0.924032] console [ttyS0] disabled
<6>[    0.924073] ff180000.serial: ttyS0 at MMIO 0xff180000 (irq = 36, base_baud = 1500000) is a 16550A
<6>[    0.924598] ff190000.serial: ttyS1 at MMIO 0xff190000 (irq = 37, base_baud = 1500000) is a 16550A
<6>[    0.925126] ff1a0000.serial: ttyS2 at MMIO 0xff1a0000 (irq = 38, base_baud = 1500000) is a 16550A
<6>[    0.925733] ff1b0000.serial: ttyS3 at MMIO 0xff1b0000 (irq = 39, base_baud = 1500000) is a 16550A
<6>[    0.926311] ff370000.serial: ttyS4 at MMIO 0xff370000 (irq = 42, base_baud = 1500000) is a 16550A
<6>[    0.926665] [drm:drm_core_init] Initialized drm 1.1.0 20060810
<4>[    0.930975] ff960000.dsi.0 supply power not found, using dummy regulator
<7>[    0.931027] panel-simple-dsi ff960000.dsi.0: GPIO lookup for consumer enable
<7>[    0.931034] panel-simple-dsi ff960000.dsi.0: using device tree for GPIO lookup
<7>[    0.931063] of_get_named_gpiod_flags: parsed 'enable-gpios' property of node '/dsi@ff960000/panel@0[0]' - status (0)
<7>[    0.931075] no flags found for enable
<7>[    0.931084] panel-simple-dsi ff960000.dsi.0: GPIO lookup for consumer reset
<7>[    0.931090] panel-simple-dsi ff960000.dsi.0: using device tree for GPIO lookup
<7>[    0.931112] of_get_named_gpiod_flags: parsed 'reset-gpios' property of node '/dsi@ff960000/panel@0[0]' - status (0)
<7>[    0.931121] no flags found for reset
<6>[    0.931192] panel_dji_get_lcdid : get lcdid val = 0
<6>[    0.931205] panel-simple-dsi ff960000.dsi.0: panel_simple_dsi_parse_dcs_cmds: dcs_cmd=5 len=520, cmd_cnt=40
<6>[    0.931215] panel-simple-dsi ff960000.dsi.0: panel_simple_dsi_parse_dcs_cmds: dcs_cmd=5 len=8, cmd_cnt=2
<3>[    0.931577] mali ff9a0000.gpu: Failed to get regulator
<3>[    0.931585] mali ff9a0000.gpu: Power control initialization failed
<4>[    0.931863] Unable to detect cache hierarchy from DT for CPU 0
<6>[    0.943277] brd: module loaded
<6>[    0.947952] loop: module loaded
<6>[    0.948495] zram: Added device: zram0
<6>[    0.949099] SCSI Media Changer driver v0.25 
<4>[    0.949746] rockchip-spi ff1c0000.spi: Failed to request TX DMA channel
<4>[    0.949756] rockchip-spi ff1c0000.spi: Failed to request RX DMA channel
<6>[    0.950447] tun: Universal TUN/TAP device driver, 1.6
<6>[    0.950453] tun: (C) 1999-2004 Max Krasnyansky <maxk@qualcomm.com>
<6>[    0.950946] PPP generic driver version 2.4.2
<6>[    0.951097] PPP BSD Compression module registered
<6>[    0.951107] PPP Deflate Compression module registered
<6>[    0.951132] PPP MPPE Compression module registered
<6>[    0.951147] NET: Registered protocol family 24
<6>[    0.951188] SLIP: version 0.8.4-NET3.019-NEWTTY (dynamic channels, max=256) (6 bit encapsulation enabled).
<6>[    0.951193] CSLIP: code copyright 1989 Regents of the University of California.
<4>[    0.951209] Rockchip WiFi SYS interface (V1.00) ... 
<6>[    0.951279] usbcore: registered new interface driver catc
<6>[    0.951315] usbcore: registered new interface driver kaweth
<6>[    0.951327] pegasus: v0.9.3 (2013/04/25), Pegasus/Pegasus II USB Ethernet driver
<6>[    0.951358] usbcore: registered new interface driver pegasus
<6>[    0.951395] usbcore: registered new interface driver rtl8150
<6>[    0.951434] usbcore: registered new interface driver r8152
<6>[    0.951445] hso: drivers/net/usb/hso.c: Option Wireless
<6>[    0.951493] usbcore: registered new interface driver hso
<6>[    0.951537] usbcore: registered new interface driver asix
<6>[    0.951574] usbcore: registered new interface driver ax88179_178a
<6>[    0.951610] usbcore: registered new interface driver cdc_ether
<6>[    0.951648] usbcore: registered new interface driver cdc_eem
<6>[    0.951683] usbcore: registered new interface driver dm9601
<6>[    0.951731] usbcore: registered new interface driver smsc75xx
<6>[    0.951777] usbcore: registered new interface driver smsc95xx
<6>[    0.951813] usbcore: registered new interface driver gl620a
<6>[    0.951853] usbcore: registered new interface driver net1080
<6>[    0.951889] usbcore: registered new interface driver plusb
<6>[    0.951926] usbcore: registered new interface driver rndis_host
<6>[    0.951963] usbcore: registered new interface driver cdc_subset
<6>[    0.951999] usbcore: registered new interface driver zaurus
<6>[    0.952039] usbcore: registered new interface driver MOSCHIP usb-ethernet driver
<6>[    0.952093] usbcore: registered new interface driver int51x1
<6>[    0.952129] usbcore: registered new interface driver kalmia
<6>[    0.952166] usbcore: registered new interface driver ipheth
<6>[    0.952210] usbcore: registered new interface driver sierra_net
<6>[    0.952248] usbcore: registered new interface driver cx82310_eth
<6>[    0.952297] usbcore: registered new interface driver cdc_ncm
<6>[    0.952364] usbcore: registered new interface driver qmi_wwan
<6>[    0.952404] usbcore: registered new interface driver cdc_mbim
<3>[    0.953502] rockchip-dwc3 usb@fe800000: failed to get drvdata dwc3
<3>[    0.958650] rockchip-dwc3 usb@fe900000: fail to get drvdata hcd
<6>[    0.959239] ehci_hcd: USB 2.0 'Enhanced' Host Controller (EHCI) Driver
<6>[    0.959251] ehci-pci: EHCI PCI platform driver
<6>[    0.959303] ehci-platform: EHCI generic platform driver
<6>[    0.963100] ehci-platform fe3c0000.usb: EHCI Host Controller
<6>[    0.963127] ehci-platform fe3c0000.usb: new USB bus registered, assigned bus number 1
<6>[    0.963263] ehci-platform fe3c0000.usb: irq 29, io mem 0xfe3c0000
<6>[    0.972349] ehci-platform fe3c0000.usb: USB 2.0 started, EHCI 1.00
<6>[    0.972481] usb usb1: New USB device found, idVendor=1d6b, idProduct=0002
<6>[    0.972490] usb usb1: New USB device strings: Mfr=3, Product=2, SerialNumber=1
<6>[    0.972498] usb usb1: Product: EHCI Host Controller
<6>[    0.972505] usb usb1: Manufacturer: Linux 4.4.83 ehci_hcd
<6>[    0.972511] usb usb1: SerialNumber: fe3c0000.usb
<6>[    0.972972] hub 1-0:1.0: USB hub found
<6>[    0.973004] hub 1-0:1.0: 1 port detected
<6>[    0.973473] ohci_hcd: USB 1.1 'Open' Host Controller (OHCI) Driver
<6>[    0.973500] ohci-platform: OHCI generic platform driver
<6>[    0.973942] ohci-platform fe3e0000.usb: Generic Platform OHCI controller
<6>[    0.973961] ohci-platform fe3e0000.usb: new USB bus registered, assigned bus number 2
<6>[    0.974067] ohci-platform fe3e0000.usb: irq 30, io mem 0xfe3e0000
<6>[    1.029822] usb usb2: New USB device found, idVendor=1d6b, idProduct=0001
<6>[    1.029831] usb usb2: New USB device strings: Mfr=3, Product=2, SerialNumber=1
<6>[    1.029838] usb usb2: Product: Generic Platform OHCI controller
<6>[    1.029844] usb usb2: Manufacturer: Linux 4.4.83 ohci_hcd
<6>[    1.029851] usb usb2: SerialNumber: fe3e0000.usb
<6>[    1.030327] hub 2-0:1.0: USB hub found
<6>[    1.030356] hub 2-0:1.0: 1 port detected
<6>[    1.031111] usbcore: registered new interface driver cdc_acm
<6>[    1.031117] cdc_acm: USB Abstract Control Model driver for USB modems and ISDN adapters
<6>[    1.031171] usbcore: registered new interface driver usblp
<6>[    1.031212] usbcore: registered new interface driver cdc_wdm
<6>[    1.031254] usbcore: registered new interface driver uas
<6>[    1.031323] usbcore: registered new interface driver usb-storage
<6>[    1.031360] usbcore: registered new interface driver ums-alauda
<6>[    1.031396] usbcore: registered new interface driver ums-cypress
<6>[    1.031433] usbcore: registered new interface driver ums-datafab
<6>[    1.031469] usbcore: registered new interface driver ums_eneub6250
<6>[    1.031504] usbcore: registered new interface driver ums-freecom
<6>[    1.031543] usbcore: registered new interface driver ums-isd200
<6>[    1.031581] usbcore: registered new interface driver ums-jumpshot
<6>[    1.031618] usbcore: registered new interface driver ums-karma
<6>[    1.031654] usbcore: registered new interface driver ums-onetouch
<6>[    1.031691] usbcore: registered new interface driver ums-sddr09
<6>[    1.031728] usbcore: registered new interface driver ums-sddr55
<6>[    1.031763] usbcore: registered new interface driver ums-usbat
<6>[    1.031837] usbcore: registered new interface driver usbserial
<6>[    1.031870] usbcore: registered new interface driver usbserial_generic
<6>[    1.031894] usbserial: USB Serial support registered for generic
<6>[    1.031934] usbcore: registered new interface driver option
<6>[    1.031958] usbserial: USB Serial support registered for GSM modem (1-port)
<6>[    1.032055] usbcore: registered new interface driver trancevibrator
<6>[    1.032068] usb20_otg: version 3.10a 21-DEC-2012
<6>[    1.032218] usb20_host: version 3.10a 21-DEC-2012
<6>[    1.032555] usbcore: registered new interface driver xpad
<6>[    1.032601] usbcore: registered new interface driver usb_acecad
<6>[    1.032643] usbcore: registered new interface driver aiptek
<6>[    1.032687] usbcore: registered new interface driver gtco
<6>[    1.032731] usbcore: registered new interface driver hanwang
<6>[    1.032772] usbcore: registered new interface driver kbtab
<6>[    1.032872] cyttsp5_loader_init: Parade TTSP FW Loader Driver (Built TTDA.03.08.874312) rc=0
<6>[    1.032886] cyttsp5_device_access_init: Parade TTSP Device Access Driver (Built TTDA.03.08.874312) rc=0
<6>[    1.032899] cyttsp5_test_device_access_api_init: Enter
<3>[    1.032905] cyttsp5_device_access_user_command: No device.
<4>[    1.033065] sensor_register_slave:cm3218,id=51
<6>[    1.033719] i2c /dev entries driver
<7>[    1.034519] fan53555-regulator 0-0040: GPIO lookup for consumer vsel
<7>[    1.034528] fan53555-regulator 0-0040: using device tree for GPIO lookup
<7>[    1.034556] of_get_named_gpiod_flags: parsed 'vsel-gpios' property of node '/i2c@ff3c0000/syr827@40[0]' - status (0)
<6>[    1.034932] fan53555-regulator 0-0040: FAN53555 Option[8] Rev[1] Detected!
<6>[    1.034988] fan53555-reg: supplied by vcc3v3_sys
<7>[    1.036658] fan53555-regulator 0-0041: GPIO lookup for consumer vsel
<7>[    1.036665] fan53555-regulator 0-0041: using device tree for GPIO lookup
<7>[    1.036691] of_get_named_gpiod_flags: parsed 'vsel-gpios' property of node '/i2c@ff3c0000/syr828@41[0]' - status (0)
<6>[    1.037041] fan53555-regulator 0-0041: FAN53555 Option[8] Rev[1] Detected!
<6>[    1.037082] fan53555-reg: supplied by vcc3v3_sys
<6>[    1.039168] rk808 0-001b: Pmic Chip id: 0x0
<7>[    1.041956] rk808 0-001b: GPIO lookup for consumer dvs
<7>[    1.041964] rk808 0-001b: using device tree for GPIO lookup
<7>[    1.041974] of_get_named_gpiod_flags: can't parse 'dvs-gpios' property of node '/i2c@ff3c0000/pmic@1b[0]'
<7>[    1.041982] of_get_named_gpiod_flags: can't parse 'dvs-gpio' property of node '/i2c@ff3c0000/pmic@1b[0]'
<7>[    1.041988] rk808 0-001b: using lookup tables for GPIO lookup
<7>[    1.041995] rk808 0-001b: lookup for GPIO dvs failed
<4>[    1.042003] rk808-regulator rk808-regulator: there is no dvs0 gpio
<7>[    1.042009] rk808 0-001b: GPIO lookup for consumer dvs
<7>[    1.042015] rk808 0-001b: using device tree for GPIO lookup
<7>[    1.042023] of_get_named_gpiod_flags: can't parse 'dvs-gpios' property of node '/i2c@ff3c0000/pmic@1b[1]'
<7>[    1.042030] of_get_named_gpiod_flags: can't parse 'dvs-gpio' property of node '/i2c@ff3c0000/pmic@1b[1]'
<7>[    1.042036] rk808 0-001b: using lookup tables for GPIO lookup
<7>[    1.042042] rk808 0-001b: lookup for GPIO dvs failed
<4>[    1.042048] rk808-regulator rk808-regulator: there is no dvs1 gpio
<6>[    1.042127] DCDC_REG1: supplied by vcc3v3_sys
<6>[    1.043107] DCDC_REG2: supplied by vcc3v3_sys
<6>[    1.043652] DCDC_REG3: supplied by vcc3v3_sys
<6>[    1.043877] DCDC_REG4: supplied by vcc3v3_sys
<6>[    1.044261] LDO_REG1: supplied by vcc3v3_sys
<6>[    1.045293] LDO_REG2: supplied by vcc3v3_sys
<6>[    1.046191] LDO_REG3: supplied by vcc2v3_sys
<6>[    1.047128] LDO_REG4: supplied by vcc2v3_sys
<6>[    1.048046] LDO_REG5: supplied by vcc2v3_sys
<6>[    1.048944] LDO_REG6: supplied by vcc2v3_sys
<6>[    1.049847] LDO_REG7: supplied by vcc2v3_sys
<6>[    1.050750] LDO_REG8: supplied by vcc3v3_sys
<6>[    1.051697] SWITCH_REG1: supplied by vcc3v3_sys
<6>[    1.051910] SWITCH_REG2: supplied by vcc2v3_sys
<6>[    1.055460] rk808-rtc rk808-rtc: rtc core: registered rk808-rtc as rtc0
<7>[    1.055940] of_get_named_gpiod_flags: parsed 'poweroff-notify-1549-pin' property of node '/i2c@ff3c0000/pmic@1b[0]' - status (0)
<6>[    1.055999] rk3x-i2c ff3c0000.i2c: Initialized RK3xxx I2C bus at ffffff80093fe000
<6>[    1.056594] rk3x-i2c ff110000.i2c: Initialized RK3xxx I2C bus at ffffff800949c000
<4>[    1.057157] fts_ts_probe in
<7>[    1.057190] of_get_named_gpiod_flags: parsed 'focaltech,reset-gpio' property of node '/i2c@ff120000/focaltech@38[0]' - status (0)
<7>[    1.057212] of_get_named_gpiod_flags: parsed 'focaltech,irq-gpio' property of node '/i2c@ff120000/focaltech@38[0]' - status (0)
<3>[    1.057343] fts_ts 2-0038: fts_i2c_read: i2c read error.
<3>[    1.057351] fts_ts 2-0038: version read failed
<4>[    1.057357] fts_ts_probe:load failed(-6)!
<6>[    1.057491] rk3x-i2c ff120000.i2c: Initialized RK3xxx I2C bus at ffffff800949e000
<7>[    1.057758] of_get_named_gpiod_flags: parsed 'cy,irq_gpio' property of node '/i2c@ff120000/cyttsp5@70/cy,core[0]' - status (0)
<7>[    1.057789] of_get_named_gpiod_flags: parsed 'cy,rst_gpio' property of node '/i2c@ff120000/cyttsp5@70/cy,core[0]' - status (0)
<4>[    1.057850] cyttsp5_probe in
<6>[    1.057867] cyttsp5_i2c_adapter 2-0070: cyttsp5_probe: Init HW
<6>[    1.057912] cyttsp5_i2c_adapter 2-0070: cyttsp5_init: INIT CYTTSP RST gpio=1066 and IRQ gpio=1067 r=0
<6>[    1.058104] rk3x-i2c ff140000.i2c: Initialized RK3xxx I2C bus at ffffff80094fc000
<7>[    1.058904] fusb302 4-0022: GPIO lookup for consumer int-n
<7>[    1.058913] fusb302 4-0022: using device tree for GPIO lookup
<7>[    1.058940] of_get_named_gpiod_flags: parsed 'int-n-gpios' property of node '/i2c@ff3d0000/fusb30x@22[0]' - status (0)
<7>[    1.058960] fusb302 4-0022: GPIO lookup for consumer vbus-5v
<7>[    1.058966] fusb302 4-0022: using device tree for GPIO lookup
<7>[    1.058988] of_get_named_gpiod_flags: parsed 'vbus-5v-gpios' property of node '/i2c@ff3d0000/fusb30x@22[0]' - status (0)
<7>[    1.059037] fusb302 4-0022: GPIO lookup for consumer vbus-other
<7>[    1.059044] fusb302 4-0022: using device tree for GPIO lookup
<7>[    1.059052] of_get_named_gpiod_flags: can't parse 'vbus-other-gpios' property of node '/i2c@ff3d0000/fusb30x@22[0]'
<7>[    1.059059] of_get_named_gpiod_flags: can't parse 'vbus-other-gpio' property of node '/i2c@ff3d0000/fusb30x@22[0]'
<7>[    1.059065] fusb302 4-0022: using lookup tables for GPIO lookup
<7>[    1.059072] fusb302 4-0022: lookup for GPIO vbus-other failed
<7>[    1.059079] fusb302 4-0022: GPIO lookup for consumer discharge
<7>[    1.059085] fusb302 4-0022: using device tree for GPIO lookup
<7>[    1.059092] of_get_named_gpiod_flags: can't parse 'discharge-gpios' property of node '/i2c@ff3d0000/fusb30x@22[0]'
<7>[    1.059098] of_get_named_gpiod_flags: can't parse 'discharge-gpio' property of node '/i2c@ff3d0000/fusb30x@22[0]'
<7>[    1.059105] fusb302 4-0022: using lookup tables for GPIO lookup
<7>[    1.059111] fusb302 4-0022: lookup for GPIO discharge failed
<6>[    1.059798] fusb302 4-0022: fusb302 send extcon(gpio) to disable vbus 5v
<6>[    1.068645] fusb302 4-0022: port 0 probe success
<6>[    1.068667] rk3x-i2c ff3d0000.i2c: Initialized RK3xxx I2C bus at ffffff80094fe000
<6>[    1.069460] IR NEC protocol handler initialized
<6>[    1.069471] IR RC5(x/sz) protocol handler initialized
<6>[    1.069481] IR RC6 protocol handler initialized
<6>[    1.069491] IR JVC protocol handler initialized
<6>[    1.069500] IR Sony protocol handler initialized
<6>[    1.069510] IR SANYO protocol handler initialized
<6>[    1.069520] IR Sharp protocol handler initialized
<6>[    1.069530] IR MCE Keyboard/mouse protocol handler initialized
<6>[    1.069540] IR XMP protocol handler initialized
<6>[    1.069624] usbcore: registered new interface driver uvcvideo
<6>[    1.069628] USB Video Class driver (1.1.1)
<7>[    1.071078] of_get_named_gpiod_flags: parsed 'charge-state' property of node '/virtual_battery[0]' - status (0)
<7>[    1.071116] of_get_named_gpiod_flags: parsed 'battery-ok' property of node '/virtual_battery[0]' - status (0)
<4>[    1.071359] thermal thermal_zone2: power_allocator: sustainable_power will be estimated
<6>[    1.072143] dji201x virtual_battery: dji/dji2013 driver v1.2 probe sucess
<3>[    1.073034] rk_tsadcv2_temp_to_code: Invalid conversion table: code=1023, temperature=2147483647
<6>[    1.073567] device-mapper: uevent: version 1.0.3
<6>[    1.073835] device-mapper: ioctl: 4.34.0-ioctl (2015-10-28) initialised: dm-devel@redhat.com
<6>[    1.073938] Bluetooth: HCI UART driver ver 2.3
<6>[    1.073946] Bluetooth: HCI UART protocol H4 registered
<6>[    1.073952] Bluetooth: HCI UART protocol LL registered
<6>[    1.073964] rtk_btusb: RTKBT_RELEASE_NAME: 20170109_TV_ANDROID_6.x
<6>[    1.073968] rtk_btusb: Realtek Bluetooth USB driver module init, version 4.1.2
<6>[    1.073973] rtk_btusb: Register usb char device interface for BT driver
<6>[    1.074153] usbcore: registered new interface driver rtk_btusb
<6>[    1.074512] cyttsp5_i2c_adapter 2-0070: cyttsp5_startup_: Bootloader mode
<6>[    1.074654] cpu cpu0: leakage=20
<6>[    1.081183] cyttsp5_i2c_adapter 2-0070: cyttsp5_startup_: Operational mode
<6>[    1.081206] cyttsp5_i2c_adapter 2-0070: cyttsp5_startup_: Reading report descriptor
<6>[    1.091213] cpu cpu0: temp=50555, pvtm=147079 (146485 + 594)
<6>[    1.091674] cpu cpu0: pvtm-sel=1
<6>[    1.092116] cpu cpu4: leakage=35
<6>[    1.104735] cpu cpu4: temp=50000, pvtm=155095 (154780 + 315)
<6>[    1.105743] cpu cpu4: pvtm-sel=2
<6>[    1.110312] sdhci: Secure Digital Host Controller Interface driver
<6>[    1.110317] sdhci: Copyright(c) Pierre Ossman
<6>[    1.110325] Synopsys Designware Multimedia Card Interface Driver
<6>[    1.111149] dwmmc_rockchip fe310000.dwmmc: IDMAC supports 32-bit address mode.
<6>[    1.111257] dwmmc_rockchip fe310000.dwmmc: Using internal DMA controller.
<6>[    1.111268] dwmmc_rockchip fe310000.dwmmc: Version ID is 270a
<6>[    1.111311] dwmmc_rockchip fe310000.dwmmc: DW MMC controller at irq 24,32 bit host data width,256 deep fifo
<6>[    1.111336] dwmmc_rockchip fe310000.dwmmc: 'clock-freq-min-max' property was deprecated.
<6>[    1.111371] dwmmc_rockchip fe310000.dwmmc: No vmmc regulator found
<6>[    1.111376] dwmmc_rockchip fe310000.dwmmc: No vqmmc regulator found
<7>[    1.111390] dwmmc_rockchip fe310000.dwmmc: GPIO lookup for consumer cd
<7>[    1.111396] dwmmc_rockchip fe310000.dwmmc: using device tree for GPIO lookup
<7>[    1.111404] of_get_named_gpiod_flags: can't parse 'cd-gpios' property of node '/dwmmc@fe310000[0]'
<7>[    1.111410] of_get_named_gpiod_flags: can't parse 'cd-gpio' property of node '/dwmmc@fe310000[0]'
<7>[    1.111415] dwmmc_rockchip fe310000.dwmmc: using lookup tables for GPIO lookup
<7>[    1.111421] dwmmc_rockchip fe310000.dwmmc: lookup for GPIO cd failed
<7>[    1.111428] dwmmc_rockchip fe310000.dwmmc: GPIO lookup for consumer wp
<7>[    1.111433] dwmmc_rockchip fe310000.dwmmc: using device tree for GPIO lookup
<7>[    1.111438] of_get_named_gpiod_flags: can't parse 'wp-gpios' property of node '/dwmmc@fe310000[0]'
<7>[    1.111444] of_get_named_gpiod_flags: can't parse 'wp-gpio' property of node '/dwmmc@fe310000[0]'
<7>[    1.111449] dwmmc_rockchip fe310000.dwmmc: using lookup tables for GPIO lookup
<7>[    1.111454] dwmmc_rockchip fe310000.dwmmc: lookup for GPIO wp failed
<6>[    1.122383] mmc_host mmc0: Bus speed (slot 0) = 400000Hz (slot req 400000Hz, actual 400000HZ div = 0)
<6>[    1.135755] dwmmc_rockchip fe310000.dwmmc: 1 slots initialized
<6>[    1.136197] dwmmc_rockchip fe320000.dwmmc: IDMAC supports 32-bit address mode.
<6>[    1.136261] dwmmc_rockchip fe320000.dwmmc: Using internal DMA controller.
<6>[    1.136272] dwmmc_rockchip fe320000.dwmmc: Version ID is 270a
<6>[    1.136305] dwmmc_rockchip fe320000.dwmmc: DW MMC controller at irq 25,32 bit host data width,256 deep fifo
<6>[    1.136320] dwmmc_rockchip fe320000.dwmmc: 'clock-freq-min-max' property was deprecated.
<7>[    1.136456] dwmmc_rockchip fe320000.dwmmc: GPIO lookup for consumer cd
<7>[    1.136462] dwmmc_rockchip fe320000.dwmmc: using device tree for GPIO lookup
<7>[    1.136469] of_get_named_gpiod_flags: can't parse 'cd-gpios' property of node '/dwmmc@fe320000[0]'
<7>[    1.136475] of_get_named_gpiod_flags: can't parse 'cd-gpio' property of node '/dwmmc@fe320000[0]'
<7>[    1.136481] dwmmc_rockchip fe320000.dwmmc: using lookup tables for GPIO lookup
<7>[    1.136486] dwmmc_rockchip fe320000.dwmmc: lookup for GPIO cd failed
<7>[    1.136493] dwmmc_rockchip fe320000.dwmmc: GPIO lookup for consumer wp
<7>[    1.136498] dwmmc_rockchip fe320000.dwmmc: using device tree for GPIO lookup
<7>[    1.136503] of_get_named_gpiod_flags: can't parse 'wp-gpios' property of node '/dwmmc@fe320000[0]'
<7>[    1.136509] of_get_named_gpiod_flags: can't parse 'wp-gpio' property of node '/dwmmc@fe320000[0]'
<7>[    1.136514] dwmmc_rockchip fe320000.dwmmc: using lookup tables for GPIO lookup
<7>[    1.136519] dwmmc_rockchip fe320000.dwmmc: lookup for GPIO wp failed
<6>[    1.136638] rockchip-iodomain ff770000.syscon:io-domains: Setting to 3300000 done
<6>[    1.136767] rockchip-iodomain ff770000.syscon:io-domains: Setting to 3300000 done
<6>[    1.149105] mmc_host mmc1: Bus speed (slot 0) = 400000Hz (slot req 400000Hz, actual 400000HZ div = 0)
<6>[    1.162470] dwmmc_rockchip fe320000.dwmmc: 1 slots initialized
<6>[    1.163830] sdhci-pltfm: SDHCI platform and OF driver helper
<7>[    1.166066] sdhci-arasan fe330000.sdhci: GPIO lookup for consumer wp
<7>[    1.166073] sdhci-arasan fe330000.sdhci: using device tree for GPIO lookup
<7>[    1.166081] of_get_named_gpiod_flags: can't parse 'wp-gpios' property of node '/sdhci@fe330000[0]'
<7>[    1.166087] of_get_named_gpiod_flags: can't parse 'wp-gpio' property of node '/sdhci@fe330000[0]'
<7>[    1.166092] sdhci-arasan fe330000.sdhci: using lookup tables for GPIO lookup
<7>[    1.166098] sdhci-arasan fe330000.sdhci: lookup for GPIO wp failed
<6>[    1.167253] sdhci-arasan fe330000.sdhci: No vmmc regulator found
<6>[    1.167259] sdhci-arasan fe330000.sdhci: No vqmmc regulator found
<6>[    1.195809] mmc2: SDHCI controller on fe330000.sdhci [fe330000.sdhci] using ADMA
<6>[    1.196205] hidraw: raw HID events driver (C) Jiri Kosina
<6>[    1.199500] usbcore: registered new interface driver usbhid
<6>[    1.199503] usbhid: USB HID core driver
<7>[    1.199724] of_get_named_gpiod_flags: parsed 'irq-gpio' property of node '/spi@ff1c0000/mpu6500@0[0]' - status (0)
<6>[    1.199740] inv_mpu_iio_spi spi32766.0: int_config=0,level_shifter=0,irq=ad
<6>[    1.199744] inv_mpu_iio_spi spi32766.0: 1 
<6>[    1.199747] inv_mpu_iio_spi spi32766.0: 0 
<6>[    1.199749] inv_mpu_iio_spi spi32766.0: 0 
<6>[    1.199752] inv_mpu_iio_spi spi32766.0: 0 
<6>[    1.199755] inv_mpu_iio_spi spi32766.0: 1 
<6>[    1.199757] inv_mpu_iio_spi spi32766.0: 0 
<6>[    1.199760] inv_mpu_iio_spi spi32766.0: 0 
<6>[    1.199762] inv_mpu_iio_spi spi32766.0: 0 
<6>[    1.199764] inv_mpu_iio_spi spi32766.0: 1 
<6>[    1.199767] inv_mpu_iio_spi spi32766.0: 
<6>[    1.199769] inv_mpu_iio: secondary_i2c_addr=0
<6>[    1.250835] mmc2: MAN_BKOPS_EN bit is not set
<6>[    1.265560] mmc2: new HS400 Enhanced strobe MMC card at address 0001
<6>[    1.269445] mmcblk2: mmc2:0001 016G70 14.7 GiB 
<6>[    1.273135] mmcblk2boot0: mmc2:0001 016G70 partition 1 4.00 MiB
<6>[    1.276832] mmcblk2boot1: mmc2:0001 016G70 partition 2 4.00 MiB
<6>[    1.277114] mmcblk2rpmb: mmc2:0001 016G70 partition 3 4.00 MiB
<6>[    1.277412]  parameter: 0x000000000 -- 0x000400000 (4 MB)
<6>[    1.277417]      uboot: 0x000400000 -- 0x000800000 (4 MB)
<6>[    1.277420]      trust: 0x000800000 -- 0x000c00000 (4 MB)
<6>[    1.277423]       misc: 0x000c00000 -- 0x001000000 (4 MB)
<6>[    1.277427]   resource: 0x001000000 -- 0x002000000 (16 MB)
<6>[    1.277429]     kernel: 0x002000000 -- 0x003800000 (24 MB)
<6>[    1.277432]       boot: 0x003800000 -- 0x007800000 (64 MB)
<6>[    1.277435]   recovery: 0x007800000 -- 0x00b800000 (64 MB)
<6>[    1.277438]     backup: 0x00b800000 -- 0x012800000 (112 MB)
<6>[    1.277441]      cache: 0x012800000 -- 0x01a800000 (128 MB)
<6>[    1.277443]     system: 0x01a800000 -- 0x0da800000 (3072 MB)
<6>[    1.277446]   metadata: 0x0da800000 -- 0x0db800000 (16 MB)
<6>[    1.277449] verity_mode: 0x0db800000 -- 0x0db808000 (0 MB)
<6>[    1.277452] baseparamer: 0x0db808000 -- 0x0dbc08000 (4 MB)
<6>[    1.277454]        frp: 0x0dbc08000 -- 0x0dbc88000 (0 MB)
<6>[    1.277457]   userdata: 0x0dbc88000 -- 0x3ab000000 (11507 MB)
<6>[    1.277478]  mmcblk2: p1 p2 p3 p4 p5 p6 p7 p8 p9 p10 p11 p12 p13 p14 p15 p16
<6>[    1.279912] cyttsp5_i2c_adapter 2-0070: cyttsp5 Protocol Version: 1.6
<6>[    1.290173] input: cyttsp5_mt as /devices/platform/ff120000.i2c/i2c-2/2-0070/input/input0
<6>[    1.290568] cyttsp5_i2c_adapter 2-0070: cyttsp5_loader_probe: Successful probe 2-0070
<4>[    1.290575] cyttsp5_probe:load success!
<4>[    1.290952] cyttsp5_i2c_adapter 2-0070: Direct firmware load for ttdl_cmcp_thresholdfile.csv failed with error -2
<4>[    1.290958] cyttsp5_i2c_adapter 2-0070: Falling back to user helper
<4>[    1.291150] cyttsp5_i2c_adapter 2-0070: Direct firmware load for cyttsp5_fw.bin failed with error -2
<4>[    1.291156] cyttsp5_i2c_adapter 2-0070: Falling back to user helper
<6>[    1.510738] inv_mpu_iio_spi spi32766.0: mpu6500 is ready to go!
<6>[    1.510865] inv_mpu_iio: inv_mpu_init:746
<6>[    1.511642] ashmem: initialized
<3>[    1.512695] rockchip-dmc dmc: unable to get devfreq-event device : dfi
<4>[    1.513412] ff100000.saradc supply vref not found, using dummy regulator
<3>[    1.518385] rknandbase v1.1 2016-11-08
<6>[    1.518899] usbcore: registered new interface driver snd-usb-audio
<6>[    1.520286] tas2555 1-004c: tas2555_i2c_probe enter
<7>[    1.520321] of_get_named_gpiod_flags: parsed 'ti,pwren-gpio' property of node '/i2c@ff110000/tas2555@4c[0]' - status (0)
<7>[    1.520328] tas2555 1-004c: ti,pwren-gpio=1008
<7>[    1.520344] of_get_named_gpiod_flags: parsed 'ti,cdc-reset-gpio' property of node '/i2c@ff110000/tas2555@4c[0]' - status (0)
<7>[    1.520349] tas2555 1-004c: ti,cdc-reset-gpio=1012
<7>[    1.520355] of_get_named_gpiod_flags: can't parse 'ti,irq-gpio' property of node '/i2c@ff110000/tas2555@4c[0]'
<3>[    1.520361] tas2555 1-004c: Looking up ti,irq-gpio property in node /i2c@ff110000/tas2555@4c failed -2
<6>[    1.535885] tas2555 1-004c: TAS2555 PGID: 0xd0
<6>[    1.535898] tas2555 1-004c: tas2555_register_codec, enter
<6>[    1.536156] tas2555 1-004c: tas2555_register_misc, leave
<6>[    1.536163] tas2555 1-004c: tiload_driver_init
<6>[    1.536186] tas2555 1-004c: allocated Major Number: 237
<6>[    1.536269] tas2555 1-004c: Registered TiLoad driver, Major number: 237 
<7>[    1.536763] asoc-simple-card tas2555-sound: New simple-card: rockchip,tas2555-codec
<7>[    1.536781] asoc-simple-card tas2555-sound: Revert to legacy daifmt parsing
<6>[    1.538807] u32 classifier
<6>[    1.538814]     Actions configured
<6>[    1.538840] Netfilter messages via NETLINK v0.30.
<6>[    1.538899] nf_conntrack version 0.5.0 (16384 buckets, 65536 max)
<6>[    1.539306] ctnetlink v0.93: registering with nfnetlink.
<6>[    1.539978] tas2555 1-004c: tas2555_fw_ready:
<6>[    1.539986] tas2555 1-004c: FW Size        = 20488
<6>[    1.539992] tas2555 1-004c: Checksum       = 0xCC7D8AF2
<6>[    1.539997] tas2555 1-004c: PPC Version    = 0x10CC000
<6>[    1.540002] tas2555 1-004c: FW  Version    = 0x1010300
<6>[    1.540007] tas2555 1-004c: Driver Version = 0x0201
<6>[    1.540012] tas2555 1-004c: Timestamp      = 1530616429
<6>[    1.540017] tas2555 1-004c: DDC Name       = tas2555_EQ_AGC_Gain_0703_48K
<6>[    1.540022] tas2555 1-004c: Description    = TI SmartAmp
<6>[    1.540060] tas2555 1-004c: find default configuration 0
<6>[    1.540214] xt_time: kernel timezone is -0000
<6>[    1.541334] ip_tables: (C) 2000-2006 Netfilter Core Team
<6>[    1.541486] arp_tables: (C) 2002 David S. Miller
<6>[    1.541995] Initializing XFRM netlink socket
<6>[    1.542412] NET: Registered protocol family 10
<6>[    1.543529] mip6: Mobile IPv6
<6>[    1.543553] ip6_tables: (C) 2000-2006 Netfilter Core Team
<6>[    1.544752] sit: IPv6 over IPv4 tunneling driver
<6>[    1.545165] NET: Registered protocol family 17
<6>[    1.545186] NET: Registered protocol family 15
<6>[    1.545224] bridge: automatic filtering via arp/ip/ip6tables has been deprecated. Update your scripts to load br_netfilter if you need this.
<5>[    1.545959] Bridge firewalling registered
<6>[    1.545971] Ebtables v2.0 registered
<6>[    1.546204] Bluetooth: RFCOMM TTY layer initialized
<6>[    1.546214] Bluetooth: RFCOMM socket layer initialized
<6>[    1.546244] Bluetooth: RFCOMM ver 1.11
<6>[    1.546258] Bluetooth: BNEP (Ethernet Emulation) ver 1.3
<6>[    1.546262] Bluetooth: BNEP filters: protocol multicast
<6>[    1.546278] Bluetooth: BNEP socket layer initialized
<6>[    1.546287] Bluetooth: HIDP (Human Interface Emulation) ver 1.2
<6>[    1.546295] Bluetooth: HIDP socket layer initialized
<6>[    1.546324] l2tp_core: L2TP core driver, V2.0
<6>[    1.546338] l2tp_ppp: PPPoL2TP kernel driver, V2.0
<6>[    1.546347] [WLAN_RFKILL]: Enter rfkill_wlan_init
<6>[    1.546714] [WLAN_RFKILL]: Enter rfkill_wlan_probe
<6>[    1.546789] [WLAN_RFKILL]: wlan_platdata_parse_dt: wifi_chip_type = qca6174a
<6>[    1.546793] [WLAN_RFKILL]: wlan_platdata_parse_dt: enable wifi power control.
<6>[    1.546798] [WLAN_RFKILL]: wlan_platdata_parse_dt: wifi power controled by gpio.
<7>[    1.546842] of_get_named_gpiod_flags: parsed 'WIFI,poweren_gpio' property of node '/wireless-wlan[0]' - status (0)
<6>[    1.546848] [WLAN_RFKILL]: wlan_platdata_parse_dt: get property: WIFI,poweren_gpio = 1003, flags = 0.
<7>[    1.546864] of_get_named_gpiod_flags: parsed 'WIFI,wlanen_gpio' property of node '/wireless-wlan[0]' - status (0)
<6>[    1.546868] [WLAN_RFKILL]: wlan_platdata_parse_dt: get property: WIFI,wlanen_gpio = 1010, flags = 0.
<7>[    1.546873] of_get_named_gpiod_flags: can't parse 'WIFI,reset_gpio' property of node '/wireless-wlan[0]'
<7>[    1.546878] of_get_named_gpiod_flags: can't parse 'WIFI,host_wake_irq' property of node '/wireless-wlan[0]'
<6>[    1.546883] [WLAN_RFKILL]: rfkill_wlan_probe: init gpio
<6>[    1.546918] [WLAN_RFKILL]: Exit rfkill_wlan_probe
<6>[    1.547000] [BT_RFKILL]: Enter rfkill_rk_init
<6>[    1.547046] tas2555 1-004c: load program 0
<7>[    1.547055] tas2555 1-004c: TAS2555 load data: Tuning Mode Program, Blocks = 1, Block Type = 1
<7>[    1.547062] tas2555 1-004c: TAS2555 load block: Type = 1, commands = 3934
<6>[    1.547184] [BT_RFKILL]: bluetooth_platdata_parse_dt: get property wifi-bt-power-toggle.
<7>[    1.547190] of_get_named_gpiod_flags: can't parse 'uart_rts_gpios' property of node '/wireless-bluetooth[0]'
<6>[    1.547194] [BT_RFKILL]: bluetooth_platdata_parse_dt: uart_rts_gpios is unvalid.
<7>[    1.547199] of_get_named_gpiod_flags: can't parse 'BT,power_gpio' property of node '/wireless-bluetooth[0]'
<7>[    1.547219] of_get_named_gpiod_flags: parsed 'BT,reset_gpio' property of node '/wireless-bluetooth[0]' - status (0)
<6>[    1.547223] [BT_RFKILL]: bluetooth_platdata_parse_dt: get property: BT,reset_gpio = 1009.
<7>[    1.547241] of_get_named_gpiod_flags: parsed 'BT,wake_gpio' property of node '/wireless-bluetooth[0]' - status (0)
<6>[    1.547246] [BT_RFKILL]: bluetooth_platdata_parse_dt: get property: BT,wake_gpio = 1090.
<7>[    1.547261] of_get_named_gpiod_flags: parsed 'BT,wake_host_irq' property of node '/wireless-bluetooth[0]' - status (0)
<6>[    1.547265] [BT_RFKILL]: bluetooth_platdata_parse_dt: get property: BT,wake_host_irq = 1004.
<6>[    1.547468] [BT_RFKILL]: Request irq for bt wakeup host
<6>[    1.547502] [BT_RFKILL]: ** disable irq
<6>[    1.547578] [BT_RFKILL]: bt shut off power
<6>[    1.555686] usb 2-1: new full-speed USB device number 2 using ohci-platform
<6>[    1.569081] [BT_RFKILL]: bt_default device registered.
<5>[    1.569723] Registered cp15_barrier emulation handler
<5>[    1.569853] Registered setend emulation handler
<6>[    1.570676] registered taskstats version 1
<3>[    1.571713] rockchip ion idev is NULL
<6>[    1.571724] rga2 ff680000.rga: rga ion client create success!
<6>[    1.571963] rga: Driver loaded successfully ver:3.02
<7>[    1.573074] rockchip-usb2phy ff770000.syscon:usb2-phy@e450: GPIO lookup for consumer otg-vbus
<7>[    1.573080] rockchip-usb2phy ff770000.syscon:usb2-phy@e450: using device tree for GPIO lookup
<7>[    1.573085] of_get_named_gpiod_flags: can't parse 'otg-vbus-gpios' property of node '/syscon@ff770000/usb2-phy@e450[0]'
<7>[    1.573089] of_get_named_gpiod_flags: can't parse 'otg-vbus-gpio' property of node '/syscon@ff770000/usb2-phy@e450[0]'
<7>[    1.573093] rockchip-usb2phy ff770000.syscon:usb2-phy@e450: using lookup tables for GPIO lookup
<7>[    1.573097] rockchip-usb2phy ff770000.syscon:usb2-phy@e450: lookup for GPIO otg-vbus failed
<4>[    1.573100] rockchip-usb2phy ff770000.syscon:usb2-phy@e450: vbus_drv is not assigned
<6>[    1.574404] rockchip-drm display-subsystem: bound ff900000.vop (ops vop_component_ops)
<6>[    1.574507] rockchip-drm display-subsystem: bound ff8f0000.vop (ops vop_component_ops)
<6>[    1.574545] rockchip-drm display-subsystem: bound ff960000.dsi (ops dw_mipi_dsi_ops)
<3>[    1.574868] i2c i2c-9: of_i2c: modalias failure on /hdmi@ff940000/ports
<6>[    1.574882] dwhdmi-rockchip ff940000.hdmi: registered DesignWare HDMI I2C bus driver
<6>[    1.574919] dwhdmi-rockchip ff940000.hdmi: Detected HDMI TX controller v2.11a with HDCP (DWC HDMI 2.0 TX PHY)
<6>[    1.575580] rockchip-drm display-subsystem: bound ff940000.hdmi (ops dw_hdmi_rockchip_ops)
<6>[    1.575857] rockchip-drm display-subsystem: bound fec00000.dp (ops cdn_dp_component_ops)
<6>[    1.575863] [drm:drm_vblank_init] Supports vblank timestamp caching Rev 2 (21.10.2013).
<6>[    1.575867] [drm:drm_vblank_init] No driver support for vblank timestamp query.
<4>[    1.575998] rockchip-drm display-subsystem: failed to parse loader memory
<6>[    1.582523] cdn-dp fec00000.dp: [drm:cdn_dp_pd_event_work] Not connected. Disabling cdn
<6>[    1.583782] rockchip-drm display-subsystem: fb0:  frame buffer device
<6>[    1.590370] vendor storage:20160801 ret = 0
<6>[    1.600761] mali ff9a0000.gpu: leakage=27
<6>[    1.612768] mali ff9a0000.gpu: temp=50555, pvtm=125640 (125532 + 108)
<6>[    1.613549] mali ff9a0000.gpu: pvtm-sel=2
<6>[    1.614591] mali ff9a0000.gpu: GPU identified as 0x0860 r2p0 status 0
<6>[    1.615574] I : [File] : drivers/gpu/arm/midgard/backend/gpu/mali_kbase_devfreq.c; [Line] : 284; [Func] : kbase_devfreq_init(); success initing power_model_simple.
<6>[    1.616165] mali ff9a0000.gpu: Probed as mali0
<6>[    1.623566] xhci-hcd xhci-hcd.8.auto: xHCI Host Controller
<6>[    1.623579] xhci-hcd xhci-hcd.8.auto: new USB bus registered, assigned bus number 3
<6>[    1.623739] xhci-hcd xhci-hcd.8.auto: hcc params 0x0220fe64 hci version 0x110 quirks 0x02030010
<6>[    1.623765] xhci-hcd xhci-hcd.8.auto: irq 232, io mem 0xfe800000
<6>[    1.623837] usb usb3: New USB device found, idVendor=1d6b, idProduct=0002
<6>[    1.623841] usb usb3: New USB device strings: Mfr=3, Product=2, SerialNumber=1
<6>[    1.623845] usb usb3: Product: xHCI Host Controller
<6>[    1.623849] usb usb3: Manufacturer: Linux 4.4.83 xhci-hcd
<6>[    1.623852] usb usb3: SerialNumber: xhci-hcd.8.auto
<6>[    1.624098] hub 3-0:1.0: USB hub found
<6>[    1.624113] hub 3-0:1.0: 1 port detected
<6>[    1.624246] xhci-hcd xhci-hcd.8.auto: xHCI Host Controller
<6>[    1.624252] xhci-hcd xhci-hcd.8.auto: new USB bus registered, assigned bus number 4
<6>[    1.624281] usb usb4: We don't know the algorithms for LPM for this host, disabling LPM.
<6>[    1.624321] usb usb4: New USB device found, idVendor=1d6b, idProduct=0003
<6>[    1.624325] usb usb4: New USB device strings: Mfr=3, Product=2, SerialNumber=1
<6>[    1.624328] usb usb4: Product: xHCI Host Controller
<6>[    1.624331] usb usb4: Manufacturer: Linux 4.4.83 xhci-hcd
<6>[    1.624334] usb usb4: SerialNumber: xhci-hcd.8.auto
<6>[    1.624532] hub 4-0:1.0: USB hub found
<6>[    1.624544] hub 4-0:1.0: 1 port detected
<6>[    1.625219] xhci-hcd xhci-hcd.8.auto: remove, state 1
<6>[    1.625230] usb usb4: USB disconnect, device number 1
<4>[    1.648783] xhci-hcd xhci-hcd.8.auto: Host not halted after 16000 microseconds.
<4>[    1.648787] xhci-hcd xhci-hcd.8.auto: Host controller not halted, aborting reset.
<6>[    1.648803] xhci-hcd xhci-hcd.8.auto: USB bus 4 deregistered
<6>[    1.648809] xhci-hcd xhci-hcd.8.auto: remove, state 1
<6>[    1.648817] usb usb3: USB disconnect, device number 1
<6>[    1.649103] xhci-hcd xhci-hcd.8.auto: USB bus 3 deregistered
<6>[    1.654070] xhci-hcd xhci-hcd.9.auto: xHCI Host Controller
<6>[    1.654081] xhci-hcd xhci-hcd.9.auto: new USB bus registered, assigned bus number 3
<6>[    1.654208] xhci-hcd xhci-hcd.9.auto: hcc params 0x0220fe64 hci version 0x110 quirks 0x02030010
<6>[    1.654235] xhci-hcd xhci-hcd.9.auto: irq 233, io mem 0xfe900000
<6>[    1.654304] usb usb3: New USB device found, idVendor=1d6b, idProduct=0002
<6>[    1.654308] usb usb3: New USB device strings: Mfr=3, Product=2, SerialNumber=1
<6>[    1.654311] usb usb3: Product: xHCI Host Controller
<6>[    1.654315] usb usb3: Manufacturer: Linux 4.4.83 xhci-hcd
<6>[    1.654318] usb usb3: SerialNumber: xhci-hcd.9.auto
<6>[    1.654614] hub 3-0:1.0: USB hub found
<6>[    1.654629] hub 3-0:1.0: 1 port detected
<6>[    1.654754] xhci-hcd xhci-hcd.9.auto: xHCI Host Controller
<6>[    1.654760] xhci-hcd xhci-hcd.9.auto: new USB bus registered, assigned bus number 4
<6>[    1.654788] usb usb4: We don't know the algorithms for LPM for this host, disabling LPM.
<6>[    1.654828] usb usb4: New USB device found, idVendor=1d6b, idProduct=0003
<6>[    1.654832] usb usb4: New USB device strings: Mfr=3, Product=2, SerialNumber=1
<6>[    1.654835] usb usb4: Product: xHCI Host Controller
<6>[    1.654838] usb usb4: Manufacturer: Linux 4.4.83 xhci-hcd
<6>[    1.654841] usb usb4: SerialNumber: xhci-hcd.9.auto
<6>[    1.655054] hub 4-0:1.0: USB hub found
<6>[    1.655067] hub 4-0:1.0: 1 port detected
<6>[    1.658778] ehci-platform fe380000.usb: EHCI Host Controller
<6>[    1.658789] ehci-platform fe380000.usb: new USB bus registered, assigned bus number 5
<6>[    1.658932] ehci-platform fe380000.usb: irq 27, io mem 0xfe380000
<6>[    1.738443] usb 2-1: not running at top speed; connect to a high speed hub
<6>[    1.750415] usb 2-1: New USB device found, idVendor=2ca3, idProduct=1501
<6>[    1.750422] usb 2-1: New USB device strings: Mfr=1, Product=2, SerialNumber=3
<6>[    1.750429] usb 2-1: Product: DJI Virtual Joystick
<6>[    1.750434] usb 2-1: Manufacturer: DJI
<6>[    1.750440] usb 2-1: SerialNumber: 1234567890
<6>[    1.752849] input: DJI RC as /devices/platform/fe3e0000.usb/usb2/2-1/2-1:1.0/input/input1
<6>[    1.934404] rockchip-iodomain ff770000.syscon:io-domains: Setting to 3300000 done
<6>[    1.934565] rockchip-iodomain ff770000.syscon:io-domains: Setting to 1800000 done
<6>[    1.956971] mmc_host mmc1: Bus speed (slot 0) = 150000000Hz (slot req 150000000Hz, actual 150000000HZ div = 0)
<6>[    2.049134] ehci-platform fe380000.usb: USB 2.0 started, EHCI 1.00
<6>[    2.049220] usb usb5: New USB device found, idVendor=1d6b, idProduct=0002
<6>[    2.049226] usb usb5: New USB device strings: Mfr=3, Product=2, SerialNumber=1
<6>[    2.049230] usb usb5: Product: EHCI Host Controller
<6>[    2.049233] usb usb5: Manufacturer: Linux 4.4.83 ehci_hcd
<6>[    2.049236] usb usb5: SerialNumber: fe380000.usb
<6>[    2.049663] hub 5-0:1.0: USB hub found
<6>[    2.049678] hub 5-0:1.0: 1 port detected
<6>[    2.050090] ohci-platform fe3a0000.usb: Generic Platform OHCI controller
<6>[    2.050100] ohci-platform fe3a0000.usb: new USB bus registered, assigned bus number 6
<6>[    2.050214] ohci-platform fe3a0000.usb: irq 28, io mem 0xfe3a0000
<6>[    2.106591] usb usb6: New USB device found, idVendor=1d6b, idProduct=0001
<6>[    2.106598] usb usb6: New USB device strings: Mfr=3, Product=2, SerialNumber=1
<6>[    2.106605] usb usb6: Product: Generic Platform OHCI controller
<6>[    2.106610] usb usb6: Manufacturer: Linux 4.4.83 ohci_hcd
<6>[    2.106615] usb usb6: SerialNumber: fe3a0000.usb
<6>[    2.107151] hub 6-0:1.0: USB hub found
<6>[    2.107175] hub 6-0:1.0: 1 port detected
<3>[    2.110899] rockchip-dmc dmc: fail to register notify to vop.
<7>[    2.118090] asoc-simple-card tas2555-sound: New simple-card: rockchip,tas2555-codec
<7>[    2.118112] asoc-simple-card tas2555-sound: Revert to legacy daifmt parsing
<7>[    2.118215] asoc-simple-card tas2555-sound: 	name : ff880000.i2s-tas2555 ASI1
<7>[    2.118221] asoc-simple-card tas2555-sound: 	format : 4001
<7>[    2.118227] asoc-simple-card tas2555-sound: 	cpu : ff880000.i2s / 11289600
<7>[    2.118232] asoc-simple-card tas2555-sound: 	codec : tas2555 ASI1 / 11289600
<7>[    2.118242] of_get_named_gpiod_flags: can't parse 'simple-audio-card,hp-det-gpio' property of node '/tas2555-sound[0]'
<6>[    2.118469] tas2555 1-004c: tas2555_codec_probe
<7>[    2.118590] tas2555 1-004c: tas2555_set_dai_sysclk: freq = 11289600
<7>[    2.119081] tas2555 1-004c: tas2555_set_dai_fmt
<6>[    2.120326] asoc-simple-card tas2555-sound: tas2555 ASI1 <-> ff880000.i2s mapping ok
<3>[    2.120352] asoc-simple-card tas2555-sound: ASoC: no source widget found for MICBIAS1
<3>[    2.120359] asoc-simple-card tas2555-sound: ASoC: Failed to add route MICBIAS1 -> direct -> Mic Jack
<3>[    2.120365] asoc-simple-card tas2555-sound: ASoC: no sink widget found for IN1P
<3>[    2.120371] asoc-simple-card tas2555-sound: ASoC: Failed to add route Mic Jack -> direct -> IN1P
<3>[    2.120377] asoc-simple-card tas2555-sound: ASoC: no source widget found for HPOL
<3>[    2.120383] asoc-simple-card tas2555-sound: ASoC: Failed to add route HPOL -> direct -> Headphone Jack
<3>[    2.120389] asoc-simple-card tas2555-sound: ASoC: no source widget found for HPOR
<3>[    2.120395] asoc-simple-card tas2555-sound: ASoC: Failed to add route HPOR -> direct -> Headphone Jack
<6>[    2.123339] rk-hdmi-dp-sound hdmi-dp-sound: i2s-hifi <-> ff8a0000.i2s mapping ok
<3>[    2.124849] otg_wakelock_init: No USB transceiver found
<6>[    2.124969] sensor_init: Probe name sensors
<4>[    2.124979] sensor-dev.c v1.4 add angle calculation support between two gsensors 2013-09-01
<3>[    2.125288] rockchip-pinctrl pinctrl: pin gpio3-4 already requested by ff1c0000.spi; cannot claim for 5-0010
<3>[    2.125295] rockchip-pinctrl pinctrl: pin-100 (5-0010) status -22
<3>[    2.125301] rockchip-pinctrl pinctrl: could not request pin 100 (gpio3-4) from group cm3218-irq-gpio  on device rockchip-pinctrl
<3>[    2.125306] sensors 5-0010: Error applying setting, reverse things back
<6>[    2.125340] i2c i2c-5: sensor_probe: light_cm3218,ffffffc006496400
<7>[    2.125362] of_get_named_gpiod_flags: parsed 'irq-gpio' property of node '/i2c@ff140000/cm32181_ls@10[0]' - status (0)
<7>[    2.125367] of_get_named_gpiod_flags: can't parse 'reset-gpio' property of node '/i2c@ff140000/cm32181_ls@10[0]'
<7>[    2.125370] of_get_named_gpiod_flags: can't parse 'power-gpio' property of node '/i2c@ff140000/cm32181_ls@10[0]'
<4>[    2.125379] sensor_chip_init:light_cm3218:devid=0x0,ops=0xffffff80090bec40
<6>[    2.125862] rk808-rtc rk808-rtc: setting system clock to 2013-01-18 08:54:25 UTC (1358499265)
<4>[    2.127295] It doesn't contain Rogue gpu
<6>[    2.148879] dji_lcdid dji-lcdid: panel_dji_lcdid_probe board_id=0 lcd_id=0 lcd_name=TRULY_R63350_55
<6>[    2.149118] I : [File] : drivers/gpu/arm/mali400/mali/linux/mali_kernel_linux.c; [Line] : 414; [Func] : mali_module_init(); svn_rev_string_from_arm of this mali_ko is '-5ab1b2b', rk_ko_ver is '5', built at '14:45:09', on 'Aug 23 2018'.
<4>[    2.149490] Mali: Mali device driver loaded
<7>[    2.149881] of_get_named_gpiod_flags: parsed 'gpios' property of node '/rockchip-key/power-key[0]' - status (0)
<7>[    2.149899] of_get_named_gpiod_flags: parsed 'gpios' property of node '/rockchip-key/power-key[0]' - status (0)
<7>[    2.149925] of_get_named_gpiod_flags: parsed 'gpios' property of node '/rockchip-key/back-key[0]' - status (0)
<7>[    2.149940] of_get_named_gpiod_flags: parsed 'gpios' property of node '/rockchip-key/back-key[0]' - status (0)
<6>[    2.150123] input: rk29-keypad as /devices/platform/rockchip-key/input/input2
<6>[    2.152517] ALSA device list:
<6>[    2.152536]   #0: rockchip,tas2555-codec
<6>[    2.152540]   #1: rk-hdmi-dp-sound
<6>[    2.355701] usb 5-1: new high-speed USB device number 2 using ehci-platform
<6>[    2.361028] dwmmc_rockchip fe320000.dwmmc: Successfully tuned phase to 77
<6>[    2.361056] mmc1: new ultra high speed SDR104 SDHC card at address 0007
<6>[    2.362504] mmcblk1: mmc1:0007 SD16G 14.9 GiB 
<6>[    2.364718]  mmcblk1: p1
<6>[    2.379227] input: lightsensor-level as /devices/platform/ff140000.i2c/i2c-5/5-0010/input/input3
<4>[    2.380876] sensor_misc_device_register:miscdevice: lightsensor
<4>[    2.380901] sensor_probe:initialized ok,sensor name:cm3218,type:5,id=51
<4>[    2.380901] 
<6>[    2.381632] Freeing unused kernel memory: 768K
<13>[    2.384853] init: init first stage started!
<7>[    2.389539] SELinux: 4096 avtab hash slots, 9299 rules.
<7>[    2.395329] SELinux: 4096 avtab hash slots, 9299 rules.
<7>[    2.395366] SELinux:  1 users, 2 roles, 737 types, 0 bools, 1 sens, 1024 cats
<7>[    2.395376] SELinux:  63 classes, 9299 rules
<7>[    2.397506] SELinux:  Completing initialization.
<7>[    2.397523] SELinux:  Setting up existing superblocks.
<5>[    2.458509] audit: type=1403 audit(1358499265.830:2): policy loaded auid=4294967295 ses=4294967295
<13>[    2.459721] init: (Initializing SELinux non-enforcing took 0.07s.)
<13>[    2.464681] init: init second stage started!
<11>[    2.469723] init: Setting ro.rk.soc=rk3399
<11>[    2.469824] init: OK,EMMC DRIVERS INIT OK
<11>[    2.469846] init: property_set("ro.boot.mode", "emmc") failed
<11>[    2.469904] init: property_set("ro.hardware", "rk30board") failed
<13>[    2.472270] init: Running restorecon...
<6>[    2.480118] usb 5-1: New USB device found, idVendor=2ca3, idProduct=001f
<6>[    2.480141] usb 5-1: New USB device strings: Mfr=2, Product=3, SerialNumber=4
<6>[    2.480147] usb 5-1: Product: DJI
<6>[    2.480154] usb 5-1: Manufacturer: DJI
<6>[    2.480160] usb 5-1: SerialNumber: FEDCBA9876543210
<6>[    2.485572] rndis_host 5-1:1.0 usb0: register 'rndis_host' at usb-fe380000.usb-1, RNDIS device, 7a:00:e2:d2:82:7a
<6>[    2.486767] usb-storage 5-1:1.2: USB Mass Storage device detected
<6>[    2.488408] scsi host0: usb-storage 5-1:1.2
<6>[    2.490952] cdc_acm 5-1:1.4: ttyACM0: USB ACM device
<11>[    2.528131] init: waitpid failed: No child processes
<11>[    2.528574] init: property_set("ro.board.platform", "rk3399") failed
<11>[    2.528915] init: property_set("ro.rk.screenshot_enable", "true") failed
<11>[    2.528940] init: property_set("ro.adb.secure", "1") failed
<13>[    2.529256] init: (Loading properties from /default.prop took 0.00s.)
<11>[    2.530230] init: could not import file '/init.bootmode.emmc.rc' from '/init.rc': No such file or directory
<11>[    2.530251] init: could not import file '/init.recovery.rk30board.rc' from '/init.rc': No such file or directory
<13>[    2.530268] init: (Parsing /init.rc took 0.00s.)
<13>[    2.530403] init: Starting service 'ueventd'...
<13>[    2.531461] init: Starting service 'healthd'...
<13>[    2.532847] init: Waiting for /dev/.coldboot_done...
<13>[    2.535286] ueventd: ueventd started!
<5>[    2.535871] audit: type=1400 audit(1358499265.910:3): avc:  denied  { mknod } for  pid=187 comm="healthd" capability=27  scontext=u:r:healthd:s0 tcontext=u:r:healthd:s0 tclass=capability permissive=1
<5>[    2.535938] audit: type=1400 audit(1358499265.910:4): avc:  denied  { write } for  pid=187 comm="healthd" name="__kmsg__" dev="tmpfs" ino=7590 scontext=u:r:healthd:s0 tcontext=u:object_r:device:s0 tclass=chr_file permissive=1
<5>[    2.535956] audit: type=1400 audit(1358499265.910:5): avc:  denied  { open } for  pid=187 comm="healthd" path="/dev/__kmsg__" dev="tmpfs" ino=7590 scontext=u:r:healthd:s0 tcontext=u:object_r:device:s0 tclass=chr_file permissive=1
<5>[    2.535978] audit: type=1400 audit(1358499265.910:6): avc:  denied  { unlink } for  pid=187 comm="healthd" name="__kmsg__" dev="tmpfs" ino=7590 scontext=u:r:healthd:s0 tcontext=u:object_r:device:s0 tclass=chr_file permissive=1
<12>[    2.535987] healthd: BatteryCurrentNowPath not found
<12>[    2.535995] healthd: BatteryFullChargePath not found
<12>[    2.536000] healthd: BatteryCycleCountPath not found
<11>[    2.536127] DJICharger: open /dev/ttyS4 failed:No such file or directory
<11>[    2.536362] ueventd: invalid gid 'trace'
<13>[    2.737647] ueventd: Coldboot took 0.20s.
<13>[    2.746405] init: Waiting for /dev/.coldboot_done took 0.21s.
<11>[    2.746494] init: /dev/hw_random not found
<11>[    2.748757] init: /dev/hw_random not found
<6>[    2.750718] file system registered
<13>[    2.752777] init: write_file: Unable to open '/sys/class/android_usb/android0/enable': Permission denied
<13>[    2.752827] init: write_file: Unable to open '/sys/class/android_usb/android0/idVendor': Permission denied
<13>[    2.752867] init: write_file: Unable to open '/sys/class/android_usb/android0/idProduct': Permission denied
<13>[    2.752908] init: write_file: Unable to open '/sys/class/android_usb/android0/f_ffs/aliases': No such file or directory
<13>[    2.752950] init: write_file: Unable to open '/sys/class/android_usb/android0/functions': Permission denied
<13>[    2.753007] init: write_file: Unable to open '/sys/class/android_usb/android0/iManufacturer': Permission denied
<13>[    2.753052] init: write_file: Unable to open '/sys/class/android_usb/android0/iProduct': Permission denied
<11>[    2.753076] init: property 'ro.serialno' doesn't exist while expanding '${ro.serialno}'
<11>[    2.753088] init: write: cannot expand '${ro.serialno}'
<11>[    2.753723] init: finit_module for "/drmboot.ko" failed: Exec format errorinit: (Loading properties from /system/build.prop took 0.00s.)
<13>[    2.753865] init: (Loading properties from /vendor/build.prop took 0.00s.)
<13>[    2.753893] init: (Loading properties from /factory/factory.prop took 0.00s.)
<11>[    2.754045] fs_mgr: Warning: unknown flag resize
<11>[    2.754130] init: /recovery not specified in fstab
<13>[    2.755139] init: Starting service 'recovery'...
<13>[    2.756065] init: Starting service 'adbd'...
<11>[    2.760799] fs_mgr: Warning: unknown flag resize
<11>[    2.762112] fs_mgr: Warning: unknown flag resize
<6>[    2.766631] cyttsp5_i2c_adapter 2-0070: _cyttsp5_firmware_cont_builtin: No builtin firmware
<6>[    2.766678] cyttsp5_i2c_adapter 2-0070: cyttsp5_get_platform_ttconfig: Panel ID not enabled, using legacy ttconfig
<6>[    2.766690] cyttsp5_i2c_adapter 2-0070: cyttsp5_check_firmware_version: img vers:0x0106 new vers:0x0106
<6>[    2.766696] cyttsp5_i2c_adapter 2-0070: cyttsp5_check_firmware_version: img revctrl:0xD114C new revctrl:0xD114C
<6>[    2.768193] cyttsp5_i2c_adapter 2-0070: cyttsp5_cmcp_parse_threshold_file: No builtin cmcp threshold file
<6>[    2.844215] dw-mipi-dsi ff960000.dsi: vop LIT output to dsi0
<6>[    2.844296] dw-mipi-dsi ff960000.dsi: final DSI-Link bandwidth: 992 x 4 Mbps
<7>[    3.133799] tas2555 1-004c: Block[0x1] PChkSum match
<7>[    3.133825] tas2555 1-004c: Block[0x1] YChkSum match
<7>[    3.133835] tas2555 1-004c: TAS2555 load PLL: pll block for Configuration configuration_Tuning Mode_48 KHz_s1
<7>[    3.133843] tas2555 1-004c: TAS2555 load block: Type = 0, commands = 15
<6>[    3.141165] tas2555 1-004c: TAS2555 PLL_CLKIN = 0x0D
<7>[    3.141176] tas2555 1-004c: load configuration configuration_Tuning Mode_48 KHz_s1 conefficient pre block
<7>[    3.141184] tas2555 1-004c: TAS2555 load data: Snapshot 1, Blocks = 2, Block Type = 4
<7>[    3.141191] tas2555 1-004c: TAS2555 load block: Type = 4, commands = 9
<7>[    3.148530] tas2555 1-004c: Block[0x4] YChkSum match
<7>[    3.148540] tas2555 1-004c: tas2555_load_configuration: 0
<7>[    3.148552] tas2555 1-004c: TAS2555 was powered down -> set flag to load configuration data when OS powers up the TAS2555 the next time
<4>[    3.770799] ttyS4 - failed to request DMA
<11>[    3.771069] register uart handler
<11>[    3.771069] : 
<5>[    3.996160] scsi 0:0:0:0: Direct-Access     DJI      File-CD Gadget   0310 PQ: 0 ANSI: 2
<5>[    4.001972] scsi 0:0:0:1: Direct-Access     DJI      File-CD Gadget   0310 PQ: 0 ANSI: 2
<5>[    4.009242] sd 0:0:0:0: Attached scsi generic sg0 type 0
<5>[    4.011276] sd 0:0:0:1: Attached scsi generic sg1 type 0
<5>[    4.015976] sd 0:0:0:0: [sda] Attached SCSI removable disk
<5>[    4.017295] sd 0:0:0:1: [sdb] Attached SCSI removable disk
<4>[    4.217230] EXT4-fs (mmcblk2p10): warning: maximal mount count reached, running e2fsck is recommended
<6>[    4.217955] EXT4-fs (mmcblk2p10): mounted filesystem with ordered data mode. Opts: (null)
<6>[    4.230799] EXT4-fs (mmcblk2p12): mounted filesystem with ordered data mode. Opts: (null)
<5>[    4.231007] audit: type=1400 audit(1358499267.603:7): avc:  denied  { open } for  pid=191 comm="recovery" path="/dev/__properties__/u:object_r:wc_transport_prop:s0" dev="tmpfs" ino=14248 scontext=u:r:recovery:s0 tcontext=u:object_r:wc_transport_prop:s0 tclass=file permissive=1
<5>[    4.231027] audit: type=1400 audit(1358499267.603:8): avc:  denied  { getattr } for  pid=191 comm="recovery" path="/dev/__properties__/u:object_r:wc_transport_prop:s0" dev="tmpfs" ino=14248 scontext=u:r:recovery:s0 tcontext=u:object_r:wc_transport_prop:s0 tclass=file permissive=1
<5>[    4.231093] audit: type=1400 audit(1358499267.603:9): avc:  denied  { open } for  pid=191 comm="recovery" path="/dev/__properties__/u:object_r:secureboot_prop:s0" dev="tmpfs" ino=14249 scontext=u:r:recovery:s0 tcontext=u:object_r:secureboot_prop:s0 tclass=file permissive=1
<5>[    4.231106] audit: type=1400 audit(1358499267.603:10): avc:  denied  { getattr } for  pid=191 comm="recovery" path="/dev/__properties__/u:object_r:secureboot_prop:s0" dev="tmpfs" ino=14249 scontext=u:r:recovery:s0 tcontext=u:object_r:secureboot_prop:s0 tclass=file permissive=1
<5>[    9.902389] random: nonblocking pool is initialized
<6>[   12.977734] read descriptors
<6>[   12.977791] read strings
